2026-08-29 09:03:46.286 | INFO     | pyroffi.collision._robot_collision:_compute_active_pair_indices_from_srdf:792 - Loaded 36 disabled collision pairs from SRDF
2026-08-29 09:03:47.240 | INFO     | pyroffi.collision._robot_collision:from_urdf:701 - Created RobotCollision with 13 links and 42 active self-collision pairs, using spherical collision models.
  [path A (parametric)] inner stationarity ||grad_x C|| per phase:
    approach   worst=8.569e-05 over 2 scenes [8.6e-05 8.1e-06]
    grasp      worst=1.020e-05 over 2 scenes [1.0e-05 1.0e-05]
    transport  worst=3.009e-04 over 2 scenes [1.6e-04 3.0e-04]
    place      worst=1.565e-05 over 2 scenes [1.6e-05 1.6e-05]
[build] 748s  K=9  space=ee
[ee] step   0/40  loss=0.002483  fit=0.04902 held=0.04711  |  ee_fit=0.04902 ee_held=0.04711
[ee] step   1/40  loss=0.002168  fit=0.04686 held=0.04402  |  ee_fit=0.04686 ee_held=0.04402
[ee] step   2/40  loss=0.001942  fit=0.04486 held=0.04240  |  ee_fit=0.04486 ee_held=0.04240
[ee] step   3/40  loss=0.001738  fit=0.04142 held=0.03902  |  ee_fit=0.04142 ee_held=0.03902
[ee] step   4/40  loss=0.001544  fit=0.03907 held=0.03715  |  ee_fit=0.03907 ee_held=0.03715
[ee] step   5/40  loss=0.001298  fit=0.03632 held=0.03468  |  ee_fit=0.03632 ee_held=0.03468
[ee] step   6/40  loss=0.001160  fit=0.03432 held=0.03229  |  ee_fit=0.03432 ee_held=0.03229
[ee] step   7/40  loss=0.000923  fit=0.03095 held=0.03008  |  ee_fit=0.03095 ee_held=0.03008
[ee] step   8/40  loss=0.000810  fit=0.02898 held=0.02782  |  ee_fit=0.02898 ee_held=0.02782
[ee] step   9/40  loss=0.000717  fit=0.02624 held=0.02598  |  ee_fit=0.02624 ee_held=0.02598
[ee] step  10/40  loss=0.000595  fit=0.02465 held=0.02376  |  ee_fit=0.02465 ee_held=0.02376
[ee] step  11/40  loss=0.000501  fit=0.02230 held=0.02200  |  ee_fit=0.02230 ee_held=0.02200
[ee] step  12/40  loss=0.000413  fit=0.02024 held=0.01986  |  ee_fit=0.02024 ee_held=0.01986
[ee] step  13/40  loss=0.000333  fit=0.01841 held=0.01827  |  ee_fit=0.01841 ee_held=0.01827
[ee] step  14/40  loss=0.000276  fit=0.01655 held=0.01625  |  ee_fit=0.01655 ee_held=0.01625
[ee] step  15/40  loss=0.000223  fit=0.01480 held=0.01535  |  ee_fit=0.01480 ee_held=0.01535
[ee] step  16/40  loss=0.000178  fit=0.23324 held=0.01332  |  ee_fit=0.23324 ee_held=0.01332
[ee] step  17/40  loss=0.000141  fit=0.01181 held=0.01216  |  ee_fit=0.01181 ee_held=0.01216
[ee] step  18/40  loss=0.000116  fit=0.01061 held=0.01101  |  ee_fit=0.01061 ee_held=0.01101
[ee] step  19/40  loss=0.000088  fit=0.00959 held=0.01034  |  ee_fit=0.00959 ee_held=0.01034
[ee] step  20/40  loss=0.033891  fit=0.00882 held=0.00961  |  ee_fit=0.00882 ee_held=0.00961
[ee] step  21/40  loss=0.000066  fit=0.00737 held=0.00823  |  ee_fit=0.00737 ee_held=0.00823
[ee] step  22/40  loss=0.000052  fit=0.00704 held=0.00912  |  ee_fit=0.00704 ee_held=0.00912
[ee] step  23/40  loss=0.000043  fit=0.00643 held=0.00914  |  ee_fit=0.00643 ee_held=0.00914
[ee] step  24/40  loss=0.000035  fit=0.00607 held=0.00900  |  ee_fit=0.00607 ee_held=0.00900
[ee] step  25/40  loss=0.000036  fit=0.00566 held=0.00924  |  ee_fit=0.00566 ee_held=0.00924
[ee] step  26/40  loss=0.000024  fit=0.00505 held=0.00931  |  ee_fit=0.00505 ee_held=0.00931
[ee] step  27/40  loss=0.000022  fit=0.00475 held=0.00904  |  ee_fit=0.00475 ee_held=0.00904
[ee] step  28/40  loss=0.000017  fit=0.00431 held=0.00876  |  ee_fit=0.00431 ee_held=0.00876
[ee] step  29/40  loss=0.000019  fit=0.00421 held=0.00853  |  ee_fit=0.00421 ee_held=0.00853
[ee] step  30/40  loss=0.000015  fit=0.00465 held=0.00821  |  ee_fit=0.00465 ee_held=0.00821
[ee] step  31/40  loss=0.000021  fit=0.00423 held=0.00863  |  ee_fit=0.00423 ee_held=0.00863
[ee] step  32/40  loss=0.000016  fit=0.00414 held=0.00894  |  ee_fit=0.00414 ee_held=0.00894
[ee] step  33/40  loss=0.000017  fit=0.00436 held=0.00857  |  ee_fit=0.00436 ee_held=0.00857
[ee] step  34/40  loss=0.000021  fit=0.00443 held=0.00895  |  ee_fit=0.00443 ee_held=0.00895
[ee] step  35/40  loss=0.000020  fit=0.00570 held=0.00896  |  ee_fit=0.00570 ee_held=0.00896
[ee] step  36/40  loss=0.000020  fit=0.00422 held=0.00894  |  ee_fit=0.00422 ee_held=0.00894
[ee] step  37/40  loss=0.000019  fit=0.00444 held=0.00880  |  ee_fit=0.00444 ee_held=0.00880
[ee] step  38/40  loss=0.000020  fit=0.00522 held=0.00879  |  ee_fit=0.00522 ee_held=0.00879
[ee] step  39/40  loss=0.000021  fit=0.00425 held=0.00900  |  ee_fit=0.00425 ee_held=0.00900
[ee] step  40/40  loss=0.000022  fit=0.00429 held=0.00890  |  ee_fit=0.00429 ee_held=0.00890
[ee] wrote scratch/viz/multiseed/A_ee_seed4.npz

[ee] SUMMARY over 40 steps
  final : loss=0.000022 fit=0.00429 held=0.00890 ee_fit=0.00429 ee_held=0.00890
  best-train-loss iterate (step 30): fit=0.00465 held=0.00821 ee_fit=0.00465 ee_held=0.00821
  min ee_held over trajectory = 0.00821 (step 30)
