2026-08-29 09:03:50.488 | INFO     | pyroffi.collision._robot_collision:_compute_active_pair_indices_from_srdf:792 - Loaded 36 disabled collision pairs from SRDF
2026-08-29 09:03:51.373 | INFO     | pyroffi.collision._robot_collision:from_urdf:701 - Created RobotCollision with 13 links and 42 active self-collision pairs, using spherical collision models.
  [path A (parametric)] inner stationarity ||grad_x C|| per phase:
    approach   worst=2.037e-05 over 2 scenes [2.0e-05 7.5e-06]
    grasp      worst=8.032e-06 over 2 scenes [8.0e-06 8.0e-06]
    transport  worst=1.494e-04 over 2 scenes [1.1e-04 1.5e-04]
    place      worst=1.244e-05 over 2 scenes [1.2e-05 1.2e-05]
[build] 749s  K=9  space=ee
[ee] step   0/40  loss=0.002451  fit=0.04862 held=0.04770  |  ee_fit=0.04862 ee_held=0.04770
[ee] step   1/40  loss=0.002176  fit=0.04769 held=0.04483  |  ee_fit=0.04769 ee_held=0.04483
[ee] step   2/40  loss=0.001928  fit=0.04390 held=0.04264  |  ee_fit=0.04390 ee_held=0.04264
[ee] step   3/40  loss=0.001720  fit=0.04203 held=0.04001  |  ee_fit=0.04203 ee_held=0.04001
[ee] step   4/40  loss=0.001571  fit=0.03739 held=0.03780  |  ee_fit=0.03739 ee_held=0.03780
[ee] step   5/40  loss=0.001324  fit=0.03611 held=0.03509  |  ee_fit=0.03611 ee_held=0.03509
[ee] step   6/40  loss=0.001112  fit=0.03424 held=0.03233  |  ee_fit=0.03424 ee_held=0.03233
[ee] step   7/40  loss=0.000963  fit=0.03128 held=0.03061  |  ee_fit=0.03128 ee_held=0.03061
[ee] step   8/40  loss=0.000840  fit=0.02832 held=0.02809  |  ee_fit=0.02832 ee_held=0.02809
[ee] step   9/40  loss=0.000727  fit=0.02694 held=0.02579  |  ee_fit=0.02694 ee_held=0.02579
[ee] step  10/40  loss=0.000607  fit=0.02460 held=0.02409  |  ee_fit=0.02460 ee_held=0.02409
[ee] step  11/40  loss=0.000504  fit=0.02249 held=0.02185  |  ee_fit=0.02249 ee_held=0.02185
[ee] step  12/40  loss=0.000427  fit=0.02061 held=0.01979  |  ee_fit=0.02061 ee_held=0.01979
[ee] step  13/40  loss=0.000349  fit=0.01872 held=0.01816  |  ee_fit=0.01872 ee_held=0.01816
[ee] step  14/40  loss=0.000287  fit=0.01662 held=0.01664  |  ee_fit=0.01662 ee_held=0.01664
[ee] step  15/40  loss=0.000227  fit=0.01520 held=0.01439  |  ee_fit=0.01520 ee_held=0.01439
[ee] step  16/40  loss=0.000181  fit=0.01344 held=0.01274  |  ee_fit=0.01344 ee_held=0.01274
[ee] step  17/40  loss=0.000143  fit=0.01200 held=0.01150  |  ee_fit=0.01200 ee_held=0.01150
[ee] step  18/40  loss=0.000123  fit=0.01088 held=0.01029  |  ee_fit=0.01088 ee_held=0.01029
[ee] step  19/40  loss=0.000098  fit=0.01004 held=0.00889  |  ee_fit=0.01004 ee_held=0.00889
[ee] step  20/40  loss=0.000083  fit=0.00905 held=0.00792  |  ee_fit=0.00905 ee_held=0.00792
[ee] step  21/40  loss=0.000069  fit=0.00823 held=0.00690  |  ee_fit=0.00823 ee_held=0.00690
[ee] step  22/40  loss=0.000064  fit=0.00789 held=0.00618  |  ee_fit=0.00789 ee_held=0.00618
[ee] step  23/40  loss=0.000055  fit=0.00777 held=0.00564  |  ee_fit=0.00777 ee_held=0.00564
[ee] step  24/40  loss=0.000055  fit=0.00750 held=0.00505  |  ee_fit=0.00750 ee_held=0.00505
[ee] step  25/40  loss=0.000048  fit=0.00704 held=0.00497  |  ee_fit=0.00704 ee_held=0.00497
[ee] step  26/40  loss=0.000054  fit=0.00699 held=0.00489  |  ee_fit=0.00699 ee_held=0.00489
[ee] step  27/40  loss=0.000042  fit=0.00696 held=0.00469  |  ee_fit=0.00696 ee_held=0.00469
[ee] step  28/40  loss=0.000050  fit=0.00723 held=0.00544  |  ee_fit=0.00723 ee_held=0.00544
[ee] step  29/40  loss=0.000043  fit=0.01744 held=0.00552  |  ee_fit=0.01744 ee_held=0.00552
[ee] step  30/40  loss=0.000048  fit=0.00674 held=0.00509  |  ee_fit=0.00674 ee_held=0.00509
[ee] step  31/40  loss=0.000045  fit=0.00659 held=0.00608  |  ee_fit=0.00659 ee_held=0.00608
[ee] step  32/40  loss=0.000058  fit=0.00640 held=0.00513  |  ee_fit=0.00640 ee_held=0.00513
[ee] step  33/40  loss=0.000039  fit=0.00657 held=0.00565  |  ee_fit=0.00657 ee_held=0.00565
[ee] step  34/40  loss=0.000046  fit=0.00597 held=0.00548  |  ee_fit=0.00597 ee_held=0.00548
[ee] step  35/40  loss=0.000035  fit=0.00650 held=0.00511  |  ee_fit=0.00650 ee_held=0.00511
[ee] step  36/40  loss=0.000035  fit=0.00578 held=0.00488  |  ee_fit=0.00578 ee_held=0.00488
[ee] step  37/40  loss=0.000031  fit=0.00532 held=0.00482  |  ee_fit=0.00532 ee_held=0.00482
[ee] step  38/40  loss=0.000032  fit=0.00549 held=0.00503  |  ee_fit=0.00549 ee_held=0.00503
[ee] step  39/40  loss=0.000029  fit=0.00511 held=0.00533  |  ee_fit=0.00511 ee_held=0.00533
[ee] step  40/40  loss=0.000025  fit=0.00529 held=0.00514  |  ee_fit=0.00529 ee_held=0.00514
[ee] wrote scratch/viz/multiseed/A_ee_seed3.npz

[ee] SUMMARY over 40 steps
  final : loss=0.000025 fit=0.00529 held=0.00514 ee_fit=0.00529 ee_held=0.00514
  best-train-loss iterate (step 40): fit=0.00529 held=0.00514 ee_fit=0.00529 ee_held=0.00514
  min ee_held over trajectory = 0.00469 (step 27)
