2026-08-29 09:16:20.787 | INFO     | pyroffi.collision._robot_collision:_compute_active_pair_indices_from_srdf:792 - Loaded 36 disabled collision pairs from SRDF
2026-08-29 09:16:21.608 | INFO     | pyroffi.collision._robot_collision:from_urdf:701 - Created RobotCollision with 13 links and 42 active self-collision pairs, using spherical collision models.
  [path A (parametric)] inner stationarity ||grad_x C|| per phase:
    approach   worst=2.037e-05 over 2 scenes [2.0e-05 7.5e-06]
    grasp      worst=8.032e-06 over 2 scenes [8.0e-06 8.0e-06]
    transport  worst=1.494e-04 over 2 scenes [1.1e-04 1.5e-04]
    place      worst=1.244e-05 over 2 scenes [1.2e-05 1.2e-05]
[build] 1442s  K=9  space=joint
[joint] step   0/40  loss=0.030920  fit=0.17348 held=0.16498  |  ee_fit=0.04862 ee_held=0.04770
[joint] step   1/40  loss=0.026828  fit=0.16262 held=0.15312  |  ee_fit=0.04631 ee_held=0.04385
[joint] step   2/40  loss=0.024723  fit=0.15555 held=0.14521  |  ee_fit=0.04579 ee_held=0.04307
[joint] step   3/40  loss=0.021674  fit=0.14661 held=0.13468  |  ee_fit=0.04472 ee_held=0.04178
[joint] step   4/40  loss=0.018158  fit=0.13655 held=0.12642  |  ee_fit=0.04340 ee_held=0.04100
[joint] step   5/40  loss=0.016388  fit=0.12789 held=0.11814  |  ee_fit=0.04309 ee_held=0.04078
[joint] step   6/40  loss=0.014388  fit=0.11946 held=0.11016  |  ee_fit=0.04280 ee_held=0.04143
[joint] step   7/40  loss=0.012558  fit=0.11136 held=0.10324  |  ee_fit=0.04246 ee_held=0.04042
[joint] step   8/40  loss=0.010959  fit=0.10508 held=0.09386  |  ee_fit=0.04267 ee_held=0.03896
[joint] step   9/40  loss=0.009420  fit=0.09758 held=0.08853  |  ee_fit=0.04177 ee_held=0.03953
[joint] step  10/40  loss=0.008194  fit=0.08990 held=0.08030  |  ee_fit=0.04038 ee_held=0.03741
[joint] step  11/40  loss=0.007073  fit=0.08437 held=0.07540  |  ee_fit=0.03936 ee_held=0.03646
[joint] step  12/40  loss=0.005927  fit=0.07698 held=0.07060  |  ee_fit=0.03720 ee_held=0.03532
[joint] step  13/40  loss=0.005121  fit=0.06940 held=0.06425  |  ee_fit=0.03329 ee_held=0.03231
[joint] step  14/40  loss=0.004000  fit=0.06341 held=0.05989  |  ee_fit=0.03105 ee_held=0.02962
[joint] step  15/40  loss=0.003342  fit=0.05793 held=0.05547  |  ee_fit=0.02834 ee_held=0.02756
[joint] step  16/40  loss=0.002677  fit=0.05163 held=0.05147  |  ee_fit=0.02448 ee_held=0.02530
[joint] step  17/40  loss=0.002138  fit=0.04621 held=0.04408  |  ee_fit=0.02156 ee_held=0.02085
[joint] step  18/40  loss=0.001697  fit=0.04133 held=0.03981  |  ee_fit=0.01818 ee_held=0.01762
[joint] step  19/40  loss=0.001290  fit=0.03575 held=0.03449  |  ee_fit=0.01440 ee_held=0.01371
[joint] step  20/40  loss=0.000986  fit=0.03148 held=0.02896  |  ee_fit=0.01134 ee_held=0.01005
[joint] step  21/40  loss=0.000788  fit=0.02883 held=0.02585  |  ee_fit=0.00918 ee_held=0.00811
[joint] step  22/40  loss=0.000651  fit=0.02493 held=0.02622  |  ee_fit=0.00752 ee_held=0.00735
[joint] step  23/40  loss=0.000467  fit=0.02320 held=0.02607  |  ee_fit=0.00672 ee_held=0.00625
[joint] step  24/40  loss=0.000381  fit=0.02022 held=0.02472  |  ee_fit=0.00649 ee_held=0.00689
[joint] step  25/40  loss=0.000336  fit=0.01831 held=0.02446  |  ee_fit=0.00703 ee_held=0.00770
[joint] step  26/40  loss=0.000321  fit=0.01829 held=0.02516  |  ee_fit=0.00819 ee_held=0.00910
[joint] step  27/40  loss=0.000329  fit=0.02108 held=0.02507  |  ee_fit=0.00957 ee_held=0.00943
[joint] step  28/40  loss=0.000299  fit=0.01893 held=0.02539  |  ee_fit=0.00955 ee_held=0.01040
[joint] step  29/40  loss=0.000311  fit=0.01754 held=0.02570  |  ee_fit=0.00973 ee_held=0.01047
[joint] step  30/40  loss=0.000274  fit=0.01741 held=0.02626  |  ee_fit=0.00994 ee_held=0.01020
[joint] step  31/40  loss=0.000282  fit=0.01671 held=0.02659  |  ee_fit=0.00975 ee_held=0.01074
[joint] step  32/40  loss=0.000353  fit=0.01608 held=0.02631  |  ee_fit=0.00911 ee_held=0.01015
[joint] step  33/40  loss=0.000374  fit=0.01920 held=0.02635  |  ee_fit=0.00910 ee_held=0.00965
[joint] step  34/40  loss=0.000238  fit=0.01819 held=0.02717  |  ee_fit=0.00848 ee_held=0.00942
[joint] step  35/40  loss=0.000343  fit=0.01808 held=0.02666  |  ee_fit=0.00766 ee_held=0.00888
[joint] step  36/40  loss=0.000230  fit=0.01517 held=0.02690  |  ee_fit=0.00602 ee_held=0.00777
[joint] step  37/40  loss=0.000236  fit=0.01537 held=0.02615  |  ee_fit=0.00555 ee_held=0.00690
[joint] step  38/40  loss=0.000270  fit=0.01697 held=0.03003  |  ee_fit=0.00537 ee_held=0.00757
[joint] step  39/40  loss=0.000251  fit=0.01897 held=0.03021  |  ee_fit=0.00568 ee_held=0.00652
[joint] step  40/40  loss=0.000287  fit=0.01448 held=0.03138  |  ee_fit=0.00390 ee_held=0.00669
[joint] wrote scratch/viz/multiseed/A_joint_seed3.npz

[joint] SUMMARY over 40 steps
  final : loss=0.000287 fit=0.01448 held=0.03138 ee_fit=0.00390 ee_held=0.00669
  best-train-loss iterate (step 36): fit=0.01517 held=0.02690 ee_fit=0.00602 ee_held=0.00777
  min ee_held over trajectory = 0.00625 (step 23)
