2026-08-29 08:36:33.752 | INFO     | pyroffi.collision._robot_collision:_compute_active_pair_indices_from_srdf:792 - Loaded 36 disabled collision pairs from SRDF
2026-08-29 08:36:34.593 | INFO     | pyroffi.collision._robot_collision:from_urdf:701 - Created RobotCollision with 13 links and 42 active self-collision pairs, using spherical collision models.
  [path A (parametric)] inner stationarity ||grad_x C|| per phase:
    approach   worst=1.729e-05 over 2 scenes [1.7e-05 8.4e-06]
    grasp      worst=9.277e-06 over 2 scenes [9.3e-06 9.3e-06]
    transport  worst=2.171e-04 over 2 scenes [7.1e-05 2.2e-04]
    place      worst=1.440e-05 over 2 scenes [1.4e-05 1.4e-05]
[build] 1495s  K=9  space=joint
[joint] step   0/40  loss=0.032242  fit=0.17912 held=0.16524  |  ee_fit=0.04974 ee_held=0.04633
[joint] step   1/40  loss=0.028089  fit=0.16669 held=0.15570  |  ee_fit=0.04705 ee_held=0.04461
[joint] step   2/40  loss=0.025373  fit=0.15904 held=0.14525  |  ee_fit=0.04582 ee_held=0.04282
[joint] step   3/40  loss=0.021905  fit=0.14762 held=0.13704  |  ee_fit=0.04435 ee_held=0.04193
[joint] step   4/40  loss=0.019183  fit=0.14021 held=0.12622  |  ee_fit=0.04444 ee_held=0.03971
[joint] step   5/40  loss=0.017230  fit=0.13058 held=0.11638  |  ee_fit=0.04375 ee_held=0.04007
[joint] step   6/40  loss=0.015147  fit=0.12221 held=0.11276  |  ee_fit=0.04392 ee_held=0.04224
[joint] step   7/40  loss=0.013152  fit=0.11294 held=0.10212  |  ee_fit=0.04324 ee_held=0.04098
[joint] step   8/40  loss=0.011106  fit=0.10663 held=0.09785  |  ee_fit=0.04364 ee_held=0.04198
[joint] step   9/40  loss=0.009850  fit=0.09914 held=0.09212  |  ee_fit=0.04264 ee_held=0.04211
[joint] step  10/40  loss=0.008788  fit=0.09208 held=0.08342  |  ee_fit=0.04261 ee_held=0.03977
[joint] step  11/40  loss=0.007581  fit=0.08606 held=0.07756  |  ee_fit=0.04212 ee_held=0.03882
[joint] step  12/40  loss=0.006322  fit=0.08169 held=0.07239  |  ee_fit=0.03963 ee_held=0.03728
[joint] step  13/40  loss=0.005397  fit=0.07459 held=0.06790  |  ee_fit=0.03740 ee_held=0.03554
[joint] step  14/40  loss=0.004380  fit=0.06635 held=0.05971  |  ee_fit=0.03286 ee_held=0.03051
[joint] step  15/40  loss=0.003744  fit=0.06043 held=0.05436  |  ee_fit=0.02991 ee_held=0.02694
[joint] step  16/40  loss=0.003004  fit=0.05487 held=0.05191  |  ee_fit=0.02739 ee_held=0.02709
[joint] step  17/40  loss=0.002461  fit=0.04744 held=0.04461  |  ee_fit=0.02252 ee_held=0.02155
[joint] step  18/40  loss=0.001846  fit=0.04214 held=0.04161  |  ee_fit=0.01887 ee_held=0.01918
[joint] step  19/40  loss=0.001457  fit=0.03866 held=0.03708  |  ee_fit=0.01700 ee_held=0.01501
[joint] step  20/40  loss=0.001061  fit=0.03412 held=0.03373  |  ee_fit=0.01361 ee_held=0.01244
[joint] step  21/40  loss=0.000920  fit=0.02865 held=0.03363  |  ee_fit=0.00946 ee_held=0.01027
[joint] step  22/40  loss=0.000694  fit=0.02524 held=0.03145  |  ee_fit=0.00731 ee_held=0.00812
[joint] step  23/40  loss=0.000507  fit=0.26250 held=0.03167  |  ee_fit=0.12450 ee_held=0.00690
[joint] step  24/40  loss=0.000416  fit=0.01998 held=0.03077  |  ee_fit=0.00588 ee_held=0.00703
[joint] step  25/40  loss=0.000345  fit=0.01853 held=0.03155  |  ee_fit=0.00636 ee_held=0.00787
[joint] step  26/40  loss=0.000322  fit=0.01899 held=0.03223  |  ee_fit=0.00598 ee_held=0.00891
[joint] step  27/40  loss=0.000307  fit=0.01633 held=0.03403  |  ee_fit=0.00745 ee_held=0.01018
[joint] step  28/40  loss=0.000520  fit=0.01597 held=0.03457  |  ee_fit=0.00800 ee_held=0.01048
[joint] step  29/40  loss=0.000317  fit=0.01685 held=0.03630  |  ee_fit=0.00918 ee_held=0.01003
[joint] step  30/40  loss=0.000248  fit=0.01430 held=0.03580  |  ee_fit=0.00793 ee_held=0.01046
[joint] step  31/40  loss=0.000256  fit=0.01461 held=0.03539  |  ee_fit=0.00816 ee_held=0.00989
[joint] step  32/40  loss=0.000214  fit=0.01405 held=0.03761  |  ee_fit=0.00800 ee_held=0.01140
[joint] step  33/40  loss=0.000265  fit=0.01261 held=0.03725  |  ee_fit=0.00687 ee_held=0.01003
[joint] step  34/40  loss=0.000190  fit=0.01342 held=0.03673  |  ee_fit=0.00669 ee_held=0.00926
[joint] step  35/40  loss=0.000143  fit=0.01337 held=0.03860  |  ee_fit=0.00561 ee_held=0.00932
[joint] step  36/40  loss=0.000168  fit=0.01450 held=0.03613  |  ee_fit=0.00558 ee_held=0.00777
[joint] step  37/40  loss=0.000138  fit=0.01183 held=0.05071  |  ee_fit=0.00336 ee_held=0.01354
[joint] step  38/40  loss=0.000137  fit=0.01735 held=0.03484  |  ee_fit=0.00537 ee_held=0.00707
[joint] step  39/40  loss=0.000198  fit=0.01572 held=0.03709  |  ee_fit=0.00454 ee_held=0.00702
[joint] step  40/40  loss=0.000209  fit=0.01230 held=0.03486  |  ee_fit=0.00359 ee_held=0.00639
[joint] wrote scratch/viz/multiseed/A_joint_seed2.npz

[joint] SUMMARY over 40 steps
  final : loss=0.000209 fit=0.01230 held=0.03486 ee_fit=0.00359 ee_held=0.00639
  best-train-loss iterate (step 38): fit=0.01735 held=0.03484 ee_fit=0.00537 ee_held=0.00707
  min ee_held over trajectory = 0.00639 (step 40)
