2026-08-29 08:36:33.687 | INFO     | pyroffi.collision._robot_collision:_compute_active_pair_indices_from_srdf:792 - Loaded 36 disabled collision pairs from SRDF
2026-08-29 08:36:34.493 | INFO     | pyroffi.collision._robot_collision:from_urdf:701 - Created RobotCollision with 13 links and 42 active self-collision pairs, using spherical collision models.
  [path A (parametric)] inner stationarity ||grad_x C|| per phase:
    approach   worst=1.196e-05 over 2 scenes [1.2e-05 6.9e-06]
    grasp      worst=9.530e-06 over 2 scenes [9.5e-06 9.5e-06]
    transport  worst=1.377e-04 over 2 scenes [9.5e-05 1.4e-04]
    place      worst=1.490e-05 over 2 scenes [1.5e-05 1.5e-05]
[build] 1487s  K=9  space=joint
[joint] step   0/40  loss=0.031943  fit=0.17816 held=0.16486  |  ee_fit=0.05091 ee_held=0.04817
[joint] step   1/40  loss=0.027293  fit=0.16606 held=0.15505  |  ee_fit=0.04816 ee_held=0.04603
[joint] step   2/40  loss=0.024880  fit=0.15761 held=0.14493  |  ee_fit=0.04711 ee_held=0.04333
[joint] step   3/40  loss=0.021847  fit=0.14802 held=0.13463  |  ee_fit=0.04559 ee_held=0.04130
[joint] step   4/40  loss=0.019171  fit=0.13883 held=0.12721  |  ee_fit=0.04484 ee_held=0.04132
[joint] step   5/40  loss=0.016253  fit=0.13034 held=0.11678  |  ee_fit=0.04427 ee_held=0.04000
[joint] step   6/40  loss=0.014551  fit=0.12160 held=0.10994  |  ee_fit=0.04364 ee_held=0.04093
[joint] step   7/40  loss=0.012655  fit=0.11444 held=0.10205  |  ee_fit=0.04400 ee_held=0.03985
[joint] step   8/40  loss=0.011276  fit=0.10516 held=0.09510  |  ee_fit=0.04233 ee_held=0.03983
[joint] step   9/40  loss=0.009730  fit=0.09891 held=0.09074  |  ee_fit=0.04241 ee_held=0.03983
[joint] step  10/40  loss=0.008563  fit=0.09276 held=0.08306  |  ee_fit=0.04163 ee_held=0.03902
[joint] step  11/40  loss=0.007238  fit=0.08506 held=0.07563  |  ee_fit=0.03953 ee_held=0.03632
[joint] step  12/40  loss=0.006150  fit=0.07945 held=0.07158  |  ee_fit=0.03804 ee_held=0.03574
[joint] step  13/40  loss=0.005191  fit=0.07147 held=0.06576  |  ee_fit=0.03474 ee_held=0.03297
[joint] step  14/40  loss=0.004394  fit=0.06562 held=0.05993  |  ee_fit=0.03277 ee_held=0.03063
[joint] step  15/40  loss=0.003491  fit=0.05964 held=0.05440  |  ee_fit=0.02986 ee_held=0.02764
[joint] step  16/40  loss=0.002851  fit=0.05361 held=0.05154  |  ee_fit=0.02631 ee_held=0.02569
[joint] step  17/40  loss=0.002316  fit=0.04821 held=0.04422  |  ee_fit=0.02289 ee_held=0.02103
[joint] step  18/40  loss=0.001908  fit=0.04357 held=0.03947  |  ee_fit=0.02006 ee_held=0.01805
[joint] step  19/40  loss=0.001538  fit=0.03863 held=0.03496  |  ee_fit=0.01731 ee_held=0.01539
[joint] step  20/40  loss=0.001211  fit=0.03427 held=0.03170  |  ee_fit=0.01469 ee_held=0.01288
[joint] step  21/40  loss=0.001004  fit=0.03368 held=0.02834  |  ee_fit=0.01254 ee_held=0.01005
[joint] step  22/40  loss=0.000742  fit=0.02772 held=0.02537  |  ee_fit=0.00935 ee_held=0.00747
[joint] step  23/40  loss=0.000547  fit=0.02452 held=0.02408  |  ee_fit=0.00777 ee_held=0.00678
[joint] step  24/40  loss=0.000466  fit=0.02405 held=0.02225  |  ee_fit=0.00683 ee_held=0.00598
[joint] step  25/40  loss=0.000338  fit=0.01887 held=0.02231  |  ee_fit=0.00613 ee_held=0.00650
[joint] step  26/40  loss=0.000281  fit=0.01620 held=0.02282  |  ee_fit=0.00606 ee_held=0.00799
[joint] step  27/40  loss=0.000276  fit=0.01646 held=0.02290  |  ee_fit=0.00742 ee_held=0.00866
[joint] step  28/40  loss=0.000340  fit=0.01565 held=0.02321  |  ee_fit=0.00777 ee_held=0.00959
[joint] step  29/40  loss=0.000283  fit=0.07604 held=0.02374  |  ee_fit=0.04522 ee_held=0.01044
[joint] step  30/40  loss=0.000237  fit=0.01487 held=0.02346  |  ee_fit=0.00825 ee_held=0.01027
[joint] step  31/40  loss=0.000229  fit=0.01468 held=0.02391  |  ee_fit=0.00842 ee_held=0.01037
[joint] step  32/40  loss=0.000201  fit=0.01551 held=0.02555  |  ee_fit=0.00820 ee_held=0.01088
[joint] step  33/40  loss=0.000203  fit=0.01536 held=0.02565  |  ee_fit=0.00817 ee_held=0.01013
[joint] step  34/40  loss=0.000190  fit=0.01557 held=0.02602  |  ee_fit=0.00773 ee_held=0.00990
[joint] step  35/40  loss=0.000194  fit=0.01422 held=0.02744  |  ee_fit=0.00676 ee_held=0.00992
[joint] step  36/40  loss=0.000346  fit=0.01463 held=0.02619  |  ee_fit=0.00647 ee_held=0.00884
[joint] step  37/40  loss=0.000249  fit=0.01495 held=0.02606  |  ee_fit=0.00563 ee_held=0.00786
[joint] step  38/40  loss=0.000221  fit=0.01556 held=0.02700  |  ee_fit=0.00489 ee_held=0.00699
[joint] step  39/40  loss=0.000217  fit=0.01786 held=0.02837  |  ee_fit=0.00498 ee_held=0.00637
[joint] step  40/40  loss=0.000189  fit=0.01338 held=0.02918  |  ee_fit=0.00369 ee_held=0.00576
[joint] wrote scratch/viz/multiseed/A_joint_seed1.npz

[joint] SUMMARY over 40 steps
  final : loss=0.000189 fit=0.01338 held=0.02918 ee_fit=0.00369 ee_held=0.00576
  best-train-loss iterate (step 40): fit=0.01338 held=0.02918 ee_fit=0.00369 ee_held=0.00576
  min ee_held over trajectory = 0.00576 (step 40)
