2026-08-29 09:16:30.030 | INFO     | pyroffi.collision._robot_collision:_compute_active_pair_indices_from_srdf:792 - Loaded 36 disabled collision pairs from SRDF
2026-08-29 09:16:30.885 | INFO     | pyroffi.collision._robot_collision:from_urdf:701 - Created RobotCollision with 13 links and 42 active self-collision pairs, using spherical collision models.
  [path A (parametric)] inner stationarity ||grad_x C|| per phase:
    approach   worst=8.569e-05 over 2 scenes [8.6e-05 8.1e-06]
    grasp      worst=1.020e-05 over 2 scenes [1.0e-05 1.0e-05]
    transport  worst=3.009e-04 over 2 scenes [1.6e-04 3.0e-04]
    place      worst=1.565e-05 over 2 scenes [1.6e-05 1.6e-05]
[build] 1455s  K=9  space=joint
[joint] step   0/40  loss=0.031690  fit=0.17539 held=0.16439  |  ee_fit=0.04902 ee_held=0.04711
[joint] step   1/40  loss=0.027617  fit=0.16657 held=0.15548  |  ee_fit=0.04724 ee_held=0.04512
[joint] step   2/40  loss=0.024868  fit=0.15597 held=0.14474  |  ee_fit=0.04532 ee_held=0.04269
[joint] step   3/40  loss=0.021630  fit=0.14641 held=0.13476  |  ee_fit=0.04370 ee_held=0.04176
[joint] step   4/40  loss=0.018714  fit=0.13796 held=0.12624  |  ee_fit=0.04377 ee_held=0.04110
[joint] step   5/40  loss=0.016638  fit=0.12953 held=0.11712  |  ee_fit=0.04363 ee_held=0.04056
[joint] step   6/40  loss=0.014424  fit=0.12129 held=0.10963  |  ee_fit=0.04351 ee_held=0.04085
[joint] step   7/40  loss=0.012714  fit=0.11213 held=0.10266  |  ee_fit=0.04288 ee_held=0.04078
[joint] step   8/40  loss=0.011302  fit=0.10596 held=0.09553  |  ee_fit=0.04336 ee_held=0.04123
[joint] step   9/40  loss=0.009810  fit=0.09747 held=0.08948  |  ee_fit=0.04195 ee_held=0.04110
[joint] step  10/40  loss=0.008257  fit=0.09186 held=0.07941  |  ee_fit=0.04147 ee_held=0.03723
[joint] step  11/40  loss=0.007120  fit=0.08497 held=0.07733  |  ee_fit=0.03991 ee_held=0.03773
[joint] step  12/40  loss=0.005955  fit=0.07834 held=0.06924  |  ee_fit=0.03766 ee_held=0.03410
[joint] step  13/40  loss=0.005135  fit=0.07139 held=0.06483  |  ee_fit=0.03469 ee_held=0.03360
[joint] step  14/40  loss=0.004410  fit=0.06491 held=0.06140  |  ee_fit=0.03153 ee_held=0.03197
[joint] step  15/40  loss=0.003474  fit=0.05791 held=0.05291  |  ee_fit=0.02788 ee_held=0.02638
[joint] step  16/40  loss=0.002770  fit=0.05187 held=0.04919  |  ee_fit=0.02436 ee_held=0.02429
[joint] step  17/40  loss=0.002126  fit=0.04630 held=0.04480  |  ee_fit=0.02120 ee_held=0.02131
[joint] step  18/40  loss=0.001683  fit=0.04100 held=0.03971  |  ee_fit=0.01713 ee_held=0.01769
[joint] step  19/40  loss=0.001312  fit=0.03618 held=0.03478  |  ee_fit=0.01400 ee_held=0.01292
[joint] step  20/40  loss=0.001016  fit=0.03223 held=0.03370  |  ee_fit=0.01140 ee_held=0.01328
[joint] step  21/40  loss=0.000833  fit=0.02906 held=0.02915  |  ee_fit=0.00912 ee_held=0.01065
[joint] step  22/40  loss=0.000639  fit=0.02647 held=0.02622  |  ee_fit=0.00716 ee_held=0.00896
[joint] step  23/40  loss=0.000498  fit=0.02463 held=0.02575  |  ee_fit=0.00644 ee_held=0.00968
[joint] step  24/40  loss=0.000473  fit=0.02217 held=0.02520  |  ee_fit=0.00642 ee_held=0.00989
[joint] step  25/40  loss=0.000336  fit=0.01860 held=0.02488  |  ee_fit=0.00634 ee_held=0.01044
[joint] step  26/40  loss=0.000340  fit=0.01776 held=0.02510  |  ee_fit=0.00752 ee_held=0.01106
[joint] step  27/40  loss=0.000253  fit=0.01699 held=0.02507  |  ee_fit=0.00802 ee_held=0.01129
[joint] step  28/40  loss=0.000241  fit=0.01725 held=0.02519  |  ee_fit=0.00863 ee_held=0.01180
[joint] step  29/40  loss=0.000319  fit=0.01598 held=0.02563  |  ee_fit=0.00877 ee_held=0.01227
[joint] step  30/40  loss=0.000272  fit=0.01751 held=0.02653  |  ee_fit=0.00917 ee_held=0.01218
[joint] step  31/40  loss=0.000346  fit=0.01486 held=0.02630  |  ee_fit=0.00843 ee_held=0.01201
[joint] step  32/40  loss=0.000206  fit=0.01565 held=0.02693  |  ee_fit=0.00816 ee_held=0.01162
[joint] step  33/40  loss=0.000290  fit=0.38970 held=0.02929  |  ee_fit=0.26569 ee_held=0.01211
[joint] step  34/40  loss=0.000193  fit=2.91031 held=0.02794  |  ee_fit=0.55647 ee_held=0.01086
[joint] step  35/40  loss=0.000323  fit=0.01784 held=0.02740  |  ee_fit=0.00666 ee_held=0.01004
[joint] step  36/40  loss=0.000204  fit=0.01549 held=0.02541  |  ee_fit=0.00544 ee_held=0.00936
[joint] step  37/40  loss=0.000268  fit=0.01387 held=0.02650  |  ee_fit=0.00439 ee_held=0.00943
[joint] step  38/40  loss=0.000238  fit=0.01656 held=0.02750  |  ee_fit=0.00479 ee_held=0.00893
[joint] step  39/40  loss=0.000499  fit=0.01436 held=0.02515  |  ee_fit=0.00393 ee_held=0.00927
[joint] step  40/40  loss=0.000198  fit=0.01343 held=0.02590  |  ee_fit=0.00362 ee_held=0.00854
[joint] wrote scratch/viz/multiseed/A_joint_seed4.npz

[joint] SUMMARY over 40 steps
  final : loss=0.000198 fit=0.01343 held=0.02590 ee_fit=0.00362 ee_held=0.00854
  best-train-loss iterate (step 34): fit=2.91031 held=0.02794 ee_fit=0.55647 ee_held=0.01086
  min ee_held over trajectory = 0.00854 (step 40)
