2026-08-29 09:54:48.558 | INFO     | pyroffi.collision._robot_collision:_compute_active_pair_indices_from_srdf:792 - Loaded 36 disabled collision pairs from SRDF
2026-08-29 09:54:49.459 | INFO     | pyroffi.collision._robot_collision:from_urdf:701 - Created RobotCollision with 13 links and 42 active self-collision pairs, using spherical collision models.
[build] 1207s  B=3 branches x S=3 starts = 9 candidates  space=joint  scene_b_scale=2.0
E0829 10:35:36.558211 2134160 slow_operation_alarm.cc:73] 
********************************
[Compiling module jit__lambda for GPU] Very slow compile? If you want to file a bug, run with envvar XLA_FLAGS=--xla_dump_to=/tmp/foo and attach the results.
********************************
E0829 10:36:28.133987 2134058 slow_operation_alarm.cc:140] The operation took 2m51.575860794s

********************************
[Compiling module jit__lambda for GPU] Very slow compile? If you want to file a bug, run with envvar XLA_FLAGS=--xla_dump_to=/tmp/foo and attach the results.
********************************
E0829 11:47:59.441372 2134160 slow_operation_alarm.cc:73] 
********************************
[Compiling module jit__lambda for GPU] Very slow compile? If you want to file a bug, run with envvar XLA_FLAGS=--xla_dump_to=/tmp/foo and attach the results.
********************************
E0829 11:48:45.562488 2134058 slow_operation_alarm.cc:140] The operation took 2m46.121205971s

********************************
[Compiling module jit__lambda for GPU] Very slow compile? If you want to file a bug, run with envvar XLA_FLAGS=--xla_dump_to=/tmp/foo and attach the results.
********************************
[rec] step   0/40  train(min)=0.15583 held@trainargmin=0.12295  |  ee_fit=0.04875 ee_held=0.03860  spread=4.0x
[rec] step   1/40  train(min)=0.14438 held@trainargmin=0.11179  |  ee_fit=0.04690 ee_held=0.03672  spread=4.4x
[rec] step   2/40  train(min)=0.13521 held@trainargmin=0.10371  |  ee_fit=0.04588 ee_held=0.03626  spread=4.8x
[rec] step   3/40  train(min)=0.12764 held@trainargmin=0.09653  |  ee_fit=0.04610 ee_held=0.03643  spread=5.1x
[rec] step   4/40  train(min)=0.11670 held@trainargmin=0.09000  |  ee_fit=0.04422 ee_held=0.03646  spread=5.4x
[rec] step   5/40  train(min)=0.11148 held@trainargmin=0.08279  |  ee_fit=0.04521 ee_held=0.03548  spread=5.9x
[rec] step   6/40  train(min)=0.10114 held@trainargmin=0.07716  |  ee_fit=0.04208 ee_held=0.03495  spread=6.3x
[rec] step   7/40  train(min)=0.09575 held@trainargmin=0.07171  |  ee_fit=0.04042 ee_held=0.03282  spread=6.8x
[rec] step   8/40  train(min)=0.08904 held@trainargmin=0.06586  |  ee_fit=0.03853 ee_held=0.03059  spread=7.4x
[rec] step   9/40  train(min)=0.08180 held@trainargmin=0.06176  |  ee_fit=0.03635 ee_held=0.02808  spread=7.9x
[rec] step  10/40  train(min)=0.09168 held@trainargmin=0.07681  |  ee_fit=0.04099 ee_held=0.03526  spread=9.0x
[rec] step  11/40  train(min)=0.07044 held@trainargmin=0.05126  |  ee_fit=0.03037 ee_held=0.02212  spread=9.6x
[rec] step  12/40  train(min)=0.06497 held@trainargmin=0.04748  |  ee_fit=0.02715 ee_held=0.01883  spread=10.4x
[rec] step  13/40  train(min)=0.05626 held@trainargmin=0.04114  |  ee_fit=0.02258 ee_held=0.01573  spread=12.1x
[rec] step  14/40  train(min)=0.05040 held@trainargmin=0.04068  |  ee_fit=0.01901 ee_held=0.01307  spread=12.3x
[rec] step  15/40  train(min)=0.04734 held@trainargmin=0.03357  |  ee_fit=0.01635 ee_held=0.01067  spread=14.9x
[rec] step  16/40  train(min)=0.04247 held@trainargmin=0.03127  |  ee_fit=0.01378 ee_held=0.00934  spread=16.1x
[rec] step  17/40  train(min)=0.04916 held@trainargmin=0.05722  |  ee_fit=0.02414 ee_held=0.02117  spread=15.7x
[rec] step  18/40  train(min)=0.02940 held@trainargmin=0.03340  |  ee_fit=0.00851 ee_held=0.00781  spread=15.2x
[rec] step  19/40  train(min)=0.03029 held@trainargmin=0.02675  |  ee_fit=0.00937 ee_held=0.00792  spread=19.1x
[rec] step  20/40  train(min)=0.02525 held@trainargmin=0.02618  |  ee_fit=0.00706 ee_held=0.00714  spread=19.6x
[rec] step  21/40  train(min)=0.02003 held@trainargmin=0.03377  |  ee_fit=0.00601 ee_held=0.00879  spread=15.4x
[rec] step  22/40  train(min)=0.01938 held@trainargmin=0.03546  |  ee_fit=0.00540 ee_held=0.00853  spread=17.3x
[rec] step  23/40  train(min)=0.01571 held@trainargmin=0.03203  |  ee_fit=0.00528 ee_held=0.00776  spread=17.7x
[rec] step  24/40  train(min)=0.01562 held@trainargmin=0.03528  |  ee_fit=0.00479 ee_held=0.01012  spread=15.0x
[rec] step  25/40  train(min)=0.01475 held@trainargmin=0.03266  |  ee_fit=0.00439 ee_held=0.00801  spread=20.4x
[rec] step  26/40  train(min)=0.01674 held@trainargmin=0.02619  |  ee_fit=0.00491 ee_held=0.00605  spread=20.5x
[rec] step  27/40  train(min)=0.01533 held@trainargmin=0.02664  |  ee_fit=0.00461 ee_held=0.00583  spread=20.2x
[rec] step  28/40  train(min)=0.01288 held@trainargmin=0.03066  |  ee_fit=0.00447 ee_held=0.00659  spread=17.7x
[rec] step  29/40  train(min)=0.01507 held@trainargmin=0.03983  |  ee_fit=0.00711 ee_held=0.01041  spread=16.2x
[rec] step  30/40  train(min)=0.01370 held@trainargmin=0.03297  |  ee_fit=0.00454 ee_held=0.00682  spread=16.6x
[rec] step  31/40  train(min)=0.01428 held@trainargmin=0.03572  |  ee_fit=0.00756 ee_held=0.01154  spread=17.1x
[rec] step  32/40  train(min)=0.01368 held@trainargmin=0.02933  |  ee_fit=0.00724 ee_held=0.00903  spread=18.9x
[rec] step  33/40  train(min)=0.01264 held@trainargmin=0.03391  |  ee_fit=0.00515 ee_held=0.00734  spread=16.7x
[rec] step  34/40  train(min)=0.01279 held@trainargmin=0.02757  |  ee_fit=0.00476 ee_held=0.00651  spread=20.7x
[rec] step  35/40  train(min)=0.01243 held@trainargmin=0.04081  |  ee_fit=0.00600 ee_held=0.01012  spread=22.3x
[rec] step  36/40  train(min)=0.01174 held@trainargmin=0.05357  |  ee_fit=0.00491 ee_held=0.01350  spread=22.6x
[rec] step  37/40  train(min)=0.01185 held@trainargmin=0.04261  |  ee_fit=0.00460 ee_held=0.00760  spread=21.0x
[rec] step  38/40  train(min)=0.01125 held@trainargmin=0.05270  |  ee_fit=0.00375 ee_held=0.01334  spread=24.5x
[rec] step  39/40  train(min)=0.01123 held@trainargmin=0.03647  |  ee_fit=0.00341 ee_held=0.00978  spread=23.8x
[rec] step  40/40  train(min)=0.01118 held@trainargmin=0.06099  |  ee_fit=0.00327 ee_held=0.00701  spread=25.2x
[rec] wrote scratch/viz/multiseed/B_seed1.npz

 cand  branch  start     train      held    ee_fit   ee_held
    0       0      0   0.01118   0.06099   0.00327   0.00701  <- winner (train argmin)
    1       0      1   0.01345   0.02579   0.00502   0.00901
    2       0      2   0.01383   0.02492   0.00541   0.00750  [held argmin: NOT used]
    3       1      0   0.22708   0.18582   0.04517   0.02912
    4       1      1   0.22684   0.18332   0.04194   0.02898
    5       1      2   0.22610   0.18466   0.04337   0.02911
    6       2      0   1.03441   0.57162   0.16364   0.09982
    7       2      1   0.96704   0.50558   0.15953   0.07996
    8       2      2   1.02546   0.62731   0.16671   0.12374

selected on training loss: candidate 0 (branch 0, start 0)
  EE held-out RMSE = 0.00701
  had we (wrongly) selected on held-out: 0.02492 -- the size of the leakage this guards against
held-out spread across candidates: 25.2x (0.02492 .. 0.62731)
