
############################################################
# pickplace_iosp: IOSP on pick-place: recover trajopt costs from single-object demos (cross-domain table row)
############################################################

============================================================
[run] pickplace_seed0  GPU=1  module=iosp.experiments.e4_three_stage
  cmd: /home/sadmin/miniconda3/envs/pyroffi/bin/python -m iosp.experiments.e4_three_stage --n-iters 60 --n-steps 40 --n-starts 4 --no-ablate-stage2 --seed 0 --out iosp/data/results/pickplace/pickplace_seed0.json
2026-08-31 01:24:31.521 | INFO     | pyroffi.collision._robot_collision:_compute_active_pair_indices_from_srdf:792 - Loaded 36 disabled collision pairs from SRDF
2026-08-31 01:24:32.325 | INFO     | pyroffi.collision._robot_collision:from_urdf:701 - Created RobotCollision with 13 links and 42 active self-collision pairs, using spherical collision models.
[build] 14.9s  K=4 ['smooth', 'clearance', 'upright', 'skeleton']  N_FULL=23  fit/test = 6/6  theta_ik FIXED at [0.06 0.04]
E0831 01:30:54.667751 3745745 slow_operation_alarm.cc:73] 
********************************
[Compiling module jit__lambda for GPU] Very slow compile? If you want to file a bug, run with envvar XLA_FLAGS=--xla_dump_to=/tmp/foo and attach the results.
********************************
E0831 01:33:33.612885 3745659 slow_operation_alarm.cc:140] The operation took 4m38.945232414s

********************************
[Compiling module jit__lambda for GPU] Very slow compile? If you want to file a bug, run with envvar XLA_FLAGS=--xla_dump_to=/tmp/foo and attach the results.
********************************
[demos] 1188.3s (compile incl.), shape (6, 23, 3)
[sanity] loss(z_star) = 6.298e-06
Traceback (most recent call last):
  File "<frozen runpy>", line 198, in _run_module_as_main
  File "<frozen runpy>", line 88, in _run_code
  File "/home/sadmin/Work/pyroffi/iosp/experiments/e4_three_stage.py", line 301, in <module>
    out = run(seed=a.seed, n_iters=a.n_iters, n_scenes=a.n_scenes,
          ^^^^^^^^^^^^^^^^^^^^^^^^^^^^^^^^^^^^^^^^^^^^^^^^^^^^^^^^
  File "/home/sadmin/Work/pyroffi/iosp/experiments/e4_three_stage.py", line 205, in run
    assert sanity < 1e-8, f"model does not reproduce its own demo: {sanity:.3e}"
           ^^^^^^^^^^^^^
AssertionError: model does not reproduce its own demo: 6.298e-06
  wall: 1698s  exit: 1
  manifest: iosp/data/results/pickplace/pickplace_seed0.manifest.json

============================================================
[run] pickplace_seed1  GPU=1  module=iosp.experiments.e4_three_stage
  cmd: /home/sadmin/miniconda3/envs/pyroffi/bin/python -m iosp.experiments.e4_three_stage --n-iters 60 --n-steps 40 --n-starts 4 --no-ablate-stage2 --seed 1 --out iosp/data/results/pickplace/pickplace_seed1.json
2026-08-31 01:52:49.722 | INFO     | pyroffi.collision._robot_collision:_compute_active_pair_indices_from_srdf:792 - Loaded 36 disabled collision pairs from SRDF
2026-08-31 01:52:50.485 | INFO     | pyroffi.collision._robot_collision:from_urdf:701 - Created RobotCollision with 13 links and 42 active self-collision pairs, using spherical collision models.
[build] 14.9s  K=4 ['smooth', 'clearance', 'upright', 'skeleton']  N_FULL=23  fit/test = 6/6  theta_ik FIXED at [0.06 0.04]
E0831 01:59:12.562607 3756920 slow_operation_alarm.cc:73] 
********************************
[Compiling module jit__lambda for GPU] Very slow compile? If you want to file a bug, run with envvar XLA_FLAGS=--xla_dump_to=/tmp/foo and attach the results.
********************************
E0831 02:01:54.840518 3756834 slow_operation_alarm.cc:140] The operation took 4m42.277997029s

********************************
[Compiling module jit__lambda for GPU] Very slow compile? If you want to file a bug, run with envvar XLA_FLAGS=--xla_dump_to=/tmp/foo and attach the results.
********************************
[demos] 1191.8s (compile incl.), shape (6, 23, 3)
[sanity] loss(z_star) = 8.319e-06
Traceback (most recent call last):
  File "<frozen runpy>", line 198, in _run_module_as_main
  File "<frozen runpy>", line 88, in _run_code
  File "/home/sadmin/Work/pyroffi/iosp/experiments/e4_three_stage.py", line 301, in <module>
    out = run(seed=a.seed, n_iters=a.n_iters, n_scenes=a.n_scenes,
          ^^^^^^^^^^^^^^^^^^^^^^^^^^^^^^^^^^^^^^^^^^^^^^^^^^^^^^^^
  File "/home/sadmin/Work/pyroffi/iosp/experiments/e4_three_stage.py", line 205, in run
    assert sanity < 1e-8, f"model does not reproduce its own demo: {sanity:.3e}"
           ^^^^^^^^^^^^^
AssertionError: model does not reproduce its own demo: 8.319e-06
  wall: 1701s  exit: 1
  manifest: iosp/data/results/pickplace/pickplace_seed1.manifest.json

============================================================
[run] pickplace_seed2  GPU=1  module=iosp.experiments.e4_three_stage
  cmd: /home/sadmin/miniconda3/envs/pyroffi/bin/python -m iosp.experiments.e4_three_stage --n-iters 60 --n-steps 40 --n-starts 4 --no-ablate-stage2 --seed 2 --out iosp/data/results/pickplace/pickplace_seed2.json
2026-08-31 02:21:11.169 | INFO     | pyroffi.collision._robot_collision:_compute_active_pair_indices_from_srdf:792 - Loaded 36 disabled collision pairs from SRDF
2026-08-31 02:21:11.971 | INFO     | pyroffi.collision._robot_collision:from_urdf:701 - Created RobotCollision with 13 links and 42 active self-collision pairs, using spherical collision models.
[build] 15.1s  K=4 ['smooth', 'clearance', 'upright', 'skeleton']  N_FULL=23  fit/test = 6/6  theta_ik FIXED at [0.06 0.04]
E0831 02:27:33.174291 3768304 slow_operation_alarm.cc:73] 
********************************
[Compiling module jit__lambda for GPU] Very slow compile? If you want to file a bug, run with envvar XLA_FLAGS=--xla_dump_to=/tmp/foo and attach the results.
********************************
E0831 02:30:14.033442 3768218 slow_operation_alarm.cc:140] The operation took 4m40.859250414s

********************************
[Compiling module jit__lambda for GPU] Very slow compile? If you want to file a bug, run with envvar XLA_FLAGS=--xla_dump_to=/tmp/foo and attach the results.
********************************
[demos] 1199.1s (compile incl.), shape (6, 23, 3)
[sanity] loss(z_star) = 1.727e-05
Traceback (most recent call last):
  File "<frozen runpy>", line 198, in _run_module_as_main
  File "<frozen runpy>", line 88, in _run_code
  File "/home/sadmin/Work/pyroffi/iosp/experiments/e4_three_stage.py", line 301, in <module>
    out = run(seed=a.seed, n_iters=a.n_iters, n_scenes=a.n_scenes,
          ^^^^^^^^^^^^^^^^^^^^^^^^^^^^^^^^^^^^^^^^^^^^^^^^^^^^^^^^
  File "/home/sadmin/Work/pyroffi/iosp/experiments/e4_three_stage.py", line 205, in run
    assert sanity < 1e-8, f"model does not reproduce its own demo: {sanity:.3e}"
           ^^^^^^^^^^^^^
AssertionError: model does not reproduce its own demo: 1.727e-05
  wall: 1709s  exit: 1
  manifest: iosp/data/results/pickplace/pickplace_seed2.manifest.json

============================================================
[run] pickplace_seed3  GPU=1  module=iosp.experiments.e4_three_stage
  cmd: /home/sadmin/miniconda3/envs/pyroffi/bin/python -m iosp.experiments.e4_three_stage --n-iters 60 --n-steps 40 --n-starts 4 --no-ablate-stage2 --seed 3 --out iosp/data/results/pickplace/pickplace_seed3.json
2026-08-31 02:49:40.004 | INFO     | pyroffi.collision._robot_collision:_compute_active_pair_indices_from_srdf:792 - Loaded 36 disabled collision pairs from SRDF
2026-08-31 02:49:40.764 | INFO     | pyroffi.collision._robot_collision:from_urdf:701 - Created RobotCollision with 13 links and 42 active self-collision pairs, using spherical collision models.
[build] 14.9s  K=4 ['smooth', 'clearance', 'upright', 'skeleton']  N_FULL=23  fit/test = 6/6  theta_ik FIXED at [0.06 0.04]
E0831 02:56:01.680989 3780166 slow_operation_alarm.cc:73] 
********************************
[Compiling module jit__lambda for GPU] Very slow compile? If you want to file a bug, run with envvar XLA_FLAGS=--xla_dump_to=/tmp/foo and attach the results.
********************************
E0831 02:58:46.676194 3780080 slow_operation_alarm.cc:140] The operation took 4m44.995307258s

********************************
[Compiling module jit__lambda for GPU] Very slow compile? If you want to file a bug, run with envvar XLA_FLAGS=--xla_dump_to=/tmp/foo and attach the results.
********************************
[demos] 1191.5s (compile incl.), shape (6, 23, 3)
[sanity] loss(z_star) = 1.966e-05
Traceback (most recent call last):
  File "<frozen runpy>", line 198, in _run_module_as_main
  File "<frozen runpy>", line 88, in _run_code
  File "/home/sadmin/Work/pyroffi/iosp/experiments/e4_three_stage.py", line 301, in <module>
    out = run(seed=a.seed, n_iters=a.n_iters, n_scenes=a.n_scenes,
          ^^^^^^^^^^^^^^^^^^^^^^^^^^^^^^^^^^^^^^^^^^^^^^^^^^^^^^^^
  File "/home/sadmin/Work/pyroffi/iosp/experiments/e4_three_stage.py", line 205, in run
    assert sanity < 1e-8, f"model does not reproduce its own demo: {sanity:.3e}"
           ^^^^^^^^^^^^^
AssertionError: model does not reproduce its own demo: 1.966e-05
  wall: 1699s  exit: 1
  manifest: iosp/data/results/pickplace/pickplace_seed3.manifest.json

============================================================
[run] pickplace_seed4  GPU=1  module=iosp.experiments.e4_three_stage
  cmd: /home/sadmin/miniconda3/envs/pyroffi/bin/python -m iosp.experiments.e4_three_stage --n-iters 60 --n-steps 40 --n-starts 4 --no-ablate-stage2 --seed 4 --out iosp/data/results/pickplace/pickplace_seed4.json
2026-08-31 03:17:59.369 | INFO     | pyroffi.collision._robot_collision:_compute_active_pair_indices_from_srdf:792 - Loaded 36 disabled collision pairs from SRDF
2026-08-31 03:18:00.128 | INFO     | pyroffi.collision._robot_collision:from_urdf:701 - Created RobotCollision with 13 links and 42 active self-collision pairs, using spherical collision models.
[build] 14.9s  K=4 ['smooth', 'clearance', 'upright', 'skeleton']  N_FULL=23  fit/test = 6/6  theta_ik FIXED at [0.06 0.04]
E0831 03:24:21.044104 3791790 slow_operation_alarm.cc:73] 
********************************
[Compiling module jit__lambda for GPU] Very slow compile? If you want to file a bug, run with envvar XLA_FLAGS=--xla_dump_to=/tmp/foo and attach the results.
********************************
E0831 03:26:59.536426 3791704 slow_operation_alarm.cc:140] The operation took 4m38.49241811s

********************************
[Compiling module jit__lambda for GPU] Very slow compile? If you want to file a bug, run with envvar XLA_FLAGS=--xla_dump_to=/tmp/foo and attach the results.
********************************
[demos] 1181.5s (compile incl.), shape (6, 23, 3)
[sanity] loss(z_star) = 8.521e-06
Traceback (most recent call last):
  File "<frozen runpy>", line 198, in _run_module_as_main
  File "<frozen runpy>", line 88, in _run_code
  File "/home/sadmin/Work/pyroffi/iosp/experiments/e4_three_stage.py", line 301, in <module>
    out = run(seed=a.seed, n_iters=a.n_iters, n_scenes=a.n_scenes,
          ^^^^^^^^^^^^^^^^^^^^^^^^^^^^^^^^^^^^^^^^^^^^^^^^^^^^^^^^
  File "/home/sadmin/Work/pyroffi/iosp/experiments/e4_three_stage.py", line 205, in run
    assert sanity < 1e-8, f"model does not reproduce its own demo: {sanity:.3e}"
           ^^^^^^^^^^^^^
AssertionError: model does not reproduce its own demo: 8.521e-06
  wall: 1690s  exit: 1
  manifest: iosp/data/results/pickplace/pickplace_seed4.manifest.json

WARNING: 5/5 runs failed
