Unable to resolve filename: meshes/robots/fr3/visual/link0.dae
Can't find meshes/robots/fr3/visual/link0.dae
Unable to resolve filename: meshes/robots/fr3/visual/link1.dae
Can't find meshes/robots/fr3/visual/link1.dae
Unable to resolve filename: meshes/robots/fr3/visual/link2.dae
Can't find meshes/robots/fr3/visual/link2.dae
Unable to resolve filename: meshes/robots/fr3/visual/link3.dae
Can't find meshes/robots/fr3/visual/link3.dae
Unable to resolve filename: meshes/robots/fr3/visual/link4.dae
Can't find meshes/robots/fr3/visual/link4.dae
Unable to resolve filename: meshes/robots/fr3/visual/link5.dae
Can't find meshes/robots/fr3/visual/link5.dae
Unable to resolve filename: meshes/robots/fr3/visual/link6.dae
Can't find meshes/robots/fr3/visual/link6.dae
Unable to resolve filename: meshes/robots/fr3/visual/link7.dae
Can't find meshes/robots/fr3/visual/link7.dae
Unable to resolve filename: meshes/robot_ee/franka_hand_white/visual/hand.dae
Can't find meshes/robot_ee/franka_hand_white/visual/hand.dae
Unable to resolve filename: meshes/robot_ee/franka_hand_white/visual/finger.dae
Can't find meshes/robot_ee/franka_hand_white/visual/finger.dae
Unable to resolve filename: meshes/robot_ee/franka_hand_white/visual/finger.dae
Can't find meshes/robot_ee/franka_hand_white/visual/finger.dae
2026-09-02 13:53:05.343 | INFO     | pyroffi._robot_urdf_parser:_topologically_sort_joints:407 - Joints were not in topological order; they will be internally sorted.
2026-09-02 13:53:05.660 | INFO     | pyroffi._robot_urdf_parser:_topologically_sort_joints:407 - Joints were not in topological order; they will be internally sorted.
2026-09-02 13:53:07.009 | INFO     | pyroffi.collision._robot_collision:_compute_active_pair_indices_from_srdf:792 - Loaded 37 disabled collision pairs from SRDF
2026-09-02 13:53:07.790 | INFO     | pyroffi.collision._robot_collision:from_urdf:701 - Created RobotCollision with 26 links and 288 active self-collision pairs, using spherical collision models.
[build] 1 episodes (1 fit / 0 held out); standoff prior grasp 0.1015 m, place 0.2465 m
episode ep_20260902_093953   anchor_grasp=True   K=15  theta_ik prior [ 0.1015  0.2465 -0.0393  0.0142]
  seed error: ||q_pick - demo|| 0.091 rad   ||q_place - demo|| 0.001 rad
[build] 0s  B=4 branches x S=3 starts = 12 candidates, 40 outer steps each, in chunks of 2
[fit] step   0/40  sum-loss=33.515603
[fit] step   5/40  sum-loss=32.647753
[fit] step  10/40  sum-loss=32.238978
[fit] step  15/40  sum-loss=45.775165
[fit] step  20/40  sum-loss=39.403251
[fit] step  25/40  sum-loss=43.881914
[fit] step  30/40  sum-loss=34.883429
[fit] step  35/40  sum-loss=33.828270
[fit] step  39/40  sum-loss=37.181875
[fit] 12 candidates x 40 steps in 717s (compile incl.)

RECONSTRUCTION (1 episode, 12 candidates, 40 steps, lr=0.02, anchor=True)
  joint RMSE : u=0 1.0642   winner 0.7301 rad
  EE RMSE    : u=0 0.6143 m  winner 0.3848 m
  per-candidate joint RMSE: [0.909 0.986 0.73  2.976 1.372 2.925 1.212 2.777 1.098 1.05  1.385 0.9  ]
  loss history (every 5): [33.52 32.65 32.24 45.78 39.4  43.88 34.88 33.83]
