Unable to resolve filename: meshes/robots/fr3/visual/link0.dae
Can't find meshes/robots/fr3/visual/link0.dae
Unable to resolve filename: meshes/robots/fr3/visual/link1.dae
Can't find meshes/robots/fr3/visual/link1.dae
Unable to resolve filename: meshes/robots/fr3/visual/link2.dae
Can't find meshes/robots/fr3/visual/link2.dae
Unable to resolve filename: meshes/robots/fr3/visual/link3.dae
Can't find meshes/robots/fr3/visual/link3.dae
Unable to resolve filename: meshes/robots/fr3/visual/link4.dae
Can't find meshes/robots/fr3/visual/link4.dae
Unable to resolve filename: meshes/robots/fr3/visual/link5.dae
Can't find meshes/robots/fr3/visual/link5.dae
Unable to resolve filename: meshes/robots/fr3/visual/link6.dae
Can't find meshes/robots/fr3/visual/link6.dae
Unable to resolve filename: meshes/robots/fr3/visual/link7.dae
Can't find meshes/robots/fr3/visual/link7.dae
Unable to resolve filename: meshes/robot_ee/franka_hand_white/visual/hand.dae
Can't find meshes/robot_ee/franka_hand_white/visual/hand.dae
Unable to resolve filename: meshes/robot_ee/franka_hand_white/visual/finger.dae
Can't find meshes/robot_ee/franka_hand_white/visual/finger.dae
Unable to resolve filename: meshes/robot_ee/franka_hand_white/visual/finger.dae
Can't find meshes/robot_ee/franka_hand_white/visual/finger.dae
2026-09-02 14:26:31.105 | INFO     | pyroffi._robot_urdf_parser:_topologically_sort_joints:407 - Joints were not in topological order; they will be internally sorted.
2026-09-02 14:26:31.436 | INFO     | pyroffi._robot_urdf_parser:_topologically_sort_joints:407 - Joints were not in topological order; they will be internally sorted.
2026-09-02 14:26:32.858 | INFO     | pyroffi.collision._robot_collision:_compute_active_pair_indices_from_srdf:792 - Loaded 37 disabled collision pairs from SRDF
2026-09-02 14:26:33.645 | INFO     | pyroffi.collision._robot_collision:from_urdf:701 - Created RobotCollision with 26 links and 288 active self-collision pairs, using spherical collision models.
[build] 1 episodes (1 fit / 0 held out); standoff prior grasp 0.1015 m, place 0.2465 m
episode ep_20260902_093953   anchor_grasp=False   K=15  theta_ik prior [ 0.1015  0.2465 -0.0393  0.0142]
  seed error: ||q_pick - demo|| 0.490 rad   ||q_place - demo|| 0.714 rad
[build] 0s  B=4 branches x S=3 starts = 12 candidates, 40 outer steps each, in chunks of 2
E0902 14:39:34.034977  500262 slow_operation_alarm.cc:73] 
********************************
[Compiling module jit__lambda for GPU] Very slow compile? If you want to file a bug, run with envvar XLA_FLAGS=--xla_dump_to=/tmp/foo and attach the results.
********************************
E0902 14:39:39.351286  499975 slow_operation_alarm.cc:140] The operation took 2m5.316418947s

********************************
[Compiling module jit__lambda for GPU] Very slow compile? If you want to file a bug, run with envvar XLA_FLAGS=--xla_dump_to=/tmp/foo and attach the results.
********************************
[fit] step   0/40  sum-loss=15.882043
[fit] step   5/40  sum-loss=14.319654
[fit] step  10/40  sum-loss=12.935120
[fit] step  15/40  sum-loss=11.354427
[fit] step  20/40  sum-loss=9.603569
[fit] step  25/40  sum-loss=7.502727
[fit] step  30/40  sum-loss=5.501094
[fit] step  35/40  sum-loss=4.296740
[fit] step  39/40  sum-loss=3.948858
[fit] 12 candidates x 40 steps in 1460s (compile incl.)

RECONSTRUCTION (1 episode, 12 candidates, 40 steps, lr=0.05, anchor=False, seed=1)
  joint RMSE : u=0 1.0342   winner 0.3583 rad
  EE RMSE    : u=0 0.6137 m  winner 0.0933 m
  per-candidate joint RMSE: [0.37  0.359 0.451 0.37  0.358 0.451 0.828 0.832 0.927 0.473 0.461 0.551]
  loss history (every 5): [15.88 14.32 12.94 11.35  9.6   7.5   5.5   4.3 ]
