Unable to resolve filename: meshes/robots/fr3/visual/link0.dae
Can't find meshes/robots/fr3/visual/link0.dae
Unable to resolve filename: meshes/robots/fr3/visual/link1.dae
Can't find meshes/robots/fr3/visual/link1.dae
Unable to resolve filename: meshes/robots/fr3/visual/link2.dae
Can't find meshes/robots/fr3/visual/link2.dae
Unable to resolve filename: meshes/robots/fr3/visual/link3.dae
Can't find meshes/robots/fr3/visual/link3.dae
Unable to resolve filename: meshes/robots/fr3/visual/link4.dae
Can't find meshes/robots/fr3/visual/link4.dae
Unable to resolve filename: meshes/robots/fr3/visual/link5.dae
Can't find meshes/robots/fr3/visual/link5.dae
Unable to resolve filename: meshes/robots/fr3/visual/link6.dae
Can't find meshes/robots/fr3/visual/link6.dae
Unable to resolve filename: meshes/robots/fr3/visual/link7.dae
Can't find meshes/robots/fr3/visual/link7.dae
Unable to resolve filename: meshes/robot_ee/franka_hand_white/visual/hand.dae
Can't find meshes/robot_ee/franka_hand_white/visual/hand.dae
Unable to resolve filename: meshes/robot_ee/franka_hand_white/visual/finger.dae
Can't find meshes/robot_ee/franka_hand_white/visual/finger.dae
Unable to resolve filename: meshes/robot_ee/franka_hand_white/visual/finger.dae
Can't find meshes/robot_ee/franka_hand_white/visual/finger.dae
2026-09-02 12:39:30.652 | INFO     | pyroffi._robot_urdf_parser:_topologically_sort_joints:407 - Joints were not in topological order; they will be internally sorted.
2026-09-02 12:39:30.974 | INFO     | pyroffi._robot_urdf_parser:_topologically_sort_joints:407 - Joints were not in topological order; they will be internally sorted.
2026-09-02 12:39:32.306 | INFO     | pyroffi.collision._robot_collision:_compute_active_pair_indices_from_srdf:792 - Loaded 37 disabled collision pairs from SRDF
2026-09-02 12:39:33.077 | INFO     | pyroffi.collision._robot_collision:from_urdf:701 - Created RobotCollision with 26 links and 288 active self-collision pairs, using spherical collision models.

configuration                                  ||dq||     max
baseline: DOWN*yaw target, seed q_start         0.530   1.522
                                             per-ep: 0.50 0.29 0.27 1.52 0.35 0.43 0.36 0.58 0.63 0.37
SEED ONLY: DOWN*yaw target, seed demo cfg       0.504   1.514
                                             per-ep: 0.49 0.28 0.24 1.51 0.35 0.43 0.35 0.40 0.62 0.37
SEED+ORIENT: demo orientation, seed q_start     0.146   0.373
                                             per-ep: 0.14 0.07 0.13 0.21 0.12 0.09 0.08 0.37 0.19 0.06
SEED+ORIENT: demo orientation, seed demo cfg    0.084   0.124
                                             per-ep: 0.10 0.02 0.08 0.09 0.12 0.08 0.06 0.12 0.12 0.05

for scale: ||q_demo_grasp - q_start|| mean 0.938 rad
