Unable to resolve filename: meshes/robots/fr3/visual/link0.dae
Can't find meshes/robots/fr3/visual/link0.dae
Unable to resolve filename: meshes/robots/fr3/visual/link1.dae
Can't find meshes/robots/fr3/visual/link1.dae
Unable to resolve filename: meshes/robots/fr3/visual/link2.dae
Can't find meshes/robots/fr3/visual/link2.dae
Unable to resolve filename: meshes/robots/fr3/visual/link3.dae
Can't find meshes/robots/fr3/visual/link3.dae
Unable to resolve filename: meshes/robots/fr3/visual/link4.dae
Can't find meshes/robots/fr3/visual/link4.dae
Unable to resolve filename: meshes/robots/fr3/visual/link5.dae
Can't find meshes/robots/fr3/visual/link5.dae
Unable to resolve filename: meshes/robots/fr3/visual/link6.dae
Can't find meshes/robots/fr3/visual/link6.dae
Unable to resolve filename: meshes/robots/fr3/visual/link7.dae
Can't find meshes/robots/fr3/visual/link7.dae
Unable to resolve filename: meshes/robot_ee/franka_hand_white/visual/hand.dae
Can't find meshes/robot_ee/franka_hand_white/visual/hand.dae
Unable to resolve filename: meshes/robot_ee/franka_hand_white/visual/finger.dae
Can't find meshes/robot_ee/franka_hand_white/visual/finger.dae
Unable to resolve filename: meshes/robot_ee/franka_hand_white/visual/finger.dae
Can't find meshes/robot_ee/franka_hand_white/visual/finger.dae
2026-09-02 14:26:31.154 | INFO     | pyroffi._robot_urdf_parser:_topologically_sort_joints:407 - Joints were not in topological order; they will be internally sorted.
2026-09-02 14:26:31.470 | INFO     | pyroffi._robot_urdf_parser:_topologically_sort_joints:407 - Joints were not in topological order; they will be internally sorted.
2026-09-02 14:26:32.889 | INFO     | pyroffi.collision._robot_collision:_compute_active_pair_indices_from_srdf:792 - Loaded 37 disabled collision pairs from SRDF
2026-09-02 14:26:33.698 | INFO     | pyroffi.collision._robot_collision:from_urdf:701 - Created RobotCollision with 26 links and 288 active self-collision pairs, using spherical collision models.
[build] 1 episodes (1 fit / 0 held out); standoff prior grasp 0.1015 m, place 0.2465 m
episode ep_20260902_093953   anchor_grasp=True   K=15  theta_ik prior [ 0.1015  0.2465 -0.0393  0.0142]
  seed error: ||q_pick - demo|| 0.091 rad   ||q_place - demo|| 0.001 rad
[build] 0s  B=4 branches x S=3 starts = 12 candidates, 40 outer steps each, in chunks of 2
E0902 14:39:52.875011  500334 slow_operation_alarm.cc:73] 
********************************
[Compiling module jit__lambda for GPU] Very slow compile? If you want to file a bug, run with envvar XLA_FLAGS=--xla_dump_to=/tmp/foo and attach the results.
********************************
E0902 14:39:59.629225  499974 slow_operation_alarm.cc:140] The operation took 2m6.75430966s

********************************
[Compiling module jit__lambda for GPU] Very slow compile? If you want to file a bug, run with envvar XLA_FLAGS=--xla_dump_to=/tmp/foo and attach the results.
********************************
[fit] step   0/40  sum-loss=37.228277
[fit] step   5/40  sum-loss=34.897726
[fit] step  10/40  sum-loss=33.334153
[fit] step  15/40  sum-loss=31.905526
[fit] step  20/40  sum-loss=30.471211
[fit] step  25/40  sum-loss=29.027214
[fit] step  30/40  sum-loss=27.858652
[fit] step  35/40  sum-loss=27.434891
[fit] step  39/40  sum-loss=26.675586
[fit] 12 candidates x 40 steps in 1481s (compile incl.)

RECONSTRUCTION (1 episode, 12 candidates, 40 steps, lr=0.05, anchor=True, seed=0)
  joint RMSE : u=0 0.9431   winner 0.2291 rad
  EE RMSE    : u=0 0.5679 m  winner 0.1072 m
  per-candidate joint RMSE: [0.268 0.274 0.229 2.817 2.772 2.803 0.778 0.9   0.773 0.585 0.681 0.566]
  loss history (every 5): [37.23 34.9  33.33 31.91 30.47 29.03 27.86 27.43]
