
############################################################
# identifiability_spectrum: Supplementary: eigen-projected recovery error on anchored scene
############################################################

============================================================
[run] eigen_projection  GPU=2  module=iosp.experiments.e0d_eigen_projection
  cmd: /home/sadmin/miniconda3/envs/pyroffi/bin/python -m iosp.experiments.e0d_eigen_projection --out iosp/data/results/identifiability/eigen_projection.npz
2026-08-30 13:23:07.836 | INFO     | pyroffi.collision._robot_collision:_compute_active_pair_indices_from_srdf:792 - Loaded 36 disabled collision pairs from SRDF
2026-08-30 13:23:08.827 | INFO     | pyroffi.collision._robot_collision:from_urdf:701 - Created RobotCollision with 13 links and 42 active self-collision pairs, using spherical collision models.
  [anchor] transport EE path closest-approach to obstacle surface: 0.0200m (CLEARANCE_MARGIN=0.05m, target ~0.020m)
Computing feature-gradient Gram matrix on the ANCHORED scene...
  [gram] solving at theta_star (eager, uncompiled -- expect ~1-2 min, not 20)...
  [gram] FD columns for theta_ik (2 extra eager solves)...
eigenvalues (trace-normalized, descending): [5.367304e+00 3.479986e+00 1.481230e-01 4.496000e-03 9.200000e-05
 0.000000e+00 0.000000e+00 0.000000e+00 0.000000e+00]
selected k=2 identifiable eigendirection(s) of 9 (95% cumulative-trace rule)
per-feature gradient norms (X-space):
  grasp.standoff           8.957051
  place.standoff           8.158501
  approach.smooth          0.273133
  approach.clearance       0.001038
  grasp.smooth             0.000232
  transport.smooth         0.642067
  transport.clearance      0.000221
  transport.upright        1.430706
  place.smooth             0.000216

Fitting ALL-free (theta_ik + all 4 phases), single anchored demo...
Traceback (most recent call last):
  File "<frozen runpy>", line 198, in _run_module_as_main
  File "<frozen runpy>", line 88, in _run_code
  File "/home/sadmin/Work/pyroffi/iosp/experiments/e0d_eigen_projection.py", line 222, in <module>
    main(**vars(ap.parse_args()))
  File "/home/sadmin/Work/pyroffi/iosp/experiments/e0d_eigen_projection.py", line 174, in main
    common = build_common(seed=0)  # re-anchors with the SAME seed -> identical scene
             ^^^^^^^^^^^^^^^^^^^^
  File "/home/sadmin/Work/pyroffi/iosp/experiments/e0_segment_ablation.py", line 148, in build_common
    prob = pp.PickPlaceProblem.load(str(URDF_PATH), str(SRDF_PATH), str(MESH_DIR))
           ^^^^^^^^^^^^^^^^^^^^^^^^^^^^^^^^^^^^^^^^^^^^^^^^^^^^^^^^^^^^^^^^^^^^^^^
  File "/home/sadmin/Work/pyroffi/iosp/model/pickplace.py", line 475, in load
    base = RobotProblem.load(urdf_path, srdf_path, mesh_dir, n_timesteps=2)
           ^^^^^^^^^^^^^^^^^^^^^^^^^^^^^^^^^^^^^^^^^^^^^^^^^^^^^^^^^^^^^^^^
  File "/home/sadmin/Work/pyroffi/ioc/robot/problem.py", line 78, in load
    urdf = yourdfpy.URDF.load(urdf_path, mesh_dir=mesh_dir)
           ^^^^^^^^^^^^^^^^^^^^^^^^^^^^^^^^^^^^^^^^^^^^^^^^
  File "/home/sadmin/miniconda3/envs/pyroffi/lib/python3.11/site-packages/yourdfpy/urdf.py", line 958, in load
    raise ValueError("{} is not a file".format(fname_or_file))
ValueError: /home/sadmin/Work/pyroffi/iosp/resources/panda/panda_spherized.urdf is not a file
  wall: 216s  exit: 1
  manifest: iosp/data/results/identifiability/eigen_projection.manifest.json

[figures] fig_eigenspectrum: iosp.viz.fig_eigenspectrum -> iosp/figures/fig_eigenspectrum.pdf
Traceback (most recent call last):
  File "<string>", line 1, in <module>
  File "/home/sadmin/Work/pyroffi/iosp/viz/fig_eigenspectrum.py", line 67, in render
    raise FileNotFoundError(input_path)
FileNotFoundError: iosp/data/results/identifiability/eigen_projection.npz

WARNING: 1/1 runs failed
