
############################################################
# identifiability_spectrum: Supplementary: eigen-projected recovery error on anchored scene
############################################################

============================================================
[run] eigen_projection  GPU=2  module=iosp.experiments.e0d_eigen_projection
  cmd: /home/sadmin/miniconda3/envs/pyroffi/bin/python -m iosp.experiments.e0d_eigen_projection --out iosp/data/results/identifiability/eigen_projection.npz
2026-08-30 13:43:41.004 | INFO     | pyroffi.collision._robot_collision:_compute_active_pair_indices_from_srdf:792 - Loaded 36 disabled collision pairs from SRDF
2026-08-30 13:43:41.802 | INFO     | pyroffi.collision._robot_collision:from_urdf:701 - Created RobotCollision with 13 links and 42 active self-collision pairs, using spherical collision models.
  [anchor] transport EE path closest-approach to obstacle surface: 0.0200m (CLEARANCE_MARGIN=0.05m, target ~0.020m)
Computing feature-gradient Gram matrix on the ANCHORED scene...
  [gram] solving at theta_star (eager, uncompiled -- expect ~1-2 min, not 20)...
  [gram] FD columns for theta_ik (2 extra eager solves)...
eigenvalues (trace-normalized, descending): [5.367304e+00 3.479986e+00 1.481230e-01 4.496000e-03 9.200000e-05
 0.000000e+00 0.000000e+00 0.000000e+00 0.000000e+00]
selected k=2 identifiable eigendirection(s) of 9 (95% cumulative-trace rule)
per-feature gradient norms (X-space):
  grasp.standoff           8.957051
  place.standoff           8.158501
  approach.smooth          0.273133
  approach.clearance       0.001038
  grasp.smooth             0.000232
  transport.smooth         0.642067
  transport.clearance      0.000221
  transport.upright        1.430706
  place.smooth             0.000216

Fitting ALL-free (theta_ik + all 4 phases), single anchored demo...
2026-08-30 13:47:01.474 | INFO     | pyroffi.collision._robot_collision:_compute_active_pair_indices_from_srdf:792 - Loaded 36 disabled collision pairs from SRDF
2026-08-30 13:47:01.481 | INFO     | pyroffi.collision._robot_collision:from_urdf:701 - Created RobotCollision with 13 links and 42 active self-collision pairs, using spherical collision models.
  [anchor] transport EE path closest-approach to obstacle surface: 0.0200m (CLEARANCE_MARGIN=0.05m, target ~0.020m)

raw free_param_err        = 0.2126
top-2 (identifiable) err = 0.0205
null (7-dim) err        = 0.2116
ee_rmse                    = 0.0137

(check: sqrt(top_err^2 + null_err^2) should ~= raw_err, since eigvecs are orthonormal: 0.2126)
wrote iosp/data/results/identifiability/eigen_projection.npz
  wall: 564s  exit: 0
  manifest: iosp/data/results/identifiability/eigen_projection.manifest.json

[figures] fig_eigenspectrum: iosp.viz.fig_eigenspectrum -> iosp/figures/fig_eigenspectrum.pdf
[fig_eigenspectrum] k=2/9  raw=0.2126 top=0.0205 null=0.2116 -> iosp/figures/fig_eigenspectrum.pdf
