
############################################################
# multistart_robustness: Fig 2 + Table 1: multistart convergence, multi-seed robustness
############################################################

============================================================
[run] joint_seed0  GPU=0  module=iosp.record.multistart
  cmd: /home/sadmin/miniconda3/envs/pyroffi/bin/python -m iosp.record.multistart --steps 40 --lr 0.05 --n-iters 60 --n-branches 3 --n-starts 3 --scene-b-scale 1.0 --no-render --space joint --seed 0 --out iosp/data/results/multistart/joint_seed0.npz
2026-08-29 23:17:36.934 | INFO     | pyroffi.collision._robot_collision:_compute_active_pair_indices_from_srdf:792 - Loaded 36 disabled collision pairs from SRDF
2026-08-29 23:17:37.739 | INFO     | pyroffi.collision._robot_collision:from_urdf:701 - Created RobotCollision with 13 links and 42 active self-collision pairs, using spherical collision models.
[build] 148s  B=3 branches x S=3 starts = 9 candidates  space=joint  scene_b_scale=1.0
[rec] step   0/40  train(min)=0.19301 held@trainargmin=0.18062  |  ee_fit=0.05515 ee_held=0.05512  spread=18.3x
[rec] step   1/40  train(min)=0.18662 held@trainargmin=0.17380  |  ee_fit=0.05100 ee_held=0.05032  spread=19.0x
[rec] step   2/40  train(min)=0.17850 held@trainargmin=0.16723  |  ee_fit=0.04831 ee_held=0.04683  spread=19.6x
[rec] step   3/40  train(min)=0.17263 held@trainargmin=0.16239  |  ee_fit=0.04743 ee_held=0.04506  spread=20.0x
[rec] step   4/40  train(min)=0.16689 held@trainargmin=0.15643  |  ee_fit=0.04772 ee_held=0.04494  spread=20.8x
[rec] step   5/40  train(min)=0.16477 held@trainargmin=0.15361  |  ee_fit=0.04915 ee_held=0.04673  spread=21.1x
[rec] step   6/40  train(min)=0.15900 held@trainargmin=0.15108  |  ee_fit=0.05222 ee_held=0.05020  spread=21.3x
[rec] step   7/40  train(min)=0.15743 held@trainargmin=0.14753  |  ee_fit=0.05456 ee_held=0.05316  spread=21.8x
[rec] step   8/40  train(min)=0.15561 held@trainargmin=0.14701  |  ee_fit=0.05684 ee_held=0.05512  spread=21.8x
[rec] step   9/40  train(min)=0.15369 held@trainargmin=0.14514  |  ee_fit=0.05817 ee_held=0.05651  spread=22.0x
[rec] step  10/40  train(min)=0.15061 held@trainargmin=0.14364  |  ee_fit=0.05744 ee_held=0.05787  spread=22.1x
[rec] step  11/40  train(min)=0.14902 held@trainargmin=0.14064  |  ee_fit=0.05721 ee_held=0.05780  spread=22.5x
[rec] step  12/40  train(min)=0.14830 held@trainargmin=0.13989  |  ee_fit=0.05678 ee_held=0.05659  spread=22.6x
[rec] step  13/40  train(min)=0.14745 held@trainargmin=0.13809  |  ee_fit=0.05575 ee_held=0.05533  spread=22.8x
[rec] step  14/40  train(min)=0.14461 held@trainargmin=0.13826  |  ee_fit=0.05328 ee_held=0.05360  spread=22.7x
[rec] step  15/40  train(min)=0.14363 held@trainargmin=0.13680  |  ee_fit=0.05183 ee_held=0.05198  spread=22.9x
[rec] step  16/40  train(min)=0.14300 held@trainargmin=0.13552  |  ee_fit=0.04955 ee_held=0.05033  spread=23.0x
[rec] step  17/40  train(min)=0.14223 held@trainargmin=0.13482  |  ee_fit=0.04841 ee_held=0.04671  spread=23.1x
[rec] step  18/40  train(min)=0.14140 held@trainargmin=0.13197  |  ee_fit=0.04674 ee_held=0.04564  spread=23.5x
[rec] step  19/40  train(min)=0.13738 held@trainargmin=0.13453  |  ee_fit=0.03971 ee_held=0.03603  spread=23.4x
[rec] step  20/40  train(min)=0.13247 held@trainargmin=0.12857  |  ee_fit=0.03761 ee_held=0.03504  spread=23.9x
[rec] step  21/40  train(min)=0.12694 held@trainargmin=0.12459  |  ee_fit=0.03652 ee_held=0.03360  spread=23.9x
[rec] step  22/40  train(min)=0.12209 held@trainargmin=0.11860  |  ee_fit=0.03563 ee_held=0.03255  spread=24.8x
[rec] step  23/40  train(min)=0.11826 held@trainargmin=0.11414  |  ee_fit=0.03475 ee_held=0.03261  spread=25.6x
[rec] step  24/40  train(min)=0.11332 held@trainargmin=0.10891  |  ee_fit=0.03397 ee_held=0.03119  spread=26.6x
[rec] step  25/40  train(min)=0.10889 held@trainargmin=0.10461  |  ee_fit=0.03345 ee_held=0.03063  spread=27.6x
[rec] step  26/40  train(min)=0.10345 held@trainargmin=0.10055  |  ee_fit=0.03309 ee_held=0.02987  spread=28.7x
[rec] step  27/40  train(min)=0.09848 held@trainargmin=0.09600  |  ee_fit=0.03197 ee_held=0.03052  spread=30.1x
[rec] step  28/40  train(min)=0.09481 held@trainargmin=0.09270  |  ee_fit=0.03166 ee_held=0.03077  spread=31.2x
[rec] step  29/40  train(min)=0.09163 held@trainargmin=0.08835  |  ee_fit=0.03129 ee_held=0.03020  spread=32.7x
[rec] step  30/40  train(min)=0.08638 held@trainargmin=0.08446  |  ee_fit=0.03088 ee_held=0.02999  spread=34.2x
[rec] step  31/40  train(min)=0.08328 held@trainargmin=0.08180  |  ee_fit=0.03053 ee_held=0.03053  spread=35.3x
[rec] step  32/40  train(min)=0.07943 held@trainargmin=0.07669  |  ee_fit=0.02968 ee_held=0.03011  spread=37.7x
[rec] step  33/40  train(min)=0.07639 held@trainargmin=0.07478  |  ee_fit=0.02904 ee_held=0.02946  spread=38.7x
[rec] step  34/40  train(min)=0.07376 held@trainargmin=0.07156  |  ee_fit=0.02908 ee_held=0.02984  spread=40.4x
[rec] step  35/40  train(min)=0.06964 held@trainargmin=0.06728  |  ee_fit=0.02744 ee_held=0.02788  spread=42.9x
[rec] step  36/40  train(min)=0.06757 held@trainargmin=0.06590  |  ee_fit=0.02720 ee_held=0.02762  spread=43.8x
[rec] step  37/40  train(min)=0.06371 held@trainargmin=0.06222  |  ee_fit=0.02553 ee_held=0.02622  spread=46.3x
[rec] step  38/40  train(min)=0.06206 held@trainargmin=0.06047  |  ee_fit=0.02493 ee_held=0.02508  spread=47.7x
[rec] step  39/40  train(min)=0.05865 held@trainargmin=0.05785  |  ee_fit=0.02376 ee_held=0.02528  spread=49.9x
[rec] step  40/40  train(min)=0.05549 held@trainargmin=0.05510  |  ee_fit=0.02220 ee_held=0.02339  spread=52.4x
[rec] wrote iosp/data/results/multistart/joint_seed0.npz

 cand  branch  start     train      held    ee_fit   ee_held
    0       0      0   0.14211   0.12892   0.04873   0.04734
    1       0      1   0.05549   0.05510   0.02220   0.02339  <- winner (train argmin)
    2       0      2   0.18352   0.16713   0.06090   0.06033
    3       1      0   2.67730   2.84654   0.55653   0.33063
    4       1      1   2.87773   2.88698   0.59902   0.36436
    5       1      2   2.83863   2.86445   0.60850   0.36224
    6       2      0   0.62052   0.58541   0.11002   0.11284
    7       2      1   0.54657   0.67598   0.09023   0.11055
    8       2      2   0.65833   0.55748   0.12061   0.10330

selected on training loss: candidate 1 (branch 0, start 1)
  EE held-out RMSE = 0.02339
held-out spread across candidates: 52.4x (0.05510 .. 2.88698)
  wall: 938s  exit: 0
  manifest: iosp/data/results/multistart/joint_seed0.manifest.json

============================================================
[run] joint_seed1  GPU=0  module=iosp.record.multistart
  cmd: /home/sadmin/miniconda3/envs/pyroffi/bin/python -m iosp.record.multistart --steps 40 --lr 0.05 --n-iters 60 --n-branches 3 --n-starts 3 --scene-b-scale 1.0 --no-render --space joint --seed 1 --out iosp/data/results/multistart/joint_seed1.npz
2026-08-29 23:33:13.971 | INFO     | pyroffi.collision._robot_collision:_compute_active_pair_indices_from_srdf:792 - Loaded 36 disabled collision pairs from SRDF
2026-08-29 23:33:14.779 | INFO     | pyroffi.collision._robot_collision:from_urdf:701 - Created RobotCollision with 13 links and 42 active self-collision pairs, using spherical collision models.
[build] 484s  B=3 branches x S=3 starts = 9 candidates  space=joint  scene_b_scale=1.0
[rec] step   0/40  train(min)=0.19066 held@trainargmin=0.18326  |  ee_fit=0.05469 ee_held=0.05543  spread=4.5x
[rec] step   1/40  train(min)=0.18216 held@trainargmin=0.17310  |  ee_fit=0.05010 ee_held=0.05052  spread=4.7x
[rec] step   2/40  train(min)=0.17818 held@trainargmin=0.16558  |  ee_fit=0.04784 ee_held=0.04711  spread=4.9x
[rec] step   3/40  train(min)=0.17241 held@trainargmin=0.16174  |  ee_fit=0.04664 ee_held=0.04477  spread=5.0x
[rec] step   4/40  train(min)=0.16531 held@trainargmin=0.15481  |  ee_fit=0.04758 ee_held=0.04506  spread=5.2x
[rec] step   5/40  train(min)=0.16227 held@trainargmin=0.15213  |  ee_fit=0.05004 ee_held=0.04678  spread=5.4x
[rec] step   6/40  train(min)=0.16110 held@trainargmin=0.14954  |  ee_fit=0.05254 ee_held=0.04925  spread=5.4x
[rec] step   7/40  train(min)=0.15737 held@trainargmin=0.14726  |  ee_fit=0.05505 ee_held=0.05325  spread=5.5x
[rec] step   8/40  train(min)=0.15379 held@trainargmin=0.14585  |  ee_fit=0.05607 ee_held=0.05538  spread=5.6x
[rec] step   9/40  train(min)=0.15265 held@trainargmin=0.14319  |  ee_fit=0.05798 ee_held=0.05645  spread=5.7x
[rec] step  10/40  train(min)=0.14976 held@trainargmin=0.14200  |  ee_fit=0.05757 ee_held=0.05828  spread=5.8x
[rec] step  11/40  train(min)=0.14995 held@trainargmin=0.14071  |  ee_fit=0.05785 ee_held=0.05813  spread=5.9x
[rec] step  12/40  train(min)=0.14801 held@trainargmin=0.13986  |  ee_fit=0.05731 ee_held=0.05715  spread=6.0x
[rec] step  13/40  train(min)=0.14593 held@trainargmin=0.13703  |  ee_fit=0.05546 ee_held=0.05632  spread=6.1x
[rec] step  14/40  train(min)=0.14449 held@trainargmin=0.13682  |  ee_fit=0.05410 ee_held=0.05378  spread=6.1x
[rec] step  15/40  train(min)=0.14401 held@trainargmin=0.13587  |  ee_fit=0.05213 ee_held=0.05217  spread=6.2x
[rec] step  16/40  train(min)=0.14228 held@trainargmin=0.13427  |  ee_fit=0.04966 ee_held=0.04979  spread=6.3x
[rec] step  17/40  train(min)=0.14128 held@trainargmin=0.13334  |  ee_fit=0.04784 ee_held=0.04765  spread=6.3x
[rec] step  18/40  train(min)=0.14103 held@trainargmin=0.13248  |  ee_fit=0.04704 ee_held=0.04565  spread=6.4x
[rec] step  19/40  train(min)=0.14119 held@trainargmin=0.13143  |  ee_fit=0.04573 ee_held=0.04427  spread=6.4x
[rec] step  20/40  train(min)=0.14040 held@trainargmin=0.13120  |  ee_fit=0.04450 ee_held=0.04301  spread=6.4x
[rec] step  21/40  train(min)=0.14039 held@trainargmin=0.13243  |  ee_fit=0.04385 ee_held=0.04171  spread=6.4x
[rec] step  22/40  train(min)=0.14050 held@trainargmin=0.13175  |  ee_fit=0.04341 ee_held=0.04104  spread=6.4x
[rec] step  23/40  train(min)=0.14066 held@trainargmin=0.13027  |  ee_fit=0.04326 ee_held=0.04107  spread=6.4x
[rec] step  24/40  train(min)=0.13514 held@trainargmin=0.13180  |  ee_fit=0.03629 ee_held=0.03836  spread=6.4x
[rec] step  25/40  train(min)=0.13247 held@trainargmin=0.12678  |  ee_fit=0.03588 ee_held=0.03587  spread=6.6x
[rec] step  26/40  train(min)=0.12985 held@trainargmin=0.12446  |  ee_fit=0.03380 ee_held=0.03482  spread=6.7x
[rec] step  27/40  train(min)=0.12731 held@trainargmin=0.12185  |  ee_fit=0.03254 ee_held=0.03362  spread=6.8x
[rec] step  28/40  train(min)=0.12463 held@trainargmin=0.12010  |  ee_fit=0.03312 ee_held=0.03318  spread=6.9x
[rec] step  29/40  train(min)=0.12339 held@trainargmin=0.11814  |  ee_fit=0.03347 ee_held=0.03319  spread=7.0x
[rec] step  30/40  train(min)=0.12215 held@trainargmin=0.11574  |  ee_fit=0.03409 ee_held=0.03358  spread=7.1x
[rec] step  31/40  train(min)=0.11914 held@trainargmin=0.11462  |  ee_fit=0.03427 ee_held=0.03405  spread=7.2x
[rec] step  32/40  train(min)=0.11978 held@trainargmin=0.11479  |  ee_fit=0.03634 ee_held=0.03532  spread=7.1x
[rec] step  33/40  train(min)=0.11828 held@trainargmin=0.11362  |  ee_fit=0.03721 ee_held=0.03594  spread=7.2x
[rec] step  34/40  train(min)=0.11796 held@trainargmin=0.11336  |  ee_fit=0.03740 ee_held=0.03708  spread=7.2x
[rec] step  35/40  train(min)=0.11745 held@trainargmin=0.11113  |  ee_fit=0.03815 ee_held=0.03746  spread=7.3x
[rec] step  36/40  train(min)=0.11617 held@trainargmin=0.11004  |  ee_fit=0.03880 ee_held=0.03843  spread=7.4x
[rec] step  37/40  train(min)=0.11613 held@trainargmin=0.10960  |  ee_fit=0.03910 ee_held=0.03879  spread=7.4x
[rec] step  38/40  train(min)=0.11595 held@trainargmin=0.11100  |  ee_fit=0.03936 ee_held=0.03922  spread=7.3x
[rec] step  39/40  train(min)=0.11535 held@trainargmin=0.10951  |  ee_fit=0.03976 ee_held=0.03962  spread=7.4x
[rec] step  40/40  train(min)=0.11590 held@trainargmin=0.10840  |  ee_fit=0.03902 ee_held=0.03879  spread=7.5x
[rec] wrote iosp/data/results/multistart/joint_seed1.npz

 cand  branch  start     train      held    ee_fit   ee_held
    0       0      0   0.14112   0.12894   0.04755   0.04744
    1       0      1   0.18056   0.16930   0.05391   0.05178
    2       0      2   0.11590   0.10840   0.03902   0.03879  <- winner (train argmin)
    3       1      0   0.23027   0.14413   0.05723   0.05171
    4       1      1   0.24030   0.18136   0.06168   0.05665
    5       1      2   0.22715   0.11553   0.04755   0.03824
    6       2      0   1.02068   0.71042   0.15933   0.12621
    7       2      1   1.00017   0.69888   0.15908   0.13069
    8       2      2   0.89402   0.80772   0.13376   0.13649

selected on training loss: candidate 2 (branch 0, start 2)
  EE held-out RMSE = 0.03879
held-out spread across candidates: 7.5x (0.10840 .. 0.80772)
  wall: 1945s  exit: 0
  manifest: iosp/data/results/multistart/joint_seed1.manifest.json

============================================================
[run] joint_seed2  GPU=0  module=iosp.record.multistart
  cmd: /home/sadmin/miniconda3/envs/pyroffi/bin/python -m iosp.record.multistart --steps 40 --lr 0.05 --n-iters 60 --n-branches 3 --n-starts 3 --scene-b-scale 1.0 --no-render --space joint --seed 2 --out iosp/data/results/multistart/joint_seed2.npz
2026-08-30 00:05:40.158 | INFO     | pyroffi.collision._robot_collision:_compute_active_pair_indices_from_srdf:792 - Loaded 36 disabled collision pairs from SRDF
2026-08-30 00:05:41.158 | INFO     | pyroffi.collision._robot_collision:from_urdf:701 - Created RobotCollision with 13 links and 42 active self-collision pairs, using spherical collision models.
[build] 474s  B=3 branches x S=3 starts = 9 candidates  space=joint  scene_b_scale=1.0
[rec] step   0/40  train(min)=0.13236 held@trainargmin=0.12974  |  ee_fit=0.06029 ee_held=0.06262  spread=17.1x
[rec] step   1/40  train(min)=0.11950 held@trainargmin=0.11801  |  ee_fit=0.05187 ee_held=0.05440  spread=18.8x
[rec] step   2/40  train(min)=0.10988 held@trainargmin=0.10748  |  ee_fit=0.04485 ee_held=0.04617  spread=20.6x
[rec] step   3/40  train(min)=0.09929 held@trainargmin=0.09709  |  ee_fit=0.03810 ee_held=0.03697  spread=22.7x
[rec] step   4/40  train(min)=0.08873 held@trainargmin=0.08425  |  ee_fit=0.03075 ee_held=0.02995  spread=26.1x
[rec] step   5/40  train(min)=0.08102 held@trainargmin=0.07682  |  ee_fit=0.02580 ee_held=0.02352  spread=28.6x
[rec] step   6/40  train(min)=0.07343 held@trainargmin=0.06933  |  ee_fit=0.02397 ee_held=0.01992  spread=31.7x
[rec] step   7/40  train(min)=0.07002 held@trainargmin=0.06330  |  ee_fit=0.02327 ee_held=0.01860  spread=34.7x
[rec] step   8/40  train(min)=0.06796 held@trainargmin=0.06095  |  ee_fit=0.02546 ee_held=0.02099  spread=35.9x
[rec] step   9/40  train(min)=0.06374 held@trainargmin=0.05702  |  ee_fit=0.02755 ee_held=0.02416  spread=38.4x
[rec] step  10/40  train(min)=0.06164 held@trainargmin=0.05775  |  ee_fit=0.03021 ee_held=0.02808  spread=37.9x
[rec] step  11/40  train(min)=0.06309 held@trainargmin=0.05720  |  ee_fit=0.03324 ee_held=0.03202  spread=38.2x
[rec] step  12/40  train(min)=0.06191 held@trainargmin=0.05845  |  ee_fit=0.03443 ee_held=0.03463  spread=37.4x
[rec] step  13/40  train(min)=0.06143 held@trainargmin=0.05918  |  ee_fit=0.03543 ee_held=0.03602  spread=36.9x
[rec] step  14/40  train(min)=0.06079 held@trainargmin=0.05742  |  ee_fit=0.03548 ee_held=0.03597  spread=38.0x
[rec] step  15/40  train(min)=0.05947 held@trainargmin=0.05735  |  ee_fit=0.03505 ee_held=0.03504  spread=38.1x
[rec] step  16/40  train(min)=0.06002 held@trainargmin=0.05629  |  ee_fit=0.03432 ee_held=0.03407  spread=38.7x
[rec] step  17/40  train(min)=0.05691 held@trainargmin=0.05757  |  ee_fit=0.03185 ee_held=0.03320  spread=37.9x
[rec] step  18/40  train(min)=0.05755 held@trainargmin=0.05523  |  ee_fit=0.03055 ee_held=0.03040  spread=39.5x
[rec] step  19/40  train(min)=0.05420 held@trainargmin=0.05303  |  ee_fit=0.02772 ee_held=0.02709  spread=41.1x
[rec] step  20/40  train(min)=0.05541 held@trainargmin=0.05054  |  ee_fit=0.02596 ee_held=0.02469  spread=43.2x
[rec] step  21/40  train(min)=0.04954 held@trainargmin=0.04962  |  ee_fit=0.02191 ee_held=0.02174  spread=44.0x
[rec] step  22/40  train(min)=0.05409 held@trainargmin=0.04468  |  ee_fit=0.02219 ee_held=0.01815  spread=48.8x
[rec] step  23/40  train(min)=0.04892 held@trainargmin=0.04570  |  ee_fit=0.01843 ee_held=0.01640  spread=47.8x
[rec] step  24/40  train(min)=0.04974 held@trainargmin=0.04423  |  ee_fit=0.01769 ee_held=0.01456  spread=49.3x
[rec] step  25/40  train(min)=0.04922 held@trainargmin=0.04412  |  ee_fit=0.01630 ee_held=0.01389  spread=49.5x
[rec] step  26/40  train(min)=0.04873 held@trainargmin=0.04526  |  ee_fit=0.01570 ee_held=0.01357  spread=48.2x
[rec] step  27/40  train(min)=0.05313 held@trainargmin=0.04479  |  ee_fit=0.01683 ee_held=0.01333  spread=48.8x
[rec] step  28/40  train(min)=0.04928 held@trainargmin=0.04532  |  ee_fit=0.01555 ee_held=0.01400  spread=48.2x
[rec] step  29/40  train(min)=0.04976 held@trainargmin=0.04546  |  ee_fit=0.01593 ee_held=0.01428  spread=48.1x
[rec] step  30/40  train(min)=0.05106 held@trainargmin=0.04682  |  ee_fit=0.01656 ee_held=0.01425  spread=46.7x
[rec] step  31/40  train(min)=0.05259 held@trainargmin=0.04558  |  ee_fit=0.01737 ee_held=0.01479  spread=48.0x
[rec] step  32/40  train(min)=0.05113 held@trainargmin=0.04536  |  ee_fit=0.01668 ee_held=0.01509  spread=48.2x
[rec] step  33/40  train(min)=0.04899 held@trainargmin=0.04520  |  ee_fit=0.01664 ee_held=0.01510  spread=48.4x
[rec] step  34/40  train(min)=0.04988 held@trainargmin=0.04558  |  ee_fit=0.01628 ee_held=0.01391  spread=48.1x
[rec] step  35/40  train(min)=0.05040 held@trainargmin=0.04469  |  ee_fit=0.01605 ee_held=0.01380  spread=49.0x
[rec] step  36/40  train(min)=0.04924 held@trainargmin=0.04504  |  ee_fit=0.01618 ee_held=0.01384  spread=48.6x
[rec] step  37/40  train(min)=0.05107 held@trainargmin=0.04326  |  ee_fit=0.01701 ee_held=0.01416  spread=50.7x
[rec] step  38/40  train(min)=0.04881 held@trainargmin=0.04413  |  ee_fit=0.01690 ee_held=0.01483  spread=49.7x
[rec] step  39/40  train(min)=0.05020 held@trainargmin=0.04356  |  ee_fit=0.01907 ee_held=0.01497  spread=50.4x
[rec] step  40/40  train(min)=0.05133 held@trainargmin=0.04309  |  ee_fit=0.01888 ee_held=0.01680  spread=50.9x
[rec] wrote iosp/data/results/multistart/joint_seed2.npz

 cand  branch  start     train      held    ee_fit   ee_held
    0       0      0   0.14191   0.12863   0.04861   0.04727
    1       0      1   0.19168   0.17183   0.06212   0.05670
    2       0      2   0.05133   0.04309   0.01888   0.01680  <- winner (train argmin)
    3       1      0   0.17785   2.19157   0.05329   0.30893
    4       1      1   0.22228   0.20152   0.06527   0.06080
    5       1      2   0.10745   0.08601   0.02661   0.02378
    6       2      0   0.32786   0.13866   0.07041   0.04475
    7       2      1   0.30759   0.16544   0.07456   0.05430
    8       2      2   0.38959   0.16519   0.06899   0.04375

selected on training loss: candidate 2 (branch 0, start 2)
  EE held-out RMSE = 0.01680
held-out spread across candidates: 50.9x (0.04309 .. 2.19157)
  wall: 1931s  exit: 0
  manifest: iosp/data/results/multistart/joint_seed2.manifest.json

============================================================
[run] joint_seed3  GPU=0  module=iosp.record.multistart
  cmd: /home/sadmin/miniconda3/envs/pyroffi/bin/python -m iosp.record.multistart --steps 40 --lr 0.05 --n-iters 60 --n-branches 3 --n-starts 3 --scene-b-scale 1.0 --no-render --space joint --seed 3 --out iosp/data/results/multistart/joint_seed3.npz
2026-08-30 00:37:50.692 | INFO     | pyroffi.collision._robot_collision:_compute_active_pair_indices_from_srdf:792 - Loaded 36 disabled collision pairs from SRDF
2026-08-30 00:37:51.496 | INFO     | pyroffi.collision._robot_collision:from_urdf:701 - Created RobotCollision with 13 links and 42 active self-collision pairs, using spherical collision models.
[build] 478s  B=3 branches x S=3 starts = 9 candidates  space=joint  scene_b_scale=1.0
[rec] step   0/40  train(min)=0.10317 held@trainargmin=0.09720  |  ee_fit=0.04527 ee_held=0.04305  spread=35.3x
[rec] step   1/40  train(min)=0.09917 held@trainargmin=0.09108  |  ee_fit=0.04006 ee_held=0.03821  spread=37.6x
[rec] step   2/40  train(min)=0.09607 held@trainargmin=0.08840  |  ee_fit=0.03614 ee_held=0.03545  spread=38.6x
[rec] step   3/40  train(min)=0.09240 held@trainargmin=0.08702  |  ee_fit=0.03420 ee_held=0.03305  spread=39.1x
[rec] step   4/40  train(min)=0.09178 held@trainargmin=0.08500  |  ee_fit=0.03314 ee_held=0.03149  spread=41.9x
[rec] step   5/40  train(min)=0.08690 held@trainargmin=0.08374  |  ee_fit=0.03219 ee_held=0.02986  spread=40.5x
[rec] step   6/40  train(min)=0.08441 held@trainargmin=0.08182  |  ee_fit=0.02895 ee_held=0.02859  spread=42.9x
[rec] step   7/40  train(min)=0.08207 held@trainargmin=0.07783  |  ee_fit=0.02802 ee_held=0.02832  spread=45.7x
[rec] step   8/40  train(min)=0.08225 held@trainargmin=0.07833  |  ee_fit=0.02710 ee_held=0.02640  spread=43.1x
[rec] step   9/40  train(min)=0.08015 held@trainargmin=0.07773  |  ee_fit=0.02632 ee_held=0.02570  spread=47.3x
[rec] step  10/40  train(min)=0.08012 held@trainargmin=0.07685  |  ee_fit=0.02611 ee_held=0.02491  spread=44.2x
[rec] step  11/40  train(min)=0.07964 held@trainargmin=0.07431  |  ee_fit=0.02577 ee_held=0.02512  spread=48.0x
[rec] step  12/40  train(min)=0.07839 held@trainargmin=0.07328  |  ee_fit=0.02613 ee_held=0.02460  spread=48.6x
[rec] step  13/40  train(min)=0.07919 held@trainargmin=0.07316  |  ee_fit=0.02607 ee_held=0.02505  spread=50.7x
[rec] step  14/40  train(min)=0.07882 held@trainargmin=0.07354  |  ee_fit=0.02640 ee_held=0.02558  spread=46.0x
[rec] step  15/40  train(min)=0.07822 held@trainargmin=0.07320  |  ee_fit=0.02651 ee_held=0.02570  spread=46.3x
[rec] step  16/40  train(min)=0.07838 held@trainargmin=0.07369  |  ee_fit=0.02678 ee_held=0.02604  spread=48.4x
[rec] step  17/40  train(min)=0.07839 held@trainargmin=0.07208  |  ee_fit=0.02716 ee_held=0.02628  spread=49.4x
[rec] step  18/40  train(min)=0.07847 held@trainargmin=0.07293  |  ee_fit=0.02732 ee_held=0.02699  spread=46.7x
[rec] step  19/40  train(min)=0.07845 held@trainargmin=0.07077  |  ee_fit=0.02753 ee_held=0.02572  spread=47.9x
[rec] step  20/40  train(min)=0.07929 held@trainargmin=0.07283  |  ee_fit=0.02803 ee_held=0.02729  spread=49.0x
