
############################################################
# tetris_iosp: IOSP on SPaSM tetris packing: recover trajopt costs from composed pick-place demos
############################################################

============================================================
[run] blocks3_seed0  GPU=3  module=iosp.experiments.e8_tetris
  cmd: /home/sadmin/miniconda3/envs/pyroffi/bin/python -m iosp.experiments.e8_tetris --n-iters 60 --n-steps 40 --n-starts 4 --num-blocks 3 --seed 0 --out iosp/data/results/tetris/blocks3_seed0.npz
2026-08-30 12:11:17.220 | INFO     | pyroffi.collision._robot_collision:_compute_active_pair_indices_from_srdf:792 - Loaded 36 disabled collision pairs from SRDF
2026-08-30 12:11:17.996 | INFO     | pyroffi.collision._robot_collision:from_urdf:701 - Created RobotCollision with 13 links and 42 active self-collision pairs, using spherical collision models.
[build] 18.0s  K=5 ['effort', 'smooth', 'clearance', 'orient', 'skeleton']  num_blocks=3  fit/test=6/6
E0830 12:16:57.707164 2664409 slow_operation_alarm.cc:73] 
********************************
[Compiling module jit__lambda for GPU] Very slow compile? If you want to file a bug, run with envvar XLA_FLAGS=--xla_dump_to=/tmp/foo and attach the results.
********************************
E0830 12:18:01.112979 2664289 slow_operation_alarm.cc:140] The operation took 3m3.405922356s

********************************
[Compiling module jit__lambda for GPU] Very slow compile? If you want to file a bug, run with envvar XLA_FLAGS=--xla_dump_to=/tmp/foo and attach the results.
********************************
[demos] 883.3s, shape (6, 22, 3)
[sanity] loss(z_star) = 1.635e-07
[grad] dL/dtheta at z=0: [ 5.3862728e-02 -9.2471130e-03  1.2417795e-04  1.7008200e-01
 -2.1482182e-01]
E0830 12:43:06.833770 2664409 slow_operation_alarm.cc:73] 
********************************
[Compiling module jit_loss for GPU] Very slow compile? If you want to file a bug, run with envvar XLA_FLAGS=--xla_dump_to=/tmp/foo and attach the results.
********************************
E0830 12:43:30.876250 2664289 slow_operation_alarm.cc:140] The operation took 2m24.042547925s

********************************
[Compiling module jit_loss for GPU] Very slow compile? If you want to file a bug, run with envvar XLA_FLAGS=--xla_dump_to=/tmp/foo and attach the results.
********************************
[fit] test RMSE 0.01291  move_rel=9.469e-01 reduction=664.30x ok
[out] wrote iosp/data/results/tetris/blocks3_seed0.npz

=== held-out behavioural recovery (EE RMSE, m) ===
  baseline uniform (theta = 1/K)         0.37129     +0.0% vs uniform
  tetris IOSP fit                        0.01291    +96.5% vs uniform
  oracle theta*                          0.00047    +99.9% vs uniform

param_err (reported, NOT criterion): 0.3111
  effort         0.0630    0.0893
  smooth         0.1794    0.2427
  clearance      0.4148    0.1472
  orient         0.0800    0.1205
  skeleton       0.2629    0.4002
  wall: 2968s  exit: 0
  manifest: iosp/data/results/tetris/blocks3_seed0.manifest.json
