--- blocks3_seed0 ---
2026-08-31 08:42:50.580 | INFO     | pyroffi.collision._robot_collision:_compute_active_pair_indices_from_srdf:792 - Loaded 36 disabled collision pairs from SRDF
2026-08-31 08:42:51.400 | INFO     | pyroffi.collision._robot_collision:from_urdf:701 - Created RobotCollision with 13 links and 42 active self-collision pairs, using spherical collision models.
[build] 16.3s  K=6 ['effort', 'smooth', 'clearance', 'orient', 'z_align', 'skeleton']  stack_level=3  fit/test=6/6
[demos] 716.8s, shape (6, 22, 3)
[sanity] loss(z_star) = 1.217e-06
[grad] dL/dtheta at z=0: [-8.7653665e-04  9.9981859e-05  2.0412808e-04  2.7916132e-02
 -2.1308893e-02 -6.0348138e-03]
E0831 09:22:52.805402 3836988 slow_operation_alarm.cc:73] 
********************************
[Compiling module jit_loss for GPU] Very slow compile? If you want to file a bug, run with envvar XLA_FLAGS=--xla_dump_to=/tmp/foo and attach the results.
********************************
E0831 09:22:56.699243 3836846 slow_operation_alarm.cc:140] The operation took 2m3.893930013s

********************************
[Compiling module jit_loss for GPU] Very slow compile? If you want to file a bug, run with envvar XLA_FLAGS=--xla_dump_to=/tmp/foo and attach the results.
********************************
[fit] test RMSE 0.00550  move_rel=1.115e+30 reduction=212.68x ok  fit_time=998.3s
[time] wall=3342.3s  fit=998.3s
Traceback (most recent call last):
  File "<frozen runpy>", line 198, in _run_module_as_main
  File "<frozen runpy>", line 88, in _run_code
  File "/home/sadmin/Work/pyroffi/iosp/experiments/e9_tower.py", line 197, in <module>
    report(run(seed=a.seed, n_iters=a.n_iters, n_scenes=a.n_scenes,
           ^^^^^^^^^^^^^^^^^^^^^^^^^^^^^^^^^^^^^^^^^^^^^^^^^^^^^^^^
  File "/home/sadmin/Work/pyroffi/iosp/experiments/e9_tower.py", line 160, in run
    np.savez_compressed(out, **{k: v for k, v in result.items()
TypeError: numpy.savez_compressed() got multiple values for keyword argument 'wall_s'
exit: 1
--- blocks3_seed1 ---
2026-08-31 09:38:52.592 | INFO     | pyroffi.collision._robot_collision:_compute_active_pair_indices_from_srdf:792 - Loaded 36 disabled collision pairs from SRDF
2026-08-31 09:38:53.391 | INFO     | pyroffi.collision._robot_collision:from_urdf:701 - Created RobotCollision with 13 links and 42 active self-collision pairs, using spherical collision models.
[build] 15.7s  K=6 ['effort', 'smooth', 'clearance', 'orient', 'z_align', 'skeleton']  stack_level=3  fit/test=6/6
[demos] 1327.4s, shape (6, 22, 3)
[sanity] loss(z_star) = 1.352e-06
[grad] dL/dtheta at z=0: [ 0.00342038  0.00023088  0.00017854  0.01126753 -0.01130557 -0.00379175]
E0831 10:28:34.966885 3876286 slow_operation_alarm.cc:73] 
********************************
[Compiling module jit_loss for GPU] Very slow compile? If you want to file a bug, run with envvar XLA_FLAGS=--xla_dump_to=/tmp/foo and attach the results.
********************************
E0831 10:28:40.905906 3876200 slow_operation_alarm.cc:140] The operation took 2m5.93909641s

********************************
[Compiling module jit_loss for GPU] Very slow compile? If you want to file a bug, run with envvar XLA_FLAGS=--xla_dump_to=/tmp/foo and attach the results.
********************************
[fit] test RMSE 0.00376  move_rel=1.306e+30 reduction=383.08x ok  fit_time=981.5s
[time] wall=3917.3s  fit=981.5s
Traceback (most recent call last):
  File "<frozen runpy>", line 198, in _run_module_as_main
  File "<frozen runpy>", line 88, in _run_code
  File "/home/sadmin/Work/pyroffi/iosp/experiments/e9_tower.py", line 197, in <module>
    report(run(seed=a.seed, n_iters=a.n_iters, n_scenes=a.n_scenes,
           ^^^^^^^^^^^^^^^^^^^^^^^^^^^^^^^^^^^^^^^^^^^^^^^^^^^^^^^^
  File "/home/sadmin/Work/pyroffi/iosp/experiments/e9_tower.py", line 160, in run
    np.savez_compressed(out, **{k: v for k, v in result.items()
TypeError: numpy.savez_compressed() got multiple values for keyword argument 'wall_s'
exit: 1
--- blocks3_seed2 ---
2026-08-31 10:44:30.514 | INFO     | pyroffi.collision._robot_collision:_compute_active_pair_indices_from_srdf:792 - Loaded 36 disabled collision pairs from SRDF
2026-08-31 10:44:31.350 | INFO     | pyroffi.collision._robot_collision:from_urdf:701 - Created RobotCollision with 13 links and 42 active self-collision pairs, using spherical collision models.
[build] 16.4s  K=6 ['effort', 'smooth', 'clearance', 'orient', 'z_align', 'skeleton']  stack_level=3  fit/test=6/6
[demos] 1336.1s, shape (6, 22, 3)
[sanity] loss(z_star) = 5.818e-07
[grad] dL/dtheta at z=0: [ 0.00023878  0.00013288  0.00020928  0.02316366 -0.01814729 -0.00559732]
E0831 11:34:36.996495 3916153 slow_operation_alarm.cc:73] 
********************************
[Compiling module jit_loss for GPU] Very slow compile? If you want to file a bug, run with envvar XLA_FLAGS=--xla_dump_to=/tmp/foo and attach the results.
********************************
E0831 11:34:41.611763 3916047 slow_operation_alarm.cc:140] The operation took 2m4.615358167s

********************************
[Compiling module jit_loss for GPU] Very slow compile? If you want to file a bug, run with envvar XLA_FLAGS=--xla_dump_to=/tmp/foo and attach the results.
********************************
[fit] test RMSE 0.00257  move_rel=1.162e+00 reduction=420.00x ok  fit_time=1003.6s
[time] wall=3951.7s  fit=1003.6s
Traceback (most recent call last):
  File "<frozen runpy>", line 198, in _run_module_as_main
  File "<frozen runpy>", line 88, in _run_code
  File "/home/sadmin/Work/pyroffi/iosp/experiments/e9_tower.py", line 197, in <module>
    report(run(seed=a.seed, n_iters=a.n_iters, n_scenes=a.n_scenes,
           ^^^^^^^^^^^^^^^^^^^^^^^^^^^^^^^^^^^^^^^^^^^^^^^^^^^^^^^^
  File "/home/sadmin/Work/pyroffi/iosp/experiments/e9_tower.py", line 160, in run
    np.savez_compressed(out, **{k: v for k, v in result.items()
TypeError: numpy.savez_compressed() got multiple values for keyword argument 'wall_s'
exit: 1
--- blocks5_seed0 ---
2026-08-31 11:50:42.459 | INFO     | pyroffi.collision._robot_collision:_compute_active_pair_indices_from_srdf:792 - Loaded 36 disabled collision pairs from SRDF
2026-08-31 11:50:43.276 | INFO     | pyroffi.collision._robot_collision:from_urdf:701 - Created RobotCollision with 13 links and 42 active self-collision pairs, using spherical collision models.
[build] 17.8s  K=6 ['effort', 'smooth', 'clearance', 'orient', 'z_align', 'skeleton']  stack_level=5  fit/test=6/6
[demos] 1364.3s, shape (6, 22, 3)
[sanity] loss(z_star) = 6.815e-07
[grad] dL/dtheta at z=0: [ 1.91320735e-03 -4.70961022e-05  1.29585271e-04  1.23158395e-02
 -8.94431584e-03 -5.36722038e-03]
[fit] test RMSE 0.00566  move_rel=9.263e-01 reduction=71.58x ok  fit_time=974.7s
[time] wall=3905.1s  fit=974.7s
Traceback (most recent call last):
  File "<frozen runpy>", line 198, in _run_module_as_main
  File "<frozen runpy>", line 88, in _run_code
  File "/home/sadmin/Work/pyroffi/iosp/experiments/e9_tower.py", line 197, in <module>
    report(run(seed=a.seed, n_iters=a.n_iters, n_scenes=a.n_scenes,
           ^^^^^^^^^^^^^^^^^^^^^^^^^^^^^^^^^^^^^^^^^^^^^^^^^^^^^^^^
  File "/home/sadmin/Work/pyroffi/iosp/experiments/e9_tower.py", line 160, in run
    np.savez_compressed(out, **{k: v for k, v in result.items()
TypeError: numpy.savez_compressed() got multiple values for keyword argument 'wall_s'
exit: 1
--- blocks5_seed1 ---
2026-08-31 12:56:07.692 | INFO     | pyroffi.collision._robot_collision:_compute_active_pair_indices_from_srdf:792 - Loaded 36 disabled collision pairs from SRDF
2026-08-31 12:56:08.492 | INFO     | pyroffi.collision._robot_collision:from_urdf:701 - Created RobotCollision with 13 links and 42 active self-collision pairs, using spherical collision models.
[build] 15.6s  K=6 ['effort', 'smooth', 'clearance', 'orient', 'z_align', 'skeleton']  stack_level=5  fit/test=6/6
[demos] 1300.1s, shape (6, 22, 3)
[sanity] loss(z_star) = 1.736e-07
[grad] dL/dtheta at z=0: [ 2.1984451e-03 -1.9976687e-06  1.2115889e-04  8.3860476e-03
 -6.2480741e-03 -4.4555794e-03]
E0831 13:44:51.057205 4019007 slow_operation_alarm.cc:73] 
********************************
[Compiling module jit_loss for GPU] Very slow compile? If you want to file a bug, run with envvar XLA_FLAGS=--xla_dump_to=/tmp/foo and attach the results.
********************************
E0831 13:44:53.736771 4018924 slow_operation_alarm.cc:140] The operation took 2m2.67967028s

********************************
[Compiling module jit_loss for GPU] Very slow compile? If you want to file a bug, run with envvar XLA_FLAGS=--xla_dump_to=/tmp/foo and attach the results.
********************************
[fit] test RMSE 0.00456  move_rel=1.113e+00 reduction=208.83x ok  fit_time=974.4s
[time] wall=3839.4s  fit=974.4s
Traceback (most recent call last):
  File "<frozen runpy>", line 198, in _run_module_as_main
  File "<frozen runpy>", line 88, in _run_code
  File "/home/sadmin/Work/pyroffi/iosp/experiments/e9_tower.py", line 197, in <module>
    report(run(seed=a.seed, n_iters=a.n_iters, n_scenes=a.n_scenes,
           ^^^^^^^^^^^^^^^^^^^^^^^^^^^^^^^^^^^^^^^^^^^^^^^^^^^^^^^^
  File "/home/sadmin/Work/pyroffi/iosp/experiments/e9_tower.py", line 160, in run
    np.savez_compressed(out, **{k: v for k, v in result.items()
TypeError: numpy.savez_compressed() got multiple values for keyword argument 'wall_s'
exit: 1
--- blocks5_seed2 ---
2026-08-31 14:00:26.915 | INFO     | pyroffi.collision._robot_collision:_compute_active_pair_indices_from_srdf:792 - Loaded 36 disabled collision pairs from SRDF
2026-08-31 14:00:27.719 | INFO     | pyroffi.collision._robot_collision:from_urdf:701 - Created RobotCollision with 13 links and 42 active self-collision pairs, using spherical collision models.
[build] 15.7s  K=6 ['effort', 'smooth', 'clearance', 'orient', 'z_align', 'skeleton']  stack_level=5  fit/test=6/6
[demos] 1324.4s, shape (6, 22, 3)
[sanity] loss(z_star) = 3.750e-07
[grad] dL/dtheta at z=0: [ 1.7938982e-03 -4.3943146e-05  1.1555122e-04  1.1528593e-02
 -8.0350069e-03 -5.3590909e-03]
E0831 14:49:50.119831 4057219 slow_operation_alarm.cc:73] 
********************************
[Compiling module jit_loss for GPU] Very slow compile? If you want to file a bug, run with envvar XLA_FLAGS=--xla_dump_to=/tmp/foo and attach the results.
********************************
E0831 14:49:53.783570 4057136 slow_operation_alarm.cc:140] The operation took 2m3.663832387s

********************************
[Compiling module jit_loss for GPU] Very slow compile? If you want to file a bug, run with envvar XLA_FLAGS=--xla_dump_to=/tmp/foo and attach the results.
********************************
[fit] test RMSE 0.00190  move_rel=1.118e+00 reduction=766.08x ok  fit_time=985.1s
[time] wall=3881.9s  fit=985.1s
Traceback (most recent call last):
  File "<frozen runpy>", line 198, in _run_module_as_main
  File "<frozen runpy>", line 88, in _run_code
  File "/home/sadmin/Work/pyroffi/iosp/experiments/e9_tower.py", line 197, in <module>
    report(run(seed=a.seed, n_iters=a.n_iters, n_scenes=a.n_scenes,
           ^^^^^^^^^^^^^^^^^^^^^^^^^^^^^^^^^^^^^^^^^^^^^^^^^^^^^^^^
  File "/home/sadmin/Work/pyroffi/iosp/experiments/e9_tower.py", line 160, in run
    np.savez_compressed(out, **{k: v for k, v in result.items()
TypeError: numpy.savez_compressed() got multiple values for keyword argument 'wall_s'
exit: 1
=== tower done ===
