--- pickplace_seed0 ---
2026-08-31 22:07:04.948 | INFO     | pyroffi.collision._robot_collision:_compute_active_pair_indices_from_srdf:792 - Loaded 36 disabled collision pairs from SRDF
2026-08-31 22:07:05.786 | INFO     | pyroffi.collision._robot_collision:from_urdf:701 - Created RobotCollision with 13 links and 42 active self-collision pairs, using spherical collision models.
[build] 17.2s  K=4 ['smooth', 'clearance', 'upright', 'skeleton']  N_FULL=23  fit/test = 6/6  theta_ik FIXED at [0.06 0.04]
[demos] 190.2s (compile incl.), shape (6, 23, 3)
[sanity] loss(z_star) = 6.298e-06
[grad] dL/dtheta at z=0: [-0.00681479  0.00011457  0.01082965 -0.00412943]
[fit] test RMSE 0.00309  move_rel=1.682e+00 reduction=70.47x ok  fit_time=748.1s
[time] wall=1155.1s  fit=748.1s

=== held-out behavioural recovery (EE RMSE, m) ===
  baseline uniform (theta = 1/K)         0.06619     +0.0% vs uniform
  tied three-stage fit                   0.00309    +95.3% vs uniform
  oracle theta*                          0.00291    +95.6% vs uniform

param_err (reported, NOT the criterion): 0.0030
  smooth         0.1308    0.1293
  clearance      0.2116    0.2131
  upright        0.0798    0.0784
  skeleton       0.5778    0.5793

wrote iosp/data/results/pickplace/pickplace_seed0.json
exit: 0
--- pickplace_seed1 ---
2026-08-31 22:26:37.340 | INFO     | pyroffi.collision._robot_collision:_compute_active_pair_indices_from_srdf:792 - Loaded 36 disabled collision pairs from SRDF
2026-08-31 22:26:38.141 | INFO     | pyroffi.collision._robot_collision:from_urdf:701 - Created RobotCollision with 13 links and 42 active self-collision pairs, using spherical collision models.
[build] 15.4s  K=4 ['smooth', 'clearance', 'upright', 'skeleton']  N_FULL=23  fit/test = 6/6  theta_ik FIXED at [0.06 0.04]
[demos] 189.4s (compile incl.), shape (6, 23, 3)
[sanity] loss(z_star) = 8.319e-06
[grad] dL/dtheta at z=0: [-6.5623708e-03  5.6706027e-05  1.1163749e-02 -4.6580844e-03]
[fit] test RMSE 0.00804  move_rel=1.318e+30 reduction=95.33x ok  fit_time=748.0s
[time] wall=1152.0s  fit=748.0s

=== held-out behavioural recovery (EE RMSE, m) ===
  baseline uniform (theta = 1/K)         0.06880     +0.0% vs uniform
  tied three-stage fit                   0.00804    +88.3% vs uniform
  oracle theta*                          0.00300    +95.6% vs uniform

param_err (reported, NOT the criterion): 0.1299
  smooth         0.1633    0.1293
  clearance      0.2714    0.2131
  upright        0.0957    0.0784
  skeleton       0.4696    0.5793

wrote iosp/data/results/pickplace/pickplace_seed1.json
exit: 0
--- pickplace_seed2 ---
2026-08-31 22:46:07.051 | INFO     | pyroffi.collision._robot_collision:_compute_active_pair_indices_from_srdf:792 - Loaded 36 disabled collision pairs from SRDF
2026-08-31 22:46:07.852 | INFO     | pyroffi.collision._robot_collision:from_urdf:701 - Created RobotCollision with 13 links and 42 active self-collision pairs, using spherical collision models.
[build] 15.3s  K=4 ['smooth', 'clearance', 'upright', 'skeleton']  N_FULL=23  fit/test = 6/6  theta_ik FIXED at [0.06 0.04]
[demos] 189.3s (compile incl.), shape (6, 23, 3)
E0831 22:56:50.999533  116621 slow_operation_alarm.cc:73] 
********************************
[Compiling module jit_loss for GPU] Very slow compile? If you want to file a bug, run with envvar XLA_FLAGS=--xla_dump_to=/tmp/foo and attach the results.
********************************
E0831 22:57:41.192969  116535 slow_operation_alarm.cc:140] The operation took 2m50.194235403s

********************************
[Compiling module jit_loss for GPU] Very slow compile? If you want to file a bug, run with envvar XLA_FLAGS=--xla_dump_to=/tmp/foo and attach the results.
********************************
[sanity] loss(z_star) = 1.727e-05
[grad] dL/dtheta at z=0: [-6.4135930e-03  4.8601847e-05  1.1449921e-02 -5.0849295e-03]
[fit] test RMSE 0.00768  move_rel=4.396e-01 reduction=370.60x ok  fit_time=762.0s
[time] wall=2020.1s  fit=762.0s

=== held-out behavioural recovery (EE RMSE, m) ===
  baseline uniform (theta = 1/K)         0.07117     +0.0% vs uniform
  tied three-stage fit                   0.00768    +89.2% vs uniform
  oracle theta*                          0.00229    +96.8% vs uniform

param_err (reported, NOT the criterion): 0.0700
  smooth         0.1476    0.1293
  clearance      0.2458    0.2131
  upright        0.0860    0.0784
  skeleton       0.5206    0.5793

wrote iosp/data/results/pickplace/pickplace_seed2.json
exit: 0
--- pickplace_seed3 ---
2026-08-31 23:20:15.999 | INFO     | pyroffi.collision._robot_collision:_compute_active_pair_indices_from_srdf:792 - Loaded 36 disabled collision pairs from SRDF
2026-08-31 23:20:16.789 | INFO     | pyroffi.collision._robot_collision:from_urdf:701 - Created RobotCollision with 13 links and 42 active self-collision pairs, using spherical collision models.
[build] 15.7s  K=4 ['smooth', 'clearance', 'upright', 'skeleton']  N_FULL=23  fit/test = 6/6  theta_ik FIXED at [0.06 0.04]
E0831 23:26:58.767860  142061 slow_operation_alarm.cc:73] 
********************************
[Compiling module jit__lambda for GPU] Very slow compile? If you want to file a bug, run with envvar XLA_FLAGS=--xla_dump_to=/tmp/foo and attach the results.
********************************
E0831 23:29:33.470470  141974 slow_operation_alarm.cc:140] The operation took 4m34.702686993s

********************************
[Compiling module jit__lambda for GPU] Very slow compile? If you want to file a bug, run with envvar XLA_FLAGS=--xla_dump_to=/tmp/foo and attach the results.
********************************
[demos] 1206.9s (compile incl.), shape (6, 23, 3)
[sanity] loss(z_star) = 1.966e-05
[grad] dL/dtheta at z=0: [-0.00674844  0.00013896  0.0106739  -0.00406442]
E0901 00:08:54.032524  142061 slow_operation_alarm.cc:73] 
********************************
[Compiling module jit_loss for GPU] Very slow compile? If you want to file a bug, run with envvar XLA_FLAGS=--xla_dump_to=/tmp/foo and attach the results.
********************************
E0901 00:09:41.426105  141974 slow_operation_alarm.cc:140] The operation took 2m47.393762225s

********************************
[Compiling module jit_loss for GPU] Very slow compile? If you want to file a bug, run with envvar XLA_FLAGS=--xla_dump_to=/tmp/foo and attach the results.
********************************
[fit] test RMSE 0.00517  move_rel=8.243e-01 reduction=2986.74x ok  fit_time=756.5s
[time] wall=3035.6s  fit=756.5s

=== held-out behavioural recovery (EE RMSE, m) ===
  baseline uniform (theta = 1/K)         0.06641     +0.0% vs uniform
  tied three-stage fit                   0.00517    +92.2% vs uniform
  oracle theta*                          0.00339    +94.9% vs uniform

param_err (reported, NOT the criterion): 0.0723
  smooth         0.1219    0.1293
  clearance      0.1681    0.2131
  upright        0.0748    0.0784
  skeleton       0.6352    0.5793

wrote iosp/data/results/pickplace/pickplace_seed3.json
exit: 0
--- pickplace_seed4 ---
2026-09-01 00:11:20.468 | INFO     | pyroffi.collision._robot_collision:_compute_active_pair_indices_from_srdf:792 - Loaded 36 disabled collision pairs from SRDF
2026-09-01 00:11:21.253 | INFO     | pyroffi.collision._robot_collision:from_urdf:701 - Created RobotCollision with 13 links and 42 active self-collision pairs, using spherical collision models.
[build] 15.1s  K=4 ['smooth', 'clearance', 'upright', 'skeleton']  N_FULL=23  fit/test = 6/6  theta_ik FIXED at [0.06 0.04]
E0901 00:17:56.213400  178389 slow_operation_alarm.cc:73] 
********************************
[Compiling module jit__lambda for GPU] Very slow compile? If you want to file a bug, run with envvar XLA_FLAGS=--xla_dump_to=/tmp/foo and attach the results.
********************************
E0901 00:20:29.377919  178303 slow_operation_alarm.cc:140] The operation took 4m33.164620398s

********************************
[Compiling module jit__lambda for GPU] Very slow compile? If you want to file a bug, run with envvar XLA_FLAGS=--xla_dump_to=/tmp/foo and attach the results.
********************************
[demos] 1183.8s (compile incl.), shape (6, 23, 3)
[sanity] loss(z_star) = 8.521e-06
[grad] dL/dtheta at z=0: [-0.00688022  0.00015685  0.01022824 -0.00350487]
E0901 00:59:20.929077  178389 slow_operation_alarm.cc:73] 
********************************
[Compiling module jit_loss for GPU] Very slow compile? If you want to file a bug, run with envvar XLA_FLAGS=--xla_dump_to=/tmp/foo and attach the results.
********************************
E0901 01:00:05.927522  178303 slow_operation_alarm.cc:140] The operation took 2m44.99855522s

********************************
[Compiling module jit_loss for GPU] Very slow compile? If you want to file a bug, run with envvar XLA_FLAGS=--xla_dump_to=/tmp/foo and attach the results.
********************************
[fit] test RMSE 0.00527  move_rel=1.145e+00 reduction=368.13x ok  fit_time=757.3s
[time] wall=2995.6s  fit=757.3s

=== held-out behavioural recovery (EE RMSE, m) ===
  baseline uniform (theta = 1/K)         0.06373     +0.0% vs uniform
  tied three-stage fit                   0.00527    +91.7% vs uniform
  oracle theta*                          0.00464    +92.7% vs uniform

param_err (reported, NOT the criterion): 0.0783
  smooth         0.1430    0.1293
  clearance      0.2545    0.2131
  upright        0.0876    0.0784
  skeleton       0.5149    0.5793

wrote iosp/data/results/pickplace/pickplace_seed4.json
exit: 0
=== pickplace done ===
