=== tetris_iosp on GPU 1 ===

############################################################
# tetris_iosp: IOSP on SPaSM tetris packing: recover trajopt costs from composed pick-place demos
############################################################

============================================================
[run] blocks3_seed0  GPU=1  module=iosp.experiments.e8_tetris
  cmd: /home/sadmin/miniconda3/envs/pyroffi/bin/python -m iosp.experiments.e8_tetris --n-iters 60 --n-steps 40 --n-starts 4 --num-blocks 3 --seed 0 --out iosp/data/results/tetris/blocks3_seed0.npz
2026-08-30 16:13:59.084 | INFO     | pyroffi.collision._robot_collision:_compute_active_pair_indices_from_srdf:792 - Loaded 36 disabled collision pairs from SRDF
2026-08-30 16:13:59.875 | INFO     | pyroffi.collision._robot_collision:from_urdf:701 - Created RobotCollision with 13 links and 42 active self-collision pairs, using spherical collision models.
[build] 17.0s  K=5 ['effort', 'smooth', 'clearance', 'orient', 'skeleton']  num_blocks=3  fit/test=6/6
E0830 16:19:39.526238 3051993 slow_operation_alarm.cc:73] 
********************************
[Compiling module jit__lambda for GPU] Very slow compile? If you want to file a bug, run with envvar XLA_FLAGS=--xla_dump_to=/tmp/foo and attach the results.
********************************
E0830 16:20:39.536905 3051869 slow_operation_alarm.cc:140] The operation took 3m0.010772486s

********************************
[Compiling module jit__lambda for GPU] Very slow compile? If you want to file a bug, run with envvar XLA_FLAGS=--xla_dump_to=/tmp/foo and attach the results.
********************************
[demos] 881.1s, shape (6, 22, 3)
[sanity] loss(z_star) = 1.635e-07
[grad] dL/dtheta at z=0: [ 5.3862728e-02 -9.2471130e-03  1.2417795e-04  1.7008200e-01
 -2.1482182e-01]
E0830 16:45:06.456707 3051993 slow_operation_alarm.cc:73] 
********************************
[Compiling module jit_loss for GPU] Very slow compile? If you want to file a bug, run with envvar XLA_FLAGS=--xla_dump_to=/tmp/foo and attach the results.
********************************
E0830 16:45:30.907425 3051869 slow_operation_alarm.cc:140] The operation took 2m24.450843975s

********************************
[Compiling module jit_loss for GPU] Very slow compile? If you want to file a bug, run with envvar XLA_FLAGS=--xla_dump_to=/tmp/foo and attach the results.
********************************
[fit] test RMSE 0.01291  move_rel=9.469e-01 reduction=664.30x ok
[out] wrote iosp/data/results/tetris/blocks3_seed0.npz

=== held-out behavioural recovery (EE RMSE, m) ===
  baseline uniform (theta = 1/K)         0.37129     +0.0% vs uniform
  tetris IOSP fit                        0.01291    +96.5% vs uniform
  oracle theta*                          0.00047    +99.9% vs uniform

param_err (reported, NOT criterion): 0.3111
  effort         0.0630    0.0893
  smooth         0.1794    0.2427
  clearance      0.4148    0.1472
  orient         0.0800    0.1205
  skeleton       0.2629    0.4002
  wall: 2901s  exit: 0
  manifest: iosp/data/results/tetris/blocks3_seed0.manifest.json

============================================================
[run] blocks3_seed1  GPU=1  module=iosp.experiments.e8_tetris
  cmd: /home/sadmin/miniconda3/envs/pyroffi/bin/python -m iosp.experiments.e8_tetris --n-iters 60 --n-steps 40 --n-starts 4 --num-blocks 3 --seed 1 --out iosp/data/results/tetris/blocks3_seed1.npz
2026-08-30 17:02:19.648 | INFO     | pyroffi.collision._robot_collision:_compute_active_pair_indices_from_srdf:792 - Loaded 36 disabled collision pairs from SRDF
2026-08-30 17:02:20.414 | INFO     | pyroffi.collision._robot_collision:from_urdf:701 - Created RobotCollision with 13 links and 42 active self-collision pairs, using spherical collision models.
[build] 16.5s  K=5 ['effort', 'smooth', 'clearance', 'orient', 'skeleton']  num_blocks=3  fit/test=6/6
E0830 17:07:57.597768 3131300 slow_operation_alarm.cc:73] 
********************************
[Compiling module jit__lambda for GPU] Very slow compile? If you want to file a bug, run with envvar XLA_FLAGS=--xla_dump_to=/tmp/foo and attach the results.
********************************
E0830 17:08:57.080151 3131202 slow_operation_alarm.cc:140] The operation took 2m59.482458352s

********************************
[Compiling module jit__lambda for GPU] Very slow compile? If you want to file a bug, run with envvar XLA_FLAGS=--xla_dump_to=/tmp/foo and attach the results.
********************************
[demos] 877.9s, shape (6, 22, 3)
[sanity] loss(z_star) = 1.960e-06
[grad] dL/dtheta at z=0: [ 4.3533131e-02 -8.6833928e-03  1.5308503e-04  1.6554105e-01
 -2.0054385e-01]
E0830 17:33:04.810297 3131300 slow_operation_alarm.cc:73] 
********************************
[Compiling module jit_loss for GPU] Very slow compile? If you want to file a bug, run with envvar XLA_FLAGS=--xla_dump_to=/tmp/foo and attach the results.
********************************
E0830 17:33:28.378067 3131202 slow_operation_alarm.cc:140] The operation took 2m23.567880582s

********************************
[Compiling module jit_loss for GPU] Very slow compile? If you want to file a bug, run with envvar XLA_FLAGS=--xla_dump_to=/tmp/foo and attach the results.
********************************
[fit] test RMSE 0.02357  move_rel=1.402e+30 reduction=275.07x ok
[out] wrote iosp/data/results/tetris/blocks3_seed1.npz

=== held-out behavioural recovery (EE RMSE, m) ===
  baseline uniform (theta = 1/K)         0.38191     +0.0% vs uniform
  tetris IOSP fit                        0.02357    +93.8% vs uniform
  oracle theta*                          0.00050    +99.9% vs uniform

param_err (reported, NOT criterion): 0.0535
  effort         0.0677    0.0893
  smooth         0.2432    0.2427
  clearance      0.1930    0.1472
  orient         0.1085    0.1205
  skeleton       0.3876    0.4002
  wall: 2892s  exit: 0
  manifest: iosp/data/results/tetris/blocks3_seed1.manifest.json

============================================================
[run] blocks3_seed2  GPU=1  module=iosp.experiments.e8_tetris
  cmd: /home/sadmin/miniconda3/envs/pyroffi/bin/python -m iosp.experiments.e8_tetris --n-iters 60 --n-steps 40 --n-starts 4 --num-blocks 3 --seed 2 --out iosp/data/results/tetris/blocks3_seed2.npz
2026-08-30 17:50:31.462 | INFO     | pyroffi.collision._robot_collision:_compute_active_pair_indices_from_srdf:792 - Loaded 36 disabled collision pairs from SRDF
2026-08-30 17:50:32.231 | INFO     | pyroffi.collision._robot_collision:from_urdf:701 - Created RobotCollision with 13 links and 42 active self-collision pairs, using spherical collision models.
[build] 16.6s  K=5 ['effort', 'smooth', 'clearance', 'orient', 'skeleton']  num_blocks=3  fit/test=6/6
E0830 17:56:00.948128 3211604 slow_operation_alarm.cc:73] 
********************************
[Compiling module jit__lambda for GPU] Very slow compile? If you want to file a bug, run with envvar XLA_FLAGS=--xla_dump_to=/tmp/foo and attach the results.
********************************
E0830 17:56:54.658287 3211518 slow_operation_alarm.cc:140] The operation took 2m53.710230874s

********************************
[Compiling module jit__lambda for GPU] Very slow compile? If you want to file a bug, run with envvar XLA_FLAGS=--xla_dump_to=/tmp/foo and attach the results.
********************************
[demos] 850.7s, shape (6, 22, 3)
[sanity] loss(z_star) = 3.000e-06
[grad] dL/dtheta at z=0: [ 1.8308759e-02 -6.1264932e-03 -1.1817599e-04  1.3427615e-01
 -1.4634025e-01]
E0830 18:20:57.264217 3211604 slow_operation_alarm.cc:73] 
********************************
[Compiling module jit_loss for GPU] Very slow compile? If you want to file a bug, run with envvar XLA_FLAGS=--xla_dump_to=/tmp/foo and attach the results.
********************************
E0830 18:21:22.288518 3211518 slow_operation_alarm.cc:140] The operation took 2m25.024377448s

********************************
[Compiling module jit_loss for GPU] Very slow compile? If you want to file a bug, run with envvar XLA_FLAGS=--xla_dump_to=/tmp/foo and attach the results.
********************************
[fit] test RMSE 0.02325  move_rel=1.444e+30 reduction=150.93x ok
[out] wrote iosp/data/results/tetris/blocks3_seed2.npz

=== held-out behavioural recovery (EE RMSE, m) ===
  baseline uniform (theta = 1/K)         0.37552     +0.0% vs uniform
  tetris IOSP fit                        0.02325    +93.8% vs uniform
  oracle theta*                          0.00039    +99.9% vs uniform

param_err (reported, NOT criterion): 0.0801
  effort         0.0638    0.0893
  smooth         0.2276    0.2427
  clearance      0.2184    0.1472
  orient         0.1061    0.1205
  skeleton       0.3841    0.4002
  wall: 2889s  exit: 0
  manifest: iosp/data/results/tetris/blocks3_seed2.manifest.json

============================================================
[run] blocks5_seed0  GPU=1  module=iosp.experiments.e8_tetris
  cmd: /home/sadmin/miniconda3/envs/pyroffi/bin/python -m iosp.experiments.e8_tetris --n-iters 60 --n-steps 40 --n-starts 4 --num-blocks 5 --seed 0 --out iosp/data/results/tetris/blocks5_seed0.npz
2026-08-30 18:38:40.958 | INFO     | pyroffi.collision._robot_collision:_compute_active_pair_indices_from_srdf:792 - Loaded 36 disabled collision pairs from SRDF
2026-08-30 18:38:41.768 | INFO     | pyroffi.collision._robot_collision:from_urdf:701 - Created RobotCollision with 13 links and 42 active self-collision pairs, using spherical collision models.
[build] 17.0s  K=5 ['effort', 'smooth', 'clearance', 'orient', 'skeleton']  num_blocks=5  fit/test=6/6
E0830 18:45:54.523613 3304945 slow_operation_alarm.cc:73] 
********************************
[Compiling module jit__lambda for GPU] Very slow compile? If you want to file a bug, run with envvar XLA_FLAGS=--xla_dump_to=/tmp/foo and attach the results.
********************************
E0830 18:46:54.284633 3304742 slow_operation_alarm.cc:140] The operation took 2m59.761095881s

********************************
[Compiling module jit__lambda for GPU] Very slow compile? If you want to file a bug, run with envvar XLA_FLAGS=--xla_dump_to=/tmp/foo and attach the results.
********************************
[demos] 531.3s, shape (6, 22, 3)
[sanity] loss(z_star) = 1.635e-07
[grad] dL/dtheta at z=0: [ 5.3862728e-02 -9.2471130e-03  1.2417795e-04  1.7008200e-01
 -2.1482182e-01]
E0830 19:19:02.281334 3304945 slow_operation_alarm.cc:73] 
********************************
[Compiling module jit_loss for GPU] Very slow compile? If you want to file a bug, run with envvar XLA_FLAGS=--xla_dump_to=/tmp/foo and attach the results.
********************************
E0830 19:19:25.533443 3304742 slow_operation_alarm.cc:140] The operation took 2m23.252202482s

********************************
[Compiling module jit_loss for GPU] Very slow compile? If you want to file a bug, run with envvar XLA_FLAGS=--xla_dump_to=/tmp/foo and attach the results.
********************************
[fit] test RMSE 0.01291  move_rel=9.469e-01 reduction=664.30x ok
[out] wrote iosp/data/results/tetris/blocks5_seed0.npz

=== held-out behavioural recovery (EE RMSE, m) ===
  baseline uniform (theta = 1/K)         0.37129     +0.0% vs uniform
  tetris IOSP fit                        0.01291    +96.5% vs uniform
  oracle theta*                          0.00047    +99.9% vs uniform

param_err (reported, NOT criterion): 0.3111
  effort         0.0630    0.0893
  smooth         0.1794    0.2427
  clearance      0.4148    0.1472
  orient         0.0800    0.1205
  skeleton       0.2629    0.4002
  wall: 2531s  exit: 0
  manifest: iosp/data/results/tetris/blocks5_seed0.manifest.json

============================================================
[run] blocks5_seed1  GPU=1  module=iosp.experiments.e8_tetris
  cmd: /home/sadmin/miniconda3/envs/pyroffi/bin/python -m iosp.experiments.e8_tetris --n-iters 60 --n-steps 40 --n-starts 4 --num-blocks 5 --seed 1 --out iosp/data/results/tetris/blocks5_seed1.npz
2026-08-30 19:20:51.645 | INFO     | pyroffi.collision._robot_collision:_compute_active_pair_indices_from_srdf:792 - Loaded 36 disabled collision pairs from SRDF
2026-08-30 19:20:52.437 | INFO     | pyroffi.collision._robot_collision:from_urdf:701 - Created RobotCollision with 13 links and 42 active self-collision pairs, using spherical collision models.
[build] 16.7s  K=5 ['effort', 'smooth', 'clearance', 'orient', 'skeleton']  num_blocks=5  fit/test=6/6
[demos] 175.8s, shape (6, 22, 3)
[sanity] loss(z_star) = 1.960e-06
[grad] dL/dtheta at z=0: [ 4.3533131e-02 -8.6833928e-03  1.5308503e-04  1.6554105e-01
 -2.0054385e-01]
[fit] test RMSE 0.02357  move_rel=1.402e+30 reduction=275.07x ok
[out] wrote iosp/data/results/tetris/blocks5_seed1.npz

=== held-out behavioural recovery (EE RMSE, m) ===
  baseline uniform (theta = 1/K)         0.38191     +0.0% vs uniform
  tetris IOSP fit                        0.02357    +93.8% vs uniform
  oracle theta*                          0.00050    +99.9% vs uniform

param_err (reported, NOT criterion): 0.0535
  effort         0.0677    0.0893
  smooth         0.2432    0.2427
  clearance      0.1930    0.1472
  orient         0.1085    0.1205
  skeleton       0.3876    0.4002
  wall: 1184s  exit: 0
  manifest: iosp/data/results/tetris/blocks5_seed1.manifest.json

============================================================
[run] blocks5_seed2  GPU=1  module=iosp.experiments.e8_tetris
  cmd: /home/sadmin/miniconda3/envs/pyroffi/bin/python -m iosp.experiments.e8_tetris --n-iters 60 --n-steps 40 --n-starts 4 --num-blocks 5 --seed 2 --out iosp/data/results/tetris/blocks5_seed2.npz
2026-08-30 19:40:35.856 | INFO     | pyroffi.collision._robot_collision:_compute_active_pair_indices_from_srdf:792 - Loaded 36 disabled collision pairs from SRDF
2026-08-30 19:40:36.630 | INFO     | pyroffi.collision._robot_collision:from_urdf:701 - Created RobotCollision with 13 links and 42 active self-collision pairs, using spherical collision models.
[build] 16.7s  K=5 ['effort', 'smooth', 'clearance', 'orient', 'skeleton']  num_blocks=5  fit/test=6/6
[demos] 175.8s, shape (6, 22, 3)
[sanity] loss(z_star) = 3.000e-06
[grad] dL/dtheta at z=0: [ 1.8308759e-02 -6.1264932e-03 -1.1817599e-04  1.3427615e-01
 -1.4634025e-01]
[fit] test RMSE 0.02325  move_rel=1.444e+30 reduction=150.93x ok
[out] wrote iosp/data/results/tetris/blocks5_seed2.npz

=== held-out behavioural recovery (EE RMSE, m) ===
  baseline uniform (theta = 1/K)         0.37552     +0.0% vs uniform
  tetris IOSP fit                        0.02325    +93.8% vs uniform
  oracle theta*                          0.00039    +99.9% vs uniform

param_err (reported, NOT criterion): 0.0801
  effort         0.0638    0.0893
  smooth         0.2276    0.2427
  clearance      0.2184    0.1472
  orient         0.1061    0.1205
  skeleton       0.3841    0.4002
  wall: 1186s  exit: 0
  manifest: iosp/data/results/tetris/blocks5_seed2.manifest.json
=== tower_iosp on GPU 1 ===

############################################################
# tower_iosp: IOSP on SPaSM block stacking: recover trajopt costs from sequential stacking demos
############################################################

============================================================
[run] blocks3_seed0  GPU=1  module=iosp.experiments.e9_tower
  cmd: /home/sadmin/miniconda3/envs/pyroffi/bin/python -m iosp.experiments.e9_tower --n-iters 60 --n-steps 40 --n-starts 4 --stack-level 3 --seed 0 --out iosp/data/results/tower/blocks3_seed0.npz
2026-08-30 20:00:22.151 | INFO     | pyroffi.collision._robot_collision:_compute_active_pair_indices_from_srdf:792 - Loaded 36 disabled collision pairs from SRDF
2026-08-30 20:00:22.956 | INFO     | pyroffi.collision._robot_collision:from_urdf:701 - Created RobotCollision with 13 links and 42 active self-collision pairs, using spherical collision models.
[build] 17.3s  K=6 ['effort', 'smooth', 'clearance', 'orient', 'z_align', 'skeleton']  stack_level=3  fit/test=6/6
E0830 20:06:49.931937 3433663 slow_operation_alarm.cc:73] 
********************************
[Compiling module jit__lambda for GPU] Very slow compile? If you want to file a bug, run with envvar XLA_FLAGS=--xla_dump_to=/tmp/foo and attach the results.
********************************
E0830 20:08:26.052908 3433577 slow_operation_alarm.cc:140] The operation took 3m36.121058959s

********************************
[Compiling module jit__lambda for GPU] Very slow compile? If you want to file a bug, run with envvar XLA_FLAGS=--xla_dump_to=/tmp/foo and attach the results.
********************************
[demos] 1063.5s, shape (6, 22, 3)
[sanity] loss(z_star) = 1.156e-06
[grad] dL/dtheta at z=0: [-0.00089091  0.00010026  0.00020552  0.0279261  -0.02130819 -0.00603279]
E0830 20:37:06.162776 3433663 slow_operation_alarm.cc:73] 
********************************
[Compiling module jit_loss for GPU] Very slow compile? If you want to file a bug, run with envvar XLA_FLAGS=--xla_dump_to=/tmp/foo and attach the results.
********************************
E0830 20:37:58.647384 3433577 slow_operation_alarm.cc:140] The operation took 2m52.484907959s

********************************
[Compiling module jit_loss for GPU] Very slow compile? If you want to file a bug, run with envvar XLA_FLAGS=--xla_dump_to=/tmp/foo and attach the results.
********************************
W0830 20:57:14.330187 3433577 cuda_command_buffer.cc:887] Retry CUDA graph instantiation after OOM error
Traceback (most recent call last):
  File "<frozen runpy>", line 198, in _run_module_as_main
  File "<frozen runpy>", line 88, in _run_code
  File "/home/sadmin/Work/pyroffi/iosp/experiments/e9_tower.py", line 187, in <module>
    report(run(seed=a.seed, n_iters=a.n_iters, n_scenes=a.n_scenes,
           ^^^^^^^^^^^^^^^^^^^^^^^^^^^^^^^^^^^^^^^^^^^^^^^^^^^^^^^^
  File "/home/sadmin/Work/pyroffi/iosp/experiments/e9_tower.py", line 135, in run
    b["test_rmse"] = float(jnp.sqrt(jt(b["z"])))
                     ^^^^^^^^^^^^^^^^^^^^^^^^^^^
  File "/home/sadmin/miniconda3/envs/pyroffi/lib/python3.11/site-packages/jax/_src/array.py", line 300, in __float__
    return self._value.__float__()
           ^^^^^^^^^^^
  File "/home/sadmin/miniconda3/envs/pyroffi/lib/python3.11/site-packages/jax/_src/profiler.py", line 420, in wrapper
    return func(*args, **kwargs)
           ^^^^^^^^^^^^^^^^^^^^^
  File "/home/sadmin/miniconda3/envs/pyroffi/lib/python3.11/site-packages/jax/_src/array.py", line 623, in _value
    npy_value, did_copy = self._single_device_array_to_np_array_did_copy()
                          ^^^^^^^^^^^^^^^^^^^^^^^^^^^^^^^^^^^^^^^^^^^^^^^^
jax.errors.JaxRuntimeError: RESOURCE_EXHAUSTED: Underlying backend ran out of memory trying to instantiate command buffer with 139 (total of 2208 alive graphs in the process). You can try to (a) Give more memory to the driver by reducing XLA_CLIENT_MEM_FRACTION (b) Disable command buffers with 'XLA_FLAGS=--xla_gpu_enable_command_buffer=' (empty set). Original error: Failed to instantiate CUDA graph: CUDA_ERROR_OUT_OF_MEMORY: out of memory [executable_name='jit_sqrt']
  wall: 3450s  exit: 1
  manifest: iosp/data/results/tower/blocks3_seed0.manifest.json

============================================================
[run] blocks3_seed1  GPU=1  module=iosp.experiments.e9_tower
  cmd: /home/sadmin/miniconda3/envs/pyroffi/bin/python -m iosp.experiments.e9_tower --n-iters 60 --n-steps 40 --n-starts 4 --stack-level 3 --seed 1 --out iosp/data/results/tower/blocks3_seed1.npz
2026-08-30 20:57:51.942 | INFO     | pyroffi.collision._robot_collision:_compute_active_pair_indices_from_srdf:792 - Loaded 36 disabled collision pairs from SRDF
2026-08-30 20:57:52.834 | INFO     | pyroffi.collision._robot_collision:from_urdf:701 - Created RobotCollision with 13 links and 42 active self-collision pairs, using spherical collision models.
[build] 17.7s  K=6 ['effort', 'smooth', 'clearance', 'orient', 'z_align', 'skeleton']  stack_level=3  fit/test=6/6
E0830 21:04:21.890755 3495271 slow_operation_alarm.cc:73] 
********************************
[Compiling module jit__lambda for GPU] Very slow compile? If you want to file a bug, run with envvar XLA_FLAGS=--xla_dump_to=/tmp/foo and attach the results.
********************************
E0830 21:05:56.219389 3495188 slow_operation_alarm.cc:140] The operation took 3m34.328711991s

********************************
[Compiling module jit__lambda for GPU] Very slow compile? If you want to file a bug, run with envvar XLA_FLAGS=--xla_dump_to=/tmp/foo and attach the results.
********************************
[demos] 1071.1s, shape (6, 22, 3)
[sanity] loss(z_star) = 5.975e-07
[grad] dL/dtheta at z=0: [ 0.00297698  0.00024003  0.0001959   0.01175178 -0.01149094 -0.00367375]
E0830 21:34:49.753833 3495271 slow_operation_alarm.cc:73] 
********************************
[Compiling module jit_loss for GPU] Very slow compile? If you want to file a bug, run with envvar XLA_FLAGS=--xla_dump_to=/tmp/foo and attach the results.
********************************
E0830 21:35:39.441698 3495188 slow_operation_alarm.cc:140] The operation took 2m49.687941556s

********************************
[Compiling module jit_loss for GPU] Very slow compile? If you want to file a bug, run with envvar XLA_FLAGS=--xla_dump_to=/tmp/foo and attach the results.
********************************
W0830 21:54:30.191821 3495188 cuda_command_buffer.cc:887] Retry CUDA graph instantiation after OOM error
Traceback (most recent call last):
  File "<frozen runpy>", line 198, in _run_module_as_main
  File "<frozen runpy>", line 88, in _run_code
  File "/home/sadmin/Work/pyroffi/iosp/experiments/e9_tower.py", line 187, in <module>
    report(run(seed=a.seed, n_iters=a.n_iters, n_scenes=a.n_scenes,
           ^^^^^^^^^^^^^^^^^^^^^^^^^^^^^^^^^^^^^^^^^^^^^^^^^^^^^^^^
  File "/home/sadmin/Work/pyroffi/iosp/experiments/e9_tower.py", line 135, in run
    b["test_rmse"] = float(jnp.sqrt(jt(b["z"])))
                     ^^^^^^^^^^^^^^^^^^^^^^^^^^^
  File "/home/sadmin/miniconda3/envs/pyroffi/lib/python3.11/site-packages/jax/_src/array.py", line 300, in __float__
    return self._value.__float__()
           ^^^^^^^^^^^
  File "/home/sadmin/miniconda3/envs/pyroffi/lib/python3.11/site-packages/jax/_src/profiler.py", line 420, in wrapper
    return func(*args, **kwargs)
           ^^^^^^^^^^^^^^^^^^^^^
  File "/home/sadmin/miniconda3/envs/pyroffi/lib/python3.11/site-packages/jax/_src/array.py", line 623, in _value
    npy_value, did_copy = self._single_device_array_to_np_array_did_copy()
                          ^^^^^^^^^^^^^^^^^^^^^^^^^^^^^^^^^^^^^^^^^^^^^^^^
jax.errors.JaxRuntimeError: RESOURCE_EXHAUSTED: Underlying backend ran out of memory trying to instantiate command buffer with 676 (total of 2342 alive graphs in the process). You can try to (a) Give more memory to the driver by reducing XLA_CLIENT_MEM_FRACTION (b) Disable command buffers with 'XLA_FLAGS=--xla_gpu_enable_command_buffer=' (empty set). Original error: Failed to instantiate CUDA graph: CUDA_ERROR_OUT_OF_MEMORY: out of memory [executable_name='jit_sqrt']
  wall: 3434s  exit: 1
  manifest: iosp/data/results/tower/blocks3_seed1.manifest.json

============================================================
[run] blocks3_seed2  GPU=1  module=iosp.experiments.e9_tower
  cmd: /home/sadmin/miniconda3/envs/pyroffi/bin/python -m iosp.experiments.e9_tower --n-iters 60 --n-steps 40 --n-starts 4 --stack-level 3 --seed 2 --out iosp/data/results/tower/blocks3_seed2.npz
2026-08-30 21:55:06.054 | INFO     | pyroffi.collision._robot_collision:_compute_active_pair_indices_from_srdf:792 - Loaded 36 disabled collision pairs from SRDF
2026-08-30 21:55:06.814 | INFO     | pyroffi.collision._robot_collision:from_urdf:701 - Created RobotCollision with 13 links and 42 active self-collision pairs, using spherical collision models.
[build] 16.6s  K=6 ['effort', 'smooth', 'clearance', 'orient', 'z_align', 'skeleton']  stack_level=3  fit/test=6/6
E0830 22:01:14.438434 3548893 slow_operation_alarm.cc:73] 
********************************
[Compiling module jit__lambda for GPU] Very slow compile? If you want to file a bug, run with envvar XLA_FLAGS=--xla_dump_to=/tmp/foo and attach the results.
********************************
E0830 22:02:41.729699 3548807 slow_operation_alarm.cc:140] The operation took 3m27.291365662s

********************************
[Compiling module jit__lambda for GPU] Very slow compile? If you want to file a bug, run with envvar XLA_FLAGS=--xla_dump_to=/tmp/foo and attach the results.
********************************
[demos] 1005.6s, shape (6, 22, 3)
[sanity] loss(z_star) = 1.690e-06
[grad] dL/dtheta at z=0: [ 0.00015689  0.00013484  0.00021529  0.02329268 -0.01819492 -0.00560478]
E0830 22:30:17.611397 3548893 slow_operation_alarm.cc:73] 
********************************
[Compiling module jit_loss for GPU] Very slow compile? If you want to file a bug, run with envvar XLA_FLAGS=--xla_dump_to=/tmp/foo and attach the results.
********************************
E0830 22:31:13.342282 3548807 slow_operation_alarm.cc:140] The operation took 2m55.73096387s

********************************
[Compiling module jit_loss for GPU] Very slow compile? If you want to file a bug, run with envvar XLA_FLAGS=--xla_dump_to=/tmp/foo and attach the results.
********************************
Traceback (most recent call last):
  File "<frozen runpy>", line 198, in _run_module_as_main
  File "<frozen runpy>", line 88, in _run_code
  File "/home/sadmin/Work/pyroffi/iosp/experiments/e9_tower.py", line 187, in <module>
    report(run(seed=a.seed, n_iters=a.n_iters, n_scenes=a.n_scenes,
           ^^^^^^^^^^^^^^^^^^^^^^^^^^^^^^^^^^^^^^^^^^^^^^^^^^^^^^^^
  File "/home/sadmin/Work/pyroffi/iosp/experiments/e9_tower.py", line 135, in run
    b["test_rmse"] = float(jnp.sqrt(jt(b["z"])))
                     ^^^^^^^^^^^^^^^^^^^^^^^^^^^
  File "/home/sadmin/miniconda3/envs/pyroffi/lib/python3.11/site-packages/jax/_src/array.py", line 300, in __float__
    return self._value.__float__()
           ^^^^^^^^^^^
  File "/home/sadmin/miniconda3/envs/pyroffi/lib/python3.11/site-packages/jax/_src/profiler.py", line 420, in wrapper
    return func(*args, **kwargs)
           ^^^^^^^^^^^^^^^^^^^^^
  File "/home/sadmin/miniconda3/envs/pyroffi/lib/python3.11/site-packages/jax/_src/array.py", line 623, in _value
    npy_value, did_copy = self._single_device_array_to_np_array_did_copy()
                          ^^^^^^^^^^^^^^^^^^^^^^^^^^^^^^^^^^^^^^^^^^^^^^^^
jax.errors.JaxRuntimeError: RESOURCE_EXHAUSTED: [0] Failed to get module function wrapped_select_15: CUDA_ERROR_OUT_OF_MEMORY: out of memory [executable_name='jit_sqrt']
  wall: 3356s  exit: 1
  manifest: iosp/data/results/tower/blocks3_seed2.manifest.json

============================================================
[run] blocks5_seed0  GPU=1  module=iosp.experiments.e9_tower
  cmd: /home/sadmin/miniconda3/envs/pyroffi/bin/python -m iosp.experiments.e9_tower --n-iters 60 --n-steps 40 --n-starts 4 --stack-level 5 --seed 0 --out iosp/data/results/tower/blocks5_seed0.npz
2026-08-30 22:51:01.706 | INFO     | pyroffi.collision._robot_collision:_compute_active_pair_indices_from_srdf:792 - Loaded 36 disabled collision pairs from SRDF
2026-08-30 22:51:02.523 | INFO     | pyroffi.collision._robot_collision:from_urdf:701 - Created RobotCollision with 13 links and 42 active self-collision pairs, using spherical collision models.
[build] 17.1s  K=6 ['effort', 'smooth', 'clearance', 'orient', 'z_align', 'skeleton']  stack_level=5  fit/test=6/6
E0830 22:57:38.551587 3600502 slow_operation_alarm.cc:73] 
********************************
[Compiling module jit__lambda for GPU] Very slow compile? If you want to file a bug, run with envvar XLA_FLAGS=--xla_dump_to=/tmp/foo and attach the results.
********************************
E0830 22:59:12.817545 3600416 slow_operation_alarm.cc:140] The operation took 3m34.266032112s

********************************
[Compiling module jit__lambda for GPU] Very slow compile? If you want to file a bug, run with envvar XLA_FLAGS=--xla_dump_to=/tmp/foo and attach the results.
********************************
[demos] 1054.9s, shape (6, 22, 3)
[sanity] loss(z_star) = 5.661e-07
[grad] dL/dtheta at z=0: [ 1.8964647e-03 -4.2597425e-05  1.2917889e-04  1.2288056e-02
 -8.9378441e-03 -5.3332588e-03]
E0830 23:27:36.645278 3600502 slow_operation_alarm.cc:73] 
********************************
[Compiling module jit_loss for GPU] Very slow compile? If you want to file a bug, run with envvar XLA_FLAGS=--xla_dump_to=/tmp/foo and attach the results.
********************************
E0830 23:28:23.797182 3600416 slow_operation_alarm.cc:140] The operation took 2m47.152002495s

********************************
[Compiling module jit_loss for GPU] Very slow compile? If you want to file a bug, run with envvar XLA_FLAGS=--xla_dump_to=/tmp/foo and attach the results.
********************************
W0830 23:48:18.944735 3600416 cuda_command_buffer.cc:887] Retry CUDA graph instantiation after OOM error
Traceback (most recent call last):
  File "<frozen runpy>", line 198, in _run_module_as_main
  File "<frozen runpy>", line 88, in _run_code
  File "/home/sadmin/Work/pyroffi/iosp/experiments/e9_tower.py", line 187, in <module>
    report(run(seed=a.seed, n_iters=a.n_iters, n_scenes=a.n_scenes,
           ^^^^^^^^^^^^^^^^^^^^^^^^^^^^^^^^^^^^^^^^^^^^^^^^^^^^^^^^
  File "/home/sadmin/Work/pyroffi/iosp/experiments/e9_tower.py", line 135, in run
    b["test_rmse"] = float(jnp.sqrt(jt(b["z"])))
                     ^^^^^^^^^^^^^^^^^^^^^^^^^^^
  File "/home/sadmin/miniconda3/envs/pyroffi/lib/python3.11/site-packages/jax/_src/array.py", line 300, in __float__
    return self._value.__float__()
           ^^^^^^^^^^^
  File "/home/sadmin/miniconda3/envs/pyroffi/lib/python3.11/site-packages/jax/_src/profiler.py", line 420, in wrapper
    return func(*args, **kwargs)
           ^^^^^^^^^^^^^^^^^^^^^
  File "/home/sadmin/miniconda3/envs/pyroffi/lib/python3.11/site-packages/jax/_src/array.py", line 623, in _value
    npy_value, did_copy = self._single_device_array_to_np_array_did_copy()
                          ^^^^^^^^^^^^^^^^^^^^^^^^^^^^^^^^^^^^^^^^^^^^^^^^
jax.errors.JaxRuntimeError: RESOURCE_EXHAUSTED: Underlying backend ran out of memory trying to instantiate command buffer with 676 (total of 1992 alive graphs in the process). You can try to (a) Give more memory to the driver by reducing XLA_CLIENT_MEM_FRACTION (b) Disable command buffers with 'XLA_FLAGS=--xla_gpu_enable_command_buffer=' (empty set). Original error: Failed to instantiate CUDA graph: CUDA_ERROR_OUT_OF_MEMORY: out of memory [executable_name='jit_sqrt']
  wall: 3474s  exit: 1
  manifest: iosp/data/results/tower/blocks5_seed0.manifest.json

============================================================
[run] blocks5_seed1  GPU=1  module=iosp.experiments.e9_tower
  cmd: /home/sadmin/miniconda3/envs/pyroffi/bin/python -m iosp.experiments.e9_tower --n-iters 60 --n-steps 40 --n-starts 4 --stack-level 5 --seed 1 --out iosp/data/results/tower/blocks5_seed1.npz
2026-08-30 23:48:56.028 | INFO     | pyroffi.collision._robot_collision:_compute_active_pair_indices_from_srdf:792 - Loaded 36 disabled collision pairs from SRDF
2026-08-30 23:48:56.821 | INFO     | pyroffi.collision._robot_collision:from_urdf:701 - Created RobotCollision with 13 links and 42 active self-collision pairs, using spherical collision models.
[build] 17.3s  K=6 ['effort', 'smooth', 'clearance', 'orient', 'z_align', 'skeleton']  stack_level=5  fit/test=6/6
E0830 23:55:13.047893 3652401 slow_operation_alarm.cc:73] 
********************************
[Compiling module jit__lambda for GPU] Very slow compile? If you want to file a bug, run with envvar XLA_FLAGS=--xla_dump_to=/tmp/foo and attach the results.
********************************
E0830 23:56:43.196483 3652315 slow_operation_alarm.cc:140] The operation took 3m30.148690314s

********************************
[Compiling module jit__lambda for GPU] Very slow compile? If you want to file a bug, run with envvar XLA_FLAGS=--xla_dump_to=/tmp/foo and attach the results.
********************************
[demos] 1033.8s, shape (6, 22, 3)
[sanity] loss(z_star) = 2.422e-07
[grad] dL/dtheta at z=0: [ 2.2074943e-03 -2.5025402e-06  1.2122920e-04  8.3556464e-03
 -6.2274099e-03 -4.4544581e-03]
E0831 00:25:11.926304 3652401 slow_operation_alarm.cc:73] 
********************************
[Compiling module jit_loss for GPU] Very slow compile? If you want to file a bug, run with envvar XLA_FLAGS=--xla_dump_to=/tmp/foo and attach the results.
********************************
E0831 00:25:59.853029 3652315 slow_operation_alarm.cc:140] The operation took 2m47.926823612s

********************************
[Compiling module jit_loss for GPU] Very slow compile? If you want to file a bug, run with envvar XLA_FLAGS=--xla_dump_to=/tmp/foo and attach the results.
********************************
W0831 00:26:47.782888 3652315 cuda_command_buffer.cc:887] Retry CUDA graph instantiation after OOM error
Traceback (most recent call last):
  File "<frozen runpy>", line 198, in _run_module_as_main
  File "<frozen runpy>", line 88, in _run_code
  File "/home/sadmin/Work/pyroffi/iosp/experiments/e9_tower.py", line 187, in <module>
    report(run(seed=a.seed, n_iters=a.n_iters, n_scenes=a.n_scenes,
           ^^^^^^^^^^^^^^^^^^^^^^^^^^^^^^^^^^^^^^^^^^^^^^^^^^^^^^^^
  File "/home/sadmin/Work/pyroffi/iosp/experiments/e9_tower.py", line 134, in run
    b = fit_z(gf, starts, n_steps=n_steps)
        ^^^^^^^^^^^^^^^^^^^^^^^^^^^^^^^^^^
  File "/home/sadmin/Work/pyroffi/iosp/experiments/e9_tower.py", line 89, in fit_z
    z, trace = outer_opt.adam(loss_and_grad, z0, lr=lr, n_steps=n_steps)
               ^^^^^^^^^^^^^^^^^^^^^^^^^^^^^^^^^^^^^^^^^^^^^^^^^^^^^^^^^
  File "/home/sadmin/Work/pyroffi/ioc/outer.py", line 84, in adam
    vals = np.asarray(jnp.stack(trace_vals)) if trace_vals else np.zeros(0)
           ^^^^^^^^^^^^^^^^^^^^^^^^^^^^^^^^^
  File "/home/sadmin/miniconda3/envs/pyroffi/lib/python3.11/site-packages/jax/_src/array.py", line 414, in __array__
    return np.asarray(self._value, dtype=dtype, **kwds)  # pyrefly: ignore[no-matching-overload]
                      ^^^^^^^^^^^
  File "/home/sadmin/miniconda3/envs/pyroffi/lib/python3.11/site-packages/jax/_src/profiler.py", line 420, in wrapper
    return func(*args, **kwargs)
           ^^^^^^^^^^^^^^^^^^^^^
  File "/home/sadmin/miniconda3/envs/pyroffi/lib/python3.11/site-packages/jax/_src/array.py", line 623, in _value
    npy_value, did_copy = self._single_device_array_to_np_array_did_copy()
                          ^^^^^^^^^^^^^^^^^^^^^^^^^^^^^^^^^^^^^^^^^^^^^^^^
jax.errors.JaxRuntimeError: RESOURCE_EXHAUSTED: Underlying backend ran out of memory trying to instantiate command buffer with 285 (total of 2454 alive graphs in the process). You can try to (a) Give more memory to the driver by reducing XLA_CLIENT_MEM_FRACTION (b) Disable command buffers with 'XLA_FLAGS=--xla_gpu_enable_command_buffer=' (empty set). Original error: Failed to instantiate CUDA graph: CUDA_ERROR_OUT_OF_MEMORY: out of memory [executable_name='jit_stack']
  wall: 2292s  exit: 1
  manifest: iosp/data/results/tower/blocks5_seed1.manifest.json

============================================================
[run] blocks5_seed2  GPU=1  module=iosp.experiments.e9_tower
  cmd: /home/sadmin/miniconda3/envs/pyroffi/bin/python -m iosp.experiments.e9_tower --n-iters 60 --n-steps 40 --n-starts 4 --stack-level 5 --seed 2 --out iosp/data/results/tower/blocks5_seed2.npz
2026-08-31 00:27:07.479 | INFO     | pyroffi.collision._robot_collision:_compute_active_pair_indices_from_srdf:792 - Loaded 36 disabled collision pairs from SRDF
2026-08-31 00:27:08.260 | INFO     | pyroffi.collision._robot_collision:from_urdf:701 - Created RobotCollision with 13 links and 42 active self-collision pairs, using spherical collision models.
[build] 17.0s  K=6 ['effort', 'smooth', 'clearance', 'orient', 'z_align', 'skeleton']  stack_level=5  fit/test=6/6
E0831 00:33:26.366090 3694494 slow_operation_alarm.cc:73] 
********************************
[Compiling module jit__lambda for GPU] Very slow compile? If you want to file a bug, run with envvar XLA_FLAGS=--xla_dump_to=/tmp/foo and attach the results.
********************************
E0831 00:35:01.401251 3694411 slow_operation_alarm.cc:140] The operation took 3m35.03526663s

********************************
[Compiling module jit__lambda for GPU] Very slow compile? If you want to file a bug, run with envvar XLA_FLAGS=--xla_dump_to=/tmp/foo and attach the results.
********************************
[demos] 1071.4s, shape (6, 22, 3)
[sanity] loss(z_star) = 3.209e-07
[grad] dL/dtheta at z=0: [ 1.7971534e-03 -4.3706248e-05  1.1510559e-04  1.1513330e-02
 -8.0288853e-03 -5.3529977e-03]
E0831 01:03:36.032643 3694494 slow_operation_alarm.cc:73] 
********************************
[Compiling module jit_loss for GPU] Very slow compile? If you want to file a bug, run with envvar XLA_FLAGS=--xla_dump_to=/tmp/foo and attach the results.
********************************
E0831 01:04:24.712149 3694411 slow_operation_alarm.cc:140] The operation took 2m48.679617678s

********************************
[Compiling module jit_loss for GPU] Very slow compile? If you want to file a bug, run with envvar XLA_FLAGS=--xla_dump_to=/tmp/foo and attach the results.
********************************
W0831 01:23:55.551128 3694411 cuda_command_buffer.cc:887] Retry CUDA graph instantiation after OOM error
Traceback (most recent call last):
  File "<frozen runpy>", line 198, in _run_module_as_main
  File "<frozen runpy>", line 88, in _run_code
  File "/home/sadmin/Work/pyroffi/iosp/experiments/e9_tower.py", line 187, in <module>
    report(run(seed=a.seed, n_iters=a.n_iters, n_scenes=a.n_scenes,
           ^^^^^^^^^^^^^^^^^^^^^^^^^^^^^^^^^^^^^^^^^^^^^^^^^^^^^^^^
  File "/home/sadmin/Work/pyroffi/iosp/experiments/e9_tower.py", line 135, in run
    b["test_rmse"] = float(jnp.sqrt(jt(b["z"])))
                     ^^^^^^^^^^^^^^^^^^^^^^^^^^^
  File "/home/sadmin/miniconda3/envs/pyroffi/lib/python3.11/site-packages/jax/_src/array.py", line 300, in __float__
    return self._value.__float__()
           ^^^^^^^^^^^
  File "/home/sadmin/miniconda3/envs/pyroffi/lib/python3.11/site-packages/jax/_src/profiler.py", line 420, in wrapper
    return func(*args, **kwargs)
           ^^^^^^^^^^^^^^^^^^^^^
  File "/home/sadmin/miniconda3/envs/pyroffi/lib/python3.11/site-packages/jax/_src/array.py", line 623, in _value
    npy_value, did_copy = self._single_device_array_to_np_array_did_copy()
                          ^^^^^^^^^^^^^^^^^^^^^^^^^^^^^^^^^^^^^^^^^^^^^^^^
jax.errors.JaxRuntimeError: RESOURCE_EXHAUSTED: Underlying backend ran out of memory trying to instantiate command buffer with 676 (total of 1992 alive graphs in the process). You can try to (a) Give more memory to the driver by reducing XLA_CLIENT_MEM_FRACTION (b) Disable command buffers with 'XLA_FLAGS=--xla_gpu_enable_command_buffer=' (empty set). Original error: Failed to instantiate CUDA graph: CUDA_ERROR_OUT_OF_MEMORY: out of memory [executable_name='jit_sqrt']
  wall: 3444s  exit: 1
  manifest: iosp/data/results/tower/blocks5_seed2.manifest.json

WARNING: 6/6 runs failed
=== pickplace_iosp on GPU 1 ===

############################################################
# pickplace_iosp: IOSP on pick-place: recover trajopt costs from single-object demos (cross-domain table row)
############################################################

============================================================
[run] pickplace_seed0  GPU=1  module=iosp.experiments.e4_three_stage
  cmd: /home/sadmin/miniconda3/envs/pyroffi/bin/python -m iosp.experiments.e4_three_stage --n-iters 60 --n-steps 40 --n-starts 4 --no-ablate-stage2 --seed 0 --out iosp/data/results/pickplace/pickplace_seed0.json
2026-08-31 01:24:31.521 | INFO     | pyroffi.collision._robot_collision:_compute_active_pair_indices_from_srdf:792 - Loaded 36 disabled collision pairs from SRDF
2026-08-31 01:24:32.325 | INFO     | pyroffi.collision._robot_collision:from_urdf:701 - Created RobotCollision with 13 links and 42 active self-collision pairs, using spherical collision models.
[build] 14.9s  K=4 ['smooth', 'clearance', 'upright', 'skeleton']  N_FULL=23  fit/test = 6/6  theta_ik FIXED at [0.06 0.04]
E0831 01:30:54.667751 3745745 slow_operation_alarm.cc:73] 
********************************
[Compiling module jit__lambda for GPU] Very slow compile? If you want to file a bug, run with envvar XLA_FLAGS=--xla_dump_to=/tmp/foo and attach the results.
********************************
E0831 01:33:33.612885 3745659 slow_operation_alarm.cc:140] The operation took 4m38.945232414s

********************************
[Compiling module jit__lambda for GPU] Very slow compile? If you want to file a bug, run with envvar XLA_FLAGS=--xla_dump_to=/tmp/foo and attach the results.
********************************
[demos] 1188.3s (compile incl.), shape (6, 23, 3)
[sanity] loss(z_star) = 6.298e-06
Traceback (most recent call last):
  File "<frozen runpy>", line 198, in _run_module_as_main
  File "<frozen runpy>", line 88, in _run_code
  File "/home/sadmin/Work/pyroffi/iosp/experiments/e4_three_stage.py", line 301, in <module>
    out = run(seed=a.seed, n_iters=a.n_iters, n_scenes=a.n_scenes,
          ^^^^^^^^^^^^^^^^^^^^^^^^^^^^^^^^^^^^^^^^^^^^^^^^^^^^^^^^
  File "/home/sadmin/Work/pyroffi/iosp/experiments/e4_three_stage.py", line 205, in run
    assert sanity < 1e-8, f"model does not reproduce its own demo: {sanity:.3e}"
           ^^^^^^^^^^^^^
AssertionError: model does not reproduce its own demo: 6.298e-06
  wall: 1698s  exit: 1
  manifest: iosp/data/results/pickplace/pickplace_seed0.manifest.json

============================================================
[run] pickplace_seed1  GPU=1  module=iosp.experiments.e4_three_stage
  cmd: /home/sadmin/miniconda3/envs/pyroffi/bin/python -m iosp.experiments.e4_three_stage --n-iters 60 --n-steps 40 --n-starts 4 --no-ablate-stage2 --seed 1 --out iosp/data/results/pickplace/pickplace_seed1.json
2026-08-31 01:52:49.722 | INFO     | pyroffi.collision._robot_collision:_compute_active_pair_indices_from_srdf:792 - Loaded 36 disabled collision pairs from SRDF
2026-08-31 01:52:50.485 | INFO     | pyroffi.collision._robot_collision:from_urdf:701 - Created RobotCollision with 13 links and 42 active self-collision pairs, using spherical collision models.
[build] 14.9s  K=4 ['smooth', 'clearance', 'upright', 'skeleton']  N_FULL=23  fit/test = 6/6  theta_ik FIXED at [0.06 0.04]
E0831 01:59:12.562607 3756920 slow_operation_alarm.cc:73] 
********************************
[Compiling module jit__lambda for GPU] Very slow compile? If you want to file a bug, run with envvar XLA_FLAGS=--xla_dump_to=/tmp/foo and attach the results.
********************************
E0831 02:01:54.840518 3756834 slow_operation_alarm.cc:140] The operation took 4m42.277997029s

********************************
[Compiling module jit__lambda for GPU] Very slow compile? If you want to file a bug, run with envvar XLA_FLAGS=--xla_dump_to=/tmp/foo and attach the results.
********************************
[demos] 1191.8s (compile incl.), shape (6, 23, 3)
[sanity] loss(z_star) = 8.319e-06
Traceback (most recent call last):
  File "<frozen runpy>", line 198, in _run_module_as_main
  File "<frozen runpy>", line 88, in _run_code
  File "/home/sadmin/Work/pyroffi/iosp/experiments/e4_three_stage.py", line 301, in <module>
    out = run(seed=a.seed, n_iters=a.n_iters, n_scenes=a.n_scenes,
          ^^^^^^^^^^^^^^^^^^^^^^^^^^^^^^^^^^^^^^^^^^^^^^^^^^^^^^^^
  File "/home/sadmin/Work/pyroffi/iosp/experiments/e4_three_stage.py", line 205, in run
    assert sanity < 1e-8, f"model does not reproduce its own demo: {sanity:.3e}"
           ^^^^^^^^^^^^^
AssertionError: model does not reproduce its own demo: 8.319e-06
  wall: 1701s  exit: 1
  manifest: iosp/data/results/pickplace/pickplace_seed1.manifest.json

============================================================
[run] pickplace_seed2  GPU=1  module=iosp.experiments.e4_three_stage
  cmd: /home/sadmin/miniconda3/envs/pyroffi/bin/python -m iosp.experiments.e4_three_stage --n-iters 60 --n-steps 40 --n-starts 4 --no-ablate-stage2 --seed 2 --out iosp/data/results/pickplace/pickplace_seed2.json
2026-08-31 02:21:11.169 | INFO     | pyroffi.collision._robot_collision:_compute_active_pair_indices_from_srdf:792 - Loaded 36 disabled collision pairs from SRDF
2026-08-31 02:21:11.971 | INFO     | pyroffi.collision._robot_collision:from_urdf:701 - Created RobotCollision with 13 links and 42 active self-collision pairs, using spherical collision models.
[build] 15.1s  K=4 ['smooth', 'clearance', 'upright', 'skeleton']  N_FULL=23  fit/test = 6/6  theta_ik FIXED at [0.06 0.04]
E0831 02:27:33.174291 3768304 slow_operation_alarm.cc:73] 
********************************
[Compiling module jit__lambda for GPU] Very slow compile? If you want to file a bug, run with envvar XLA_FLAGS=--xla_dump_to=/tmp/foo and attach the results.
********************************
E0831 02:30:14.033442 3768218 slow_operation_alarm.cc:140] The operation took 4m40.859250414s

********************************
[Compiling module jit__lambda for GPU] Very slow compile? If you want to file a bug, run with envvar XLA_FLAGS=--xla_dump_to=/tmp/foo and attach the results.
********************************
[demos] 1199.1s (compile incl.), shape (6, 23, 3)
[sanity] loss(z_star) = 1.727e-05
Traceback (most recent call last):
  File "<frozen runpy>", line 198, in _run_module_as_main
  File "<frozen runpy>", line 88, in _run_code
  File "/home/sadmin/Work/pyroffi/iosp/experiments/e4_three_stage.py", line 301, in <module>
    out = run(seed=a.seed, n_iters=a.n_iters, n_scenes=a.n_scenes,
          ^^^^^^^^^^^^^^^^^^^^^^^^^^^^^^^^^^^^^^^^^^^^^^^^^^^^^^^^
  File "/home/sadmin/Work/pyroffi/iosp/experiments/e4_three_stage.py", line 205, in run
    assert sanity < 1e-8, f"model does not reproduce its own demo: {sanity:.3e}"
           ^^^^^^^^^^^^^
AssertionError: model does not reproduce its own demo: 1.727e-05
  wall: 1709s  exit: 1
  manifest: iosp/data/results/pickplace/pickplace_seed2.manifest.json

============================================================
[run] pickplace_seed3  GPU=1  module=iosp.experiments.e4_three_stage
  cmd: /home/sadmin/miniconda3/envs/pyroffi/bin/python -m iosp.experiments.e4_three_stage --n-iters 60 --n-steps 40 --n-starts 4 --no-ablate-stage2 --seed 3 --out iosp/data/results/pickplace/pickplace_seed3.json
2026-08-31 02:49:40.004 | INFO     | pyroffi.collision._robot_collision:_compute_active_pair_indices_from_srdf:792 - Loaded 36 disabled collision pairs from SRDF
2026-08-31 02:49:40.764 | INFO     | pyroffi.collision._robot_collision:from_urdf:701 - Created RobotCollision with 13 links and 42 active self-collision pairs, using spherical collision models.
[build] 14.9s  K=4 ['smooth', 'clearance', 'upright', 'skeleton']  N_FULL=23  fit/test = 6/6  theta_ik FIXED at [0.06 0.04]
E0831 02:56:01.680989 3780166 slow_operation_alarm.cc:73] 
********************************
[Compiling module jit__lambda for GPU] Very slow compile? If you want to file a bug, run with envvar XLA_FLAGS=--xla_dump_to=/tmp/foo and attach the results.
********************************
E0831 02:58:46.676194 3780080 slow_operation_alarm.cc:140] The operation took 4m44.995307258s

********************************
[Compiling module jit__lambda for GPU] Very slow compile? If you want to file a bug, run with envvar XLA_FLAGS=--xla_dump_to=/tmp/foo and attach the results.
********************************
[demos] 1191.5s (compile incl.), shape (6, 23, 3)
[sanity] loss(z_star) = 1.966e-05
Traceback (most recent call last):
  File "<frozen runpy>", line 198, in _run_module_as_main
  File "<frozen runpy>", line 88, in _run_code
  File "/home/sadmin/Work/pyroffi/iosp/experiments/e4_three_stage.py", line 301, in <module>
    out = run(seed=a.seed, n_iters=a.n_iters, n_scenes=a.n_scenes,
          ^^^^^^^^^^^^^^^^^^^^^^^^^^^^^^^^^^^^^^^^^^^^^^^^^^^^^^^^
  File "/home/sadmin/Work/pyroffi/iosp/experiments/e4_three_stage.py", line 205, in run
    assert sanity < 1e-8, f"model does not reproduce its own demo: {sanity:.3e}"
           ^^^^^^^^^^^^^
AssertionError: model does not reproduce its own demo: 1.966e-05
  wall: 1699s  exit: 1
  manifest: iosp/data/results/pickplace/pickplace_seed3.manifest.json

============================================================
[run] pickplace_seed4  GPU=1  module=iosp.experiments.e4_three_stage
  cmd: /home/sadmin/miniconda3/envs/pyroffi/bin/python -m iosp.experiments.e4_three_stage --n-iters 60 --n-steps 40 --n-starts 4 --no-ablate-stage2 --seed 4 --out iosp/data/results/pickplace/pickplace_seed4.json
2026-08-31 03:17:59.369 | INFO     | pyroffi.collision._robot_collision:_compute_active_pair_indices_from_srdf:792 - Loaded 36 disabled collision pairs from SRDF
2026-08-31 03:18:00.128 | INFO     | pyroffi.collision._robot_collision:from_urdf:701 - Created RobotCollision with 13 links and 42 active self-collision pairs, using spherical collision models.
[build] 14.9s  K=4 ['smooth', 'clearance', 'upright', 'skeleton']  N_FULL=23  fit/test = 6/6  theta_ik FIXED at [0.06 0.04]
E0831 03:24:21.044104 3791790 slow_operation_alarm.cc:73] 
********************************
[Compiling module jit__lambda for GPU] Very slow compile? If you want to file a bug, run with envvar XLA_FLAGS=--xla_dump_to=/tmp/foo and attach the results.
********************************
E0831 03:26:59.536426 3791704 slow_operation_alarm.cc:140] The operation took 4m38.49241811s

********************************
[Compiling module jit__lambda for GPU] Very slow compile? If you want to file a bug, run with envvar XLA_FLAGS=--xla_dump_to=/tmp/foo and attach the results.
********************************
[demos] 1181.5s (compile incl.), shape (6, 23, 3)
[sanity] loss(z_star) = 8.521e-06
Traceback (most recent call last):
  File "<frozen runpy>", line 198, in _run_module_as_main
  File "<frozen runpy>", line 88, in _run_code
  File "/home/sadmin/Work/pyroffi/iosp/experiments/e4_three_stage.py", line 301, in <module>
    out = run(seed=a.seed, n_iters=a.n_iters, n_scenes=a.n_scenes,
          ^^^^^^^^^^^^^^^^^^^^^^^^^^^^^^^^^^^^^^^^^^^^^^^^^^^^^^^^
  File "/home/sadmin/Work/pyroffi/iosp/experiments/e4_three_stage.py", line 205, in run
    assert sanity < 1e-8, f"model does not reproduce its own demo: {sanity:.3e}"
           ^^^^^^^^^^^^^
AssertionError: model does not reproduce its own demo: 8.521e-06
  wall: 1690s  exit: 1
  manifest: iosp/data/results/pickplace/pickplace_seed4.manifest.json

WARNING: 5/5 runs failed
=== all domains done ===
