--- blocks3_seed0 ---
2026-08-31 22:07:04.828 | INFO     | pyroffi.collision._robot_collision:_compute_active_pair_indices_from_srdf:792 - Loaded 36 disabled collision pairs from SRDF
2026-08-31 22:07:05.676 | INFO     | pyroffi.collision._robot_collision:from_urdf:701 - Created RobotCollision with 13 links and 42 active self-collision pairs, using spherical collision models.
[build] 18.6s  K=5 ['effort', 'smooth', 'clearance', 'orient', 'skeleton']  num_blocks=3  fit/test=6/6
[demos] 151.9s, shape (6, 22, 3)
[sanity] loss(z_star) = 1.635e-07
[grad] dL/dtheta at z=0: [ 5.3823322e-02 -9.2508849e-03  1.1957792e-04  1.7013156e-01
 -2.1482357e-01]
[fit] test RMSE 0.01291  move_rel=9.469e-01 reduction=664.30x ok  fit_time=694.8s
[time] wall=1027.8s  fit=694.8s
[out] wrote iosp/data/results/tetris/blocks3_seed0.npz

=== held-out behavioural recovery (EE RMSE, m) ===
  baseline uniform (theta = 1/K)         0.37129     +0.0% vs uniform
  tetris IOSP fit                        0.01291    +96.5% vs uniform
  oracle theta*                          0.00047    +99.9% vs uniform

param_err (reported, NOT criterion): 0.3111
  effort         0.0630    0.0893
  smooth         0.1794    0.2427
  clearance      0.4148    0.1472
  orient         0.0800    0.1205
  skeleton       0.2629    0.4002
exit: 0
--- blocks3_seed1 ---
2026-08-31 22:24:27.127 | INFO     | pyroffi.collision._robot_collision:_compute_active_pair_indices_from_srdf:792 - Loaded 36 disabled collision pairs from SRDF
2026-08-31 22:24:27.912 | INFO     | pyroffi.collision._robot_collision:from_urdf:701 - Created RobotCollision with 13 links and 42 active self-collision pairs, using spherical collision models.
[build] 16.9s  K=5 ['effort', 'smooth', 'clearance', 'orient', 'skeleton']  num_blocks=3  fit/test=6/6
[demos] 152.2s, shape (6, 22, 3)
[sanity] loss(z_star) = 1.960e-06
[grad] dL/dtheta at z=0: [ 4.3481417e-02 -8.6648455e-03  1.9440129e-04  1.6564509e-01
 -2.0065606e-01]
[fit] test RMSE 0.02357  move_rel=1.402e+30 reduction=275.07x ok  fit_time=694.7s
[time] wall=1026.6s  fit=694.7s
[out] wrote iosp/data/results/tetris/blocks3_seed1.npz

=== held-out behavioural recovery (EE RMSE, m) ===
  baseline uniform (theta = 1/K)         0.38191     +0.0% vs uniform
  tetris IOSP fit                        0.02357    +93.8% vs uniform
  oracle theta*                          0.00050    +99.9% vs uniform

param_err (reported, NOT criterion): 0.0535
  effort         0.0677    0.0893
  smooth         0.2432    0.2427
  clearance      0.1930    0.1472
  orient         0.1085    0.1205
  skeleton       0.3876    0.4002
exit: 0
--- blocks3_seed2 ---
2026-08-31 22:41:48.073 | INFO     | pyroffi.collision._robot_collision:_compute_active_pair_indices_from_srdf:792 - Loaded 36 disabled collision pairs from SRDF
2026-08-31 22:41:48.853 | INFO     | pyroffi.collision._robot_collision:from_urdf:701 - Created RobotCollision with 13 links and 42 active self-collision pairs, using spherical collision models.
[build] 16.7s  K=5 ['effort', 'smooth', 'clearance', 'orient', 'skeleton']  num_blocks=3  fit/test=6/6
[demos] 152.2s, shape (6, 22, 3)
[sanity] loss(z_star) = 3.000e-06
[grad] dL/dtheta at z=0: [ 1.8202811e-02 -6.0586724e-03 -1.2992075e-05  1.3462286e-01
 -1.4675400e-01]
[fit] test RMSE 0.02325  move_rel=1.444e+30 reduction=150.93x ok  fit_time=696.9s
[time] wall=1028.0s  fit=696.9s
[out] wrote iosp/data/results/tetris/blocks3_seed2.npz

=== held-out behavioural recovery (EE RMSE, m) ===
  baseline uniform (theta = 1/K)         0.37552     +0.0% vs uniform
  tetris IOSP fit                        0.02325    +93.8% vs uniform
  oracle theta*                          0.00039    +99.9% vs uniform

param_err (reported, NOT criterion): 0.0801
  effort         0.0638    0.0893
  smooth         0.2276    0.2427
  clearance      0.2184    0.1472
  orient         0.1061    0.1205
  skeleton       0.3841    0.4002
exit: 0
--- blocks5_seed0 ---
2026-08-31 22:59:10.420 | INFO     | pyroffi.collision._robot_collision:_compute_active_pair_indices_from_srdf:792 - Loaded 36 disabled collision pairs from SRDF
2026-08-31 22:59:11.207 | INFO     | pyroffi.collision._robot_collision:from_urdf:701 - Created RobotCollision with 13 links and 42 active self-collision pairs, using spherical collision models.
[build] 16.9s  K=5 ['effort', 'smooth', 'clearance', 'orient', 'skeleton']  num_blocks=5  fit/test=6/6
[demos] 151.2s, shape (6, 22, 3)
[sanity] loss(z_star) = 1.635e-07
[grad] dL/dtheta at z=0: [ 5.3823322e-02 -9.2508849e-03  1.1957792e-04  1.7013156e-01
 -2.1482357e-01]
[fit] test RMSE 0.01291  move_rel=9.469e-01 reduction=664.30x ok  fit_time=696.4s
[time] wall=1027.9s  fit=696.4s
[out] wrote iosp/data/results/tetris/blocks5_seed0.npz

=== held-out behavioural recovery (EE RMSE, m) ===
  baseline uniform (theta = 1/K)         0.37129     +0.0% vs uniform
  tetris IOSP fit                        0.01291    +96.5% vs uniform
  oracle theta*                          0.00047    +99.9% vs uniform

param_err (reported, NOT criterion): 0.3111
  effort         0.0630    0.0893
  smooth         0.1794    0.2427
  clearance      0.4148    0.1472
  orient         0.0800    0.1205
  skeleton       0.2629    0.4002
exit: 0
--- blocks5_seed1 ---
2026-08-31 23:16:33.183 | INFO     | pyroffi.collision._robot_collision:_compute_active_pair_indices_from_srdf:792 - Loaded 36 disabled collision pairs from SRDF
2026-08-31 23:16:33.986 | INFO     | pyroffi.collision._robot_collision:from_urdf:701 - Created RobotCollision with 13 links and 42 active self-collision pairs, using spherical collision models.
[build] 17.3s  K=5 ['effort', 'smooth', 'clearance', 'orient', 'skeleton']  num_blocks=5  fit/test=6/6
[demos] 152.6s, shape (6, 22, 3)
[sanity] loss(z_star) = 1.960e-06
[grad] dL/dtheta at z=0: [ 4.3481417e-02 -8.6648455e-03  1.9440129e-04  1.6564509e-01
 -2.0065606e-01]
[fit] test RMSE 0.02357  move_rel=1.402e+30 reduction=275.07x ok  fit_time=696.0s
[time] wall=1030.0s  fit=696.0s
[out] wrote iosp/data/results/tetris/blocks5_seed1.npz

=== held-out behavioural recovery (EE RMSE, m) ===
  baseline uniform (theta = 1/K)         0.38191     +0.0% vs uniform
  tetris IOSP fit                        0.02357    +93.8% vs uniform
  oracle theta*                          0.00050    +99.9% vs uniform

param_err (reported, NOT criterion): 0.0535
  effort         0.0677    0.0893
  smooth         0.2432    0.2427
  clearance      0.1930    0.1472
  orient         0.1085    0.1205
  skeleton       0.3876    0.4002
exit: 0
--- blocks5_seed2 ---
2026-08-31 23:33:57.673 | INFO     | pyroffi.collision._robot_collision:_compute_active_pair_indices_from_srdf:792 - Loaded 36 disabled collision pairs from SRDF
2026-08-31 23:33:58.473 | INFO     | pyroffi.collision._robot_collision:from_urdf:701 - Created RobotCollision with 13 links and 42 active self-collision pairs, using spherical collision models.
[build] 17.2s  K=5 ['effort', 'smooth', 'clearance', 'orient', 'skeleton']  num_blocks=5  fit/test=6/6
[demos] 153.9s, shape (6, 22, 3)
[sanity] loss(z_star) = 3.000e-06
[grad] dL/dtheta at z=0: [ 1.8202811e-02 -6.0586724e-03 -1.2992075e-05  1.3462286e-01
 -1.4675400e-01]
[fit] test RMSE 0.02325  move_rel=1.444e+30 reduction=150.93x ok  fit_time=698.2s
[time] wall=1032.8s  fit=698.2s
[out] wrote iosp/data/results/tetris/blocks5_seed2.npz

=== held-out behavioural recovery (EE RMSE, m) ===
  baseline uniform (theta = 1/K)         0.37552     +0.0% vs uniform
  tetris IOSP fit                        0.02325    +93.8% vs uniform
  oracle theta*                          0.00039    +99.9% vs uniform

param_err (reported, NOT criterion): 0.0801
  effort         0.0638    0.0893
  smooth         0.2276    0.2427
  clearance      0.2184    0.1472
  orient         0.1061    0.1205
  skeleton       0.3841    0.4002
exit: 0
=== tetris done ===
