--- blocks3_seed0 ---
2026-08-31 19:57:30.709 | INFO     | pyroffi.collision._robot_collision:_compute_active_pair_indices_from_srdf:792 - Loaded 36 disabled collision pairs from SRDF
2026-08-31 19:57:31.548 | INFO     | pyroffi.collision._robot_collision:from_urdf:701 - Created RobotCollision with 13 links and 42 active self-collision pairs, using spherical collision models.
[build] 18.9s  K=5 ['effort', 'smooth', 'clearance', 'orient', 'skeleton']  num_blocks=3  fit/test=6/6
[demos] 152.2s, shape (6, 22, 3)
[sanity] loss(z_star) = 1.635e-07
[grad] dL/dtheta at z=0: [ 5.3823322e-02 -9.2508849e-03  1.1957792e-04  1.7013156e-01
 -2.1482357e-01]
[fit] test RMSE 0.01291  move_rel=9.469e-01 reduction=664.30x ok  fit_time=694.4s
[time] wall=1027.9s  fit=694.4s
[out] wrote iosp/data/results/tetris/blocks3_seed0.npz

=== held-out behavioural recovery (EE RMSE, m) ===
  baseline uniform (theta = 1/K)         0.37129     +0.0% vs uniform
  tetris IOSP fit                        0.01291    +96.5% vs uniform
  oracle theta*                          0.00047    +99.9% vs uniform

param_err (reported, NOT criterion): 0.3111
  effort         0.0630    0.0893
  smooth         0.1794    0.2427
  clearance      0.4148    0.1472
  orient         0.0800    0.1205
  skeleton       0.2629    0.4002
exit: 0
--- blocks3_seed1 ---
2026-08-31 20:14:52.960 | INFO     | pyroffi.collision._robot_collision:_compute_active_pair_indices_from_srdf:792 - Loaded 36 disabled collision pairs from SRDF
2026-08-31 20:14:53.739 | INFO     | pyroffi.collision._robot_collision:from_urdf:701 - Created RobotCollision with 13 links and 42 active self-collision pairs, using spherical collision models.
[build] 16.8s  K=5 ['effort', 'smooth', 'clearance', 'orient', 'skeleton']  num_blocks=3  fit/test=6/6
[demos] 151.2s, shape (6, 22, 3)
E0831 20:24:00.850528    9171 slow_operation_alarm.cc:73] 
********************************
[Compiling module jit_loss for GPU] Very slow compile? If you want to file a bug, run with envvar XLA_FLAGS=--xla_dump_to=/tmp/foo and attach the results.
********************************
E0831 20:24:14.899433    9085 slow_operation_alarm.cc:140] The operation took 2m14.049025517s

********************************
[Compiling module jit_loss for GPU] Very slow compile? If you want to file a bug, run with envvar XLA_FLAGS=--xla_dump_to=/tmp/foo and attach the results.
********************************
[sanity] loss(z_star) = 1.960e-06
[grad] dL/dtheta at z=0: [ 4.3481417e-02 -8.6648455e-03  1.9440129e-04  1.6564509e-01
 -2.0065606e-01]
[fit] test RMSE 0.02357  move_rel=1.402e+30 reduction=275.07x ok  fit_time=703.4s
[time] wall=1702.0s  fit=703.4s
[out] wrote iosp/data/results/tetris/blocks3_seed1.npz

=== held-out behavioural recovery (EE RMSE, m) ===
  baseline uniform (theta = 1/K)         0.38191     +0.0% vs uniform
  tetris IOSP fit                        0.02357    +93.8% vs uniform
  oracle theta*                          0.00050    +99.9% vs uniform

param_err (reported, NOT criterion): 0.0535
  effort         0.0677    0.0893
  smooth         0.2432    0.2427
  clearance      0.1930    0.1472
  orient         0.1085    0.1205
  skeleton       0.3876    0.4002
exit: 0
--- blocks3_seed2 ---
2026-08-31 20:44:22.846 | INFO     | pyroffi.collision._robot_collision:_compute_active_pair_indices_from_srdf:792 - Loaded 36 disabled collision pairs from SRDF
2026-08-31 20:44:23.653 | INFO     | pyroffi.collision._robot_collision:from_urdf:701 - Created RobotCollision with 13 links and 42 active self-collision pairs, using spherical collision models.
[build] 17.2s  K=5 ['effort', 'smooth', 'clearance', 'orient', 'skeleton']  num_blocks=3  fit/test=6/6
E0831 20:50:02.914594   37332 slow_operation_alarm.cc:73] 
********************************
[Compiling module jit__lambda for GPU] Very slow compile? If you want to file a bug, run with envvar XLA_FLAGS=--xla_dump_to=/tmp/foo and attach the results.
********************************
E0831 20:50:49.330249   37246 slow_operation_alarm.cc:140] The operation took 2m46.415735252s

********************************
[Compiling module jit__lambda for GPU] Very slow compile? If you want to file a bug, run with envvar XLA_FLAGS=--xla_dump_to=/tmp/foo and attach the results.
********************************
[demos] 852.3s, shape (6, 22, 3)
[sanity] loss(z_star) = 3.000e-06
[grad] dL/dtheta at z=0: [ 1.8202811e-02 -6.0586724e-03 -1.2992075e-05  1.3462286e-01
 -1.4675400e-01]
E0831 21:23:48.006889   37332 slow_operation_alarm.cc:73] 
********************************
[Compiling module jit_loss for GPU] Very slow compile? If you want to file a bug, run with envvar XLA_FLAGS=--xla_dump_to=/tmp/foo and attach the results.
********************************
E0831 21:23:58.870159   37246 slow_operation_alarm.cc:140] The operation took 2m10.863362533s

********************************
[Compiling module jit_loss for GPU] Very slow compile? If you want to file a bug, run with envvar XLA_FLAGS=--xla_dump_to=/tmp/foo and attach the results.
********************************
[fit] test RMSE 0.02325  move_rel=1.444e+30 reduction=150.93x ok  fit_time=707.1s
[time] wall=2435.0s  fit=707.1s
[out] wrote iosp/data/results/tetris/blocks3_seed2.npz

=== held-out behavioural recovery (EE RMSE, m) ===
  baseline uniform (theta = 1/K)         0.37552     +0.0% vs uniform
  tetris IOSP fit                        0.02325    +93.8% vs uniform
  oracle theta*                          0.00039    +99.9% vs uniform

param_err (reported, NOT criterion): 0.0801
  effort         0.0638    0.0893
  smooth         0.2276    0.2427
  clearance      0.2184    0.1472
  orient         0.1061    0.1205
  skeleton       0.3841    0.4002
exit: 0
--- blocks5_seed0 ---
2026-08-31 21:25:50.437 | INFO     | pyroffi.collision._robot_collision:_compute_active_pair_indices_from_srdf:792 - Loaded 36 disabled collision pairs from SRDF
2026-08-31 21:25:51.233 | INFO     | pyroffi.collision._robot_collision:from_urdf:701 - Created RobotCollision with 13 links and 42 active self-collision pairs, using spherical collision models.
[build] 17.6s  K=5 ['effort', 'smooth', 'clearance', 'orient', 'skeleton']  num_blocks=5  fit/test=6/6
[demos] 155.3s, shape (6, 22, 3)
[sanity] loss(z_star) = 1.635e-07
[grad] dL/dtheta at z=0: [ 5.3823322e-02 -9.2508849e-03  1.1957792e-04  1.7013156e-01
 -2.1482357e-01]
