=== tetris_iosp on GPU 3 ===

############################################################
# tetris_iosp: IOSP on SPaSM tetris packing: recover trajopt costs from composed pick-place demos
############################################################

============================================================
[run] blocks3_seed0  GPU=3  module=iosp.experiments.e8_tetris
  cmd: /home/sadmin/miniconda3/envs/pyroffi/bin/python -m iosp.experiments.e8_tetris --n-iters 60 --n-steps 40 --n-starts 4 --num-blocks 3 --seed 0 --out iosp/data/results/tetris/blocks3_seed0.npz
2026-08-30 15:26:06.020 | INFO     | pyroffi.collision._robot_collision:_compute_active_pair_indices_from_srdf:792 - Loaded 36 disabled collision pairs from SRDF
2026-08-30 15:26:06.992 | INFO     | pyroffi.collision._robot_collision:from_urdf:701 - Created RobotCollision with 13 links and 42 active self-collision pairs, using spherical collision models.
Traceback (most recent call last):
  File "<frozen runpy>", line 198, in _run_module_as_main
  File "<frozen runpy>", line 88, in _run_code
  File "/home/sadmin/Work/pyroffi/iosp/experiments/e8_tetris.py", line 190, in <module>
    report(run(seed=a.seed, n_iters=a.n_iters, n_scenes=a.n_scenes,
           ^^^^^^^^^^^^^^^^^^^^^^^^^^^^^^^^^^^^^^^^^^^^^^^^^^^^^^^^
  File "/home/sadmin/Work/pyroffi/iosp/experiments/e8_tetris.py", line 107, in run
    built = build(seed=seed, n_iters=n_iters, n_scenes=n_scenes,
            ^^^^^^^^^^^^^^^^^^^^^^^^^^^^^^^^^^^^^^^^^^^^^^^^^^^^
  File "/home/sadmin/Work/pyroffi/iosp/experiments/e8_tetris.py", line 51, in build
    scales = prob.calibrate_segment(p, rf, seg_scenes[p], key)
             ^^^^^^^^^^^^^^^^^^^^^^^^^^^^^^^^^^^^^^^^^^^^^^^^^
  File "/home/sadmin/Work/pyroffi/iosp/model/tetris.py", line 303, in calibrate_segment
    assert bool(jnp.all(scales > 1e-8)), \
           ^^^^^^^^^^^^^^^^^^^^^^^^^^^^
  File "/home/sadmin/miniconda3/envs/pyroffi/lib/python3.11/site-packages/jax/_src/array.py", line 296, in __bool__
    return bool(self._value)
                ^^^^^^^^^^^
  File "/home/sadmin/miniconda3/envs/pyroffi/lib/python3.11/site-packages/jax/_src/profiler.py", line 420, in wrapper
    return func(*args, **kwargs)
           ^^^^^^^^^^^^^^^^^^^^^
  File "/home/sadmin/miniconda3/envs/pyroffi/lib/python3.11/site-packages/jax/_src/array.py", line 623, in _value
    npy_value, did_copy = self._single_device_array_to_np_array_did_copy()
                          ^^^^^^^^^^^^^^^^^^^^^^^^^^^^^^^^^^^^^^^^^^^^^^^^
jax.errors.JaxRuntimeError: INTERNAL: out of memory [executable_name='jit__reduce_all']
  wall: 12s  exit: 1
  manifest: iosp/data/results/tetris/blocks3_seed0.manifest.json

============================================================
[run] blocks3_seed1  GPU=3  module=iosp.experiments.e8_tetris
  cmd: /home/sadmin/miniconda3/envs/pyroffi/bin/python -m iosp.experiments.e8_tetris --n-iters 60 --n-steps 40 --n-starts 4 --num-blocks 3 --seed 1 --out iosp/data/results/tetris/blocks3_seed1.npz
2026-08-30 15:26:17.919 | INFO     | pyroffi.collision._robot_collision:_compute_active_pair_indices_from_srdf:792 - Loaded 36 disabled collision pairs from SRDF
2026-08-30 15:26:18.879 | INFO     | pyroffi.collision._robot_collision:from_urdf:701 - Created RobotCollision with 13 links and 42 active self-collision pairs, using spherical collision models.
Traceback (most recent call last):
  File "<frozen runpy>", line 198, in _run_module_as_main
  File "<frozen runpy>", line 88, in _run_code
  File "/home/sadmin/Work/pyroffi/iosp/experiments/e8_tetris.py", line 190, in <module>
    report(run(seed=a.seed, n_iters=a.n_iters, n_scenes=a.n_scenes,
           ^^^^^^^^^^^^^^^^^^^^^^^^^^^^^^^^^^^^^^^^^^^^^^^^^^^^^^^^
  File "/home/sadmin/Work/pyroffi/iosp/experiments/e8_tetris.py", line 107, in run
    built = build(seed=seed, n_iters=n_iters, n_scenes=n_scenes,
            ^^^^^^^^^^^^^^^^^^^^^^^^^^^^^^^^^^^^^^^^^^^^^^^^^^^^
  File "/home/sadmin/Work/pyroffi/iosp/experiments/e8_tetris.py", line 51, in build
    scales = prob.calibrate_segment(p, rf, seg_scenes[p], key)
             ^^^^^^^^^^^^^^^^^^^^^^^^^^^^^^^^^^^^^^^^^^^^^^^^^
  File "/home/sadmin/Work/pyroffi/iosp/model/tetris.py", line 303, in calibrate_segment
    assert bool(jnp.all(scales > 1e-8)), \
           ^^^^^^^^^^^^^^^^^^^^^^^^^^^^
  File "/home/sadmin/miniconda3/envs/pyroffi/lib/python3.11/site-packages/jax/_src/array.py", line 296, in __bool__
    return bool(self._value)
                ^^^^^^^^^^^
  File "/home/sadmin/miniconda3/envs/pyroffi/lib/python3.11/site-packages/jax/_src/profiler.py", line 420, in wrapper
    return func(*args, **kwargs)
           ^^^^^^^^^^^^^^^^^^^^^
  File "/home/sadmin/miniconda3/envs/pyroffi/lib/python3.11/site-packages/jax/_src/array.py", line 623, in _value
    npy_value, did_copy = self._single_device_array_to_np_array_did_copy()
                          ^^^^^^^^^^^^^^^^^^^^^^^^^^^^^^^^^^^^^^^^^^^^^^^^
jax.errors.JaxRuntimeError: INTERNAL: out of memory [executable_name='jit__reduce_all']
  wall: 13s  exit: 1
  manifest: iosp/data/results/tetris/blocks3_seed1.manifest.json

============================================================
[run] blocks3_seed2  GPU=3  module=iosp.experiments.e8_tetris
  cmd: /home/sadmin/miniconda3/envs/pyroffi/bin/python -m iosp.experiments.e8_tetris --n-iters 60 --n-steps 40 --n-starts 4 --num-blocks 3 --seed 2 --out iosp/data/results/tetris/blocks3_seed2.npz
2026-08-30 15:26:30.793 | INFO     | pyroffi.collision._robot_collision:_compute_active_pair_indices_from_srdf:792 - Loaded 36 disabled collision pairs from SRDF
2026-08-30 15:26:31.756 | INFO     | pyroffi.collision._robot_collision:from_urdf:701 - Created RobotCollision with 13 links and 42 active self-collision pairs, using spherical collision models.
Traceback (most recent call last):
  File "<frozen runpy>", line 198, in _run_module_as_main
  File "<frozen runpy>", line 88, in _run_code
  File "/home/sadmin/Work/pyroffi/iosp/experiments/e8_tetris.py", line 190, in <module>
    report(run(seed=a.seed, n_iters=a.n_iters, n_scenes=a.n_scenes,
           ^^^^^^^^^^^^^^^^^^^^^^^^^^^^^^^^^^^^^^^^^^^^^^^^^^^^^^^^
  File "/home/sadmin/Work/pyroffi/iosp/experiments/e8_tetris.py", line 107, in run
    built = build(seed=seed, n_iters=n_iters, n_scenes=n_scenes,
            ^^^^^^^^^^^^^^^^^^^^^^^^^^^^^^^^^^^^^^^^^^^^^^^^^^^^
  File "/home/sadmin/Work/pyroffi/iosp/experiments/e8_tetris.py", line 51, in build
    scales = prob.calibrate_segment(p, rf, seg_scenes[p], key)
             ^^^^^^^^^^^^^^^^^^^^^^^^^^^^^^^^^^^^^^^^^^^^^^^^^
  File "/home/sadmin/Work/pyroffi/iosp/model/tetris.py", line 303, in calibrate_segment
    assert bool(jnp.all(scales > 1e-8)), \
           ^^^^^^^^^^^^^^^^^^^^^^^^^^^^
  File "/home/sadmin/miniconda3/envs/pyroffi/lib/python3.11/site-packages/jax/_src/array.py", line 296, in __bool__
    return bool(self._value)
                ^^^^^^^^^^^
  File "/home/sadmin/miniconda3/envs/pyroffi/lib/python3.11/site-packages/jax/_src/profiler.py", line 420, in wrapper
    return func(*args, **kwargs)
           ^^^^^^^^^^^^^^^^^^^^^
  File "/home/sadmin/miniconda3/envs/pyroffi/lib/python3.11/site-packages/jax/_src/array.py", line 623, in _value
    npy_value, did_copy = self._single_device_array_to_np_array_did_copy()
                          ^^^^^^^^^^^^^^^^^^^^^^^^^^^^^^^^^^^^^^^^^^^^^^^^
jax.errors.JaxRuntimeError: INTERNAL: out of memory [executable_name='jit__reduce_all']
  wall: 13s  exit: 1
  manifest: iosp/data/results/tetris/blocks3_seed2.manifest.json

============================================================
[run] blocks5_seed0  GPU=3  module=iosp.experiments.e8_tetris
  cmd: /home/sadmin/miniconda3/envs/pyroffi/bin/python -m iosp.experiments.e8_tetris --n-iters 60 --n-steps 40 --n-starts 4 --num-blocks 5 --seed 0 --out iosp/data/results/tetris/blocks5_seed0.npz
2026-08-30 15:26:43.636 | INFO     | pyroffi.collision._robot_collision:_compute_active_pair_indices_from_srdf:792 - Loaded 36 disabled collision pairs from SRDF
2026-08-30 15:26:44.596 | INFO     | pyroffi.collision._robot_collision:from_urdf:701 - Created RobotCollision with 13 links and 42 active self-collision pairs, using spherical collision models.
Traceback (most recent call last):
  File "<frozen runpy>", line 198, in _run_module_as_main
  File "<frozen runpy>", line 88, in _run_code
  File "/home/sadmin/Work/pyroffi/iosp/experiments/e8_tetris.py", line 190, in <module>
    report(run(seed=a.seed, n_iters=a.n_iters, n_scenes=a.n_scenes,
           ^^^^^^^^^^^^^^^^^^^^^^^^^^^^^^^^^^^^^^^^^^^^^^^^^^^^^^^^
  File "/home/sadmin/Work/pyroffi/iosp/experiments/e8_tetris.py", line 107, in run
    built = build(seed=seed, n_iters=n_iters, n_scenes=n_scenes,
            ^^^^^^^^^^^^^^^^^^^^^^^^^^^^^^^^^^^^^^^^^^^^^^^^^^^^
  File "/home/sadmin/Work/pyroffi/iosp/experiments/e8_tetris.py", line 51, in build
    scales = prob.calibrate_segment(p, rf, seg_scenes[p], key)
             ^^^^^^^^^^^^^^^^^^^^^^^^^^^^^^^^^^^^^^^^^^^^^^^^^
  File "/home/sadmin/Work/pyroffi/iosp/model/tetris.py", line 303, in calibrate_segment
    assert bool(jnp.all(scales > 1e-8)), \
           ^^^^^^^^^^^^^^^^^^^^^^^^^^^^
  File "/home/sadmin/miniconda3/envs/pyroffi/lib/python3.11/site-packages/jax/_src/array.py", line 296, in __bool__
    return bool(self._value)
                ^^^^^^^^^^^
  File "/home/sadmin/miniconda3/envs/pyroffi/lib/python3.11/site-packages/jax/_src/profiler.py", line 420, in wrapper
    return func(*args, **kwargs)
           ^^^^^^^^^^^^^^^^^^^^^
  File "/home/sadmin/miniconda3/envs/pyroffi/lib/python3.11/site-packages/jax/_src/array.py", line 623, in _value
    npy_value, did_copy = self._single_device_array_to_np_array_did_copy()
                          ^^^^^^^^^^^^^^^^^^^^^^^^^^^^^^^^^^^^^^^^^^^^^^^^
jax.errors.JaxRuntimeError: INTERNAL: out of memory [executable_name='jit__reduce_all']
  wall: 13s  exit: 1
  manifest: iosp/data/results/tetris/blocks5_seed0.manifest.json

============================================================
[run] blocks5_seed1  GPU=3  module=iosp.experiments.e8_tetris
  cmd: /home/sadmin/miniconda3/envs/pyroffi/bin/python -m iosp.experiments.e8_tetris --n-iters 60 --n-steps 40 --n-starts 4 --num-blocks 5 --seed 1 --out iosp/data/results/tetris/blocks5_seed1.npz
2026-08-30 15:26:56.440 | INFO     | pyroffi.collision._robot_collision:_compute_active_pair_indices_from_srdf:792 - Loaded 36 disabled collision pairs from SRDF
2026-08-30 15:26:57.428 | INFO     | pyroffi.collision._robot_collision:from_urdf:701 - Created RobotCollision with 13 links and 42 active self-collision pairs, using spherical collision models.
Traceback (most recent call last):
  File "<frozen runpy>", line 198, in _run_module_as_main
  File "<frozen runpy>", line 88, in _run_code
  File "/home/sadmin/Work/pyroffi/iosp/experiments/e8_tetris.py", line 190, in <module>
    report(run(seed=a.seed, n_iters=a.n_iters, n_scenes=a.n_scenes,
           ^^^^^^^^^^^^^^^^^^^^^^^^^^^^^^^^^^^^^^^^^^^^^^^^^^^^^^^^
  File "/home/sadmin/Work/pyroffi/iosp/experiments/e8_tetris.py", line 107, in run
    built = build(seed=seed, n_iters=n_iters, n_scenes=n_scenes,
            ^^^^^^^^^^^^^^^^^^^^^^^^^^^^^^^^^^^^^^^^^^^^^^^^^^^^
  File "/home/sadmin/Work/pyroffi/iosp/experiments/e8_tetris.py", line 51, in build
    scales = prob.calibrate_segment(p, rf, seg_scenes[p], key)
             ^^^^^^^^^^^^^^^^^^^^^^^^^^^^^^^^^^^^^^^^^^^^^^^^^
  File "/home/sadmin/Work/pyroffi/iosp/model/tetris.py", line 303, in calibrate_segment
    assert bool(jnp.all(scales > 1e-8)), \
           ^^^^^^^^^^^^^^^^^^^^^^^^^^^^
  File "/home/sadmin/miniconda3/envs/pyroffi/lib/python3.11/site-packages/jax/_src/array.py", line 296, in __bool__
    return bool(self._value)
                ^^^^^^^^^^^
  File "/home/sadmin/miniconda3/envs/pyroffi/lib/python3.11/site-packages/jax/_src/profiler.py", line 420, in wrapper
    return func(*args, **kwargs)
           ^^^^^^^^^^^^^^^^^^^^^
  File "/home/sadmin/miniconda3/envs/pyroffi/lib/python3.11/site-packages/jax/_src/array.py", line 623, in _value
    npy_value, did_copy = self._single_device_array_to_np_array_did_copy()
                          ^^^^^^^^^^^^^^^^^^^^^^^^^^^^^^^^^^^^^^^^^^^^^^^^
jax.errors.JaxRuntimeError: INTERNAL: out of memory [executable_name='jit__reduce_all']
  wall: 13s  exit: 1
  manifest: iosp/data/results/tetris/blocks5_seed1.manifest.json

============================================================
[run] blocks5_seed2  GPU=3  module=iosp.experiments.e8_tetris
  cmd: /home/sadmin/miniconda3/envs/pyroffi/bin/python -m iosp.experiments.e8_tetris --n-iters 60 --n-steps 40 --n-starts 4 --num-blocks 5 --seed 2 --out iosp/data/results/tetris/blocks5_seed2.npz
2026-08-30 15:27:09.342 | INFO     | pyroffi.collision._robot_collision:_compute_active_pair_indices_from_srdf:792 - Loaded 36 disabled collision pairs from SRDF
2026-08-30 15:27:10.304 | INFO     | pyroffi.collision._robot_collision:from_urdf:701 - Created RobotCollision with 13 links and 42 active self-collision pairs, using spherical collision models.
Traceback (most recent call last):
  File "<frozen runpy>", line 198, in _run_module_as_main
  File "<frozen runpy>", line 88, in _run_code
  File "/home/sadmin/Work/pyroffi/iosp/experiments/e8_tetris.py", line 190, in <module>
    report(run(seed=a.seed, n_iters=a.n_iters, n_scenes=a.n_scenes,
           ^^^^^^^^^^^^^^^^^^^^^^^^^^^^^^^^^^^^^^^^^^^^^^^^^^^^^^^^
  File "/home/sadmin/Work/pyroffi/iosp/experiments/e8_tetris.py", line 107, in run
    built = build(seed=seed, n_iters=n_iters, n_scenes=n_scenes,
            ^^^^^^^^^^^^^^^^^^^^^^^^^^^^^^^^^^^^^^^^^^^^^^^^^^^^
  File "/home/sadmin/Work/pyroffi/iosp/experiments/e8_tetris.py", line 51, in build
    scales = prob.calibrate_segment(p, rf, seg_scenes[p], key)
             ^^^^^^^^^^^^^^^^^^^^^^^^^^^^^^^^^^^^^^^^^^^^^^^^^
  File "/home/sadmin/Work/pyroffi/iosp/model/tetris.py", line 303, in calibrate_segment
    assert bool(jnp.all(scales > 1e-8)), \
           ^^^^^^^^^^^^^^^^^^^^^^^^^^^^
  File "/home/sadmin/miniconda3/envs/pyroffi/lib/python3.11/site-packages/jax/_src/array.py", line 296, in __bool__
    return bool(self._value)
                ^^^^^^^^^^^
  File "/home/sadmin/miniconda3/envs/pyroffi/lib/python3.11/site-packages/jax/_src/profiler.py", line 420, in wrapper
    return func(*args, **kwargs)
           ^^^^^^^^^^^^^^^^^^^^^
  File "/home/sadmin/miniconda3/envs/pyroffi/lib/python3.11/site-packages/jax/_src/array.py", line 623, in _value
    npy_value, did_copy = self._single_device_array_to_np_array_did_copy()
                          ^^^^^^^^^^^^^^^^^^^^^^^^^^^^^^^^^^^^^^^^^^^^^^^^
jax.errors.JaxRuntimeError: INTERNAL: out of memory [executable_name='jit__reduce_all']
  wall: 13s  exit: 1
  manifest: iosp/data/results/tetris/blocks5_seed2.manifest.json

WARNING: 6/6 runs failed
=== tower_iosp on GPU 3 ===

############################################################
# tower_iosp: IOSP on SPaSM block stacking: recover trajopt costs from sequential stacking demos
############################################################

============================================================
[run] blocks3_seed0  GPU=3  module=iosp.experiments.e9_tower
  cmd: /home/sadmin/miniconda3/envs/pyroffi/bin/python -m iosp.experiments.e9_tower --n-iters 60 --n-steps 40 --n-starts 4 --stack-level 3 --seed 0 --out iosp/data/results/tower/blocks3_seed0.npz
2026-08-30 15:27:22.262 | INFO     | pyroffi.collision._robot_collision:_compute_active_pair_indices_from_srdf:792 - Loaded 36 disabled collision pairs from SRDF
2026-08-30 15:27:23.212 | INFO     | pyroffi.collision._robot_collision:from_urdf:701 - Created RobotCollision with 13 links and 42 active self-collision pairs, using spherical collision models.
Traceback (most recent call last):
  File "<frozen runpy>", line 198, in _run_module_as_main
  File "<frozen runpy>", line 88, in _run_code
  File "/home/sadmin/Work/pyroffi/iosp/experiments/e9_tower.py", line 187, in <module>
    report(run(seed=a.seed, n_iters=a.n_iters, n_scenes=a.n_scenes,
           ^^^^^^^^^^^^^^^^^^^^^^^^^^^^^^^^^^^^^^^^^^^^^^^^^^^^^^^^
  File "/home/sadmin/Work/pyroffi/iosp/experiments/e9_tower.py", line 104, in run
    built = build(seed=seed, n_iters=n_iters, n_scenes=n_scenes,
            ^^^^^^^^^^^^^^^^^^^^^^^^^^^^^^^^^^^^^^^^^^^^^^^^^^^^
  File "/home/sadmin/Work/pyroffi/iosp/experiments/e9_tower.py", line 50, in build
    scales = prob.calibrate_segment(p, rf, seg_scenes[p], key)
             ^^^^^^^^^^^^^^^^^^^^^^^^^^^^^^^^^^^^^^^^^^^^^^^^^
  File "/home/sadmin/Work/pyroffi/iosp/model/tower.py", line 226, in calibrate_segment
    assert bool(jnp.all(scales > 1e-8)), \
           ^^^^^^^^^^^^^^^^^^^^^^^^^^^^
  File "/home/sadmin/miniconda3/envs/pyroffi/lib/python3.11/site-packages/jax/_src/array.py", line 296, in __bool__
    return bool(self._value)
                ^^^^^^^^^^^
  File "/home/sadmin/miniconda3/envs/pyroffi/lib/python3.11/site-packages/jax/_src/profiler.py", line 420, in wrapper
    return func(*args, **kwargs)
           ^^^^^^^^^^^^^^^^^^^^^
  File "/home/sadmin/miniconda3/envs/pyroffi/lib/python3.11/site-packages/jax/_src/array.py", line 623, in _value
    npy_value, did_copy = self._single_device_array_to_np_array_did_copy()
                          ^^^^^^^^^^^^^^^^^^^^^^^^^^^^^^^^^^^^^^^^^^^^^^^^
jax.errors.JaxRuntimeError: INTERNAL: out of memory [executable_name='jit__reduce_all']
  wall: 13s  exit: 1
  manifest: iosp/data/results/tower/blocks3_seed0.manifest.json

============================================================
[run] blocks3_seed1  GPU=3  module=iosp.experiments.e9_tower
  cmd: /home/sadmin/miniconda3/envs/pyroffi/bin/python -m iosp.experiments.e9_tower --n-iters 60 --n-steps 40 --n-starts 4 --stack-level 3 --seed 1 --out iosp/data/results/tower/blocks3_seed1.npz
2026-08-30 15:27:34.956 | INFO     | pyroffi.collision._robot_collision:_compute_active_pair_indices_from_srdf:792 - Loaded 36 disabled collision pairs from SRDF
2026-08-30 15:27:35.905 | INFO     | pyroffi.collision._robot_collision:from_urdf:701 - Created RobotCollision with 13 links and 42 active self-collision pairs, using spherical collision models.
Traceback (most recent call last):
  File "<frozen runpy>", line 198, in _run_module_as_main
  File "<frozen runpy>", line 88, in _run_code
  File "/home/sadmin/Work/pyroffi/iosp/experiments/e9_tower.py", line 187, in <module>
    report(run(seed=a.seed, n_iters=a.n_iters, n_scenes=a.n_scenes,
           ^^^^^^^^^^^^^^^^^^^^^^^^^^^^^^^^^^^^^^^^^^^^^^^^^^^^^^^^
  File "/home/sadmin/Work/pyroffi/iosp/experiments/e9_tower.py", line 104, in run
    built = build(seed=seed, n_iters=n_iters, n_scenes=n_scenes,
            ^^^^^^^^^^^^^^^^^^^^^^^^^^^^^^^^^^^^^^^^^^^^^^^^^^^^
  File "/home/sadmin/Work/pyroffi/iosp/experiments/e9_tower.py", line 50, in build
    scales = prob.calibrate_segment(p, rf, seg_scenes[p], key)
             ^^^^^^^^^^^^^^^^^^^^^^^^^^^^^^^^^^^^^^^^^^^^^^^^^
  File "/home/sadmin/Work/pyroffi/iosp/model/tower.py", line 226, in calibrate_segment
    assert bool(jnp.all(scales > 1e-8)), \
           ^^^^^^^^^^^^^^^^^^^^^^^^^^^^
  File "/home/sadmin/miniconda3/envs/pyroffi/lib/python3.11/site-packages/jax/_src/array.py", line 296, in __bool__
    return bool(self._value)
                ^^^^^^^^^^^
  File "/home/sadmin/miniconda3/envs/pyroffi/lib/python3.11/site-packages/jax/_src/profiler.py", line 420, in wrapper
    return func(*args, **kwargs)
           ^^^^^^^^^^^^^^^^^^^^^
  File "/home/sadmin/miniconda3/envs/pyroffi/lib/python3.11/site-packages/jax/_src/array.py", line 623, in _value
    npy_value, did_copy = self._single_device_array_to_np_array_did_copy()
                          ^^^^^^^^^^^^^^^^^^^^^^^^^^^^^^^^^^^^^^^^^^^^^^^^
jax.errors.JaxRuntimeError: INTERNAL: out of memory [executable_name='jit__reduce_all']
  wall: 13s  exit: 1
  manifest: iosp/data/results/tower/blocks3_seed1.manifest.json

============================================================
[run] blocks3_seed2  GPU=3  module=iosp.experiments.e9_tower
  cmd: /home/sadmin/miniconda3/envs/pyroffi/bin/python -m iosp.experiments.e9_tower --n-iters 60 --n-steps 40 --n-starts 4 --stack-level 3 --seed 2 --out iosp/data/results/tower/blocks3_seed2.npz
2026-08-30 15:27:47.658 | INFO     | pyroffi.collision._robot_collision:_compute_active_pair_indices_from_srdf:792 - Loaded 36 disabled collision pairs from SRDF
2026-08-30 15:27:48.620 | INFO     | pyroffi.collision._robot_collision:from_urdf:701 - Created RobotCollision with 13 links and 42 active self-collision pairs, using spherical collision models.
Traceback (most recent call last):
  File "<frozen runpy>", line 198, in _run_module_as_main
  File "<frozen runpy>", line 88, in _run_code
  File "/home/sadmin/Work/pyroffi/iosp/experiments/e9_tower.py", line 187, in <module>
    report(run(seed=a.seed, n_iters=a.n_iters, n_scenes=a.n_scenes,
           ^^^^^^^^^^^^^^^^^^^^^^^^^^^^^^^^^^^^^^^^^^^^^^^^^^^^^^^^
  File "/home/sadmin/Work/pyroffi/iosp/experiments/e9_tower.py", line 104, in run
    built = build(seed=seed, n_iters=n_iters, n_scenes=n_scenes,
            ^^^^^^^^^^^^^^^^^^^^^^^^^^^^^^^^^^^^^^^^^^^^^^^^^^^^
  File "/home/sadmin/Work/pyroffi/iosp/experiments/e9_tower.py", line 50, in build
    scales = prob.calibrate_segment(p, rf, seg_scenes[p], key)
             ^^^^^^^^^^^^^^^^^^^^^^^^^^^^^^^^^^^^^^^^^^^^^^^^^
  File "/home/sadmin/Work/pyroffi/iosp/model/tower.py", line 226, in calibrate_segment
    assert bool(jnp.all(scales > 1e-8)), \
           ^^^^^^^^^^^^^^^^^^^^^^^^^^^^
  File "/home/sadmin/miniconda3/envs/pyroffi/lib/python3.11/site-packages/jax/_src/array.py", line 296, in __bool__
    return bool(self._value)
                ^^^^^^^^^^^
  File "/home/sadmin/miniconda3/envs/pyroffi/lib/python3.11/site-packages/jax/_src/profiler.py", line 420, in wrapper
    return func(*args, **kwargs)
           ^^^^^^^^^^^^^^^^^^^^^
  File "/home/sadmin/miniconda3/envs/pyroffi/lib/python3.11/site-packages/jax/_src/array.py", line 623, in _value
    npy_value, did_copy = self._single_device_array_to_np_array_did_copy()
                          ^^^^^^^^^^^^^^^^^^^^^^^^^^^^^^^^^^^^^^^^^^^^^^^^
jax.errors.JaxRuntimeError: INTERNAL: out of memory [executable_name='jit__reduce_all']
  wall: 13s  exit: 1
  manifest: iosp/data/results/tower/blocks3_seed2.manifest.json

============================================================
[run] blocks5_seed0  GPU=3  module=iosp.experiments.e9_tower
  cmd: /home/sadmin/miniconda3/envs/pyroffi/bin/python -m iosp.experiments.e9_tower --n-iters 60 --n-steps 40 --n-starts 4 --stack-level 5 --seed 0 --out iosp/data/results/tower/blocks5_seed0.npz
2026-08-30 15:28:00.327 | INFO     | pyroffi.collision._robot_collision:_compute_active_pair_indices_from_srdf:792 - Loaded 36 disabled collision pairs from SRDF
2026-08-30 15:28:01.314 | INFO     | pyroffi.collision._robot_collision:from_urdf:701 - Created RobotCollision with 13 links and 42 active self-collision pairs, using spherical collision models.
Traceback (most recent call last):
  File "<frozen runpy>", line 198, in _run_module_as_main
  File "<frozen runpy>", line 88, in _run_code
  File "/home/sadmin/Work/pyroffi/iosp/experiments/e9_tower.py", line 187, in <module>
    report(run(seed=a.seed, n_iters=a.n_iters, n_scenes=a.n_scenes,
           ^^^^^^^^^^^^^^^^^^^^^^^^^^^^^^^^^^^^^^^^^^^^^^^^^^^^^^^^
  File "/home/sadmin/Work/pyroffi/iosp/experiments/e9_tower.py", line 104, in run
    built = build(seed=seed, n_iters=n_iters, n_scenes=n_scenes,
            ^^^^^^^^^^^^^^^^^^^^^^^^^^^^^^^^^^^^^^^^^^^^^^^^^^^^
  File "/home/sadmin/Work/pyroffi/iosp/experiments/e9_tower.py", line 50, in build
    scales = prob.calibrate_segment(p, rf, seg_scenes[p], key)
             ^^^^^^^^^^^^^^^^^^^^^^^^^^^^^^^^^^^^^^^^^^^^^^^^^
  File "/home/sadmin/Work/pyroffi/iosp/model/tower.py", line 226, in calibrate_segment
    assert bool(jnp.all(scales > 1e-8)), \
           ^^^^^^^^^^^^^^^^^^^^^^^^^^^^
  File "/home/sadmin/miniconda3/envs/pyroffi/lib/python3.11/site-packages/jax/_src/array.py", line 296, in __bool__
    return bool(self._value)
                ^^^^^^^^^^^
  File "/home/sadmin/miniconda3/envs/pyroffi/lib/python3.11/site-packages/jax/_src/profiler.py", line 420, in wrapper
    return func(*args, **kwargs)
           ^^^^^^^^^^^^^^^^^^^^^
  File "/home/sadmin/miniconda3/envs/pyroffi/lib/python3.11/site-packages/jax/_src/array.py", line 623, in _value
    npy_value, did_copy = self._single_device_array_to_np_array_did_copy()
                          ^^^^^^^^^^^^^^^^^^^^^^^^^^^^^^^^^^^^^^^^^^^^^^^^
jax.errors.JaxRuntimeError: INTERNAL: out of memory [executable_name='jit__reduce_all']
  wall: 13s  exit: 1
  manifest: iosp/data/results/tower/blocks5_seed0.manifest.json

============================================================
[run] blocks5_seed1  GPU=3  module=iosp.experiments.e9_tower
  cmd: /home/sadmin/miniconda3/envs/pyroffi/bin/python -m iosp.experiments.e9_tower --n-iters 60 --n-steps 40 --n-starts 4 --stack-level 5 --seed 1 --out iosp/data/results/tower/blocks5_seed1.npz
2026-08-30 15:28:13.728 | INFO     | pyroffi.collision._robot_collision:_compute_active_pair_indices_from_srdf:792 - Loaded 36 disabled collision pairs from SRDF
2026-08-30 15:28:14.693 | INFO     | pyroffi.collision._robot_collision:from_urdf:701 - Created RobotCollision with 13 links and 42 active self-collision pairs, using spherical collision models.
Traceback (most recent call last):
  File "<frozen runpy>", line 198, in _run_module_as_main
  File "<frozen runpy>", line 88, in _run_code
  File "/home/sadmin/Work/pyroffi/iosp/experiments/e9_tower.py", line 187, in <module>
    report(run(seed=a.seed, n_iters=a.n_iters, n_scenes=a.n_scenes,
           ^^^^^^^^^^^^^^^^^^^^^^^^^^^^^^^^^^^^^^^^^^^^^^^^^^^^^^^^
  File "/home/sadmin/Work/pyroffi/iosp/experiments/e9_tower.py", line 104, in run
    built = build(seed=seed, n_iters=n_iters, n_scenes=n_scenes,
            ^^^^^^^^^^^^^^^^^^^^^^^^^^^^^^^^^^^^^^^^^^^^^^^^^^^^
  File "/home/sadmin/Work/pyroffi/iosp/experiments/e9_tower.py", line 50, in build
    scales = prob.calibrate_segment(p, rf, seg_scenes[p], key)
             ^^^^^^^^^^^^^^^^^^^^^^^^^^^^^^^^^^^^^^^^^^^^^^^^^
  File "/home/sadmin/Work/pyroffi/iosp/model/tower.py", line 226, in calibrate_segment
    assert bool(jnp.all(scales > 1e-8)), \
           ^^^^^^^^^^^^^^^^^^^^^^^^^^^^
  File "/home/sadmin/miniconda3/envs/pyroffi/lib/python3.11/site-packages/jax/_src/array.py", line 296, in __bool__
    return bool(self._value)
                ^^^^^^^^^^^
  File "/home/sadmin/miniconda3/envs/pyroffi/lib/python3.11/site-packages/jax/_src/profiler.py", line 420, in wrapper
    return func(*args, **kwargs)
           ^^^^^^^^^^^^^^^^^^^^^
  File "/home/sadmin/miniconda3/envs/pyroffi/lib/python3.11/site-packages/jax/_src/array.py", line 623, in _value
    npy_value, did_copy = self._single_device_array_to_np_array_did_copy()
                          ^^^^^^^^^^^^^^^^^^^^^^^^^^^^^^^^^^^^^^^^^^^^^^^^
jax.errors.JaxRuntimeError: INTERNAL: out of memory [executable_name='jit__reduce_all']
  wall: 13s  exit: 1
  manifest: iosp/data/results/tower/blocks5_seed1.manifest.json

============================================================
[run] blocks5_seed2  GPU=3  module=iosp.experiments.e9_tower
  cmd: /home/sadmin/miniconda3/envs/pyroffi/bin/python -m iosp.experiments.e9_tower --n-iters 60 --n-steps 40 --n-starts 4 --stack-level 5 --seed 2 --out iosp/data/results/tower/blocks5_seed2.npz
2026-08-30 15:28:26.624 | INFO     | pyroffi.collision._robot_collision:_compute_active_pair_indices_from_srdf:792 - Loaded 36 disabled collision pairs from SRDF
2026-08-30 15:28:27.584 | INFO     | pyroffi.collision._robot_collision:from_urdf:701 - Created RobotCollision with 13 links and 42 active self-collision pairs, using spherical collision models.
Traceback (most recent call last):
  File "<frozen runpy>", line 198, in _run_module_as_main
  File "<frozen runpy>", line 88, in _run_code
  File "/home/sadmin/Work/pyroffi/iosp/experiments/e9_tower.py", line 187, in <module>
    report(run(seed=a.seed, n_iters=a.n_iters, n_scenes=a.n_scenes,
           ^^^^^^^^^^^^^^^^^^^^^^^^^^^^^^^^^^^^^^^^^^^^^^^^^^^^^^^^
  File "/home/sadmin/Work/pyroffi/iosp/experiments/e9_tower.py", line 104, in run
    built = build(seed=seed, n_iters=n_iters, n_scenes=n_scenes,
            ^^^^^^^^^^^^^^^^^^^^^^^^^^^^^^^^^^^^^^^^^^^^^^^^^^^^
  File "/home/sadmin/Work/pyroffi/iosp/experiments/e9_tower.py", line 50, in build
    scales = prob.calibrate_segment(p, rf, seg_scenes[p], key)
             ^^^^^^^^^^^^^^^^^^^^^^^^^^^^^^^^^^^^^^^^^^^^^^^^^
  File "/home/sadmin/Work/pyroffi/iosp/model/tower.py", line 226, in calibrate_segment
    assert bool(jnp.all(scales > 1e-8)), \
           ^^^^^^^^^^^^^^^^^^^^^^^^^^^^
  File "/home/sadmin/miniconda3/envs/pyroffi/lib/python3.11/site-packages/jax/_src/array.py", line 296, in __bool__
    return bool(self._value)
                ^^^^^^^^^^^
  File "/home/sadmin/miniconda3/envs/pyroffi/lib/python3.11/site-packages/jax/_src/profiler.py", line 420, in wrapper
    return func(*args, **kwargs)
           ^^^^^^^^^^^^^^^^^^^^^
  File "/home/sadmin/miniconda3/envs/pyroffi/lib/python3.11/site-packages/jax/_src/array.py", line 623, in _value
    npy_value, did_copy = self._single_device_array_to_np_array_did_copy()
                          ^^^^^^^^^^^^^^^^^^^^^^^^^^^^^^^^^^^^^^^^^^^^^^^^
jax.errors.JaxRuntimeError: INTERNAL: out of memory [executable_name='jit__reduce_all']
  wall: 13s  exit: 1
  manifest: iosp/data/results/tower/blocks5_seed2.manifest.json

WARNING: 6/6 runs failed
=== pickplace_iosp on GPU 3 ===

############################################################
# pickplace_iosp: IOSP on pick-place: recover trajopt costs from single-object demos (cross-domain table row)
############################################################

============================================================
[run] pickplace_seed0  GPU=3  module=iosp.experiments.e4_three_stage
  cmd: /home/sadmin/miniconda3/envs/pyroffi/bin/python -m iosp.experiments.e4_three_stage --n-iters 60 --n-steps 40 --n-starts 4 --no-ablate-stage2 --seed 0 --out iosp/data/results/pickplace/pickplace_seed0.json
2026-08-30 15:28:39.494 | INFO     | pyroffi.collision._robot_collision:_compute_active_pair_indices_from_srdf:792 - Loaded 36 disabled collision pairs from SRDF
2026-08-30 15:28:40.457 | INFO     | pyroffi.collision._robot_collision:from_urdf:701 - Created RobotCollision with 13 links and 42 active self-collision pairs, using spherical collision models.
Traceback (most recent call last):
  File "<frozen runpy>", line 198, in _run_module_as_main
  File "<frozen runpy>", line 88, in _run_code
  File "/home/sadmin/Work/pyroffi/iosp/experiments/e4_three_stage.py", line 301, in <module>
    out = run(seed=a.seed, n_iters=a.n_iters, n_scenes=a.n_scenes,
          ^^^^^^^^^^^^^^^^^^^^^^^^^^^^^^^^^^^^^^^^^^^^^^^^^^^^^^^^
  File "/home/sadmin/Work/pyroffi/iosp/experiments/e4_three_stage.py", line 187, in run
    built = build(seed=seed, n_iters=n_iters, n_scenes=n_scenes)
            ^^^^^^^^^^^^^^^^^^^^^^^^^^^^^^^^^^^^^^^^^^^^^^^^^^^^
  File "/home/sadmin/Work/pyroffi/iosp/experiments/e4_three_stage.py", line 123, in build
    scales = prob.calibrate_segment(p, rf, phase_scenes_star[p], key)
             ^^^^^^^^^^^^^^^^^^^^^^^^^^^^^^^^^^^^^^^^^^^^^^^^^^^^^^^^
  File "/home/sadmin/Work/pyroffi/iosp/model/pickplace.py", line 616, in calibrate_segment
    assert bool(jnp.all(scales > 1e-8)), f"{phase}: degenerate feature scale {scales}"
           ^^^^^^^^^^^^^^^^^^^^^^^^^^^^
  File "/home/sadmin/miniconda3/envs/pyroffi/lib/python3.11/site-packages/jax/_src/array.py", line 296, in __bool__
    return bool(self._value)
                ^^^^^^^^^^^
  File "/home/sadmin/miniconda3/envs/pyroffi/lib/python3.11/site-packages/jax/_src/profiler.py", line 420, in wrapper
    return func(*args, **kwargs)
           ^^^^^^^^^^^^^^^^^^^^^
  File "/home/sadmin/miniconda3/envs/pyroffi/lib/python3.11/site-packages/jax/_src/array.py", line 623, in _value
    npy_value, did_copy = self._single_device_array_to_np_array_did_copy()
                          ^^^^^^^^^^^^^^^^^^^^^^^^^^^^^^^^^^^^^^^^^^^^^^^^
jax.errors.JaxRuntimeError: INTERNAL: out of memory [executable_name='jit__reduce_all']
  wall: 12s  exit: 1
  manifest: iosp/data/results/pickplace/pickplace_seed0.manifest.json

============================================================
[run] pickplace_seed1  GPU=3  module=iosp.experiments.e4_three_stage
  cmd: /home/sadmin/miniconda3/envs/pyroffi/bin/python -m iosp.experiments.e4_three_stage --n-iters 60 --n-steps 40 --n-starts 4 --no-ablate-stage2 --seed 1 --out iosp/data/results/pickplace/pickplace_seed1.json
2026-08-30 15:28:51.915 | INFO     | pyroffi.collision._robot_collision:_compute_active_pair_indices_from_srdf:792 - Loaded 36 disabled collision pairs from SRDF
2026-08-30 15:28:52.873 | INFO     | pyroffi.collision._robot_collision:from_urdf:701 - Created RobotCollision with 13 links and 42 active self-collision pairs, using spherical collision models.
Traceback (most recent call last):
  File "<frozen runpy>", line 198, in _run_module_as_main
  File "<frozen runpy>", line 88, in _run_code
  File "/home/sadmin/Work/pyroffi/iosp/experiments/e4_three_stage.py", line 301, in <module>
    out = run(seed=a.seed, n_iters=a.n_iters, n_scenes=a.n_scenes,
          ^^^^^^^^^^^^^^^^^^^^^^^^^^^^^^^^^^^^^^^^^^^^^^^^^^^^^^^^
  File "/home/sadmin/Work/pyroffi/iosp/experiments/e4_three_stage.py", line 187, in run
    built = build(seed=seed, n_iters=n_iters, n_scenes=n_scenes)
            ^^^^^^^^^^^^^^^^^^^^^^^^^^^^^^^^^^^^^^^^^^^^^^^^^^^^
  File "/home/sadmin/Work/pyroffi/iosp/experiments/e4_three_stage.py", line 123, in build
    scales = prob.calibrate_segment(p, rf, phase_scenes_star[p], key)
             ^^^^^^^^^^^^^^^^^^^^^^^^^^^^^^^^^^^^^^^^^^^^^^^^^^^^^^^^
  File "/home/sadmin/Work/pyroffi/iosp/model/pickplace.py", line 616, in calibrate_segment
    assert bool(jnp.all(scales > 1e-8)), f"{phase}: degenerate feature scale {scales}"
           ^^^^^^^^^^^^^^^^^^^^^^^^^^^^
  File "/home/sadmin/miniconda3/envs/pyroffi/lib/python3.11/site-packages/jax/_src/array.py", line 296, in __bool__
    return bool(self._value)
                ^^^^^^^^^^^
  File "/home/sadmin/miniconda3/envs/pyroffi/lib/python3.11/site-packages/jax/_src/profiler.py", line 420, in wrapper
    return func(*args, **kwargs)
           ^^^^^^^^^^^^^^^^^^^^^
  File "/home/sadmin/miniconda3/envs/pyroffi/lib/python3.11/site-packages/jax/_src/array.py", line 623, in _value
    npy_value, did_copy = self._single_device_array_to_np_array_did_copy()
                          ^^^^^^^^^^^^^^^^^^^^^^^^^^^^^^^^^^^^^^^^^^^^^^^^
jax.errors.JaxRuntimeError: INTERNAL: out of memory [executable_name='jit__reduce_all']
  wall: 12s  exit: 1
  manifest: iosp/data/results/pickplace/pickplace_seed1.manifest.json

============================================================
[run] pickplace_seed2  GPU=3  module=iosp.experiments.e4_three_stage
  cmd: /home/sadmin/miniconda3/envs/pyroffi/bin/python -m iosp.experiments.e4_three_stage --n-iters 60 --n-steps 40 --n-starts 4 --no-ablate-stage2 --seed 2 --out iosp/data/results/pickplace/pickplace_seed2.json
2026-08-30 15:29:03.966 | INFO     | pyroffi.collision._robot_collision:_compute_active_pair_indices_from_srdf:792 - Loaded 36 disabled collision pairs from SRDF
2026-08-30 15:29:04.932 | INFO     | pyroffi.collision._robot_collision:from_urdf:701 - Created RobotCollision with 13 links and 42 active self-collision pairs, using spherical collision models.
Traceback (most recent call last):
  File "<frozen runpy>", line 198, in _run_module_as_main
  File "<frozen runpy>", line 88, in _run_code
  File "/home/sadmin/Work/pyroffi/iosp/experiments/e4_three_stage.py", line 301, in <module>
    out = run(seed=a.seed, n_iters=a.n_iters, n_scenes=a.n_scenes,
          ^^^^^^^^^^^^^^^^^^^^^^^^^^^^^^^^^^^^^^^^^^^^^^^^^^^^^^^^
  File "/home/sadmin/Work/pyroffi/iosp/experiments/e4_three_stage.py", line 187, in run
    built = build(seed=seed, n_iters=n_iters, n_scenes=n_scenes)
            ^^^^^^^^^^^^^^^^^^^^^^^^^^^^^^^^^^^^^^^^^^^^^^^^^^^^
  File "/home/sadmin/Work/pyroffi/iosp/experiments/e4_three_stage.py", line 123, in build
    scales = prob.calibrate_segment(p, rf, phase_scenes_star[p], key)
             ^^^^^^^^^^^^^^^^^^^^^^^^^^^^^^^^^^^^^^^^^^^^^^^^^^^^^^^^
  File "/home/sadmin/Work/pyroffi/iosp/model/pickplace.py", line 616, in calibrate_segment
    assert bool(jnp.all(scales > 1e-8)), f"{phase}: degenerate feature scale {scales}"
           ^^^^^^^^^^^^^^^^^^^^^^^^^^^^
  File "/home/sadmin/miniconda3/envs/pyroffi/lib/python3.11/site-packages/jax/_src/array.py", line 296, in __bool__
    return bool(self._value)
                ^^^^^^^^^^^
  File "/home/sadmin/miniconda3/envs/pyroffi/lib/python3.11/site-packages/jax/_src/profiler.py", line 420, in wrapper
    return func(*args, **kwargs)
           ^^^^^^^^^^^^^^^^^^^^^
  File "/home/sadmin/miniconda3/envs/pyroffi/lib/python3.11/site-packages/jax/_src/array.py", line 623, in _value
    npy_value, did_copy = self._single_device_array_to_np_array_did_copy()
                          ^^^^^^^^^^^^^^^^^^^^^^^^^^^^^^^^^^^^^^^^^^^^^^^^
jax.errors.JaxRuntimeError: INTERNAL: out of memory [executable_name='jit__reduce_all']
  wall: 12s  exit: 1
  manifest: iosp/data/results/pickplace/pickplace_seed2.manifest.json

============================================================
[run] pickplace_seed3  GPU=3  module=iosp.experiments.e4_three_stage
  cmd: /home/sadmin/miniconda3/envs/pyroffi/bin/python -m iosp.experiments.e4_three_stage --n-iters 60 --n-steps 40 --n-starts 4 --no-ablate-stage2 --seed 3 --out iosp/data/results/pickplace/pickplace_seed3.json
2026-08-30 15:29:16.008 | INFO     | pyroffi.collision._robot_collision:_compute_active_pair_indices_from_srdf:792 - Loaded 36 disabled collision pairs from SRDF
2026-08-30 15:29:16.959 | INFO     | pyroffi.collision._robot_collision:from_urdf:701 - Created RobotCollision with 13 links and 42 active self-collision pairs, using spherical collision models.
Traceback (most recent call last):
  File "<frozen runpy>", line 198, in _run_module_as_main
  File "<frozen runpy>", line 88, in _run_code
  File "/home/sadmin/Work/pyroffi/iosp/experiments/e4_three_stage.py", line 301, in <module>
    out = run(seed=a.seed, n_iters=a.n_iters, n_scenes=a.n_scenes,
          ^^^^^^^^^^^^^^^^^^^^^^^^^^^^^^^^^^^^^^^^^^^^^^^^^^^^^^^^
  File "/home/sadmin/Work/pyroffi/iosp/experiments/e4_three_stage.py", line 187, in run
    built = build(seed=seed, n_iters=n_iters, n_scenes=n_scenes)
            ^^^^^^^^^^^^^^^^^^^^^^^^^^^^^^^^^^^^^^^^^^^^^^^^^^^^
  File "/home/sadmin/Work/pyroffi/iosp/experiments/e4_three_stage.py", line 123, in build
    scales = prob.calibrate_segment(p, rf, phase_scenes_star[p], key)
             ^^^^^^^^^^^^^^^^^^^^^^^^^^^^^^^^^^^^^^^^^^^^^^^^^^^^^^^^
  File "/home/sadmin/Work/pyroffi/iosp/model/pickplace.py", line 616, in calibrate_segment
    assert bool(jnp.all(scales > 1e-8)), f"{phase}: degenerate feature scale {scales}"
           ^^^^^^^^^^^^^^^^^^^^^^^^^^^^
  File "/home/sadmin/miniconda3/envs/pyroffi/lib/python3.11/site-packages/jax/_src/array.py", line 296, in __bool__
    return bool(self._value)
                ^^^^^^^^^^^
  File "/home/sadmin/miniconda3/envs/pyroffi/lib/python3.11/site-packages/jax/_src/profiler.py", line 420, in wrapper
    return func(*args, **kwargs)
           ^^^^^^^^^^^^^^^^^^^^^
  File "/home/sadmin/miniconda3/envs/pyroffi/lib/python3.11/site-packages/jax/_src/array.py", line 623, in _value
    npy_value, did_copy = self._single_device_array_to_np_array_did_copy()
                          ^^^^^^^^^^^^^^^^^^^^^^^^^^^^^^^^^^^^^^^^^^^^^^^^
jax.errors.JaxRuntimeError: INTERNAL: out of memory [executable_name='jit__reduce_all']
  wall: 12s  exit: 1
  manifest: iosp/data/results/pickplace/pickplace_seed3.manifest.json

============================================================
[run] pickplace_seed4  GPU=3  module=iosp.experiments.e4_three_stage
  cmd: /home/sadmin/miniconda3/envs/pyroffi/bin/python -m iosp.experiments.e4_three_stage --n-iters 60 --n-steps 40 --n-starts 4 --no-ablate-stage2 --seed 4 --out iosp/data/results/pickplace/pickplace_seed4.json
2026-08-30 15:29:28.067 | INFO     | pyroffi.collision._robot_collision:_compute_active_pair_indices_from_srdf:792 - Loaded 36 disabled collision pairs from SRDF
2026-08-30 15:29:29.022 | INFO     | pyroffi.collision._robot_collision:from_urdf:701 - Created RobotCollision with 13 links and 42 active self-collision pairs, using spherical collision models.
Traceback (most recent call last):
  File "<frozen runpy>", line 198, in _run_module_as_main
  File "<frozen runpy>", line 88, in _run_code
  File "/home/sadmin/Work/pyroffi/iosp/experiments/e4_three_stage.py", line 301, in <module>
    out = run(seed=a.seed, n_iters=a.n_iters, n_scenes=a.n_scenes,
          ^^^^^^^^^^^^^^^^^^^^^^^^^^^^^^^^^^^^^^^^^^^^^^^^^^^^^^^^
  File "/home/sadmin/Work/pyroffi/iosp/experiments/e4_three_stage.py", line 187, in run
    built = build(seed=seed, n_iters=n_iters, n_scenes=n_scenes)
            ^^^^^^^^^^^^^^^^^^^^^^^^^^^^^^^^^^^^^^^^^^^^^^^^^^^^
  File "/home/sadmin/Work/pyroffi/iosp/experiments/e4_three_stage.py", line 123, in build
    scales = prob.calibrate_segment(p, rf, phase_scenes_star[p], key)
             ^^^^^^^^^^^^^^^^^^^^^^^^^^^^^^^^^^^^^^^^^^^^^^^^^^^^^^^^
  File "/home/sadmin/Work/pyroffi/iosp/model/pickplace.py", line 616, in calibrate_segment
    assert bool(jnp.all(scales > 1e-8)), f"{phase}: degenerate feature scale {scales}"
           ^^^^^^^^^^^^^^^^^^^^^^^^^^^^
  File "/home/sadmin/miniconda3/envs/pyroffi/lib/python3.11/site-packages/jax/_src/array.py", line 296, in __bool__
    return bool(self._value)
                ^^^^^^^^^^^
  File "/home/sadmin/miniconda3/envs/pyroffi/lib/python3.11/site-packages/jax/_src/profiler.py", line 420, in wrapper
    return func(*args, **kwargs)
           ^^^^^^^^^^^^^^^^^^^^^
  File "/home/sadmin/miniconda3/envs/pyroffi/lib/python3.11/site-packages/jax/_src/array.py", line 623, in _value
    npy_value, did_copy = self._single_device_array_to_np_array_did_copy()
                          ^^^^^^^^^^^^^^^^^^^^^^^^^^^^^^^^^^^^^^^^^^^^^^^^
jax.errors.JaxRuntimeError: INTERNAL: out of memory [executable_name='jit__reduce_all']
  wall: 12s  exit: 1
  manifest: iosp/data/results/pickplace/pickplace_seed4.manifest.json

WARNING: 5/5 runs failed
=== all domains done ===
