
############################################################
# tamp2d_sanity: Fig 1: 2D TAMP sanity check — three-stage inversion on a drawable problem
############################################################

============================================================
[run] seed0  GPU=2  module=iosp.experiments.e5_tamp2d
  cmd: /home/sadmin/miniconda3/envs/pyroffi/bin/python -m iosp.experiments.e5_tamp2d --n-iters 120 --n-ctx 8 --n-steps 60 --n-starts 8 --seed 0 --record iosp/data/results/tamp2d/seed0.npz
[build] 9.0s  K=4 ('effort', 'smooth', 'clearance', 'skeleton')  N_FULL=22  pick@7 place@16  fit/test=8/8
E0829 23:26:06.452891 2378443 slow_operation_alarm.cc:73] 
********************************
[Compiling module jit__lambda for GPU] Very slow compile? If you want to file a bug, run with envvar XLA_FLAGS=--xla_dump_to=/tmp/foo and attach the results.
********************************
E0829 23:29:17.117972 2378179 slow_operation_alarm.cc:140] The operation took 5m10.665173846s

********************************
[Compiling module jit__lambda for GPU] Very slow compile? If you want to file a bug, run with envvar XLA_FLAGS=--xla_dump_to=/tmp/foo and attach the results.
********************************
[sanity] loss(z_star) = 2.736e-12
[grad] dL/dtheta at z=0: [ 0.00980788 -0.00197957 -0.0004204  -0.00740792]
E0830 00:08:35.735122 2378443 slow_operation_alarm.cc:73] 
********************************
[Compiling module jit__lambda for GPU] Very slow compile? If you want to file a bug, run with envvar XLA_FLAGS=--xla_dump_to=/tmp/foo and attach the results.
********************************
E0830 00:10:49.235742 2378179 slow_operation_alarm.cc:140] The operation took 4m13.500700334s

********************************
[Compiling module jit__lambda for GPU] Very slow compile? If you want to file a bug, run with envvar XLA_FLAGS=--xla_dump_to=/tmp/foo and attach the results.
********************************
[rank] eigenvalues [3.73768980e+00 2.14734672e-01 4.75755237e-02 3.86025963e-15]
[rank] r = 3 of K = 4  (ceiling is K-1 = 3: the softmax gauge is an exact null direction)
E0830 00:34:47.711961 2378443 slow_operation_alarm.cc:73] 
********************************
[Compiling module jit_loss for GPU] Very slow compile? If you want to file a bug, run with envvar XLA_FLAGS=--xla_dump_to=/tmp/foo and attach the results.
********************************
E0830 00:37:46.205717 2378179 slow_operation_alarm.cc:140] The operation took 4m58.493843013s

********************************
[Compiling module jit_loss for GPU] Very slow compile? If you want to file a bug, run with envvar XLA_FLAGS=--xla_dump_to=/tmp/foo and attach the results.
********************************
E0830 00:56:14.894851 2378443 slow_operation_alarm.cc:73] 
********************************
[Compiling module jit__lambda for GPU] Very slow compile? If you want to file a bug, run with envvar XLA_FLAGS=--xla_dump_to=/tmp/foo and attach the results.
********************************
E0830 01:00:14.909491 2378179 slow_operation_alarm.cc:140] The operation took 6m0.014726013s

********************************
[Compiling module jit__lambda for GPU] Very slow compile? If you want to file a bug, run with envvar XLA_FLAGS=--xla_dump_to=/tmp/foo and attach the results.
********************************
