
############################################################
# tetris_iosp: IOSP on SPaSM tetris packing: recover trajopt costs from composed pick-place demos
############################################################

============================================================
[run] blocks3_seed0  GPU=3  module=iosp.experiments.e8_tetris
  cmd: /home/sadmin/miniconda3/envs/pyroffi/bin/python -m iosp.experiments.e8_tetris --n-iters 60 --n-steps 40 --n-starts 4 --num-blocks 3 --seed 0 --out iosp/data/results/tetris/blocks3_seed0.npz
2026-08-29 23:17:36.936 | INFO     | pyroffi.collision._robot_collision:_compute_active_pair_indices_from_srdf:792 - Loaded 36 disabled collision pairs from SRDF
2026-08-29 23:17:37.739 | INFO     | pyroffi.collision._robot_collision:from_urdf:701 - Created RobotCollision with 13 links and 42 active self-collision pairs, using spherical collision models.
Traceback (most recent call last):
  File "/home/sadmin/miniconda3/envs/pyroffi/lib/python3.11/site-packages/jax/_src/lax/lax.py", line 213, in _broadcast_shapes_uncached
    return _try_broadcast_shapes(*rank_promoted_shapes, name='broadcast_shapes')
           ^^^^^^^^^^^^^^^^^^^^^^^^^^^^^^^^^^^^^^^^^^^^^^^^^^^^^^^^^^^^^^^^^^^^^
  File "/home/sadmin/miniconda3/envs/pyroffi/lib/python3.11/site-packages/jax/_src/lax/lax.py", line 126, in _try_broadcast_shapes
    raise TypeError(f'{name} got incompatible shapes for broadcasting: '
TypeError: broadcast_shapes got incompatible shapes for broadcasting: (8, 18, 1, 13, 3), (1, 1, 1, 40, 3).

The above exception was the direct cause of the following exception:

Traceback (most recent call last):
  File "/home/sadmin/miniconda3/envs/pyroffi/lib/python3.11/site-packages/jax/_src/lax/lax.py", line 191, in broadcast_shapes
    return _broadcast_shapes_cached(*shapes)
           ^^^^^^^^^^^^^^^^^^^^^^^^^^^^^^^^^
  File "/home/sadmin/miniconda3/envs/pyroffi/lib/python3.11/site-packages/jax/_src/util.py", line 274, in wrapper
    return cached(trace_context(), *args, **kwargs)
           ^^^^^^^^^^^^^^^^^^^^^^^^^^^^^^^^^^^^^^^^
  File "/home/sadmin/miniconda3/envs/pyroffi/lib/python3.11/site-packages/jax/_src/util.py", line 268, in cached
    return f(*args, **kwargs)
           ^^^^^^^^^^^^^^^^^^
  File "/home/sadmin/miniconda3/envs/pyroffi/lib/python3.11/site-packages/jax/_src/lax/lax.py", line 197, in _broadcast_shapes_cached
    return _broadcast_shapes_uncached(*shapes)
           ^^^^^^^^^^^^^^^^^^^^^^^^^^^^^^^^^^^
  File "/home/sadmin/miniconda3/envs/pyroffi/lib/python3.11/site-packages/jax/_src/lax/lax.py", line 216, in _broadcast_shapes_uncached
    raise ValueError(f"Incompatible shapes for broadcasting: shapes={list(shapes)}") from err
ValueError: Incompatible shapes for broadcasting: shapes=[(8, 18, 1, 13, 3), (1, 1, 40, 3)]

During handling of the above exception, another exception occurred:

Traceback (most recent call last):
  File "/home/sadmin/miniconda3/envs/pyroffi/lib/python3.11/site-packages/jax/_src/lax/lax.py", line 213, in _broadcast_shapes_uncached
    return _try_broadcast_shapes(*rank_promoted_shapes, name='broadcast_shapes')
           ^^^^^^^^^^^^^^^^^^^^^^^^^^^^^^^^^^^^^^^^^^^^^^^^^^^^^^^^^^^^^^^^^^^^^
  File "/home/sadmin/miniconda3/envs/pyroffi/lib/python3.11/site-packages/jax/_src/lax/lax.py", line 126, in _try_broadcast_shapes
    raise TypeError(f'{name} got incompatible shapes for broadcasting: '
TypeError: broadcast_shapes got incompatible shapes for broadcasting: (8, 18, 1, 13, 3), (1, 1, 1, 40, 3).

The above exception was the direct cause of the following exception:

Traceback (most recent call last):
  File "<frozen runpy>", line 198, in _run_module_as_main
  File "<frozen runpy>", line 88, in _run_code
  File "/home/sadmin/Work/pyroffi/iosp/experiments/e8_tetris.py", line 190, in <module>
    report(run(seed=a.seed, n_iters=a.n_iters, n_scenes=a.n_scenes,
           ^^^^^^^^^^^^^^^^^^^^^^^^^^^^^^^^^^^^^^^^^^^^^^^^^^^^^^^^
  File "/home/sadmin/Work/pyroffi/iosp/experiments/e8_tetris.py", line 107, in run
    built = build(seed=seed, n_iters=n_iters, n_scenes=n_scenes,
            ^^^^^^^^^^^^^^^^^^^^^^^^^^^^^^^^^^^^^^^^^^^^^^^^^^^^
  File "/home/sadmin/Work/pyroffi/iosp/experiments/e8_tetris.py", line 51, in build
    scales = prob.calibrate_segment(p, rf, seg_scenes[p], key)
             ^^^^^^^^^^^^^^^^^^^^^^^^^^^^^^^^^^^^^^^^^^^^^^^^^
  File "/home/sadmin/Work/pyroffi/iosp/model/tetris.py", line 297, in calibrate_segment
    vals = jax.vmap(jax.vmap(raw, in_axes=(None, 0)),
           ^^^^^^^^^^^^^^^^^^^^^^^^^^^^^^^^^^^^^^^^^^
  File "/home/sadmin/Work/pyroffi/iosp/model/tetris.py", line 293, in raw
    rs = residual_fn(x, scene)
         ^^^^^^^^^^^^^^^^^^^^^
  File "/home/sadmin/Work/pyroffi/iosp/model/tetris.py", line 258, in residual_fn
    clearance = _multi_sphere_clearance(
                ^^^^^^^^^^^^^^^^^^^^^^^^
  File "/home/sadmin/Work/pyroffi/iosp/model/tetris.py", line 199, in _multi_sphere_clearance
    coll_pos[:, :, None, :] - obs_centers[None, None, :, :], axis=-1)
    ~~~~~~~~~~~~~~~~~~~~~~~~^~~~~~~~~~~~~~~~~~~~~~~~~~~~~~~
  File "/home/sadmin/miniconda3/envs/pyroffi/lib/python3.11/site-packages/jax/_src/numpy/array_methods.py", line 1532, in op
    return getattr(self.aval, f"_{name}")(self, *args)
           ^^^^^^^^^^^^^^^^^^^^^^^^^^^^^^^^^^^^^^^^^^^
  File "/home/sadmin/miniconda3/envs/pyroffi/lib/python3.11/site-packages/jax/_src/numpy/array_methods.py", line 758, in _operator_sub
    return ufuncs.subtract(self, cast(ArrayLike, other))
           ^^^^^^^^^^^^^^^^^^^^^^^^^^^^^^^^^^^^^^^^^^^^^
  File "/home/sadmin/miniconda3/envs/pyroffi/lib/python3.11/site-packages/jax/_src/numpy/ufunc_api.py", line 182, in __call__
    return call(*args)
           ^^^^^^^^^^^
  File "/home/sadmin/miniconda3/envs/pyroffi/lib/python3.11/site-packages/jax/_src/numpy/ufuncs.py", line 1569, in subtract
    out = lax.sub(*promote_args("subtract", x, y))
                   ^^^^^^^^^^^^^^^^^^^^^^^^^^^^^^
  File "/home/sadmin/miniconda3/envs/pyroffi/lib/python3.11/site-packages/jax/_src/numpy/util.py", line 229, in promote_args
    return promote_shapes(fun_name, *promote_dtypes(*args))
           ^^^^^^^^^^^^^^^^^^^^^^^^^^^^^^^^^^^^^^^^^^^^^^^^
  File "/home/sadmin/miniconda3/envs/pyroffi/lib/python3.11/site-packages/jax/_src/numpy/util.py", line 59, in promote_shapes
    result_rank = len(lax.broadcast_shapes(*shapes))
                      ^^^^^^^^^^^^^^^^^^^^^^^^^^^^^
ValueError: Incompatible shapes for broadcasting: shapes=[(8, 18, 1, 13, 3), (1, 1, 40, 3)]
--------------------
For simplicity, JAX has removed its internal frames from the traceback of the following exception. Set JAX_TRACEBACK_FILTERING=off to include these.
  wall: 10s  exit: 1
  manifest: iosp/data/results/tetris/blocks3_seed0.manifest.json

============================================================
[run] blocks3_seed1  GPU=3  module=iosp.experiments.e8_tetris
  cmd: /home/sadmin/miniconda3/envs/pyroffi/bin/python -m iosp.experiments.e8_tetris --n-iters 60 --n-steps 40 --n-starts 4 --num-blocks 3 --seed 1 --out iosp/data/results/tetris/blocks3_seed1.npz
2026-08-29 23:17:46.563 | INFO     | pyroffi.collision._robot_collision:_compute_active_pair_indices_from_srdf:792 - Loaded 36 disabled collision pairs from SRDF
2026-08-29 23:17:47.472 | INFO     | pyroffi.collision._robot_collision:from_urdf:701 - Created RobotCollision with 13 links and 42 active self-collision pairs, using spherical collision models.
Traceback (most recent call last):
  File "/home/sadmin/miniconda3/envs/pyroffi/lib/python3.11/site-packages/jax/_src/lax/lax.py", line 213, in _broadcast_shapes_uncached
    return _try_broadcast_shapes(*rank_promoted_shapes, name='broadcast_shapes')
           ^^^^^^^^^^^^^^^^^^^^^^^^^^^^^^^^^^^^^^^^^^^^^^^^^^^^^^^^^^^^^^^^^^^^^
  File "/home/sadmin/miniconda3/envs/pyroffi/lib/python3.11/site-packages/jax/_src/lax/lax.py", line 126, in _try_broadcast_shapes
    raise TypeError(f'{name} got incompatible shapes for broadcasting: '
TypeError: broadcast_shapes got incompatible shapes for broadcasting: (8, 18, 1, 13, 3), (1, 1, 1, 40, 3).

The above exception was the direct cause of the following exception:

Traceback (most recent call last):
  File "/home/sadmin/miniconda3/envs/pyroffi/lib/python3.11/site-packages/jax/_src/lax/lax.py", line 191, in broadcast_shapes
    return _broadcast_shapes_cached(*shapes)
           ^^^^^^^^^^^^^^^^^^^^^^^^^^^^^^^^^
  File "/home/sadmin/miniconda3/envs/pyroffi/lib/python3.11/site-packages/jax/_src/util.py", line 274, in wrapper
    return cached(trace_context(), *args, **kwargs)
           ^^^^^^^^^^^^^^^^^^^^^^^^^^^^^^^^^^^^^^^^
  File "/home/sadmin/miniconda3/envs/pyroffi/lib/python3.11/site-packages/jax/_src/util.py", line 268, in cached
    return f(*args, **kwargs)
           ^^^^^^^^^^^^^^^^^^
  File "/home/sadmin/miniconda3/envs/pyroffi/lib/python3.11/site-packages/jax/_src/lax/lax.py", line 197, in _broadcast_shapes_cached
    return _broadcast_shapes_uncached(*shapes)
           ^^^^^^^^^^^^^^^^^^^^^^^^^^^^^^^^^^^
  File "/home/sadmin/miniconda3/envs/pyroffi/lib/python3.11/site-packages/jax/_src/lax/lax.py", line 216, in _broadcast_shapes_uncached
    raise ValueError(f"Incompatible shapes for broadcasting: shapes={list(shapes)}") from err
ValueError: Incompatible shapes for broadcasting: shapes=[(8, 18, 1, 13, 3), (1, 1, 40, 3)]

During handling of the above exception, another exception occurred:

Traceback (most recent call last):
  File "/home/sadmin/miniconda3/envs/pyroffi/lib/python3.11/site-packages/jax/_src/lax/lax.py", line 213, in _broadcast_shapes_uncached
    return _try_broadcast_shapes(*rank_promoted_shapes, name='broadcast_shapes')
           ^^^^^^^^^^^^^^^^^^^^^^^^^^^^^^^^^^^^^^^^^^^^^^^^^^^^^^^^^^^^^^^^^^^^^
  File "/home/sadmin/miniconda3/envs/pyroffi/lib/python3.11/site-packages/jax/_src/lax/lax.py", line 126, in _try_broadcast_shapes
    raise TypeError(f'{name} got incompatible shapes for broadcasting: '
TypeError: broadcast_shapes got incompatible shapes for broadcasting: (8, 18, 1, 13, 3), (1, 1, 1, 40, 3).

The above exception was the direct cause of the following exception:

Traceback (most recent call last):
  File "<frozen runpy>", line 198, in _run_module_as_main
  File "<frozen runpy>", line 88, in _run_code
  File "/home/sadmin/Work/pyroffi/iosp/experiments/e8_tetris.py", line 190, in <module>
    report(run(seed=a.seed, n_iters=a.n_iters, n_scenes=a.n_scenes,
           ^^^^^^^^^^^^^^^^^^^^^^^^^^^^^^^^^^^^^^^^^^^^^^^^^^^^^^^^
  File "/home/sadmin/Work/pyroffi/iosp/experiments/e8_tetris.py", line 107, in run
    built = build(seed=seed, n_iters=n_iters, n_scenes=n_scenes,
            ^^^^^^^^^^^^^^^^^^^^^^^^^^^^^^^^^^^^^^^^^^^^^^^^^^^^
  File "/home/sadmin/Work/pyroffi/iosp/experiments/e8_tetris.py", line 51, in build
    scales = prob.calibrate_segment(p, rf, seg_scenes[p], key)
             ^^^^^^^^^^^^^^^^^^^^^^^^^^^^^^^^^^^^^^^^^^^^^^^^^
  File "/home/sadmin/Work/pyroffi/iosp/model/tetris.py", line 297, in calibrate_segment
    vals = jax.vmap(jax.vmap(raw, in_axes=(None, 0)),
           ^^^^^^^^^^^^^^^^^^^^^^^^^^^^^^^^^^^^^^^^^^
  File "/home/sadmin/Work/pyroffi/iosp/model/tetris.py", line 293, in raw
    rs = residual_fn(x, scene)
         ^^^^^^^^^^^^^^^^^^^^^
  File "/home/sadmin/Work/pyroffi/iosp/model/tetris.py", line 258, in residual_fn
    clearance = _multi_sphere_clearance(
                ^^^^^^^^^^^^^^^^^^^^^^^^
  File "/home/sadmin/Work/pyroffi/iosp/model/tetris.py", line 199, in _multi_sphere_clearance
    coll_pos[:, :, None, :] - obs_centers[None, None, :, :], axis=-1)
    ~~~~~~~~~~~~~~~~~~~~~~~~^~~~~~~~~~~~~~~~~~~~~~~~~~~~~~~
  File "/home/sadmin/miniconda3/envs/pyroffi/lib/python3.11/site-packages/jax/_src/numpy/array_methods.py", line 1532, in op
    return getattr(self.aval, f"_{name}")(self, *args)
           ^^^^^^^^^^^^^^^^^^^^^^^^^^^^^^^^^^^^^^^^^^^
  File "/home/sadmin/miniconda3/envs/pyroffi/lib/python3.11/site-packages/jax/_src/numpy/array_methods.py", line 758, in _operator_sub
    return ufuncs.subtract(self, cast(ArrayLike, other))
           ^^^^^^^^^^^^^^^^^^^^^^^^^^^^^^^^^^^^^^^^^^^^^
  File "/home/sadmin/miniconda3/envs/pyroffi/lib/python3.11/site-packages/jax/_src/numpy/ufunc_api.py", line 182, in __call__
    return call(*args)
           ^^^^^^^^^^^
  File "/home/sadmin/miniconda3/envs/pyroffi/lib/python3.11/site-packages/jax/_src/numpy/ufuncs.py", line 1569, in subtract
    out = lax.sub(*promote_args("subtract", x, y))
                   ^^^^^^^^^^^^^^^^^^^^^^^^^^^^^^
  File "/home/sadmin/miniconda3/envs/pyroffi/lib/python3.11/site-packages/jax/_src/numpy/util.py", line 229, in promote_args
    return promote_shapes(fun_name, *promote_dtypes(*args))
           ^^^^^^^^^^^^^^^^^^^^^^^^^^^^^^^^^^^^^^^^^^^^^^^^
  File "/home/sadmin/miniconda3/envs/pyroffi/lib/python3.11/site-packages/jax/_src/numpy/util.py", line 59, in promote_shapes
    result_rank = len(lax.broadcast_shapes(*shapes))
                      ^^^^^^^^^^^^^^^^^^^^^^^^^^^^^
ValueError: Incompatible shapes for broadcasting: shapes=[(8, 18, 1, 13, 3), (1, 1, 40, 3)]
--------------------
For simplicity, JAX has removed its internal frames from the traceback of the following exception. Set JAX_TRACEBACK_FILTERING=off to include these.
  wall: 10s  exit: 1
  manifest: iosp/data/results/tetris/blocks3_seed1.manifest.json

============================================================
[run] blocks3_seed2  GPU=3  module=iosp.experiments.e8_tetris
  cmd: /home/sadmin/miniconda3/envs/pyroffi/bin/python -m iosp.experiments.e8_tetris --n-iters 60 --n-steps 40 --n-starts 4 --num-blocks 3 --seed 2 --out iosp/data/results/tetris/blocks3_seed2.npz
2026-08-29 23:17:56.172 | INFO     | pyroffi.collision._robot_collision:_compute_active_pair_indices_from_srdf:792 - Loaded 36 disabled collision pairs from SRDF
2026-08-29 23:17:57.001 | INFO     | pyroffi.collision._robot_collision:from_urdf:701 - Created RobotCollision with 13 links and 42 active self-collision pairs, using spherical collision models.
Traceback (most recent call last):
  File "/home/sadmin/miniconda3/envs/pyroffi/lib/python3.11/site-packages/jax/_src/lax/lax.py", line 213, in _broadcast_shapes_uncached
    return _try_broadcast_shapes(*rank_promoted_shapes, name='broadcast_shapes')
           ^^^^^^^^^^^^^^^^^^^^^^^^^^^^^^^^^^^^^^^^^^^^^^^^^^^^^^^^^^^^^^^^^^^^^
  File "/home/sadmin/miniconda3/envs/pyroffi/lib/python3.11/site-packages/jax/_src/lax/lax.py", line 126, in _try_broadcast_shapes
    raise TypeError(f'{name} got incompatible shapes for broadcasting: '
TypeError: broadcast_shapes got incompatible shapes for broadcasting: (8, 18, 1, 13, 3), (1, 1, 1, 40, 3).

The above exception was the direct cause of the following exception:

Traceback (most recent call last):
  File "/home/sadmin/miniconda3/envs/pyroffi/lib/python3.11/site-packages/jax/_src/lax/lax.py", line 191, in broadcast_shapes
    return _broadcast_shapes_cached(*shapes)
           ^^^^^^^^^^^^^^^^^^^^^^^^^^^^^^^^^
  File "/home/sadmin/miniconda3/envs/pyroffi/lib/python3.11/site-packages/jax/_src/util.py", line 274, in wrapper
    return cached(trace_context(), *args, **kwargs)
           ^^^^^^^^^^^^^^^^^^^^^^^^^^^^^^^^^^^^^^^^
  File "/home/sadmin/miniconda3/envs/pyroffi/lib/python3.11/site-packages/jax/_src/util.py", line 268, in cached
    return f(*args, **kwargs)
           ^^^^^^^^^^^^^^^^^^
  File "/home/sadmin/miniconda3/envs/pyroffi/lib/python3.11/site-packages/jax/_src/lax/lax.py", line 197, in _broadcast_shapes_cached
    return _broadcast_shapes_uncached(*shapes)
           ^^^^^^^^^^^^^^^^^^^^^^^^^^^^^^^^^^^
  File "/home/sadmin/miniconda3/envs/pyroffi/lib/python3.11/site-packages/jax/_src/lax/lax.py", line 216, in _broadcast_shapes_uncached
    raise ValueError(f"Incompatible shapes for broadcasting: shapes={list(shapes)}") from err
ValueError: Incompatible shapes for broadcasting: shapes=[(8, 18, 1, 13, 3), (1, 1, 40, 3)]

During handling of the above exception, another exception occurred:

Traceback (most recent call last):
  File "/home/sadmin/miniconda3/envs/pyroffi/lib/python3.11/site-packages/jax/_src/lax/lax.py", line 213, in _broadcast_shapes_uncached
    return _try_broadcast_shapes(*rank_promoted_shapes, name='broadcast_shapes')
           ^^^^^^^^^^^^^^^^^^^^^^^^^^^^^^^^^^^^^^^^^^^^^^^^^^^^^^^^^^^^^^^^^^^^^
  File "/home/sadmin/miniconda3/envs/pyroffi/lib/python3.11/site-packages/jax/_src/lax/lax.py", line 126, in _try_broadcast_shapes
    raise TypeError(f'{name} got incompatible shapes for broadcasting: '
TypeError: broadcast_shapes got incompatible shapes for broadcasting: (8, 18, 1, 13, 3), (1, 1, 1, 40, 3).

The above exception was the direct cause of the following exception:

Traceback (most recent call last):
  File "<frozen runpy>", line 198, in _run_module_as_main
  File "<frozen runpy>", line 88, in _run_code
  File "/home/sadmin/Work/pyroffi/iosp/experiments/e8_tetris.py", line 190, in <module>
    report(run(seed=a.seed, n_iters=a.n_iters, n_scenes=a.n_scenes,
           ^^^^^^^^^^^^^^^^^^^^^^^^^^^^^^^^^^^^^^^^^^^^^^^^^^^^^^^^
  File "/home/sadmin/Work/pyroffi/iosp/experiments/e8_tetris.py", line 107, in run
    built = build(seed=seed, n_iters=n_iters, n_scenes=n_scenes,
            ^^^^^^^^^^^^^^^^^^^^^^^^^^^^^^^^^^^^^^^^^^^^^^^^^^^^
  File "/home/sadmin/Work/pyroffi/iosp/experiments/e8_tetris.py", line 51, in build
    scales = prob.calibrate_segment(p, rf, seg_scenes[p], key)
             ^^^^^^^^^^^^^^^^^^^^^^^^^^^^^^^^^^^^^^^^^^^^^^^^^
  File "/home/sadmin/Work/pyroffi/iosp/model/tetris.py", line 297, in calibrate_segment
    vals = jax.vmap(jax.vmap(raw, in_axes=(None, 0)),
           ^^^^^^^^^^^^^^^^^^^^^^^^^^^^^^^^^^^^^^^^^^
  File "/home/sadmin/Work/pyroffi/iosp/model/tetris.py", line 293, in raw
    rs = residual_fn(x, scene)
         ^^^^^^^^^^^^^^^^^^^^^
  File "/home/sadmin/Work/pyroffi/iosp/model/tetris.py", line 258, in residual_fn
    clearance = _multi_sphere_clearance(
                ^^^^^^^^^^^^^^^^^^^^^^^^
  File "/home/sadmin/Work/pyroffi/iosp/model/tetris.py", line 199, in _multi_sphere_clearance
    coll_pos[:, :, None, :] - obs_centers[None, None, :, :], axis=-1)
    ~~~~~~~~~~~~~~~~~~~~~~~~^~~~~~~~~~~~~~~~~~~~~~~~~~~~~~~
  File "/home/sadmin/miniconda3/envs/pyroffi/lib/python3.11/site-packages/jax/_src/numpy/array_methods.py", line 1532, in op
    return getattr(self.aval, f"_{name}")(self, *args)
           ^^^^^^^^^^^^^^^^^^^^^^^^^^^^^^^^^^^^^^^^^^^
  File "/home/sadmin/miniconda3/envs/pyroffi/lib/python3.11/site-packages/jax/_src/numpy/array_methods.py", line 758, in _operator_sub
    return ufuncs.subtract(self, cast(ArrayLike, other))
           ^^^^^^^^^^^^^^^^^^^^^^^^^^^^^^^^^^^^^^^^^^^^^
  File "/home/sadmin/miniconda3/envs/pyroffi/lib/python3.11/site-packages/jax/_src/numpy/ufunc_api.py", line 182, in __call__
    return call(*args)
           ^^^^^^^^^^^
  File "/home/sadmin/miniconda3/envs/pyroffi/lib/python3.11/site-packages/jax/_src/numpy/ufuncs.py", line 1569, in subtract
    out = lax.sub(*promote_args("subtract", x, y))
                   ^^^^^^^^^^^^^^^^^^^^^^^^^^^^^^
  File "/home/sadmin/miniconda3/envs/pyroffi/lib/python3.11/site-packages/jax/_src/numpy/util.py", line 229, in promote_args
    return promote_shapes(fun_name, *promote_dtypes(*args))
           ^^^^^^^^^^^^^^^^^^^^^^^^^^^^^^^^^^^^^^^^^^^^^^^^
  File "/home/sadmin/miniconda3/envs/pyroffi/lib/python3.11/site-packages/jax/_src/numpy/util.py", line 59, in promote_shapes
    result_rank = len(lax.broadcast_shapes(*shapes))
                      ^^^^^^^^^^^^^^^^^^^^^^^^^^^^^
ValueError: Incompatible shapes for broadcasting: shapes=[(8, 18, 1, 13, 3), (1, 1, 40, 3)]
--------------------
For simplicity, JAX has removed its internal frames from the traceback of the following exception. Set JAX_TRACEBACK_FILTERING=off to include these.
  wall: 9s  exit: 1
  manifest: iosp/data/results/tetris/blocks3_seed2.manifest.json

============================================================
[run] blocks5_seed0  GPU=3  module=iosp.experiments.e8_tetris
  cmd: /home/sadmin/miniconda3/envs/pyroffi/bin/python -m iosp.experiments.e8_tetris --n-iters 60 --n-steps 40 --n-starts 4 --num-blocks 5 --seed 0 --out iosp/data/results/tetris/blocks5_seed0.npz
2026-08-29 23:18:04.652 | INFO     | pyroffi.collision._robot_collision:_compute_active_pair_indices_from_srdf:792 - Loaded 36 disabled collision pairs from SRDF
2026-08-29 23:18:05.465 | INFO     | pyroffi.collision._robot_collision:from_urdf:701 - Created RobotCollision with 13 links and 42 active self-collision pairs, using spherical collision models.
Traceback (most recent call last):
  File "/home/sadmin/miniconda3/envs/pyroffi/lib/python3.11/site-packages/jax/_src/lax/lax.py", line 213, in _broadcast_shapes_uncached
    return _try_broadcast_shapes(*rank_promoted_shapes, name='broadcast_shapes')
           ^^^^^^^^^^^^^^^^^^^^^^^^^^^^^^^^^^^^^^^^^^^^^^^^^^^^^^^^^^^^^^^^^^^^^
  File "/home/sadmin/miniconda3/envs/pyroffi/lib/python3.11/site-packages/jax/_src/lax/lax.py", line 126, in _try_broadcast_shapes
    raise TypeError(f'{name} got incompatible shapes for broadcasting: '
TypeError: broadcast_shapes got incompatible shapes for broadcasting: (8, 18, 1, 13, 3), (1, 1, 1, 40, 3).

The above exception was the direct cause of the following exception:

Traceback (most recent call last):
  File "/home/sadmin/miniconda3/envs/pyroffi/lib/python3.11/site-packages/jax/_src/lax/lax.py", line 191, in broadcast_shapes
    return _broadcast_shapes_cached(*shapes)
           ^^^^^^^^^^^^^^^^^^^^^^^^^^^^^^^^^
  File "/home/sadmin/miniconda3/envs/pyroffi/lib/python3.11/site-packages/jax/_src/util.py", line 274, in wrapper
    return cached(trace_context(), *args, **kwargs)
           ^^^^^^^^^^^^^^^^^^^^^^^^^^^^^^^^^^^^^^^^
  File "/home/sadmin/miniconda3/envs/pyroffi/lib/python3.11/site-packages/jax/_src/util.py", line 268, in cached
    return f(*args, **kwargs)
           ^^^^^^^^^^^^^^^^^^
  File "/home/sadmin/miniconda3/envs/pyroffi/lib/python3.11/site-packages/jax/_src/lax/lax.py", line 197, in _broadcast_shapes_cached
    return _broadcast_shapes_uncached(*shapes)
           ^^^^^^^^^^^^^^^^^^^^^^^^^^^^^^^^^^^
  File "/home/sadmin/miniconda3/envs/pyroffi/lib/python3.11/site-packages/jax/_src/lax/lax.py", line 216, in _broadcast_shapes_uncached
    raise ValueError(f"Incompatible shapes for broadcasting: shapes={list(shapes)}") from err
ValueError: Incompatible shapes for broadcasting: shapes=[(8, 18, 1, 13, 3), (1, 1, 40, 3)]

During handling of the above exception, another exception occurred:

Traceback (most recent call last):
  File "/home/sadmin/miniconda3/envs/pyroffi/lib/python3.11/site-packages/jax/_src/lax/lax.py", line 213, in _broadcast_shapes_uncached
    return _try_broadcast_shapes(*rank_promoted_shapes, name='broadcast_shapes')
           ^^^^^^^^^^^^^^^^^^^^^^^^^^^^^^^^^^^^^^^^^^^^^^^^^^^^^^^^^^^^^^^^^^^^^
  File "/home/sadmin/miniconda3/envs/pyroffi/lib/python3.11/site-packages/jax/_src/lax/lax.py", line 126, in _try_broadcast_shapes
    raise TypeError(f'{name} got incompatible shapes for broadcasting: '
TypeError: broadcast_shapes got incompatible shapes for broadcasting: (8, 18, 1, 13, 3), (1, 1, 1, 40, 3).

The above exception was the direct cause of the following exception:

Traceback (most recent call last):
  File "<frozen runpy>", line 198, in _run_module_as_main
  File "<frozen runpy>", line 88, in _run_code
  File "/home/sadmin/Work/pyroffi/iosp/experiments/e8_tetris.py", line 190, in <module>
    report(run(seed=a.seed, n_iters=a.n_iters, n_scenes=a.n_scenes,
           ^^^^^^^^^^^^^^^^^^^^^^^^^^^^^^^^^^^^^^^^^^^^^^^^^^^^^^^^
  File "/home/sadmin/Work/pyroffi/iosp/experiments/e8_tetris.py", line 107, in run
    built = build(seed=seed, n_iters=n_iters, n_scenes=n_scenes,
            ^^^^^^^^^^^^^^^^^^^^^^^^^^^^^^^^^^^^^^^^^^^^^^^^^^^^
  File "/home/sadmin/Work/pyroffi/iosp/experiments/e8_tetris.py", line 51, in build
    scales = prob.calibrate_segment(p, rf, seg_scenes[p], key)
             ^^^^^^^^^^^^^^^^^^^^^^^^^^^^^^^^^^^^^^^^^^^^^^^^^
  File "/home/sadmin/Work/pyroffi/iosp/model/tetris.py", line 297, in calibrate_segment
    vals = jax.vmap(jax.vmap(raw, in_axes=(None, 0)),
           ^^^^^^^^^^^^^^^^^^^^^^^^^^^^^^^^^^^^^^^^^^
  File "/home/sadmin/Work/pyroffi/iosp/model/tetris.py", line 293, in raw
    rs = residual_fn(x, scene)
         ^^^^^^^^^^^^^^^^^^^^^
  File "/home/sadmin/Work/pyroffi/iosp/model/tetris.py", line 258, in residual_fn
    clearance = _multi_sphere_clearance(
                ^^^^^^^^^^^^^^^^^^^^^^^^
  File "/home/sadmin/Work/pyroffi/iosp/model/tetris.py", line 199, in _multi_sphere_clearance
    coll_pos[:, :, None, :] - obs_centers[None, None, :, :], axis=-1)
    ~~~~~~~~~~~~~~~~~~~~~~~~^~~~~~~~~~~~~~~~~~~~~~~~~~~~~~~
  File "/home/sadmin/miniconda3/envs/pyroffi/lib/python3.11/site-packages/jax/_src/numpy/array_methods.py", line 1532, in op
    return getattr(self.aval, f"_{name}")(self, *args)
           ^^^^^^^^^^^^^^^^^^^^^^^^^^^^^^^^^^^^^^^^^^^
  File "/home/sadmin/miniconda3/envs/pyroffi/lib/python3.11/site-packages/jax/_src/numpy/array_methods.py", line 758, in _operator_sub
    return ufuncs.subtract(self, cast(ArrayLike, other))
           ^^^^^^^^^^^^^^^^^^^^^^^^^^^^^^^^^^^^^^^^^^^^^
  File "/home/sadmin/miniconda3/envs/pyroffi/lib/python3.11/site-packages/jax/_src/numpy/ufunc_api.py", line 182, in __call__
    return call(*args)
           ^^^^^^^^^^^
  File "/home/sadmin/miniconda3/envs/pyroffi/lib/python3.11/site-packages/jax/_src/numpy/ufuncs.py", line 1569, in subtract
    out = lax.sub(*promote_args("subtract", x, y))
                   ^^^^^^^^^^^^^^^^^^^^^^^^^^^^^^
  File "/home/sadmin/miniconda3/envs/pyroffi/lib/python3.11/site-packages/jax/_src/numpy/util.py", line 229, in promote_args
    return promote_shapes(fun_name, *promote_dtypes(*args))
           ^^^^^^^^^^^^^^^^^^^^^^^^^^^^^^^^^^^^^^^^^^^^^^^^
  File "/home/sadmin/miniconda3/envs/pyroffi/lib/python3.11/site-packages/jax/_src/numpy/util.py", line 59, in promote_shapes
    result_rank = len(lax.broadcast_shapes(*shapes))
                      ^^^^^^^^^^^^^^^^^^^^^^^^^^^^^
ValueError: Incompatible shapes for broadcasting: shapes=[(8, 18, 1, 13, 3), (1, 1, 40, 3)]
--------------------
For simplicity, JAX has removed its internal frames from the traceback of the following exception. Set JAX_TRACEBACK_FILTERING=off to include these.
  wall: 8s  exit: 1
  manifest: iosp/data/results/tetris/blocks5_seed0.manifest.json

============================================================
[run] blocks5_seed1  GPU=3  module=iosp.experiments.e8_tetris
  cmd: /home/sadmin/miniconda3/envs/pyroffi/bin/python -m iosp.experiments.e8_tetris --n-iters 60 --n-steps 40 --n-starts 4 --num-blocks 5 --seed 1 --out iosp/data/results/tetris/blocks5_seed1.npz
2026-08-29 23:18:13.116 | INFO     | pyroffi.collision._robot_collision:_compute_active_pair_indices_from_srdf:792 - Loaded 36 disabled collision pairs from SRDF
2026-08-29 23:18:13.921 | INFO     | pyroffi.collision._robot_collision:from_urdf:701 - Created RobotCollision with 13 links and 42 active self-collision pairs, using spherical collision models.
Traceback (most recent call last):
  File "/home/sadmin/miniconda3/envs/pyroffi/lib/python3.11/site-packages/jax/_src/lax/lax.py", line 213, in _broadcast_shapes_uncached
    return _try_broadcast_shapes(*rank_promoted_shapes, name='broadcast_shapes')
           ^^^^^^^^^^^^^^^^^^^^^^^^^^^^^^^^^^^^^^^^^^^^^^^^^^^^^^^^^^^^^^^^^^^^^
  File "/home/sadmin/miniconda3/envs/pyroffi/lib/python3.11/site-packages/jax/_src/lax/lax.py", line 126, in _try_broadcast_shapes
    raise TypeError(f'{name} got incompatible shapes for broadcasting: '
TypeError: broadcast_shapes got incompatible shapes for broadcasting: (8, 18, 1, 13, 3), (1, 1, 1, 40, 3).

The above exception was the direct cause of the following exception:

Traceback (most recent call last):
  File "/home/sadmin/miniconda3/envs/pyroffi/lib/python3.11/site-packages/jax/_src/lax/lax.py", line 191, in broadcast_shapes
    return _broadcast_shapes_cached(*shapes)
           ^^^^^^^^^^^^^^^^^^^^^^^^^^^^^^^^^
  File "/home/sadmin/miniconda3/envs/pyroffi/lib/python3.11/site-packages/jax/_src/util.py", line 274, in wrapper
    return cached(trace_context(), *args, **kwargs)
           ^^^^^^^^^^^^^^^^^^^^^^^^^^^^^^^^^^^^^^^^
  File "/home/sadmin/miniconda3/envs/pyroffi/lib/python3.11/site-packages/jax/_src/util.py", line 268, in cached
    return f(*args, **kwargs)
           ^^^^^^^^^^^^^^^^^^
  File "/home/sadmin/miniconda3/envs/pyroffi/lib/python3.11/site-packages/jax/_src/lax/lax.py", line 197, in _broadcast_shapes_cached
    return _broadcast_shapes_uncached(*shapes)
           ^^^^^^^^^^^^^^^^^^^^^^^^^^^^^^^^^^^
  File "/home/sadmin/miniconda3/envs/pyroffi/lib/python3.11/site-packages/jax/_src/lax/lax.py", line 216, in _broadcast_shapes_uncached
    raise ValueError(f"Incompatible shapes for broadcasting: shapes={list(shapes)}") from err
ValueError: Incompatible shapes for broadcasting: shapes=[(8, 18, 1, 13, 3), (1, 1, 40, 3)]

During handling of the above exception, another exception occurred:

Traceback (most recent call last):
  File "/home/sadmin/miniconda3/envs/pyroffi/lib/python3.11/site-packages/jax/_src/lax/lax.py", line 213, in _broadcast_shapes_uncached
    return _try_broadcast_shapes(*rank_promoted_shapes, name='broadcast_shapes')
           ^^^^^^^^^^^^^^^^^^^^^^^^^^^^^^^^^^^^^^^^^^^^^^^^^^^^^^^^^^^^^^^^^^^^^
  File "/home/sadmin/miniconda3/envs/pyroffi/lib/python3.11/site-packages/jax/_src/lax/lax.py", line 126, in _try_broadcast_shapes
    raise TypeError(f'{name} got incompatible shapes for broadcasting: '
TypeError: broadcast_shapes got incompatible shapes for broadcasting: (8, 18, 1, 13, 3), (1, 1, 1, 40, 3).

The above exception was the direct cause of the following exception:

Traceback (most recent call last):
  File "<frozen runpy>", line 198, in _run_module_as_main
  File "<frozen runpy>", line 88, in _run_code
  File "/home/sadmin/Work/pyroffi/iosp/experiments/e8_tetris.py", line 190, in <module>
    report(run(seed=a.seed, n_iters=a.n_iters, n_scenes=a.n_scenes,
           ^^^^^^^^^^^^^^^^^^^^^^^^^^^^^^^^^^^^^^^^^^^^^^^^^^^^^^^^
  File "/home/sadmin/Work/pyroffi/iosp/experiments/e8_tetris.py", line 107, in run
    built = build(seed=seed, n_iters=n_iters, n_scenes=n_scenes,
            ^^^^^^^^^^^^^^^^^^^^^^^^^^^^^^^^^^^^^^^^^^^^^^^^^^^^
  File "/home/sadmin/Work/pyroffi/iosp/experiments/e8_tetris.py", line 51, in build
    scales = prob.calibrate_segment(p, rf, seg_scenes[p], key)
             ^^^^^^^^^^^^^^^^^^^^^^^^^^^^^^^^^^^^^^^^^^^^^^^^^
  File "/home/sadmin/Work/pyroffi/iosp/model/tetris.py", line 297, in calibrate_segment
    vals = jax.vmap(jax.vmap(raw, in_axes=(None, 0)),
           ^^^^^^^^^^^^^^^^^^^^^^^^^^^^^^^^^^^^^^^^^^
  File "/home/sadmin/Work/pyroffi/iosp/model/tetris.py", line 293, in raw
    rs = residual_fn(x, scene)
         ^^^^^^^^^^^^^^^^^^^^^
  File "/home/sadmin/Work/pyroffi/iosp/model/tetris.py", line 258, in residual_fn
    clearance = _multi_sphere_clearance(
                ^^^^^^^^^^^^^^^^^^^^^^^^
  File "/home/sadmin/Work/pyroffi/iosp/model/tetris.py", line 199, in _multi_sphere_clearance
    coll_pos[:, :, None, :] - obs_centers[None, None, :, :], axis=-1)
    ~~~~~~~~~~~~~~~~~~~~~~~~^~~~~~~~~~~~~~~~~~~~~~~~~~~~~~~
  File "/home/sadmin/miniconda3/envs/pyroffi/lib/python3.11/site-packages/jax/_src/numpy/array_methods.py", line 1532, in op
    return getattr(self.aval, f"_{name}")(self, *args)
           ^^^^^^^^^^^^^^^^^^^^^^^^^^^^^^^^^^^^^^^^^^^
  File "/home/sadmin/miniconda3/envs/pyroffi/lib/python3.11/site-packages/jax/_src/numpy/array_methods.py", line 758, in _operator_sub
    return ufuncs.subtract(self, cast(ArrayLike, other))
           ^^^^^^^^^^^^^^^^^^^^^^^^^^^^^^^^^^^^^^^^^^^^^
  File "/home/sadmin/miniconda3/envs/pyroffi/lib/python3.11/site-packages/jax/_src/numpy/ufunc_api.py", line 182, in __call__
    return call(*args)
           ^^^^^^^^^^^
  File "/home/sadmin/miniconda3/envs/pyroffi/lib/python3.11/site-packages/jax/_src/numpy/ufuncs.py", line 1569, in subtract
    out = lax.sub(*promote_args("subtract", x, y))
                   ^^^^^^^^^^^^^^^^^^^^^^^^^^^^^^
  File "/home/sadmin/miniconda3/envs/pyroffi/lib/python3.11/site-packages/jax/_src/numpy/util.py", line 229, in promote_args
    return promote_shapes(fun_name, *promote_dtypes(*args))
           ^^^^^^^^^^^^^^^^^^^^^^^^^^^^^^^^^^^^^^^^^^^^^^^^
  File "/home/sadmin/miniconda3/envs/pyroffi/lib/python3.11/site-packages/jax/_src/numpy/util.py", line 59, in promote_shapes
    result_rank = len(lax.broadcast_shapes(*shapes))
                      ^^^^^^^^^^^^^^^^^^^^^^^^^^^^^
ValueError: Incompatible shapes for broadcasting: shapes=[(8, 18, 1, 13, 3), (1, 1, 40, 3)]
--------------------
For simplicity, JAX has removed its internal frames from the traceback of the following exception. Set JAX_TRACEBACK_FILTERING=off to include these.
  wall: 8s  exit: 1
  manifest: iosp/data/results/tetris/blocks5_seed1.manifest.json

============================================================
[run] blocks5_seed2  GPU=3  module=iosp.experiments.e8_tetris
  cmd: /home/sadmin/miniconda3/envs/pyroffi/bin/python -m iosp.experiments.e8_tetris --n-iters 60 --n-steps 40 --n-starts 4 --num-blocks 5 --seed 2 --out iosp/data/results/tetris/blocks5_seed2.npz
2026-08-29 23:18:21.584 | INFO     | pyroffi.collision._robot_collision:_compute_active_pair_indices_from_srdf:792 - Loaded 36 disabled collision pairs from SRDF
2026-08-29 23:18:22.398 | INFO     | pyroffi.collision._robot_collision:from_urdf:701 - Created RobotCollision with 13 links and 42 active self-collision pairs, using spherical collision models.
Traceback (most recent call last):
  File "/home/sadmin/miniconda3/envs/pyroffi/lib/python3.11/site-packages/jax/_src/lax/lax.py", line 213, in _broadcast_shapes_uncached
    return _try_broadcast_shapes(*rank_promoted_shapes, name='broadcast_shapes')
           ^^^^^^^^^^^^^^^^^^^^^^^^^^^^^^^^^^^^^^^^^^^^^^^^^^^^^^^^^^^^^^^^^^^^^
  File "/home/sadmin/miniconda3/envs/pyroffi/lib/python3.11/site-packages/jax/_src/lax/lax.py", line 126, in _try_broadcast_shapes
    raise TypeError(f'{name} got incompatible shapes for broadcasting: '
TypeError: broadcast_shapes got incompatible shapes for broadcasting: (8, 18, 1, 13, 3), (1, 1, 1, 40, 3).

The above exception was the direct cause of the following exception:

Traceback (most recent call last):
  File "/home/sadmin/miniconda3/envs/pyroffi/lib/python3.11/site-packages/jax/_src/lax/lax.py", line 191, in broadcast_shapes
    return _broadcast_shapes_cached(*shapes)
           ^^^^^^^^^^^^^^^^^^^^^^^^^^^^^^^^^
  File "/home/sadmin/miniconda3/envs/pyroffi/lib/python3.11/site-packages/jax/_src/util.py", line 274, in wrapper
    return cached(trace_context(), *args, **kwargs)
           ^^^^^^^^^^^^^^^^^^^^^^^^^^^^^^^^^^^^^^^^
  File "/home/sadmin/miniconda3/envs/pyroffi/lib/python3.11/site-packages/jax/_src/util.py", line 268, in cached
    return f(*args, **kwargs)
           ^^^^^^^^^^^^^^^^^^
  File "/home/sadmin/miniconda3/envs/pyroffi/lib/python3.11/site-packages/jax/_src/lax/lax.py", line 197, in _broadcast_shapes_cached
    return _broadcast_shapes_uncached(*shapes)
           ^^^^^^^^^^^^^^^^^^^^^^^^^^^^^^^^^^^
  File "/home/sadmin/miniconda3/envs/pyroffi/lib/python3.11/site-packages/jax/_src/lax/lax.py", line 216, in _broadcast_shapes_uncached
    raise ValueError(f"Incompatible shapes for broadcasting: shapes={list(shapes)}") from err
ValueError: Incompatible shapes for broadcasting: shapes=[(8, 18, 1, 13, 3), (1, 1, 40, 3)]

During handling of the above exception, another exception occurred:

Traceback (most recent call last):
  File "/home/sadmin/miniconda3/envs/pyroffi/lib/python3.11/site-packages/jax/_src/lax/lax.py", line 213, in _broadcast_shapes_uncached
    return _try_broadcast_shapes(*rank_promoted_shapes, name='broadcast_shapes')
           ^^^^^^^^^^^^^^^^^^^^^^^^^^^^^^^^^^^^^^^^^^^^^^^^^^^^^^^^^^^^^^^^^^^^^
  File "/home/sadmin/miniconda3/envs/pyroffi/lib/python3.11/site-packages/jax/_src/lax/lax.py", line 126, in _try_broadcast_shapes
    raise TypeError(f'{name} got incompatible shapes for broadcasting: '
TypeError: broadcast_shapes got incompatible shapes for broadcasting: (8, 18, 1, 13, 3), (1, 1, 1, 40, 3).

The above exception was the direct cause of the following exception:

Traceback (most recent call last):
  File "<frozen runpy>", line 198, in _run_module_as_main
  File "<frozen runpy>", line 88, in _run_code
  File "/home/sadmin/Work/pyroffi/iosp/experiments/e8_tetris.py", line 190, in <module>
    report(run(seed=a.seed, n_iters=a.n_iters, n_scenes=a.n_scenes,
           ^^^^^^^^^^^^^^^^^^^^^^^^^^^^^^^^^^^^^^^^^^^^^^^^^^^^^^^^
  File "/home/sadmin/Work/pyroffi/iosp/experiments/e8_tetris.py", line 107, in run
    built = build(seed=seed, n_iters=n_iters, n_scenes=n_scenes,
            ^^^^^^^^^^^^^^^^^^^^^^^^^^^^^^^^^^^^^^^^^^^^^^^^^^^^
  File "/home/sadmin/Work/pyroffi/iosp/experiments/e8_tetris.py", line 51, in build
    scales = prob.calibrate_segment(p, rf, seg_scenes[p], key)
             ^^^^^^^^^^^^^^^^^^^^^^^^^^^^^^^^^^^^^^^^^^^^^^^^^
  File "/home/sadmin/Work/pyroffi/iosp/model/tetris.py", line 297, in calibrate_segment
    vals = jax.vmap(jax.vmap(raw, in_axes=(None, 0)),
           ^^^^^^^^^^^^^^^^^^^^^^^^^^^^^^^^^^^^^^^^^^
  File "/home/sadmin/Work/pyroffi/iosp/model/tetris.py", line 293, in raw
    rs = residual_fn(x, scene)
         ^^^^^^^^^^^^^^^^^^^^^
  File "/home/sadmin/Work/pyroffi/iosp/model/tetris.py", line 258, in residual_fn
    clearance = _multi_sphere_clearance(
                ^^^^^^^^^^^^^^^^^^^^^^^^
  File "/home/sadmin/Work/pyroffi/iosp/model/tetris.py", line 199, in _multi_sphere_clearance
    coll_pos[:, :, None, :] - obs_centers[None, None, :, :], axis=-1)
    ~~~~~~~~~~~~~~~~~~~~~~~~^~~~~~~~~~~~~~~~~~~~~~~~~~~~~~~
  File "/home/sadmin/miniconda3/envs/pyroffi/lib/python3.11/site-packages/jax/_src/numpy/array_methods.py", line 1532, in op
    return getattr(self.aval, f"_{name}")(self, *args)
           ^^^^^^^^^^^^^^^^^^^^^^^^^^^^^^^^^^^^^^^^^^^
  File "/home/sadmin/miniconda3/envs/pyroffi/lib/python3.11/site-packages/jax/_src/numpy/array_methods.py", line 758, in _operator_sub
    return ufuncs.subtract(self, cast(ArrayLike, other))
           ^^^^^^^^^^^^^^^^^^^^^^^^^^^^^^^^^^^^^^^^^^^^^
  File "/home/sadmin/miniconda3/envs/pyroffi/lib/python3.11/site-packages/jax/_src/numpy/ufunc_api.py", line 182, in __call__
    return call(*args)
           ^^^^^^^^^^^
  File "/home/sadmin/miniconda3/envs/pyroffi/lib/python3.11/site-packages/jax/_src/numpy/ufuncs.py", line 1569, in subtract
    out = lax.sub(*promote_args("subtract", x, y))
                   ^^^^^^^^^^^^^^^^^^^^^^^^^^^^^^
  File "/home/sadmin/miniconda3/envs/pyroffi/lib/python3.11/site-packages/jax/_src/numpy/util.py", line 229, in promote_args
    return promote_shapes(fun_name, *promote_dtypes(*args))
           ^^^^^^^^^^^^^^^^^^^^^^^^^^^^^^^^^^^^^^^^^^^^^^^^
  File "/home/sadmin/miniconda3/envs/pyroffi/lib/python3.11/site-packages/jax/_src/numpy/util.py", line 59, in promote_shapes
    result_rank = len(lax.broadcast_shapes(*shapes))
                      ^^^^^^^^^^^^^^^^^^^^^^^^^^^^^
ValueError: Incompatible shapes for broadcasting: shapes=[(8, 18, 1, 13, 3), (1, 1, 40, 3)]
--------------------
For simplicity, JAX has removed its internal frames from the traceback of the following exception. Set JAX_TRACEBACK_FILTERING=off to include these.
  wall: 9s  exit: 1
  manifest: iosp/data/results/tetris/blocks5_seed2.manifest.json

WARNING: 6/6 runs failed
