
=== stage bench2d_main ===
  /home/sadmin/miniconda3/envs/pyroffi/bin/python -u -m ioc.bench2d.run --benchmark field --n-contexts 8 --n-seeds 5 --n-timesteps 30 --n-iter 800 --budget 8000 --k-bumps 6 --out /home/sadmin/Work/pyroffi/ioc/data/bench2d/bench2d_field.json
[field] K=8 d=2 T=30 M=8 budget=8000 solves
  seed 0: implicit=1.91e-03  fd=1.78e-03  cmaes=3.83e-06  kkt=8.15e-04  cioc=5.96e-05  random=1.68e-02
  seed 1: implicit=1.92e-02  fd=1.22e-02  cmaes=3.73e-05  kkt=3.90e-03  cioc=1.40e-04  random=2.46e-03
Traceback (most recent call last):
  File "<frozen runpy>", line 198, in _run_module_as_main
  File "<frozen runpy>", line 88, in _run_code
  File "/home/sadmin/Work/pyroffi/ioc/bench2d/run.py", line 343, in <module>
    tyro.cli(main)
  File "/home/sadmin/miniconda3/envs/pyroffi/lib/python3.11/site-packages/tyro/_cli.py", line 322, in cli
    out = run_with_args_from_cli()
          ^^^^^^^^^^^^^^^^^^^^^^^^
  File "/home/sadmin/Work/pyroffi/ioc/bench2d/run.py", line 337, in main
    run(benchmark, n_contexts, n_seeds, n_timesteps, n_iter, budget, k_bumps,
  File "/home/sadmin/Work/pyroffi/ioc/bench2d/run.py", line 201, in run
    _screen_demos(rel, benchmark, seed, demo_iter)
  File "/home/sadmin/Work/pyroffi/ioc/bench2d/run.py", line 143, in _screen_demos
    raise RuntimeError(
RuntimeError: [field seed 2] 1/8 demonstrations are not local optima: max relative stationarity = 1.15e-04 > 1e-06 after 1500 inner iterations. The recovered costs would not be valid; raise the demonstration iteration count (ioc.bench2d.run.DEMO_N_ITER).
  FAILED (1): bench2d/bench2d_field.json
  /home/sadmin/miniconda3/envs/pyroffi/bin/python -u -m ioc.bench2d.run --benchmark racing --n-contexts 8 --n-seeds 5 --n-timesteps 30 --n-iter 800 --budget 8000 --k-bumps 6 --out /home/sadmin/Work/pyroffi/ioc/data/bench2d/bench2d_racing.json
[racing] K=4 d=2 T=30 M=8 budget=8000 solves
  seed 0: implicit=6.32e-06  fd=6.18e-06  cmaes=6.42e-06  kkt=2.73e-04  cioc=7.28e-05  random=1.47e-05
  seed 1: implicit=9.52e-07  fd=9.49e-07  cmaes=9.52e-07  kkt=1.90e-04  cioc=2.51e-05  random=2.29e-04
  seed 2: implicit=4.08e-07  fd=4.73e-07  cmaes=4.07e-07  kkt=5.62e-05  cioc=5.20e-05  random=4.45e-04
  seed 3: implicit=7.71e-08  fd=1.43e-06  cmaes=1.62e-07  kkt=3.92e-04  cioc=3.36e-04  random=4.41e-04
  seed 4: implicit=5.94e-07  fd=5.59e-07  cmaes=6.33e-07  kkt=4.20e-02  cioc=1.22e-04  random=5.18e-04
wrote /home/sadmin/Work/pyroffi/ioc/data/bench2d/bench2d_racing.json

    method   theta L1       regret     wall
  implicit      0.124    5.936e-07  1539.3s
  unrolled      0.227    1.719e-06  1537.2s
        fd      0.084    9.489e-07  1532.4s
     cmaes      0.124    6.325e-07  1536.3s
       kkt      0.621    2.735e-04     1.2s
      cioc      0.542    7.276e-05     3.4s
    random      0.705    4.412e-04     0.0s
  /home/sadmin/miniconda3/envs/pyroffi/bin/python -u -m ioc.bench2d.run --benchmark unicycle --n-contexts 8 --n-seeds 5 --n-timesteps 30 --n-iter 800 --budget 8000 --k-bumps 6 --out /home/sadmin/Work/pyroffi/ioc/data/bench2d/bench2d_unicycle.json
[unicycle] K=5 d=3 T=30 M=8 budget=8000 solves
  seed 0: implicit=1.19e-05  fd=5.19e-03  cmaes=1.24e-05  kkt=5.36e-03  cioc=7.82e-05  random=5.94e-02
  seed 1: implicit=2.72e-06  fd=2.37e-05  cmaes=1.87e-05  kkt=8.85e-03  cioc=6.99e-04  random=4.19e-02
  seed 2: implicit=1.84e-04  fd=1.84e-04  cmaes=1.73e-04  kkt=3.30e-04  cioc=5.19e-06  random=8.86e-04
  seed 3: implicit=1.08e-02  fd=1.07e-02  cmaes=6.34e-04  kkt=1.06e-02  cioc=1.00e-03  random=7.57e-03
Traceback (most recent call last):
  File "<frozen runpy>", line 198, in _run_module_as_main
  File "<frozen runpy>", line 88, in _run_code
  File "/home/sadmin/Work/pyroffi/ioc/bench2d/run.py", line 343, in <module>
    tyro.cli(main)
  File "/home/sadmin/miniconda3/envs/pyroffi/lib/python3.11/site-packages/tyro/_cli.py", line 322, in cli
    out = run_with_args_from_cli()
          ^^^^^^^^^^^^^^^^^^^^^^^^
  File "/home/sadmin/Work/pyroffi/ioc/bench2d/run.py", line 337, in main
    run(benchmark, n_contexts, n_seeds, n_timesteps, n_iter, budget, k_bumps,
  File "/home/sadmin/Work/pyroffi/ioc/bench2d/run.py", line 201, in run
    _screen_demos(rel, benchmark, seed, demo_iter)
  File "/home/sadmin/Work/pyroffi/ioc/bench2d/run.py", line 143, in _screen_demos
    raise RuntimeError(
RuntimeError: [unicycle seed 4] 2/8 demonstrations are not local optima: max relative stationarity = 1.37e-04 > 1e-06 after 4000 inner iterations. The recovered costs would not be valid; raise the demonstration iteration count (ioc.bench2d.run.DEMO_N_ITER).
  FAILED (1): bench2d/bench2d_unicycle.json

=== stage bench2d_scale ===
  /home/sadmin/miniconda3/envs/pyroffi/bin/python -u -m ioc.bench2d.run --benchmark segments --k-segments 2 --n-contexts 8 --n-seeds 3 --n-timesteps 30 --n-iter 800 --budget 10000 --out /home/sadmin/Work/pyroffi/ioc/data/bench2d/bench2d_seg_K5.json
[segments] K=5 d=2 T=30 M=8 budget=10000 solves
Traceback (most recent call last):
  File "<frozen runpy>", line 198, in _run_module_as_main
  File "<frozen runpy>", line 88, in _run_code
  File "/home/sadmin/Work/pyroffi/ioc/bench2d/run.py", line 343, in <module>
    tyro.cli(main)
  File "/home/sadmin/miniconda3/envs/pyroffi/lib/python3.11/site-packages/tyro/_cli.py", line 322, in cli
    out = run_with_args_from_cli()
          ^^^^^^^^^^^^^^^^^^^^^^^^
  File "/home/sadmin/Work/pyroffi/ioc/bench2d/run.py", line 337, in main
    run(benchmark, n_contexts, n_seeds, n_timesteps, n_iter, budget, k_bumps,
  File "/home/sadmin/Work/pyroffi/ioc/bench2d/run.py", line 201, in run
    _screen_demos(rel, benchmark, seed, demo_iter)
  File "/home/sadmin/Work/pyroffi/ioc/bench2d/run.py", line 143, in _screen_demos
    raise RuntimeError(
RuntimeError: [segments seed 0] 5/8 demonstrations are not local optima: max relative stationarity = 6.31e-03 > 1e-06 after 800 inner iterations. The recovered costs would not be valid; raise the demonstration iteration count (ioc.bench2d.run.DEMO_N_ITER).
  FAILED (1): bench2d/bench2d_seg_K5.json
  /home/sadmin/miniconda3/envs/pyroffi/bin/python -u -m ioc.bench2d.run --benchmark segments --k-segments 4 --n-contexts 9 --n-seeds 3 --n-timesteps 30 --n-iter 800 --budget 18000 --out /home/sadmin/Work/pyroffi/ioc/data/bench2d/bench2d_seg_K9.json
[segments] K=9 d=2 T=30 M=9 budget=18000 solves
  seed 0: implicit=2.87e-05  fd=1.98e-03  cmaes=2.97e-05  kkt=1.39e-03  cioc=-3.00e-04  random=8.92e-03
Traceback (most recent call last):
  File "<frozen runpy>", line 198, in _run_module_as_main
  File "<frozen runpy>", line 88, in _run_code
  File "/home/sadmin/Work/pyroffi/ioc/bench2d/run.py", line 343, in <module>
    tyro.cli(main)
  File "/home/sadmin/miniconda3/envs/pyroffi/lib/python3.11/site-packages/tyro/_cli.py", line 322, in cli
    out = run_with_args_from_cli()
          ^^^^^^^^^^^^^^^^^^^^^^^^
  File "/home/sadmin/Work/pyroffi/ioc/bench2d/run.py", line 337, in main
    run(benchmark, n_contexts, n_seeds, n_timesteps, n_iter, budget, k_bumps,
  File "/home/sadmin/Work/pyroffi/ioc/bench2d/run.py", line 201, in run
    _screen_demos(rel, benchmark, seed, demo_iter)
  File "/home/sadmin/Work/pyroffi/ioc/bench2d/run.py", line 143, in _screen_demos
    raise RuntimeError(
RuntimeError: [segments seed 1] 1/9 demonstrations are not local optima: max relative stationarity = 6.21e-04 > 1e-06 after 800 inner iterations. The recovered costs would not be valid; raise the demonstration iteration count (ioc.bench2d.run.DEMO_N_ITER).
  FAILED (1): bench2d/bench2d_seg_K9.json
  /home/sadmin/miniconda3/envs/pyroffi/bin/python -u -m ioc.bench2d.run --benchmark segments --k-segments 8 --n-contexts 17 --n-seeds 3 --n-timesteps 30 --n-iter 800 --budget 34000 --out /home/sadmin/Work/pyroffi/ioc/data/bench2d/bench2d_seg_K17.json
[segments] K=17 d=2 T=30 M=17 budget=34000 solves
Traceback (most recent call last):
  File "<frozen runpy>", line 198, in _run_module_as_main
  File "<frozen runpy>", line 88, in _run_code
  File "/home/sadmin/Work/pyroffi/ioc/bench2d/run.py", line 343, in <module>
    tyro.cli(main)
  File "/home/sadmin/miniconda3/envs/pyroffi/lib/python3.11/site-packages/tyro/_cli.py", line 322, in cli
    out = run_with_args_from_cli()
          ^^^^^^^^^^^^^^^^^^^^^^^^
  File "/home/sadmin/Work/pyroffi/ioc/bench2d/run.py", line 337, in main
    run(benchmark, n_contexts, n_seeds, n_timesteps, n_iter, budget, k_bumps,
  File "/home/sadmin/Work/pyroffi/ioc/bench2d/run.py", line 201, in run
    _screen_demos(rel, benchmark, seed, demo_iter)
  File "/home/sadmin/Work/pyroffi/ioc/bench2d/run.py", line 143, in _screen_demos
    raise RuntimeError(
RuntimeError: [segments seed 0] 3/17 demonstrations are not local optima: max relative stationarity = 3.43e-05 > 1e-06 after 800 inner iterations. The recovered costs would not be valid; raise the demonstration iteration count (ioc.bench2d.run.DEMO_N_ITER).
  FAILED (1): bench2d/bench2d_seg_K17.json
  /home/sadmin/miniconda3/envs/pyroffi/bin/python -u -m ioc.bench2d.run --benchmark segments --k-segments 16 --n-contexts 33 --n-seeds 3 --n-timesteps 30 --n-iter 800 --budget 66000 --out /home/sadmin/Work/pyroffi/ioc/data/bench2d/bench2d_seg_K33.json
[segments] K=33 d=2 T=30 M=33 budget=66000 solves
  seed 0: implicit=3.89e-05  fd=5.40e-03  cmaes=3.11e-03  kkt=3.33e-03  cioc=3.75e-04  random=5.77e-02
  seed 1: implicit=2.99e-04  fd=1.10e-02  cmaes=5.18e-03  kkt=8.44e-03  cioc=5.24e-04  random=3.86e-02
  seed 2: implicit=4.22e-05  fd=1.11e-02  cmaes=2.13e-03  kkt=3.67e-03  cioc=4.19e-04  random=2.53e-02
wrote /home/sadmin/Work/pyroffi/ioc/data/bench2d/bench2d_seg_K33.json

    method   theta L1       regret     wall
  implicit      0.814    4.218e-05  4259.9s
  unrolled      1.234    9.838e-05  4145.5s
        fd      0.782    1.098e-02  4190.8s
     cmaes      0.923    3.110e-03  4234.3s
       kkt      0.740    3.665e-03     5.1s
      cioc      0.638    4.190e-04    13.0s
    random      0.848    3.864e-02     0.0s

=== stage bench2d_regime ===
  /home/sadmin/miniconda3/envs/pyroffi/bin/python -u -m ioc.bench2d.run --benchmark field --k-bumps 6 --n-contexts 8 --n-seeds 5 --n-timesteps 30 --n-iter 800 --budget 32000 --bump-width 0.45 --n-restarts 1 --out /home/sadmin/Work/pyroffi/ioc/data/bench2d/bench2d_regime_bw0.45_R1.json
[field] K=8 d=2 T=30 M=8 budget=32000 solves
  seed 0: implicit=1.91e-03  fd=1.78e-03  cmaes=4.28e-06  kkt=8.15e-04  cioc=5.96e-05  random=1.68e-02
  seed 1: implicit=1.92e-02  fd=2.07e-02  cmaes=1.45e-05  kkt=3.90e-03  cioc=1.40e-04  random=2.46e-03
  seed 2: implicit=5.17e-02  fd=5.19e-02  cmaes=4.00e-06  kkt=3.51e-03  cioc=3.67e-03  random=1.53e-02
  seed 3: implicit=7.48e-03  fd=7.49e-03  cmaes=1.41e-06  kkt=6.76e-04  cioc=1.50e-04  random=1.09e-02
