[2026-08-20T22:11:25-04:00] e1_noise (n_restarts=7) start

=== stage e1_noise ===
  /home/sadmin/miniconda3/envs/pyroffi/bin/python -u -m ioc.robot.e1_identifiability --n-timesteps 16 --n-newton 60 --n-contexts 5 --n-outer-steps 30 --n-seeds 5 --demo-noise 0.0 --n-restarts 7 --out /home/sadmin/Work/pyroffi/ioc/data/robot/e1_sigma00.json
2026-08-20 22:11:29.495 | INFO     | pyroffi.collision._robot_collision:_compute_active_pair_indices_from_srdf:792 - Loaded 36 disabled collision pairs from SRDF
2026-08-20 22:11:30.380 | INFO     | pyroffi.collision._robot_collision:from_urdf:701 - Created RobotCollision with 13 links and 42 active self-collision pairs, using spherical collision models.
jax devices: [CudaDevice(id=0)]  T=16
theta* = [0.5 0.3 0.2]  (effort, collision, smooth)
[M=5 seed=0]
  gradient check:
  implicit vs unrolled: cos=0.999643 |gi|=2.355e-04 |gu|=4.694e-05
  implicit vs fd(eps=0.01): cos=0.940133 rel_err=4.309e-01
  implicit vs fd(eps=0.001): cos=0.429570 rel_err=2.235e+00
  implicit vs fd(eps=0.0001): cos=-0.479790 rel_err=1.410e+01
  implicit vs fd(eps=1e-05): cos=-0.663345 rel_err=2.921e+01
    implicit  l1=0.022 cos=0.9998 regret=3.324e-07 ee_rmse=0.0002 solves=1050 19.8s
    unrolled  l1=0.035 cos=0.9994 regret=9.056e-07 ee_rmse=0.0003 solves=1050 6.0s
    fd        l1=0.485 cos=0.8769 regret=1.633e-04 ee_rmse=0.0061 solves=4200 71.5s
    cmaes     l1=0.034 cos=0.9994 regret=8.701e-07 ee_rmse=0.0005 solves=1715 29.2s
    kkt       l1=0.000 cos=1.0000 regret=-2.009e-11 ee_rmse=0.0000 solves=0 1.4s
    cioc      l1=0.001 cos=1.0000 regret=2.409e-09 ee_rmse=0.0000 solves=0 11.0s
    oracle    l1=0.000 cos=1.0000 regret=-6.939e-19 ee_rmse=0.0000 solves=0 0.0s
    random    l1=0.485 cos=0.8769 regret=1.633e-04 ee_rmse=0.0061 solves=0 0.0s
    gram: {'scene_discard_rate': 0.55, 'gram_lambda_min': 1.2734932751559818e-09, 'gram_cond': 2315488835.9389596, 'inner_grad_norm_max': 4.426974264165608e-06, 'inner_grad_norm_med': 2.958433959917043e-06, 'gradients': {'cos_implicit_unrolled': 0.9996427214073389, 'fd_eps_0.01': {'cos': 0.9401328889440134, 'rel_err': 0.43089898534748106}, 'fd_eps_0.001': {'cos': 0.4295700398472856, 'rel_err': 2.2352681864860053}, 'fd_eps_0.0001': {'cos': -0.4797898416202609, 'rel_err': 14.09964692517187}, 'fd_eps_1e-05': {'cos': -0.6633448888125566, 'rel_err': 29.21178256078019}}}
[M=5 seed=1]
  gradient check:
  implicit vs unrolled: cos=-0.102618 |gi|=9.924e-05 |gu|=3.101e-05
  implicit vs fd(eps=0.01): cos=0.941187 rel_err=3.824e-01
  implicit vs fd(eps=0.001): cos=0.993749 rel_err=1.132e-01
  implicit vs fd(eps=0.0001): cos=0.246730 rel_err=1.403e+01
  implicit vs fd(eps=1e-05): cos=-0.017015 rel_err=4.624e+01
    implicit  l1=0.038 cos=0.9993 regret=1.793e-07 ee_rmse=0.0002 solves=1050 19.8s
    unrolled  l1=0.047 cos=0.9990 regret=3.939e-07 ee_rmse=0.0002 solves=1050 6.0s
    fd        l1=0.130 cos=0.9929 regret=3.136e-06 ee_rmse=0.0006 solves=4200 71.4s
    cmaes     l1=0.041 cos=0.9992 regret=5.843e-07 ee_rmse=0.0002 solves=1715 29.2s
    kkt       l1=0.000 cos=1.0000 regret=-3.428e-10 ee_rmse=0.0000 solves=0 0.9s
    cioc      l1=0.001 cos=1.0000 regret=3.523e-09 ee_rmse=0.0000 solves=0 4.0s
    oracle    l1=0.000 cos=1.0000 regret=-5.551e-18 ee_rmse=0.0000 solves=0 0.0s
    random    l1=0.249 cos=0.9637 regret=1.443e-05 ee_rmse=0.0029 solves=0 0.0s
    gram: {'scene_discard_rate': 0.65, 'gram_lambda_min': 3.5208711970136367e-08, 'gram_cond': 83578069.83236802, 'inner_grad_norm_max': 1.305561129365829e-05, 'inner_grad_norm_med': 3.940326109339528e-06, 'gradients': {'cos_implicit_unrolled': -0.1026179153719749, 'fd_eps_0.01': {'cos': 0.9411870608711463, 'rel_err': 0.3824413866714705}, 'fd_eps_0.001': {'cos': 0.9937494200821727, 'rel_err': 0.11315061204657008}, 'fd_eps_0.0001': {'cos': 0.2467298568002997, 'rel_err': 14.031475989627225}, 'fd_eps_1e-05': {'cos': -0.017014785177531758, 'rel_err': 46.24109316131268}}}
[M=5 seed=2]
  gradient check:
  implicit vs unrolled: cos=0.997227 |gi|=4.382e-04 |gu|=2.368e-04
  implicit vs fd(eps=0.01): cos=0.968371 rel_err=3.142e-01
  implicit vs fd(eps=0.001): cos=0.759337 rel_err=6.567e-01
  implicit vs fd(eps=0.0001): cos=-0.605008 rel_err=2.078e+01
  implicit vs fd(eps=1e-05): cos=-0.796224 rel_err=1.312e+02
    implicit  l1=0.024 cos=0.9997 regret=2.403e-06 ee_rmse=0.0006 solves=1050 19.8s
    unrolled  l1=0.021 cos=0.9998 regret=2.683e-07 ee_rmse=0.0003 solves=1050 6.0s
    fd        l1=0.493 cos=0.8763 regret=1.037e-04 ee_rmse=0.0028 solves=4200 71.4s
    cmaes     l1=0.099 cos=0.9957 regret=1.609e-06 ee_rmse=0.0005 solves=1715 29.2s
    kkt       l1=0.000 cos=1.0000 regret=2.796e-11 ee_rmse=0.0000 solves=0 0.9s
    cioc      l1=0.000 cos=1.0000 regret=8.750e-11 ee_rmse=0.0000 solves=0 4.0s
    oracle    l1=0.000 cos=1.0000 regret=7.633e-18 ee_rmse=0.0000 solves=0 0.0s
    random    l1=0.477 cos=0.8813 regret=5.941e-04 ee_rmse=0.0124 solves=0 0.0s
    gram: {'scene_discard_rate': 0.7, 'gram_lambda_min': 2.8955313598302454e-08, 'gram_cond': 101676165.72389647, 'inner_grad_norm_max': 2.2363949356814715e-05, 'inner_grad_norm_med': 3.3347278291097798e-06, 'gradients': {'cos_implicit_unrolled': 0.9972266214366481, 'fd_eps_0.01': {'cos': 0.9683706515983772, 'rel_err': 0.3142442076808571}, 'fd_eps_0.001': {'cos': 0.7593372318498167, 'rel_err': 0.6567267366642137}, 'fd_eps_0.0001': {'cos': -0.6050084186784923, 'rel_err': 20.778408077405537}, 'fd_eps_1e-05': {'cos': -0.7962240477251707, 'rel_err': 131.19047823600846}}}
[M=5 seed=3]
  gradient check:
  implicit vs unrolled: cos=0.999951 |gi|=9.455e-04 |gu|=1.444e-04
  implicit vs fd(eps=0.01): cos=0.969192 rel_err=2.921e-01
  implicit vs fd(eps=0.001): cos=-0.115609 rel_err=4.779e+00
  implicit vs fd(eps=0.0001): cos=0.383543 rel_err=2.043e+01
  implicit vs fd(eps=1e-05): cos=0.535621 rel_err=2.063e+02
    implicit  l1=0.007 cos=1.0000 regret=1.227e-07 ee_rmse=0.0002 solves=1050 19.8s
    unrolled  l1=0.352 cos=0.9370 regret=1.127e-04 ee_rmse=0.0026 solves=1050 6.0s
    fd        l1=0.703 cos=0.7720 regret=6.492e-04 ee_rmse=0.0060 solves=4200 71.5s
    cmaes     l1=0.058 cos=0.9981 regret=5.303e-06 ee_rmse=0.0006 solves=1715 29.2s
    kkt       l1=0.000 cos=1.0000 regret=-1.875e-10 ee_rmse=0.0000 solves=0 0.9s
    cioc      l1=0.001 cos=1.0000 regret=5.794e-09 ee_rmse=0.0000 solves=0 4.0s
    oracle    l1=0.000 cos=1.0000 regret=4.857e-18 ee_rmse=0.0000 solves=0 0.0s
    random    l1=0.758 cos=0.7210 regret=2.333e-04 ee_rmse=0.0098 solves=0 0.0s
    gram: {'scene_discard_rate': 0.65, 'gram_lambda_min': 8.681670054983515e-09, 'gram_cond': 339709144.0415067, 'inner_grad_norm_max': 1.1945664650719702e-05, 'inner_grad_norm_med': 3.777695096262918e-06, 'gradients': {'cos_implicit_unrolled': 0.9999507739720892, 'fd_eps_0.01': {'cos': 0.9691923483570154, 'rel_err': 0.2920921875375013}, 'fd_eps_0.001': {'cos': -0.11560862949243109, 'rel_err': 4.779085203849282}, 'fd_eps_0.0001': {'cos': 0.38354254477862404, 'rel_err': 20.433252275668806}, 'fd_eps_1e-05': {'cos': 0.535620638097142, 'rel_err': 206.34226403989447}}}
[M=5 seed=4]
  gradient check:
  implicit vs unrolled: cos=0.999735 |gi|=3.352e-04 |gu|=1.575e-04
  implicit vs fd(eps=0.01): cos=0.421855 rel_err=3.202e+00
  implicit vs fd(eps=0.001): cos=0.543581 rel_err=3.531e+01
  implicit vs fd(eps=0.0001): cos=-0.780511 rel_err=2.004e+02
  implicit vs fd(eps=1e-05): cos=0.498032 rel_err=2.018e+03
    implicit  l1=0.071 cos=0.9977 regret=5.262e-07 ee_rmse=0.0004 solves=1050 19.8s
    unrolled  l1=0.028 cos=0.9996 regret=3.908e-07 ee_rmse=0.0004 solves=1050 6.0s
    fd        l1=0.517 cos=0.8325 regret=1.421e-04 ee_rmse=0.0090 solves=4200 71.5s
    cmaes     l1=0.060 cos=0.9984 regret=5.571e-06 ee_rmse=0.0011 solves=1715 29.2s
    kkt       l1=0.000 cos=1.0000 regret=6.232e-11 ee_rmse=0.0000 solves=0 0.9s
    cioc      l1=0.000 cos=1.0000 regret=-1.155e-10 ee_rmse=0.0000 solves=0 4.0s
    oracle    l1=0.000 cos=1.0000 regret=-2.082e-18 ee_rmse=0.0000 solves=0 0.0s
    random    l1=0.517 cos=0.8325 regret=1.429e-04 ee_rmse=0.0090 solves=0 0.0s
    gram: {'scene_discard_rate': 0.5, 'gram_lambda_min': 1.7232498973552695e-08, 'gram_cond': 170808458.11604714, 'inner_grad_norm_max': 9.594662820953976e-06, 'inner_grad_norm_med': 2.7193992054134577e-06, 'gradients': {'cos_implicit_unrolled': 0.999735362840172, 'fd_eps_0.01': {'cos': 0.4218550103355209, 'rel_err': 3.2023360841228325}, 'fd_eps_0.001': {'cos': 0.5435811108725154, 'rel_err': 35.31024113217615}, 'fd_eps_0.0001': {'cos': -0.7805112115759067, 'rel_err': 200.3588507114134}, 'fd_eps_1e-05': {'cos': 0.49803237231739445, 'rel_err': 2017.7060307315633}}}

wrote /home/sadmin/Work/pyroffi/ioc/data/robot/e1_sigma00.json

=== median theta_l1 (IQR) over seeds ===
   M         implicit         unrolled               fd            cmaes              kkt             cioc           random
   5     0.024(0.016)     0.035(0.019)     0.493(0.032)     0.058(0.018)     0.000(0.000)     0.001(0.001)     0.485(0.040)
  /home/sadmin/miniconda3/envs/pyroffi/bin/python -u -m ioc.robot.e1_identifiability --n-timesteps 16 --n-newton 60 --n-contexts 5 --n-outer-steps 30 --n-seeds 5 --demo-noise 0.01 --n-restarts 7 --out /home/sadmin/Work/pyroffi/ioc/data/robot/e1_sigma001.json
2026-08-20 22:31:13.928 | INFO     | pyroffi.collision._robot_collision:_compute_active_pair_indices_from_srdf:792 - Loaded 36 disabled collision pairs from SRDF
2026-08-20 22:31:14.817 | INFO     | pyroffi.collision._robot_collision:from_urdf:701 - Created RobotCollision with 13 links and 42 active self-collision pairs, using spherical collision models.
jax devices: [CudaDevice(id=0)]  T=16
theta* = [0.5 0.3 0.2]  (effort, collision, smooth)
[M=5 seed=0]
  gradient check:
  implicit vs unrolled: cos=0.674211 |gi|=2.989e-03 |gu|=1.731e-03
  implicit vs fd(eps=0.01): cos=0.987674 rel_err=1.644e-01
  implicit vs fd(eps=0.001): cos=0.710884 rel_err=9.125e-01
  implicit vs fd(eps=0.0001): cos=-0.397643 rel_err=1.095e+01
  implicit vs fd(eps=1e-05): cos=0.592690 rel_err=5.273e+01
    implicit  l1=0.067 cos=0.9973 regret=3.405e-05 ee_rmse=0.0095 solves=1050 19.8s
    unrolled  l1=0.338 cos=0.9406 regret=8.074e-05 ee_rmse=0.0103 solves=1050 6.0s
    fd        l1=0.197 cos=0.9801 regret=2.073e-05 ee_rmse=0.0098 solves=4200 71.4s
    cmaes     l1=0.103 cos=0.9946 regret=4.120e-05 ee_rmse=0.0095 solves=1715 29.2s
    kkt       l1=0.396 cos=0.9464 regret=1.328e-04 ee_rmse=0.0099 solves=0 1.4s
    cioc      l1=0.391 cos=0.9474 regret=5.228e-05 ee_rmse=0.0101 solves=0 11.0s
    oracle    l1=0.000 cos=1.0000 regret=-6.939e-19 ee_rmse=0.0095 solves=0 0.0s
    random    l1=0.586 cos=0.8082 regret=1.390e-03 ee_rmse=0.0293 solves=0 0.0s
    gram: {'scene_discard_rate': 0.55, 'gram_lambda_min': 0.04274137083718603, 'gram_cond': 54.49452530762201, 'inner_grad_norm_max': 4.426974264165608e-06, 'inner_grad_norm_med': 2.958433959917043e-06, 'gradients': {'cos_implicit_unrolled': 0.6742114187129039, 'fd_eps_0.01': {'cos': 0.9876744499589737, 'rel_err': 0.16442375711781948}, 'fd_eps_0.001': {'cos': 0.7108836171214915, 'rel_err': 0.9125316710546237}, 'fd_eps_0.0001': {'cos': -0.39764293554425445, 'rel_err': 10.953821509231679}, 'fd_eps_1e-05': {'cos': 0.5926902069647284, 'rel_err': 52.72877082392142}}}
[M=5 seed=1]
  gradient check:
  implicit vs unrolled: cos=0.999630 |gi|=5.180e-04 |gu|=3.756e-04
  implicit vs fd(eps=0.01): cos=0.979772 rel_err=2.026e-01
  implicit vs fd(eps=0.001): cos=0.802230 rel_err=2.068e+00
  implicit vs fd(eps=0.0001): cos=0.501305 rel_err=8.658e-01
  implicit vs fd(eps=1e-05): cos=0.258548 rel_err=9.844e+00
    implicit  l1=0.050 cos=0.9989 regret=2.307e-07 ee_rmse=0.0091 solves=1050 19.8s
    unrolled  l1=0.088 cos=0.9966 regret=7.161e-07 ee_rmse=0.0091 solves=1050 6.0s
    fd        l1=0.495 cos=0.8778 regret=9.868e-05 ee_rmse=0.0095 solves=4200 71.5s
    cmaes     l1=0.056 cos=0.9986 regret=3.423e-06 ee_rmse=0.0091 solves=1715 29.2s
    kkt       l1=0.394 cos=0.9320 regret=1.225e-04 ee_rmse=0.0102 solves=0 0.9s
    cioc      l1=0.395 cos=0.9456 regret=1.313e-05 ee_rmse=0.0093 solves=0 4.0s
    oracle    l1=0.000 cos=1.0000 regret=-5.551e-18 ee_rmse=0.0091 solves=0 0.0s
    random    l1=0.328 cos=0.9537 regret=8.486e-04 ee_rmse=0.0152 solves=0 0.0s
    gram: {'scene_discard_rate': 0.65, 'gram_lambda_min': 0.04319627115895011, 'gram_cond': 46.79930454105607, 'inner_grad_norm_max': 1.305561129365829e-05, 'inner_grad_norm_med': 3.940326109339528e-06, 'gradients': {'cos_implicit_unrolled': 0.999630164656286, 'fd_eps_0.01': {'cos': 0.9797719154094656, 'rel_err': 0.20258430096499838}, 'fd_eps_0.001': {'cos': 0.8022298702941099, 'rel_err': 2.068138994821119}, 'fd_eps_0.0001': {'cos': 0.5013051008033655, 'rel_err': 0.8658446502564576}, 'fd_eps_1e-05': {'cos': 0.25854824428246503, 'rel_err': 9.844090589017755}}}
[M=5 seed=2]
  gradient check:
  implicit vs unrolled: cos=0.999757 |gi|=4.613e-04 |gu|=4.519e-04
  implicit vs fd(eps=0.01): cos=0.998778 rel_err=5.600e-02
  implicit vs fd(eps=0.001): cos=0.966169 rel_err=3.749e-01
  implicit vs fd(eps=0.0001): cos=0.921051 rel_err=7.915e-01
  implicit vs fd(eps=1e-05): cos=0.264703 rel_err=4.168e+00
    implicit  l1=0.183 cos=0.9863 regret=1.374e-05 ee_rmse=0.0089 solves=1050 19.8s
    unrolled  l1=0.098 cos=0.9958 regret=3.726e-06 ee_rmse=0.0089 solves=1050 6.0s
    fd        l1=0.636 cos=0.8052 regret=3.073e-04 ee_rmse=0.0099 solves=4200 71.4s
    cmaes     l1=0.052 cos=0.9986 regret=3.859e-06 ee_rmse=0.0089 solves=1715 29.2s
    kkt       l1=0.395 cos=0.9351 regret=1.763e-04 ee_rmse=0.0096 solves=0 0.9s
    cioc      l1=0.396 cos=0.9458 regret=2.032e-05 ee_rmse=0.0091 solves=0 4.1s
    oracle    l1=0.000 cos=1.0000 regret=7.633e-18 ee_rmse=0.0089 solves=0 0.0s
    random    l1=0.403 cos=0.9038 regret=1.549e-03 ee_rmse=0.0150 solves=0 0.0s
    gram: {'scene_discard_rate': 0.7, 'gram_lambda_min': 0.039639475325036894, 'gram_cond': 51.87694637563416, 'inner_grad_norm_max': 2.2363949356814715e-05, 'inner_grad_norm_med': 3.3347278291097798e-06, 'gradients': {'cos_implicit_unrolled': 0.9997569185587855, 'fd_eps_0.01': {'cos': 0.9987784560308655, 'rel_err': 0.055995564913524955}, 'fd_eps_0.001': {'cos': 0.9661691181769082, 'rel_err': 0.3749215263832849}, 'fd_eps_0.0001': {'cos': 0.92105068516818, 'rel_err': 0.7915135386558144}, 'fd_eps_1e-05': {'cos': 0.26470276535103987, 'rel_err': 4.168315481264378}}}
[M=5 seed=3]
  gradient check:
  implicit vs unrolled: cos=0.192565 |gi|=5.306e-04 |gu|=1.005e-04
  implicit vs fd(eps=0.01): cos=0.992411 rel_err=1.249e-01
  implicit vs fd(eps=0.001): cos=0.850556 rel_err=1.479e+00
  implicit vs fd(eps=0.0001): cos=0.062106 rel_err=2.036e+01
  implicit vs fd(eps=1e-05): cos=-0.809448 rel_err=1.106e+02
    implicit  l1=0.121 cos=0.9937 regret=2.292e-06 ee_rmse=0.0093 solves=1050 19.8s
    unrolled  l1=0.114 cos=0.9938 regret=2.899e-06 ee_rmse=0.0093 solves=1050 6.0s
    fd        l1=0.505 cos=0.8475 regret=5.629e-04 ee_rmse=0.0168 solves=4200 71.5s
    cmaes     l1=0.289 cos=0.9688 regret=1.285e-05 ee_rmse=0.0093 solves=1715 29.2s
    kkt       l1=0.395 cos=0.9441 regret=6.436e-05 ee_rmse=0.0095 solves=0 0.9s
    cioc      l1=0.395 cos=0.9423 regret=2.881e-05 ee_rmse=0.0095 solves=0 4.0s
    oracle    l1=0.000 cos=1.0000 regret=4.857e-18 ee_rmse=0.0093 solves=0 0.0s
    random    l1=0.523 cos=0.8346 regret=6.107e-04 ee_rmse=0.0173 solves=0 0.0s
    gram: {'scene_discard_rate': 0.65, 'gram_lambda_min': 0.03187480121787087, 'gram_cond': 64.92093442436763, 'inner_grad_norm_max': 1.1945664650719702e-05, 'inner_grad_norm_med': 3.777695096262918e-06, 'gradients': {'cos_implicit_unrolled': 0.19256528649030935, 'fd_eps_0.01': {'cos': 0.9924110077474639, 'rel_err': 0.12492625765226775}, 'fd_eps_0.001': {'cos': 0.8505560462526566, 'rel_err': 1.4785038706596234}, 'fd_eps_0.0001': {'cos': 0.062105816133657114, 'rel_err': 20.36070026094018}, 'fd_eps_1e-05': {'cos': -0.8094478912498063, 'rel_err': 110.64934403128645}}}
[M=5 seed=4]
  gradient check:
  implicit vs unrolled: cos=0.999253 |gi|=2.607e-04 |gu|=1.276e-04
  implicit vs fd(eps=0.01): cos=0.951723 rel_err=4.595e-01
  implicit vs fd(eps=0.001): cos=0.644890 rel_err=9.462e-01
  implicit vs fd(eps=0.0001): cos=0.075161 rel_err=9.900e+00
  implicit vs fd(eps=1e-05): cos=-0.283936 rel_err=2.112e+02
    implicit  l1=0.157 cos=0.9879 regret=8.100e-06 ee_rmse=0.0093 solves=1050 19.8s
    unrolled  l1=0.153 cos=0.9885 regret=7.787e-06 ee_rmse=0.0093 solves=1050 6.0s
    fd        l1=0.349 cos=0.9320 regret=1.316e-04 ee_rmse=0.0125 solves=4200 71.4s
    cmaes     l1=0.094 cos=0.9960 regret=7.402e-06 ee_rmse=0.0093 solves=1715 29.2s
    kkt       l1=0.404 cos=0.9175 regret=2.150e-04 ee_rmse=0.0112 solves=0 0.9s
    cioc      l1=0.396 cos=0.9462 regret=1.309e-05 ee_rmse=0.0094 solves=0 4.0s
    oracle    l1=0.000 cos=1.0000 regret=-2.082e-18 ee_rmse=0.0094 solves=0 0.0s
    random    l1=0.349 cos=0.9320 regret=1.316e-04 ee_rmse=0.0125 solves=0 0.0s
    gram: {'scene_discard_rate': 0.5, 'gram_lambda_min': 0.044485765368099686, 'gram_cond': 47.385866399630764, 'inner_grad_norm_max': 9.594662820953976e-06, 'inner_grad_norm_med': 2.7193992054134577e-06, 'gradients': {'cos_implicit_unrolled': 0.9992527162533378, 'fd_eps_0.01': {'cos': 0.9517234235496864, 'rel_err': 0.4594556727521865}, 'fd_eps_0.001': {'cos': 0.6448896487311316, 'rel_err': 0.9461612197949625}, 'fd_eps_0.0001': {'cos': 0.0751612002379943, 'rel_err': 9.900129886259899}, 'fd_eps_1e-05': {'cos': -0.283936244979299, 'rel_err': 211.2378324473666}}}

wrote /home/sadmin/Work/pyroffi/ioc/data/robot/e1_sigma001.json

=== median theta_l1 (IQR) over seeds ===
   M         implicit         unrolled               fd            cmaes              kkt             cioc           random
   5     0.121(0.090)     0.114(0.054)     0.495(0.156)     0.094(0.047)     0.395(0.001)     0.395(0.001)     0.403(0.174)
  /home/sadmin/miniconda3/envs/pyroffi/bin/python -u -m ioc.robot.e1_identifiability --n-timesteps 16 --n-newton 60 --n-contexts 5 --n-outer-steps 30 --n-seeds 5 --demo-noise 0.02 --n-restarts 7 --out /home/sadmin/Work/pyroffi/ioc/data/robot/e1_sigma002.json
2026-08-20 22:50:56.876 | INFO     | pyroffi.collision._robot_collision:_compute_active_pair_indices_from_srdf:792 - Loaded 36 disabled collision pairs from SRDF
2026-08-20 22:50:57.760 | INFO     | pyroffi.collision._robot_collision:from_urdf:701 - Created RobotCollision with 13 links and 42 active self-collision pairs, using spherical collision models.
jax devices: [CudaDevice(id=0)]  T=16
theta* = [0.5 0.3 0.2]  (effort, collision, smooth)
[M=5 seed=0]
  gradient check:
  implicit vs unrolled: cos=0.655566 |gi|=2.868e-03 |gu|=1.780e-03
  implicit vs fd(eps=0.01): cos=0.986068 rel_err=1.745e-01
  implicit vs fd(eps=0.001): cos=0.702126 rel_err=1.008e+00
  implicit vs fd(eps=0.0001): cos=-0.391270 rel_err=1.141e+01
  implicit vs fd(eps=1e-05): cos=0.630517 rel_err=5.840e+01
    implicit  l1=0.081 cos=0.9966 regret=5.464e-05 ee_rmse=0.0190 solves=1050 19.8s
    unrolled  l1=0.322 cos=0.9428 regret=5.006e-05 ee_rmse=0.0195 solves=1050 6.0s
    fd        l1=0.719 cos=0.7371 regret=3.146e-03 ee_rmse=0.0332 solves=4200 71.5s
    cmaes     l1=0.042 cos=0.9989 regret=1.346e-05 ee_rmse=0.0190 solves=1715 29.2s
    kkt       l1=0.420 cos=0.9136 regret=8.156e-04 ee_rmse=0.0203 solves=0 1.5s
    cioc      l1=0.395 cos=0.9466 regret=5.692e-05 ee_rmse=0.0194 solves=0 11.1s
    oracle    l1=0.000 cos=1.0000 regret=-6.939e-19 ee_rmse=0.0191 solves=0 0.0s
    random    l1=0.586 cos=0.8082 regret=1.390e-03 ee_rmse=0.0331 solves=0 0.0s
    gram: {'scene_discard_rate': 0.55, 'gram_lambda_min': 0.0459010520537369, 'gram_cond': 46.96613778002522, 'inner_grad_norm_max': 4.426974264165608e-06, 'inner_grad_norm_med': 2.958433959917043e-06, 'gradients': {'cos_implicit_unrolled': 0.6555660738677086, 'fd_eps_0.01': {'cos': 0.9860684739827313, 'rel_err': 0.17446819666327337}, 'fd_eps_0.001': {'cos': 0.7021261407699635, 'rel_err': 1.008011370612744}, 'fd_eps_0.0001': {'cos': -0.39127019468862195, 'rel_err': 11.41362858114394}, 'fd_eps_1e-05': {'cos': 0.6305168721538541, 'rel_err': 58.4007122055932}}}
[M=5 seed=1]
  gradient check:
  implicit vs unrolled: cos=0.999672 |gi|=5.047e-04 |gu|=3.583e-04
  implicit vs fd(eps=0.01): cos=0.978797 rel_err=2.071e-01
  implicit vs fd(eps=0.001): cos=0.804798 rel_err=2.076e+00
  implicit vs fd(eps=0.0001): cos=0.702778 rel_err=8.256e-01
  implicit vs fd(eps=1e-05): cos=0.344871 rel_err=8.207e+00
    implicit  l1=0.069 cos=0.9976 regret=1.258e-06 ee_rmse=0.0181 solves=1050 19.8s
    unrolled  l1=0.183 cos=0.9833 regret=1.769e-05 ee_rmse=0.0182 solves=1050 6.0s
    fd        l1=0.364 cos=0.9330 regret=8.401e-05 ee_rmse=0.0183 solves=4200 71.4s
    cmaes     l1=0.111 cos=0.9942 regret=1.839e-06 ee_rmse=0.0181 solves=1715 29.2s
    kkt       l1=0.638 cos=0.8391 regret=5.183e-04 ee_rmse=0.0215 solves=0 0.9s
    cioc      l1=0.396 cos=0.9437 regret=1.962e-05 ee_rmse=0.0183 solves=0 4.0s
    oracle    l1=0.000 cos=1.0000 regret=-5.551e-18 ee_rmse=0.0181 solves=0 0.0s
    random    l1=0.328 cos=0.9537 regret=8.486e-04 ee_rmse=0.0217 solves=0 0.0s
    gram: {'scene_discard_rate': 0.65, 'gram_lambda_min': 0.041890990068207234, 'gram_cond': 56.08883140282501, 'inner_grad_norm_max': 1.305561129365829e-05, 'inner_grad_norm_med': 3.940326109339528e-06, 'gradients': {'cos_implicit_unrolled': 0.9996716716800514, 'fd_eps_0.01': {'cos': 0.9787965876322473, 'rel_err': 0.20708621273167022}, 'fd_eps_0.001': {'cos': 0.8047983001539718, 'rel_err': 2.075619888487301}, 'fd_eps_0.0001': {'cos': 0.7027780685105667, 'rel_err': 0.8255894214643144}, 'fd_eps_1e-05': {'cos': 0.3448713359479576, 'rel_err': 8.207283385550044}}}
[M=5 seed=2]
  gradient check:
  implicit vs unrolled: cos=0.999521 |gi|=4.675e-04 |gu|=4.770e-04
  implicit vs fd(eps=0.01): cos=0.998031 rel_err=9.111e-02
  implicit vs fd(eps=0.001): cos=0.913354 rel_err=5.235e-01
  implicit vs fd(eps=0.0001): cos=0.926809 rel_err=1.182e+00
  implicit vs fd(eps=1e-05): cos=0.787191 rel_err=4.110e+00
    implicit  l1=0.189 cos=0.9849 regret=2.461e-05 ee_rmse=0.0177 solves=1050 19.8s
    unrolled  l1=0.187 cos=0.9858 regret=1.300e-05 ee_rmse=0.0177 solves=1050 6.0s
    fd        l1=0.706 cos=0.7629 regret=2.554e-04 ee_rmse=0.0183 solves=4200 71.4s
    cmaes     l1=0.052 cos=0.9986 regret=3.859e-06 ee_rmse=0.0177 solves=1715 29.2s
    kkt       l1=0.671 cos=0.8250 regret=8.622e-04 ee_rmse=0.0207 solves=0 0.9s
    cioc      l1=0.397 cos=0.9455 regret=2.043e-05 ee_rmse=0.0179 solves=0 4.1s
    oracle    l1=0.000 cos=1.0000 regret=7.633e-18 ee_rmse=0.0177 solves=0 0.0s
    random    l1=0.403 cos=0.9038 regret=1.549e-03 ee_rmse=0.0216 solves=0 0.0s
    gram: {'scene_discard_rate': 0.7, 'gram_lambda_min': 0.03831561626631094, 'gram_cond': 63.17698430205414, 'inner_grad_norm_max': 2.2363949356814715e-05, 'inner_grad_norm_med': 3.3347278291097798e-06, 'gradients': {'cos_implicit_unrolled': 0.999521192807056, 'fd_eps_0.01': {'cos': 0.9980307286906657, 'rel_err': 0.09111462493015235}, 'fd_eps_0.001': {'cos': 0.9133542405221674, 'rel_err': 0.523481335868953}, 'fd_eps_0.0001': {'cos': 0.9268085573557268, 'rel_err': 1.182145060236624}, 'fd_eps_1e-05': {'cos': 0.7871910688125163, 'rel_err': 4.109597017719686}}}
[M=5 seed=3]
  gradient check:
  implicit vs unrolled: cos=0.754423 |gi|=5.625e-04 |gu|=2.045e-04
  implicit vs fd(eps=0.01): cos=0.988089 rel_err=1.697e-01
  implicit vs fd(eps=0.001): cos=0.800271 rel_err=1.986e+00
  implicit vs fd(eps=0.0001): cos=0.019919 rel_err=2.778e+01
  implicit vs fd(eps=1e-05): cos=-0.810347 rel_err=1.727e+02
    implicit  l1=0.244 cos=0.9728 regret=1.919e-05 ee_rmse=0.0185 solves=1050 19.8s
    unrolled  l1=0.123 cos=0.9927 regret=6.298e-05 ee_rmse=0.0186 solves=1050 6.0s
    fd        l1=0.603 cos=0.8210 regret=6.312e-04 ee_rmse=0.0230 solves=4200 71.4s
    cmaes     l1=0.226 cos=0.9761 regret=1.932e-05 ee_rmse=0.0185 solves=1715 29.2s
    kkt       l1=0.404 cos=0.9175 regret=2.115e-04 ee_rmse=0.0194 solves=0 0.9s
    cioc      l1=0.447 cos=0.9319 regret=1.022e-04 ee_rmse=0.0188 solves=0 4.0s
    oracle    l1=0.000 cos=1.0000 regret=4.857e-18 ee_rmse=0.0186 solves=0 0.0s
    random    l1=0.523 cos=0.8346 regret=6.107e-04 ee_rmse=0.0242 solves=0 0.0s
    gram: {'scene_discard_rate': 0.65, 'gram_lambda_min': 0.03277047842330655, 'gram_cond': 62.13927684587707, 'inner_grad_norm_max': 1.1945664650719702e-05, 'inner_grad_norm_med': 3.777695096262918e-06, 'gradients': {'cos_implicit_unrolled': 0.7544234514163659, 'fd_eps_0.01': {'cos': 0.9880892899085342, 'rel_err': 0.1697121344173442}, 'fd_eps_0.001': {'cos': 0.8002711488756982, 'rel_err': 1.9858358502869202}, 'fd_eps_0.0001': {'cos': 0.019919110805880977, 'rel_err': 27.77657599707139}, 'fd_eps_1e-05': {'cos': -0.8103471578871777, 'rel_err': 172.71807049221502}}}
[M=5 seed=4]
  gradient check:
  implicit vs unrolled: cos=0.987865 |gi|=3.045e-04 |gu|=1.309e-04
  implicit vs fd(eps=0.01): cos=0.953580 rel_err=4.422e-01
  implicit vs fd(eps=0.001): cos=0.616457 rel_err=9.452e-01
  implicit vs fd(eps=0.0001): cos=0.022926 rel_err=7.292e+00
  implicit vs fd(eps=1e-05): cos=-0.315945 rel_err=1.792e+02
    implicit  l1=0.233 cos=0.9773 regret=3.487e-05 ee_rmse=0.0186 solves=1050 19.8s
    unrolled  l1=0.201 cos=0.9833 regret=3.308e-05 ee_rmse=0.0186 solves=1050 6.0s
    fd        l1=0.048 cos=0.9986 regret=6.471e-06 ee_rmse=0.0187 solves=4200 71.4s
    cmaes     l1=0.241 cos=0.9744 regret=1.490e-05 ee_rmse=0.0186 solves=1715 29.2s
    kkt       l1=0.677 cos=0.8221 regret=6.420e-04 ee_rmse=0.0225 solves=0 0.9s
    cioc      l1=0.396 cos=0.9452 regret=1.468e-05 ee_rmse=0.0186 solves=0 4.0s
    oracle    l1=0.000 cos=1.0000 regret=-2.082e-18 ee_rmse=0.0188 solves=0 0.0s
    random    l1=0.349 cos=0.9320 regret=1.316e-04 ee_rmse=0.0209 solves=0 0.0s
    gram: {'scene_discard_rate': 0.5, 'gram_lambda_min': 0.044721452144255686, 'gram_cond': 53.06509155153922, 'inner_grad_norm_max': 9.594662820953976e-06, 'inner_grad_norm_med': 2.7193992054134577e-06, 'gradients': {'cos_implicit_unrolled': 0.9878652454267661, 'fd_eps_0.01': {'cos': 0.9535796049265339, 'rel_err': 0.4421821435389059}, 'fd_eps_0.001': {'cos': 0.616456858304697, 'rel_err': 0.9452339466545274}, 'fd_eps_0.0001': {'cos': 0.02292608672392967, 'rel_err': 7.292423246133426}, 'fd_eps_1e-05': {'cos': -0.3159448380468392, 'rel_err': 179.1691550635222}}}

wrote /home/sadmin/Work/pyroffi/ioc/data/robot/e1_sigma002.json

=== median theta_l1 (IQR) over seeds ===
   M         implicit         unrolled               fd            cmaes              kkt             cioc           random
   5     0.189(0.152)     0.187(0.018)     0.603(0.342)     0.111(0.174)     0.638(0.251)     0.396(0.001)     0.403(0.174)
  /home/sadmin/miniconda3/envs/pyroffi/bin/python -u -m ioc.robot.e1_identifiability --n-timesteps 16 --n-newton 60 --n-contexts 5 --n-outer-steps 30 --n-seeds 5 --demo-noise 0.05 --n-restarts 7 --out /home/sadmin/Work/pyroffi/ioc/data/robot/e1_sigma005.json
2026-08-20 23:10:40.463 | INFO     | pyroffi.collision._robot_collision:_compute_active_pair_indices_from_srdf:792 - Loaded 36 disabled collision pairs from SRDF
2026-08-20 23:10:41.347 | INFO     | pyroffi.collision._robot_collision:from_urdf:701 - Created RobotCollision with 13 links and 42 active self-collision pairs, using spherical collision models.
jax devices: [CudaDevice(id=0)]  T=16
theta* = [0.5 0.3 0.2]  (effort, collision, smooth)
[M=5 seed=0]
  gradient check:
  implicit vs unrolled: cos=0.595689 |gi|=2.487e-03 |gu|=1.937e-03
  implicit vs fd(eps=0.01): cos=0.971998 rel_err=2.394e-01
  implicit vs fd(eps=0.001): cos=0.655808 rel_err=1.465e+00
  implicit vs fd(eps=0.0001): cos=-0.368100 rel_err=1.344e+01
  implicit vs fd(eps=1e-05): cos=0.722831 rel_err=7.880e+01
    implicit  l1=0.173 cos=0.9844 regret=2.656e-04 ee_rmse=0.0474 solves=1050 19.8s
    unrolled  l1=0.249 cos=0.9604 regret=1.050e-04 ee_rmse=0.0476 solves=1050 6.0s
    fd        l1=0.252 cos=0.9654 regret=1.731e-04 ee_rmse=0.0475 solves=4200 71.4s
    cmaes     l1=0.176 cos=0.9828 regret=2.877e-04 ee_rmse=0.0474 solves=1715 29.2s
    kkt       l1=0.888 cos=0.7206 regret=3.180e-03 ee_rmse=0.0505 solves=0 1.4s
    cioc      l1=0.396 cos=0.9450 regret=4.418e-05 ee_rmse=0.0481 solves=0 11.2s
    oracle    l1=0.000 cos=1.0000 regret=5.551e-18 ee_rmse=0.0478 solves=0 0.0s
    random    l1=0.586 cos=0.8082 regret=1.390e-03 ee_rmse=0.0532 solves=0 0.0s
    gram: {'scene_discard_rate': 0.55, 'gram_lambda_min': 0.04512441015117091, 'gram_cond': 57.234223863151, 'inner_grad_norm_max': 4.426974264165608e-06, 'inner_grad_norm_med': 2.958433959917043e-06, 'gradients': {'cos_implicit_unrolled': 0.5956886484239866, 'fd_eps_0.01': {'cos': 0.9719981331995338, 'rel_err': 0.2394244805816086}, 'fd_eps_0.001': {'cos': 0.655807568647425, 'rel_err': 1.4651430988259515}, 'fd_eps_0.0001': {'cos': -0.3681001772181481, 'rel_err': 13.4421140878613}, 'fd_eps_1e-05': {'cos': 0.722831353283732, 'rel_err': 78.79574574411194}}}
[M=5 seed=1]
  gradient check:
  implicit vs unrolled: cos=0.999766 |gi|=4.702e-04 |gu|=3.141e-04
  implicit vs fd(eps=0.01): cos=0.975594 rel_err=2.210e-01
  implicit vs fd(eps=0.001): cos=0.816603 rel_err=2.071e+00
  implicit vs fd(eps=0.0001): cos=0.147252 rel_err=1.089e+00
  implicit vs fd(eps=1e-05): cos=0.932356 rel_err=3.733e+00
    implicit  l1=0.236 cos=0.9769 regret=6.751e-06 ee_rmse=0.0453 solves=1050 19.8s
    unrolled  l1=0.061 cos=0.9982 regret=1.290e-05 ee_rmse=0.0453 solves=1050 6.0s
    fd        l1=0.077 cos=0.9965 regret=1.570e-05 ee_rmse=0.0453 solves=4200 71.5s
    cmaes     l1=0.205 cos=0.9823 regret=4.766e-06 ee_rmse=0.0453 solves=1715 29.2s
    kkt       l1=0.800 cos=0.7645 regret=8.343e-04 ee_rmse=0.0482 solves=0 0.9s
    cioc      l1=0.436 cos=0.9333 regret=9.442e-05 ee_rmse=0.0455 solves=0 4.0s
    oracle    l1=0.000 cos=1.0000 regret=6.939e-19 ee_rmse=0.0453 solves=0 0.0s
    random    l1=0.328 cos=0.9537 regret=8.486e-04 ee_rmse=0.0467 solves=0 0.0s
    gram: {'scene_discard_rate': 0.65, 'gram_lambda_min': 0.03800546463525817, 'gram_cond': 64.99903072575952, 'inner_grad_norm_max': 1.305561129365829e-05, 'inner_grad_norm_med': 3.940326109339528e-06, 'gradients': {'cos_implicit_unrolled': 0.9997656006599537, 'fd_eps_0.01': {'cos': 0.9755943963198822, 'rel_err': 0.22097753512489565}, 'fd_eps_0.001': {'cos': 0.8166026624556435, 'rel_err': 2.0712677591108135}, 'fd_eps_0.0001': {'cos': 0.14725151179645835, 'rel_err': 1.0886838132238195}, 'fd_eps_1e-05': {'cos': 0.9323558403885438, 'rel_err': 3.7329683285459283}}}
[M=5 seed=2]
  gradient check:
  implicit vs unrolled: cos=0.998626 |gi|=4.886e-04 |gu|=5.537e-04
  implicit vs fd(eps=0.01): cos=0.993572 rel_err=2.144e-01
  implicit vs fd(eps=0.001): cos=0.276871 rel_err=9.708e-01
  implicit vs fd(eps=0.0001): cos=0.791207 rel_err=3.301e+00
  implicit vs fd(eps=1e-05): cos=0.574035 rel_err=1.970e+01
    implicit  l1=0.218 cos=0.9787 regret=5.171e-05 ee_rmse=0.0442 solves=1050 19.9s
    unrolled  l1=0.282 cos=0.9580 regret=1.632e-05 ee_rmse=0.0442 solves=1050 6.0s
    fd        l1=0.397 cos=0.9190 regret=3.399e-04 ee_rmse=0.0446 solves=4200 71.4s
    cmaes     l1=0.116 cos=0.9927 regret=2.676e-05 ee_rmse=0.0442 solves=1715 29.2s
    kkt       l1=0.962 cos=0.6835 regret=1.795e-03 ee_rmse=0.0473 solves=0 0.9s
    cioc      l1=0.397 cos=0.9448 regret=2.157e-05 ee_rmse=0.0443 solves=0 4.0s
    oracle    l1=0.000 cos=1.0000 regret=4.163e-18 ee_rmse=0.0442 solves=0 0.0s
    random    l1=0.403 cos=0.9038 regret=1.549e-03 ee_rmse=0.0461 solves=0 0.0s
    gram: {'scene_discard_rate': 0.7, 'gram_lambda_min': 0.036112980733784245, 'gram_cond': 72.77016194044634, 'inner_grad_norm_max': 2.2363949356814715e-05, 'inner_grad_norm_med': 3.3347278291097798e-06, 'gradients': {'cos_implicit_unrolled': 0.9986260699282848, 'fd_eps_0.01': {'cos': 0.9935723744905324, 'rel_err': 0.21442648599065853}, 'fd_eps_0.001': {'cos': 0.27687134324710655, 'rel_err': 0.9708414236861692}, 'fd_eps_0.0001': {'cos': 0.7912070956805632, 'rel_err': 3.300687557925421}, 'fd_eps_1e-05': {'cos': 0.5740346020201414, 'rel_err': 19.701793623912533}}}
[M=5 seed=3]
  gradient check:
  implicit vs unrolled: cos=0.921930 |gi|=6.541e-04 |gu|=5.940e-04
  implicit vs fd(eps=0.01): cos=0.957229 rel_err=3.287e-01
  implicit vs fd(eps=0.001): cos=0.718011 rel_err=3.355e+00
  implicit vs fd(eps=0.0001): cos=-0.023279 rel_err=4.737e+01
  implicit vs fd(eps=1e-05): cos=-0.774531 rel_err=3.459e+02
    implicit  l1=0.390 cos=0.9505 regret=1.741e-04 ee_rmse=0.0464 solves=1050 19.8s
    unrolled  l1=0.195 cos=0.9814 regret=2.293e-04 ee_rmse=0.0464 solves=1050 6.0s
    fd        l1=0.523 cos=0.8346 regret=6.107e-04 ee_rmse=0.0498 solves=4200 71.4s
    cmaes     l1=0.392 cos=0.9501 regret=1.827e-04 ee_rmse=0.0464 solves=1715 29.2s
    kkt       l1=0.396 cos=0.9466 regret=3.191e-05 ee_rmse=0.0465 solves=0 0.9s
    cioc      l1=0.707 cos=0.8818 regret=1.435e-03 ee_rmse=0.0471 solves=0 4.0s
    oracle    l1=0.000 cos=1.0000 regret=-3.469e-18 ee_rmse=0.0466 solves=0 0.0s
    random    l1=0.523 cos=0.8346 regret=6.107e-04 ee_rmse=0.0498 solves=0 0.0s
    gram: {'scene_discard_rate': 0.65, 'gram_lambda_min': 0.02590235014376071, 'gram_cond': 74.34399373070222, 'inner_grad_norm_max': 1.1945664650719702e-05, 'inner_grad_norm_med': 3.777695096262918e-06, 'gradients': {'cos_implicit_unrolled': 0.9219303239866715, 'fd_eps_0.01': {'cos': 0.9572290849291015, 'rel_err': 0.3286672032214575}, 'fd_eps_0.001': {'cos': 0.7180109058410982, 'rel_err': 3.3552212129199375}, 'fd_eps_0.0001': {'cos': -0.023278841570095958, 'rel_err': 47.37127388412789}, 'fd_eps_1e-05': {'cos': -0.7745311580289799, 'rel_err': 345.8808370213395}}}
[M=5 seed=4]
  gradient check:
  implicit vs unrolled: cos=0.875403 |gi|=4.296e-04 |gu|=1.421e-04
  implicit vs fd(eps=0.01): cos=0.957143 rel_err=4.154e-01
  implicit vs fd(eps=0.001): cos=0.486535 rel_err=1.077e+00
  implicit vs fd(eps=0.0001): cos=-0.226989 rel_err=4.468e+00
  implicit vs fd(eps=1e-05): cos=-0.429795 rel_err=1.231e+02
    implicit  l1=0.395 cos=0.9495 regret=1.998e-04 ee_rmse=0.0464 solves=1050 19.8s
    unrolled  l1=0.215 cos=0.9764 regret=2.202e-04 ee_rmse=0.0465 solves=1050 6.0s
    fd        l1=0.363 cos=0.9258 regret=4.461e-04 ee_rmse=0.0466 solves=4200 71.4s
    cmaes     l1=0.205 cos=0.9826 regret=1.517e-04 ee_rmse=0.0464 solves=1715 29.2s
    kkt       l1=0.609 cos=0.8512 regret=5.189e-04 ee_rmse=0.0487 solves=0 0.9s
    cioc      l1=0.505 cos=0.9228 regret=2.301e-04 ee_rmse=0.0464 solves=0 4.0s
    oracle    l1=0.000 cos=1.0000 regret=-6.939e-19 ee_rmse=0.0468 solves=0 0.0s
    random    l1=0.349 cos=0.9320 regret=1.316e-04 ee_rmse=0.0483 solves=0 0.0s
    gram: {'scene_discard_rate': 0.5, 'gram_lambda_min': 0.035319523520784685, 'gram_cond': 64.5674807520071, 'inner_grad_norm_max': 9.594662820953976e-06, 'inner_grad_norm_med': 2.7193992054134577e-06, 'gradients': {'cos_implicit_unrolled': 0.8754032515395982, 'fd_eps_0.01': {'cos': 0.957143225323841, 'rel_err': 0.4154087598640666}, 'fd_eps_0.001': {'cos': 0.48653453707560085, 'rel_err': 1.0771026112211441}, 'fd_eps_0.0001': {'cos': -0.22698886925179623, 'rel_err': 4.467568633835895}, 'fd_eps_1e-05': {'cos': -0.42979501371022655, 'rel_err': 123.13153273818378}}}

wrote /home/sadmin/Work/pyroffi/ioc/data/robot/e1_sigma005.json

=== median theta_l1 (IQR) over seeds ===
   M         implicit         unrolled               fd            cmaes              kkt             cioc           random
   5     0.236(0.171)     0.215(0.054)     0.363(0.145)     0.205(0.029)     0.800(0.280)     0.436(0.109)     0.403(0.174)

all requested stages complete
[2026-08-20T23:30:19-04:00] e1_noise done rc=0
[noise]
  wrote figures/fig4_noise_robot.pdf|png
[2026-08-20T23:30:22-04:00] e1_noise_restarts fully done
