Path A (known cost library, K=9) on the UNANCHORED scene...
2026-08-28 12:26:59.588 | INFO     | pyroffi.collision._robot_collision:_compute_active_pair_indices_from_srdf:792 - Loaded 36 disabled collision pairs from SRDF
2026-08-28 12:27:00.379 | INFO     | pyroffi.collision._robot_collision:from_urdf:701 - Created RobotCollision with 13 links and 42 active self-collision pairs, using spherical collision models.
  [path A (parametric)] inner stationarity ||grad_x C|| per phase:
    approach   worst=3.081e-04 over 2 scenes [3.1e-04 7.0e-06]
    grasp      worst=9.264e-06 over 2 scenes [9.3e-06 9.3e-06]
    transport  worst=1.633e-04 over 2 scenes [1.3e-04 1.6e-04]
    place      worst=1.437e-05 over 2 scenes [1.4e-05 1.4e-05]
  [path A (parametric)] compile 44.0s
  [path A (parametric)] G0 loss-vs-rmse^2 consistency:
    u0           loss=2.528456e-03  rmse^2=2.552950e-03  rel=9.687e-03
    ||u||=1 #1   loss=2.992921e-03  rmse^2=2.958501e-03  rel=1.150e-02  <-- INCONSISTENT
    ||u||=1 #2   loss=4.816107e-03  rmse^2=4.791190e-03  rel=5.174e-03
    ||u||=1 #3   loss=1.257827e-03  rmse^2=1.222854e-03  rel=2.780e-02  <-- INCONSISTENT
  [path A (parametric)] G0 FAIL: worst rel gap 2.780e-02 > 1e-02 -- every number below this line is untrustworthy
  [path A (parametric)] jac+svd 44.2s; eigenvalues (desc) = [8.2475e+00 2.7340e-01 2.7340e-01 2.0452e-01 9.6316e-04 2.6133e-04 1.9066e-09 2.2351e-11 6.7109e-15]
  [path A (parametric)] r = 6 of K = 9 (>= 95% cumulative trace)
  eigendirection loadings (|component| >= 0.2, descending eigenvalue):
    lam= 8.2475e+00  +0.708*transport.smooth  -0.706*transport.upright
    lam= 2.7340e-01  -1.000*place.standoff
    lam= 2.7340e-01  -1.000*grasp.standoff
    lam= 2.0452e-01  +0.715*approach.clearance  -0.699*approach.smooth
    lam= 9.6316e-04  -0.597*transport.upright  -0.594*transport.smooth  +0.289*approach.smooth  +0.280*approach.clearance  +0.210*transport.clearance  +0.206*grasp.smooth  +0.206*place.smooth
    lam= 2.6133e-04  +0.534*approach.smooth  +0.517*approach.clearance  -0.388*transport.clearance  -0.382*place.smooth  -0.382*grasp.smooth
    lam= 1.9066e-09  +0.818*place.smooth  -0.408*grasp.smooth  -0.406*transport.clearance
    lam= 2.2351e-11  -0.708*grasp.smooth  +0.706*transport.clearance
  [path A (parametric)] |<u_1, gauge>| = 0.0000; gauge lands at eigen-index 8 (lam=6.711e-15)

=== path A (parametric): r = 6 of K = 9 identifiable directions ===
                            fit RMSE      gen RMSE
init (u=0)                    0.0505             -
wide fit (all K)              0.0065        0.0063
refit on U_r                  0.0069        0.0097

                        ||dtheta||    ||dz||     top-r      null
wide                        0.1810    1.4142    0.9239    1.0707
refit                       0.1911    1.3047    0.7323    1.0798

fraction of (z_star - z_prior) inside span(U_r): 0.859   <- the generalization ceiling this demo supports

G0 forward-map consistency: FAIL (worst |loss - rmse^2|/loss = 2.780e-02)   <- numbers above are NOT trustworthy

wall: wide 62.5s, gram 44.2s, refit 62.7s
