2026-08-28 14:36:50.844 | INFO     | pyroffi.collision._robot_collision:_compute_active_pair_indices_from_srdf:792 - Loaded 36 disabled collision pairs from SRDF
2026-08-28 14:36:51.650 | INFO     | pyroffi.collision._robot_collision:from_urdf:701 - Created RobotCollision with 13 links and 42 active self-collision pairs, using spherical collision models.
E0828 14:54:05.371880 1354786 slow_operation_alarm.cc:73] 
********************************
[Compiling module jit_loss for GPU] Very slow compile? If you want to file a bug, run with envvar XLA_FLAGS=--xla_dump_to=/tmp/foo and attach the results.
********************************
E0828 14:54:21.551781 1354539 slow_operation_alarm.cc:140] The operation took 2m16.17997837s

********************************
[Compiling module jit_loss for GPU] Very slow compile? If you want to file a bug, run with envvar XLA_FLAGS=--xla_dump_to=/tmp/foo and attach the results.
********************************
  [grad probe] alpha=0:      |grad|=2.061133e+07  (expect ~0, degenerate corner)
  [grad probe] alpha0=0.001  |grad|=1.424414e+02  ||theta_transport||=0.0007
  [grad probe] alpha0=0.050  |grad|=3.302864e+00  ||theta_transport||=0.0349
  [grad probe] alpha0=0.200  |grad|=1.543287e+00  ||theta_transport||=0.1465
  [multistart] alpha0=[0.2 0.2]  best_loss=0.16151  alpha_hat=[ 0.63839066 -0.237498  ]
  [multistart] alpha0=[0.01741463 0.19924037]  best_loss=0.44543  alpha_hat=[-0.3182275   0.25328818]
  [multistart] alpha0=[-0.07052884  0.09814457]  best_loss=0.44543  alpha_hat=[-0.1205285  0.0481449]
  [multistart] alpha0=[ 0.02954856 -0.11441313]  best_loss=0.44543  alpha_hat=[-0.29811135  0.19850178]
  [multistart] alpha0=[-0.21554247 -0.12494357]  best_loss=0.44543  alpha_hat=[-0.6026903   0.27557826]
  [multistart] alpha0=[0.2508561  0.09932395]  best_loss=0.48291  alpha_hat=[0.4160987  0.26456702]
  [multistart] alpha0=[ 0.12461374 -0.18360865]  best_loss=0.44543  alpha_hat=[-0.3333953  0.2896823]
  [multistart] alpha0=[ 0.0148391  -0.29901963]  best_loss=0.44543  alpha_hat=[-0.4272691   0.18888092]
  [multistart] alpha0=[-0.12911874  0.11818811]  best_loss=0.44543  alpha_hat=[-0.38219243  0.37636235]
  [multistart] alpha0=[-0.10052206 -0.02144614]  best_loss=0.44543  alpha_hat=[-0.1840243  0.0620561]
  [multistart] alpha0=[0.1331788  0.04813671]  best_loss=0.19758  alpha_hat=[ 0.1274927 -0.046137 ]
  [multistart] alpha0=[-0.08773601  0.07058459]  best_loss=0.44543  alpha_hat=[-0.06147184  0.04399566]
  [multistart] alpha0=[0.15116632 0.13219975]  best_loss=0.20629  alpha_hat=[ 0.3857091  -0.08813344]
  [multistart] alpha0=[0.02312304 0.11092035]  best_loss=0.17414  alpha_hat=[ 0.12120052 -0.06404378]
  [multistart] alpha0=[-0.10411993  0.00311754]  best_loss=0.44543  alpha_hat=[-0.12283123  0.02141395]
  [multistart] alpha0=[-0.21893094  0.14043665]  best_loss=0.44543  alpha_hat=[-0.12551399  0.04441305]
  [multistart] BEST start alpha0=[0.2 0.2]  best_loss=0.16151
  [adam trace] loss per step: [0.48416, 0.48313, 0.48324, 0.4832, 0.48323, 0.48322, 0.80531, 0.27825, 1622.97461, 0.25649, 0.22525, 0.21517, 0.19431, 0.20513, 0.19227, 0.19564, 0.18148, 0.16151, 0.18299, 0.18617, 0.18592, 0.18589, 0.18478, 0.18277, 0.17684, 0.1915, 0.18521, 0.18565, 0.18207, 0.18042, 0.18563, 0.17796, 0.18708, 0.1769, 0.18926, 0.17816, 0.17195, 0.18459, 0.18273, 0.17164]
  [G1 non-degeneracy] ||alpha_hat - alpha0||=6.193471e-01 (rel 2.190e+00);  loss 0.48416 -> 0.16151 (reduction 3.00x)
  [G1 non-degeneracy] OK -- alpha_hat moved and loss improved
G1 VERDICT [(a) single]: non-degenerate  move_rel=2.190e+00  loss_reduction=3.00x
  [grad probe] alpha=0:      |grad|=2.035481e+07  (expect ~0, degenerate corner)
  [grad probe] alpha0=0.001  |grad|=1.127540e+01  ||theta_transport||=0.0007
  [grad probe] alpha0=0.050  |grad|=8.536260e-01  ||theta_transport||=0.0345
  [grad probe] alpha0=0.200  |grad|=2.781348e-02  ||theta_transport||=0.1446
  [multistart] alpha0=[0.2 0.2]  best_loss=0.26345  alpha_hat=[ 0.4939514  -0.12321228]
  [multistart] alpha0=[-0.02414983  0.19853663]  best_loss=0.48079  alpha_hat=[-0.29065597  0.14006563]
  [multistart] alpha0=[-0.07052884  0.09814457]  best_loss=0.48079  alpha_hat=[-0.5301097  0.5671667]
  [multistart] alpha0=[ 0.02954856 -0.11441313]  best_loss=0.48079  alpha_hat=[-0.23197368  0.17836778]
  [multistart] alpha0=[-0.21554247 -0.12494357]  best_loss=0.48079  alpha_hat=[-0.5721508   0.30894256]
  [multistart] alpha0=[0.2508561  0.09932395]  best_loss=0.51676  alpha_hat=[0.23663722 0.08511098]
  [multistart] alpha0=[ 0.12461374 -0.18360865]  best_loss=0.14822  alpha_hat=[ 0.12461374 -0.18360865]
  [multistart] alpha0=[ 0.0148391  -0.29901963]  best_loss=0.48079  alpha_hat=[-0.49888596  0.27511528]
  [multistart] alpha0=[-0.12911874  0.11818811]  best_loss=0.48079  alpha_hat=[-0.08293536  0.07079129]
  [multistart] alpha0=[-0.10052206 -0.02144614]  best_loss=0.48079  alpha_hat=[-0.3445761   0.22260766]
  [multistart] alpha0=[0.1331788  0.04813671]  best_loss=0.46717  alpha_hat=[ 0.08317943 -0.00186244]
  [multistart] alpha0=[-0.08773601  0.07058459]  best_loss=0.48079  alpha_hat=[-0.13475052  0.11855984]
  [multistart] alpha0=[0.15116632 0.13219975]  best_loss=0.48079  alpha_hat=[-0.33729926  0.32886052]
  [multistart] alpha0=[0.02312304 0.11092035]  best_loss=0.48079  alpha_hat=[-0.30708894  0.09209736]
  [multistart] alpha0=[-0.10411993  0.00311754]  best_loss=0.48079  alpha_hat=[-0.21165042  0.11123864]
  [multistart] alpha0=[-0.21893094  0.14043665]  best_loss=0.48079  alpha_hat=[-0.11626843  0.02926374]
  [multistart] BEST start alpha0=[ 0.12461374 -0.18360865]  best_loss=0.14822
  [adam trace] loss per step: [0.14822, 1.55422, 1.4905, 1.49377, 1.5078, 1.42726, 0.48079, 0.48079, 0.48079, 0.48079, 0.48079, 0.48079, 0.48079, 0.48079, 0.48079, 0.48079, 0.48079, 0.48079, 0.48079, 0.48079, 0.48079, 0.48079, 0.48079, 0.48079, 0.48079, 0.48079, 0.48079, 0.48079, 0.48079, 0.48079, 0.48079, 0.48079, 0.48079, 0.48079, 0.48079, 0.48079, 0.48079, 0.48079, 0.48079, 0.48079]
  [G1 non-degeneracy] ||alpha_hat - alpha0||=0.000000e+00 (rel 0.000e+00);  loss 0.14822 -> 0.14822 (reduction 1.00x)
  [G1 non-degeneracy] DEGENERATE -- alpha_hat did not move off its start; NOT a result
E0828 15:54:51.131921 1354786 slow_operation_alarm.cc:73] 
********************************
[Compiling module jit_rollout for GPU] Very slow compile? If you want to file a bug, run with envvar XLA_FLAGS=--xla_dump_to=/tmp/foo and attach the results.
********************************
E0828 15:55:00.263404 1354539 slow_operation_alarm.cc:140] The operation took 2m9.131581029s

********************************
[Compiling module jit_rollout for GPU] Very slow compile? If you want to file a bug, run with envvar XLA_FLAGS=--xla_dump_to=/tmp/foo and attach the results.
********************************
G1 VERDICT [(b) jittered]: DEGENERATE (not a result)  move_rel=0.000e+00  loss_reduction=1.00x
  [grad probe] alpha=0:      |grad|=2.061103e+07  (expect ~0, degenerate corner)
  [grad probe] alpha0=0.001  |grad|=1.260626e+02  ||theta_transport||=0.0007
  [grad probe] alpha0=0.050  |grad|=3.036505e+00  ||theta_transport||=0.0349
  [grad probe] alpha0=0.200  |grad|=1.013638e+00  ||theta_transport||=0.1465
  [multistart] alpha0=[0.2 0.2]  best_loss=0.48231  alpha_hat=[0.2865817  0.12020869]
  [multistart] alpha0=[0.01867014 0.19912666]  best_loss=0.44543  alpha_hat=[-0.39785433  0.04475485]
  [multistart] alpha0=[-0.07052884  0.09814457]  best_loss=0.44543  alpha_hat=[-0.1205285  0.0481449]
  [multistart] alpha0=[ 0.02954856 -0.11441313]  best_loss=0.44543  alpha_hat=[-0.16896936  0.08559192]
  [multistart] alpha0=[-0.21554247 -0.12494357]  best_loss=0.44543  alpha_hat=[-0.4050628   0.07218709]
  [multistart] alpha0=[0.2508561  0.09932395]  best_loss=0.19281  alpha_hat=[ 0.2814493  -0.10509669]
  [multistart] alpha0=[ 0.12461374 -0.18360865]  best_loss=0.13128  alpha_hat=[ 0.2124847  -0.19045407]
  [multistart] alpha0=[ 0.0148391  -0.29901963]  best_loss=0.44543  alpha_hat=[-0.45642114  0.2586881 ]
  [multistart] alpha0=[-0.12911874  0.11818811]  best_loss=0.44543  alpha_hat=[-0.1897567   0.17950584]
  [multistart] alpha0=[-0.10052206 -0.02144614]  best_loss=0.44543  alpha_hat=[-0.3842287  0.2622605]
  [multistart] alpha0=[0.1331788  0.04813671]  best_loss=0.27989  alpha_hat=[ 0.08317938 -0.00186261]
  [multistart] alpha0=[-0.08773601  0.07058459]  best_loss=0.44543  alpha_hat=[-0.45980975  0.4493303 ]
  [multistart] alpha0=[0.15116632 0.13219975]  best_loss=0.14642  alpha_hat=[ 0.67619705 -0.42660838]
  [multistart] alpha0=[0.02312304 0.11092035]  best_loss=0.44543  alpha_hat=[-0.07659646  0.00304472]
  [multistart] alpha0=[-0.10411993  0.00311754]  best_loss=0.44543  alpha_hat=[-0.10498773  0.00233877]
  [multistart] alpha0=[-0.21893094  0.14043665]  best_loss=0.44543  alpha_hat=[-0.12733148  0.04641694]
  [multistart] BEST start alpha0=[ 0.12461374 -0.18360865]  best_loss=0.13128
  [adam trace] loss per step: [1.40008, 1.41319, 1.40128, 1.39626, 2.19534, 1.42935, 1.4095, 0.52958, 0.1494, 0.13128, 0.14604, 0.15193, 0.1528, 0.156, 0.15598, 0.16638, 0.17347, 0.16712, 0.15835, 0.16131, 0.16612, 0.18294, 0.16685, 0.16547, 0.1663, 0.18003, 0.18453, 0.17956, 0.19378, 0.19878, 0.20478, 0.21372, 0.21632, 0.21806, 0.24053, 0.22152, 0.24415, 0.24456, 0.27617, 0.27478]
  [G1 non-degeneracy] ||alpha_hat - alpha0||=8.813720e-02 (rel 3.972e-01);  loss 1.40008 -> 0.13128 (reduction 10.66x)
  [G1 non-degeneracy] OK -- alpha_hat moved and loss improved
G1 VERDICT [(c) curated]: non-degenerate  move_rel=3.972e-01  loss_reduction=10.66x
regime         eigvals                                    k  param_err_nofit  param_err_hat   fit_rmse
(a) single     [0.    0.577 2.423]                        2           0.3067         0.2796     0.4343
(b) jittered   [0.    0.764 2.236]                        2           0.3067         0.2711     0.3945
(c) curated    [0.    0.577 2.423]                        2           0.3067         0.2625     0.3608

held-out generalization RMSE (fitted vs no-fit baseline), per regime:
  (a) single
    [heldout_clear]  fitted=0.5120   no-fit=0.6424
  (b) jittered
    [heldout_clear]  fitted=0.4647   no-fit=0.6455
  (c) curated
    [heldout_clear]  fitted=0.4739   no-fit=0.6424

[heldout_clear] jittered=0.4647 vs curated=0.4739  ->  no clear winner (comparable)
