2026-08-28 10:40:27.322 | INFO     | pyroffi.collision._robot_collision:_compute_active_pair_indices_from_srdf:792 - Loaded 36 disabled collision pairs from SRDF
2026-08-28 10:40:28.303 | INFO     | pyroffi.collision._robot_collision:from_urdf:701 - Created RobotCollision with 13 links and 42 active self-collision pairs, using spherical collision models.
E0828 11:00:48.387052 1201507 slow_operation_alarm.cc:73] 
********************************
[Compiling module jit_paths_a for GPU] Very slow compile? If you want to file a bug, run with envvar XLA_FLAGS=--xla_dump_to=/tmp/foo and attach the results.
********************************
E0828 11:00:56.385628 1201406 slow_operation_alarm.cc:140] The operation took 2m7.998653761s

********************************
[Compiling module jit_paths_a for GPU] Very slow compile? If you want to file a bug, run with envvar XLA_FLAGS=--xla_dump_to=/tmp/foo and attach the results.
********************************
  [same-demo] ONE demo from the named cost; A: K=9, B: K=70
  [path A (named, shared demo)] inner stationarity ||grad_x C|| per phase:
    approach   A=8.280e-06  B=7.387e-06
    grasp      A=0.000e+00  B=0.000e+00
    transport  A=5.717e-05  B=1.257e-04
    place      A=1.466e-05  B=1.466e-05
  [path B (RKHS M=64, ls=3.0, base/sq, shared demo)] inner stationarity ||grad_x C|| per phase:
    approach   A=2.305e-06  B=1.150e-06
    grasp      A=0.000e+00  B=0.000e+00
    transport  A=4.450e-06  B=5.203e-06
    place      A=2.926e-06  B=2.926e-06

=== path A (named, shared demo)  (K=9) ===
Traceback (most recent call last):
  File "/home/sadmin/Work/pyroffi/scratch/probe_loss_rmse_consistency.py", line 32, in <module>
    val = float(b["gf"](u)[0])
                ^^^^^^^^^^
  File "/home/sadmin/Work/pyroffi/iosp/study3_identifiable_refit.py", line 688, in loss_a
    return jnp.mean(jnp.sum((paths(u)[0] - demo[0]) ** 2, axis=-1))
                             ^^^^^^^^
  File "/home/sadmin/Work/pyroffi/iosp/study3_identifiable_refit.py", line 656, in paths_a
    x0, _, _, _ = prob.seeds(scenes, theta_ik)
                  ^^^^^^^^^^^^^^^^^^^^^^^^^^^^
  File "/home/sadmin/Work/pyroffi/iosp/pickplace.py", line 440, in seeds
    q_pick = self.grasp_ik(theta_ik, scenes)
             ^^^^^^^^^^^^^^^^^^^^^^^^^^^^^^^
  File "/home/sadmin/Work/pyroffi/iosp/pickplace.py", line 333, in grasp_ik
    q = sqp_ik_solve_cuda_batch(
        ^^^^^^^^^^^^^^^^^^^^^^^^
  File "/home/sadmin/Work/pyroffi/src/pyroffi/optimization_engines/_sqp_ik.py", line 1293, in sqp_ik_solve_cuda_batch
    return differentiable_ik_solution_batch(
           ^^^^^^^^^^^^^^^^^^^^^^^^^^^^^^^^^
  File "/home/sadmin/Work/pyroffi/src/pyroffi/optimization_engines/_implicit_diff.py", line 363, in differentiable_ik_solution_batch
    return canonical_ik(q_stars, jax.lax.stop_gradient(cfg_ref), robot,
           ^^^^^^^^^^^^^^^^^^^^^^^^^^^^^^^^^^^^^^^^^^^^^^^^^^^^^^^^^^^^
  File "/home/sadmin/Work/pyroffi/src/pyroffi/optimization_engines/_canonical_ik.py", line 263, in canonical_ik
    return jax.vmap(
           ^^^^^^^^^
  File "/home/sadmin/Work/pyroffi/src/pyroffi/optimization_engines/_canonical_ik.py", line 264, in <lambda>
    lambda q, qr, t: _attach_kkt_rule(q, qr, robot, link_idx, t)
                     ^^^^^^^^^^^^^^^^^^^^^^^^^^^^^^^^^^^^^^^^^^^
  File "/home/sadmin/Work/pyroffi/src/pyroffi/optimization_engines/_canonical_ik.py", line 280, in _attach_kkt_rule
    return _layer(target_wxyz_xyz, q_canon)
           ^^^^^^^^^^^^^^^^^^^^^^^^^^^^^^^^
TypeError: Custom JVP rule must produce primal and tangent outputs with corresponding shapes and dtypes. Expected float32[7] (tangent type of float32[7]) but got float64[7].
--------------------
For simplicity, JAX has removed its internal frames from the traceback of the following exception. Set JAX_TRACEBACK_FILTERING=off to include these.
