2026-08-29 16:00:34.465 | INFO     | pyroffi.collision._robot_collision:_compute_active_pair_indices_from_srdf:792 - Loaded 36 disabled collision pairs from SRDF
2026-08-29 16:00:35.247 | INFO     | pyroffi.collision._robot_collision:from_urdf:701 - Created RobotCollision with 13 links and 42 active self-collision pairs, using spherical collision models.
[build] 459s  B=3 branches x S=3 starts = 9 candidates  space=joint  scene_b_scale=1.0
[rec] step   0/40  train(min)=0.19301 held@trainargmin=0.18062  |  ee_fit=0.05515 ee_held=0.05512  spread=18.3x
[rec] step   1/40  train(min)=0.18662 held@trainargmin=0.17380  |  ee_fit=0.05100 ee_held=0.05032  spread=19.0x
[rec] step   2/40  train(min)=0.17850 held@trainargmin=0.16723  |  ee_fit=0.04831 ee_held=0.04683  spread=19.6x
[rec] step   3/40  train(min)=0.17263 held@trainargmin=0.16239  |  ee_fit=0.04743 ee_held=0.04506  spread=20.0x
[rec] step   4/40  train(min)=0.16689 held@trainargmin=0.15643  |  ee_fit=0.04772 ee_held=0.04494  spread=20.8x
[rec] step   5/40  train(min)=0.16477 held@trainargmin=0.15361  |  ee_fit=0.04915 ee_held=0.04673  spread=21.1x
[rec] step   6/40  train(min)=0.15900 held@trainargmin=0.15108  |  ee_fit=0.05222 ee_held=0.05020  spread=21.3x
[rec] step   7/40  train(min)=0.15743 held@trainargmin=0.14753  |  ee_fit=0.05456 ee_held=0.05316  spread=21.8x
[rec] step   8/40  train(min)=0.15561 held@trainargmin=0.14701  |  ee_fit=0.05684 ee_held=0.05512  spread=21.8x
[rec] step   9/40  train(min)=0.15369 held@trainargmin=0.14514  |  ee_fit=0.05817 ee_held=0.05651  spread=22.0x
[rec] step  10/40  train(min)=0.15061 held@trainargmin=0.14364  |  ee_fit=0.05744 ee_held=0.05787  spread=22.1x
[rec] step  11/40  train(min)=0.14902 held@trainargmin=0.14064  |  ee_fit=0.05721 ee_held=0.05780  spread=22.5x
[rec] step  12/40  train(min)=0.14830 held@trainargmin=0.13989  |  ee_fit=0.05678 ee_held=0.05659  spread=22.6x
[rec] step  13/40  train(min)=0.14745 held@trainargmin=0.13809  |  ee_fit=0.05575 ee_held=0.05533  spread=22.8x
[rec] step  14/40  train(min)=0.14461 held@trainargmin=0.13826  |  ee_fit=0.05328 ee_held=0.05360  spread=22.7x
[rec] step  15/40  train(min)=0.14363 held@trainargmin=0.13680  |  ee_fit=0.05183 ee_held=0.05198  spread=22.9x
[rec] step  16/40  train(min)=0.14300 held@trainargmin=0.13552  |  ee_fit=0.04955 ee_held=0.05033  spread=23.0x
[rec] step  17/40  train(min)=0.14223 held@trainargmin=0.13482  |  ee_fit=0.04841 ee_held=0.04671  spread=23.1x
[rec] step  18/40  train(min)=0.14140 held@trainargmin=0.13197  |  ee_fit=0.04674 ee_held=0.04564  spread=23.5x
[rec] step  19/40  train(min)=0.13738 held@trainargmin=0.13453  |  ee_fit=0.03971 ee_held=0.03603  spread=23.4x
[rec] step  20/40  train(min)=0.13247 held@trainargmin=0.12857  |  ee_fit=0.03761 ee_held=0.03504  spread=23.9x
[rec] step  21/40  train(min)=0.12694 held@trainargmin=0.12459  |  ee_fit=0.03652 ee_held=0.03360  spread=23.9x
[rec] step  22/40  train(min)=0.12209 held@trainargmin=0.11860  |  ee_fit=0.03563 ee_held=0.03255  spread=24.8x
[rec] step  23/40  train(min)=0.11826 held@trainargmin=0.11414  |  ee_fit=0.03475 ee_held=0.03261  spread=25.6x
[rec] step  24/40  train(min)=0.11332 held@trainargmin=0.10891  |  ee_fit=0.03397 ee_held=0.03119  spread=26.6x
[rec] step  25/40  train(min)=0.10889 held@trainargmin=0.10461  |  ee_fit=0.03345 ee_held=0.03063  spread=27.6x
[rec] step  26/40  train(min)=0.10345 held@trainargmin=0.10055  |  ee_fit=0.03309 ee_held=0.02987  spread=28.7x
[rec] step  27/40  train(min)=0.09848 held@trainargmin=0.09600  |  ee_fit=0.03197 ee_held=0.03052  spread=30.1x
[rec] step  28/40  train(min)=0.09481 held@trainargmin=0.09270  |  ee_fit=0.03166 ee_held=0.03077  spread=31.2x
[rec] step  29/40  train(min)=0.09163 held@trainargmin=0.08835  |  ee_fit=0.03129 ee_held=0.03020  spread=32.7x
[rec] step  30/40  train(min)=0.08638 held@trainargmin=0.08446  |  ee_fit=0.03088 ee_held=0.02999  spread=34.2x
[rec] step  31/40  train(min)=0.08328 held@trainargmin=0.08180  |  ee_fit=0.03053 ee_held=0.03053  spread=35.3x
[rec] step  32/40  train(min)=0.07943 held@trainargmin=0.07669  |  ee_fit=0.02968 ee_held=0.03011  spread=37.7x
[rec] step  33/40  train(min)=0.07639 held@trainargmin=0.07478  |  ee_fit=0.02904 ee_held=0.02946  spread=38.7x
[rec] step  34/40  train(min)=0.07376 held@trainargmin=0.07156  |  ee_fit=0.02908 ee_held=0.02984  spread=40.4x
[rec] step  35/40  train(min)=0.06964 held@trainargmin=0.06728  |  ee_fit=0.02744 ee_held=0.02788  spread=42.9x
[rec] step  36/40  train(min)=0.06757 held@trainargmin=0.06590  |  ee_fit=0.02720 ee_held=0.02762  spread=43.8x
[rec] step  37/40  train(min)=0.06371 held@trainargmin=0.06222  |  ee_fit=0.02553 ee_held=0.02622  spread=46.3x
[rec] step  38/40  train(min)=0.06206 held@trainargmin=0.06047  |  ee_fit=0.02493 ee_held=0.02508  spread=47.7x
[rec] step  39/40  train(min)=0.05865 held@trainargmin=0.05785  |  ee_fit=0.02376 ee_held=0.02528  spread=49.9x
[rec] step  40/40  train(min)=0.05549 held@trainargmin=0.05510  |  ee_fit=0.02220 ee_held=0.02339  spread=52.4x
[rec] wrote scratch/viz/multistart_behavior.npz

 cand  branch  start     train      held    ee_fit   ee_held
    0       0      0   0.14211   0.12892   0.04873   0.04734
    1       0      1   0.05549   0.05510   0.02220   0.02339  <- winner (train argmin)
    2       0      2   0.18352   0.16713   0.06090   0.06033
    3       1      0   2.67730   2.84654   0.55653   0.33063
    4       1      1   2.87773   2.88698   0.59902   0.36436
    5       1      2   2.83863   2.86445   0.60850   0.36224
    6       2      0   0.62052   0.58541   0.11002   0.11284
    7       2      1   0.54657   0.67598   0.09023   0.11055
    8       2      2   0.65833   0.55748   0.12061   0.10330

selected on training loss: candidate 1 (branch 0, start 1)
  EE held-out RMSE = 0.02339
held-out spread across candidates: 52.4x (0.05510 .. 2.88698)
[render] wrote scratch/viz/multistart_behavior.gif (2.6 MB, 41 frames @ 6fps)
[render3d] wrote scratch/viz/multistart_behavior_3d.gif (3.9 MB, 41 frames @ 6fps)
