[08:36:28] 10 jobs over GPUs: 0 1 2 3
[08:36:28] gpu=0 start A|1|joint
[08:36:28] gpu=1 start A|1|ee
[08:36:28] gpu=2 start A|2|joint
[08:36:28] gpu=3 start A|2|ee
[09:03:41] done gpu=3 A|2|ee (exit 0)
[09:03:41] gpu=3 start A|4|ee
[09:03:46] done gpu=1 A|1|ee (exit 0)
[09:03:46] gpu=1 start A|3|ee
[09:16:17] done gpu=0 A|1|joint (exit 0)
[09:16:17] gpu=0 start A|3|joint
[09:16:25] done gpu=2 A|2|joint (exit 0)
[09:16:25] gpu=2 start A|4|joint
[09:30:28] done gpu=3 A|4|ee (exit 0)
[09:30:38] done gpu=1 A|3|ee (exit 0)
[09:30:38] gpu=1 start B|2|joint
[09:54:44] done gpu=0 A|3|joint (exit 0)
[09:54:44] gpu=0 start B|1|joint
[09:55:11] done gpu=2 A|4|joint (exit 0)
[11:31:36] done gpu=1 B|2|joint (exit 0)
[11:52:00] done gpu=0 B|1|joint (exit 0)
[11:52:00] ALL MULTISEED JOBS COMPLETE
