2026-08-28 23:31:34.928 | INFO     | pyroffi.collision._robot_collision:_compute_active_pair_indices_from_srdf:792 - Loaded 36 disabled collision pairs from SRDF
2026-08-28 23:31:35.717 | INFO     | pyroffi.collision._robot_collision:from_urdf:701 - Created RobotCollision with 13 links and 42 active self-collision pairs, using spherical collision models.
[build] 1234s  B=3 branches x S=3 starts = 9 candidates  space=joint  scene_b_scale=2.0
E0829 00:12:42.958873 1956938 slow_operation_alarm.cc:73] 
********************************
[Compiling module jit__lambda for GPU] Very slow compile? If you want to file a bug, run with envvar XLA_FLAGS=--xla_dump_to=/tmp/foo and attach the results.
********************************
E0829 00:13:34.443169 1956731 slow_operation_alarm.cc:140] The operation took 2m51.484383766s

********************************
[Compiling module jit__lambda for GPU] Very slow compile? If you want to file a bug, run with envvar XLA_FLAGS=--xla_dump_to=/tmp/foo and attach the results.
********************************
E0829 01:23:06.308557 1956938 slow_operation_alarm.cc:73] 
********************************
[Compiling module jit__lambda for GPU] Very slow compile? If you want to file a bug, run with envvar XLA_FLAGS=--xla_dump_to=/tmp/foo and attach the results.
********************************
E0829 01:23:55.166766 1956731 slow_operation_alarm.cc:140] The operation took 2m48.858325624s

********************************
[Compiling module jit__lambda for GPU] Very slow compile? If you want to file a bug, run with envvar XLA_FLAGS=--xla_dump_to=/tmp/foo and attach the results.
********************************
[rec] step   0/40  train(min)=0.13626 held@trainargmin=0.13481  |  ee_fit=0.07932 ee_held=0.08256  spread=24.9x
[rec] step   1/40  train(min)=0.12410 held@trainargmin=0.12357  |  ee_fit=0.07258 ee_held=0.07598  spread=25.0x
[rec] step   2/40  train(min)=0.11493 held@trainargmin=0.12404  |  ee_fit=0.06611 ee_held=0.06881  spread=25.7x
[rec] step   3/40  train(min)=0.10415 held@trainargmin=0.13008  |  ee_fit=0.06000 ee_held=0.06208  spread=25.0x
[rec] step   4/40  train(min)=0.09457 held@trainargmin=0.12817  |  ee_fit=0.05480 ee_held=0.05549  spread=26.6x
[rec] step   5/40  train(min)=0.08514 held@trainargmin=0.12937  |  ee_fit=0.04895 ee_held=0.04950  spread=29.4x
[rec] step   6/40  train(min)=0.07585 held@trainargmin=0.11988  |  ee_fit=0.04335 ee_held=0.04437  spread=30.1x
[rec] step   7/40  train(min)=0.06756 held@trainargmin=0.10219  |  ee_fit=0.03853 ee_held=0.03844  spread=33.2x
[rec] step   8/40  train(min)=0.06031 held@trainargmin=0.09694  |  ee_fit=0.03326 ee_held=0.03306  spread=35.7x
[rec] step   9/40  train(min)=0.05439 held@trainargmin=0.08948  |  ee_fit=0.02938 ee_held=0.02862  spread=33.8x
[rec] step  10/40  train(min)=0.04771 held@trainargmin=0.06743  |  ee_fit=0.02507 ee_held=0.02553  spread=44.8x
[rec] step  11/40  train(min)=0.04177 held@trainargmin=0.06638  |  ee_fit=0.02167 ee_held=0.02073  spread=45.4x
[rec] step  12/40  train(min)=0.03881 held@trainargmin=0.06072  |  ee_fit=0.01836 ee_held=0.01654  spread=49.7x
[rec] step  13/40  train(min)=0.04911 held@trainargmin=0.05115  |  ee_fit=0.02725 ee_held=0.01364  spread=59.0x
[rec] step  14/40  train(min)=0.02822 held@trainargmin=0.04342  |  ee_fit=0.01321 ee_held=0.01080  spread=69.7x
[rec] step  15/40  train(min)=0.02488 held@trainargmin=0.03142  |  ee_fit=0.01150 ee_held=0.00846  spread=96.2x
[rec] step  16/40  train(min)=0.02333 held@trainargmin=0.04177  |  ee_fit=0.01015 ee_held=0.00716  spread=72.4x
[rec] step  17/40  train(min)=0.02242 held@trainargmin=0.02126  |  ee_fit=0.01000 ee_held=0.00615  spread=142.3x
[rec] step  18/40  train(min)=0.02203 held@trainargmin=0.02418  |  ee_fit=0.00949 ee_held=0.00584  spread=124.6x
[rec] step  19/40  train(min)=0.02098 held@trainargmin=0.03490  |  ee_fit=0.00999 ee_held=0.00895  spread=86.6x
[rec] step  20/40  train(min)=0.02176 held@trainargmin=0.02588  |  ee_fit=0.01021 ee_held=0.00684  spread=116.6x
[rec] step  21/40  train(min)=0.02166 held@trainargmin=0.03012  |  ee_fit=0.01081 ee_held=0.00841  spread=100.1x
[rec] step  22/40  train(min)=0.02241 held@trainargmin=0.03697  |  ee_fit=0.01051 ee_held=0.00955  spread=102.9x
[rec] step  23/40  train(min)=0.02221 held@trainargmin=0.02983  |  ee_fit=0.00627 ee_held=0.00810  spread=100.9x
[rec] step  24/40  train(min)=0.01991 held@trainargmin=0.02868  |  ee_fit=0.00573 ee_held=0.00758  spread=105.0x
[rec] step  25/40  train(min)=0.01935 held@trainargmin=0.03099  |  ee_fit=0.00610 ee_held=0.00966  spread=97.0x
[rec] step  26/40  train(min)=0.01774 held@trainargmin=0.02971  |  ee_fit=0.00641 ee_held=0.00951  spread=101.1x
[rec] step  27/40  train(min)=0.01725 held@trainargmin=0.03325  |  ee_fit=0.00779 ee_held=0.01324  spread=90.2x
[rec] step  28/40  train(min)=0.01584 held@trainargmin=0.03899  |  ee_fit=0.00789 ee_held=0.01127  spread=76.8x
[rec] step  29/40  train(min)=0.01563 held@trainargmin=0.03582  |  ee_fit=0.00831 ee_held=0.01153  spread=83.5x
[rec] step  30/40  train(min)=0.01418 held@trainargmin=0.03642  |  ee_fit=0.00787 ee_held=0.01053  spread=82.2x
[rec] step  31/40  train(min)=0.01496 held@trainargmin=0.04820  |  ee_fit=0.00865 ee_held=0.01551  spread=75.4x
[rec] step  32/40  train(min)=0.01331 held@trainargmin=0.03829  |  ee_fit=0.00757 ee_held=0.01241  spread=86.5x
[rec] step  33/40  train(min)=0.01267 held@trainargmin=0.03192  |  ee_fit=0.00677 ee_held=0.01221  spread=93.4x
[rec] step  34/40  train(min)=0.01582 held@trainargmin=0.02860  |  ee_fit=0.00769 ee_held=0.01068  spread=104.3x
[rec] step  35/40  train(min)=0.01334 held@trainargmin=0.03270  |  ee_fit=0.00588 ee_held=0.01213  spread=90.8x
[rec] step  36/40  train(min)=0.01371 held@trainargmin=0.02060  |  ee_fit=0.00559 ee_held=0.00710  spread=144.3x
[rec] step  37/40  train(min)=0.01409 held@trainargmin=0.02006  |  ee_fit=0.00498 ee_held=0.00580  spread=147.8x
[rec] step  38/40  train(min)=0.01195 held@trainargmin=0.03089  |  ee_fit=0.00384 ee_held=0.00798  spread=95.7x
[rec] step  39/40  train(min)=0.01666 held@trainargmin=0.03080  |  ee_fit=0.00840 ee_held=0.00770  spread=119.7x
[rec] step  40/40  train(min)=0.01378 held@trainargmin=0.02131  |  ee_fit=0.00364 ee_held=0.00547  spread=138.5x
[rec] wrote scratch/viz/multistart_behavior.npz

 cand  branch  start     train      held    ee_fit   ee_held
    0       0      0   0.01378   0.02131   0.00364   0.00547  <- winner (train argmin)
    1       0      1   0.05687   0.04487   0.02339   0.01852
    2       0      2   0.02151   0.03363   0.00808   0.00854
    3       1      0   2.51152   2.86785   0.34993   0.34293
    4       1      1   2.59132   2.95159   0.49958   0.29827
    5       1      2   2.50870   2.78653   0.31508   0.34799
    6       2      0   0.48352   0.62213   0.08703   0.12899
    7       2      1   0.46081   0.68294   0.09345   0.13278
    8       2      2   0.46258   0.67956   0.11967   0.15320

selected on training loss: candidate 0 (branch 0, start 0)
  EE held-out RMSE = 0.00547
held-out spread across candidates: 138.5x (0.02131 .. 2.95159)
[render] wrote scratch/viz/multistart_behavior.gif (2.5 MB, 41 frames @ 6fps)
[render3d] wrote scratch/viz/multistart_behavior_3d.gif (3.8 MB, 41 frames @ 6fps)
