2026-08-28 20:51:14.956 | INFO     | pyroffi.collision._robot_collision:_compute_active_pair_indices_from_srdf:792 - Loaded 36 disabled collision pairs from SRDF
2026-08-28 20:51:15.757 | INFO     | pyroffi.collision._robot_collision:from_urdf:701 - Created RobotCollision with 13 links and 42 active self-collision pairs, using spherical collision models.
  [path A (parametric)] inner stationarity ||grad_x C|| per phase:
    approach   worst=7.574e-05 over 2 scenes [7.6e-05 7.2e-06]
    grasp      worst=9.312e-06 over 2 scenes [9.3e-06 9.3e-06]
    transport  worst=1.762e-04 over 2 scenes [9.8e-05 1.8e-04]
    place      worst=1.446e-05 over 2 scenes [1.4e-05 1.4e-05]
[build] 647s  K=9  n_restarts=1
[record] step   0/40  loss=0.002569  rmse_fit=0.05035  rmse_heldout=0.04800
[record] step   1/40  loss=0.002280  rmse_fit=0.04771  rmse_heldout=0.04571
[record] step   2/40  loss=0.002091  rmse_fit=0.07902  rmse_heldout=0.04265
[record] step   3/40  loss=0.001791  rmse_fit=0.04242  rmse_heldout=0.04065
[record] step   4/40  loss=0.001573  rmse_fit=0.03969  rmse_heldout=0.03837
[record] step   5/40  loss=0.001337  rmse_fit=0.03653  rmse_heldout=0.03615
[record] step   6/40  loss=0.001171  rmse_fit=0.03389  rmse_heldout=0.03283
[record] step   7/40  loss=0.001024  rmse_fit=0.03213  rmse_heldout=0.03091
[record] step   8/40  loss=0.000836  rmse_fit=0.02933  rmse_heldout=0.02864
[record] step   9/40  loss=0.000732  rmse_fit=0.02714  rmse_heldout=0.02644
[record] step  10/40  loss=0.000609  rmse_fit=0.02471  rmse_heldout=0.02389
[record] step  11/40  loss=0.000508  rmse_fit=0.02280  rmse_heldout=0.02206
[record] step  12/40  loss=0.000431  rmse_fit=0.02068  rmse_heldout=0.02004
[record] step  13/40  loss=0.000347  rmse_fit=0.01868  rmse_heldout=0.01825
[record] step  14/40  loss=0.000293  rmse_fit=0.01707  rmse_heldout=0.01662
[record] step  15/40  loss=0.000240  rmse_fit=0.01584  rmse_heldout=0.01450
[record] step  16/40  loss=0.000198  rmse_fit=0.01452  rmse_heldout=0.01319
[record] step  17/40  loss=0.000167  rmse_fit=0.01371  rmse_heldout=0.01148
[record] step  18/40  loss=0.000156  rmse_fit=0.01163  rmse_heldout=0.01058
[record] step  19/40  loss=0.000100  rmse_fit=0.01028  rmse_heldout=0.00938
[record] step  20/40  loss=0.000089  rmse_fit=0.01006  rmse_heldout=0.00863
[record] step  21/40  loss=0.000073  rmse_fit=0.00931  rmse_heldout=0.00775
[record] step  22/40  loss=0.000061  rmse_fit=0.00859  rmse_heldout=0.00728
[record] step  23/40  loss=0.000078  rmse_fit=0.00821  rmse_heldout=0.00682
[record] step  24/40  loss=0.000053  rmse_fit=0.00784  rmse_heldout=0.00622
[record] step  25/40  loss=0.000045  rmse_fit=0.00664  rmse_heldout=0.00603
[record] step  26/40  loss=0.000048  rmse_fit=0.00689  rmse_heldout=0.00623
[record] step  27/40  loss=0.000045  rmse_fit=0.00796  rmse_heldout=0.00546
[record] step  28/40  loss=0.000044  rmse_fit=0.00642  rmse_heldout=0.00584
[record] step  29/40  loss=0.000050  rmse_fit=0.00669  rmse_heldout=0.00591
[record] step  30/40  loss=0.000047  rmse_fit=0.00717  rmse_heldout=0.00631
[record] step  31/40  loss=0.000041  rmse_fit=0.00690  rmse_heldout=0.00628
[record] step  32/40  loss=0.000040  rmse_fit=0.00608  rmse_heldout=0.00586
[record] step  33/40  loss=0.000037  rmse_fit=0.00581  rmse_heldout=0.00563
[record] step  34/40  loss=0.000031  rmse_fit=0.00576  rmse_heldout=0.00533
[record] step  35/40  loss=0.000030  rmse_fit=0.00560  rmse_heldout=0.00556
[record] step  36/40  loss=0.000027  rmse_fit=0.00523  rmse_heldout=0.00559
[record] step  37/40  loss=0.000025  rmse_fit=0.00498  rmse_heldout=0.00643
[record] step  38/40  loss=0.000021  rmse_fit=0.00473  rmse_heldout=0.00725
[record] step  39/40  loss=0.000019  rmse_fit=0.00458  rmse_heldout=0.00587
[record] step  40/40  loss=0.000018  rmse_fit=0.00425  rmse_heldout=0.00565
[record] wrote scratch/viz/pathA_behavior_fixed.npz
[render] wrote scratch/viz/pathA_behavior_fixed.gif (1.4 MB, 41 frames @ 6fps)
