=== [18:29:31] path-A record -> GPU 2
2026-08-28 18:29:35.226 | INFO     | pyroffi.collision._robot_collision:_compute_active_pair_indices_from_srdf:792 - Loaded 36 disabled collision pairs from SRDF
2026-08-28 18:29:36.016 | INFO     | pyroffi.collision._robot_collision:from_urdf:701 - Created RobotCollision with 13 links and 42 active self-collision pairs, using spherical collision models.
  [path A (parametric)] inner stationarity ||grad_x C|| per phase:
    approach   worst=3.081e-04 over 2 scenes [3.1e-04 7.0e-06]
    grasp      worst=9.264e-06 over 2 scenes [9.3e-06 9.3e-06]
    transport  worst=1.633e-04 over 2 scenes [1.3e-04 1.6e-04]
    place      worst=1.437e-05 over 2 scenes [1.4e-05 1.4e-05]
[build] 94s  K=9
2026-08-28 18:31:08.040 | INFO     | pyroffi.collision._robot_collision:_compute_active_pair_indices_from_srdf:792 - Loaded 36 disabled collision pairs from SRDF
2026-08-28 18:31:08.047 | INFO     | pyroffi.collision._robot_collision:from_urdf:701 - Created RobotCollision with 13 links and 42 active self-collision pairs, using spherical collision models.
[record] step   0/40  loss=0.002528  rmse_fit=0.05053  rmse_heldout=0.04619
[record] step   1/40  loss=0.002171  rmse_fit=0.04821  rmse_heldout=0.04385
[record] step   2/40  loss=0.002065  rmse_fit=0.04450  rmse_heldout=0.04185
[record] step   3/40  loss=0.001808  rmse_fit=0.04231  rmse_heldout=0.03970
[record] step   4/40  loss=0.001555  rmse_fit=0.03978  rmse_heldout=0.03736
[record] step   5/40  loss=0.001341  rmse_fit=0.03723  rmse_heldout=0.03440
[record] step   6/40  loss=0.001199  rmse_fit=0.03388  rmse_heldout=0.03185
[record] step   7/40  loss=0.001013  rmse_fit=0.03153  rmse_heldout=0.02934
[record] step   8/40  loss=0.000871  rmse_fit=0.02944  rmse_heldout=0.02728
[record] step   9/40  loss=0.000720  rmse_fit=0.02549  rmse_heldout=0.02535
[record] step  10/40  loss=0.000623  rmse_fit=0.02506  rmse_heldout=0.02335
[record] step  11/40  loss=0.000512  rmse_fit=0.02281  rmse_heldout=0.02143
[record] step  12/40  loss=0.000430  rmse_fit=0.02090  rmse_heldout=0.01934
[record] step  13/40  loss=0.000362  rmse_fit=0.01893  rmse_heldout=0.01786
[record] step  14/40  loss=0.071199  rmse_fit=0.26650  rmse_heldout=0.01624
[record] step  15/40  loss=0.000262  rmse_fit=0.01641  rmse_heldout=0.01572
[record] step  16/40  loss=0.000235  rmse_fit=0.01532  rmse_heldout=0.01527
[record] step  17/40  loss=0.000214  rmse_fit=0.01455  rmse_heldout=0.60075
[record] step  18/40  loss=0.000179  rmse_fit=0.01333  rmse_heldout=0.01393
[record] step  19/40  loss=0.205470  rmse_fit=0.01194  rmse_heldout=0.01240
[record] step  20/40  loss=0.000103  rmse_fit=0.01023  rmse_heldout=0.01010
[record] step  21/40  loss=0.000068  rmse_fit=0.00826  rmse_heldout=0.00820
[record] step  22/40  loss=0.000051  rmse_fit=0.00704  rmse_heldout=0.00692
[record] step  23/40  loss=0.000040  rmse_fit=0.00653  rmse_heldout=0.00626
[record] step  24/40  loss=0.000042  rmse_fit=0.28069  rmse_heldout=0.00601
[record] step  25/40  loss=0.000051  rmse_fit=0.00626  rmse_heldout=0.00605
[record] step  26/40  loss=0.000055  rmse_fit=0.00762  rmse_heldout=0.00655
[record] step  27/40  loss=0.000068  rmse_fit=0.00749  rmse_heldout=0.00739
[record] step  28/40  loss=0.173922  rmse_fit=0.00878  rmse_heldout=0.00779
[record] step  29/40  loss=0.000092  rmse_fit=0.01074  rmse_heldout=0.00929
[record] step  30/40  loss=0.000173  rmse_fit=0.01324  rmse_heldout=0.01041
[record] step  31/40  loss=0.000198  rmse_fit=0.01410  rmse_heldout=0.01183
[record] step  32/40  loss=0.000206  rmse_fit=0.01367  rmse_heldout=0.01215
[record] step  33/40  loss=0.000215  rmse_fit=0.01495  rmse_heldout=0.01311
[record] step  34/40  loss=0.000267  rmse_fit=0.01684  rmse_heldout=0.01405
[record] step  35/40  loss=0.000263  rmse_fit=0.01640  rmse_heldout=0.01364
[record] step  36/40  loss=0.000270  rmse_fit=0.01596  rmse_heldout=0.28199
[record] step  37/40  loss=0.056395  rmse_fit=0.23496  rmse_heldout=0.01398
[record] step  38/40  loss=0.000205  rmse_fit=0.29922  rmse_heldout=0.01277
[record] step  39/40  loss=0.147613  rmse_fit=0.38081  rmse_heldout=0.01206
[record] step  40/40  loss=0.000193  rmse_fit=0.01436  rmse_heldout=0.01244
[record] wrote scratch/viz/pathA_behavior.npz
[render] wrote scratch/viz/pathA_behavior.gif (1.1 MB, 41 frames @ 6fps)
