2026-08-28 19:28:29.469 | INFO     | pyroffi.collision._robot_collision:_compute_active_pair_indices_from_srdf:792 - Loaded 36 disabled collision pairs from SRDF
2026-08-28 19:28:30.268 | INFO     | pyroffi.collision._robot_collision:from_urdf:701 - Created RobotCollision with 13 links and 42 active self-collision pairs, using spherical collision models.
E0828 19:46:16.883231 1734661 slow_operation_alarm.cc:73] 
********************************
[Compiling module jit_paths for GPU] Very slow compile? If you want to file a bug, run with envvar XLA_FLAGS=--xla_dump_to=/tmp/foo and attach the results.
********************************
E0828 19:46:19.195074 1734560 slow_operation_alarm.cc:140] The operation took 2m2.311948942s

********************************
[Compiling module jit_paths for GPU] Very slow compile? If you want to file a bug, run with envvar XLA_FLAGS=--xla_dump_to=/tmp/foo and attach the results.
********************************
  [path A (parametric)] inner stationarity ||grad_x C|| per phase:
    approach   worst=8.140e-05 over 2 scenes [8.1e-05 1.4e-05]
    grasp      worst=9.264e-06 over 2 scenes [9.3e-06 9.3e-06]
    transport  worst=1.906e-04 over 2 scenes [7.3e-05 1.9e-04]
    place      worst=1.437e-05 over 2 scenes [1.4e-05 1.4e-05]
[build] 1204s  K=9  n_restarts=3
[record] step   0/40  loss=0.002536  rmse_fit=0.05016  rmse_heldout=0.04660
[record] step   1/40  loss=0.002272  rmse_fit=0.04718  rmse_heldout=0.04474
[record] step   2/40  loss=0.002026  rmse_fit=0.04492  rmse_heldout=0.04108
[record] step   3/40  loss=0.001841  rmse_fit=0.04237  rmse_heldout=0.03903
[record] step   4/40  loss=0.001589  rmse_fit=0.04013  rmse_heldout=0.03717
[record] step   5/40  loss=0.001392  rmse_fit=0.03710  rmse_heldout=0.03503
[record] step   6/40  loss=0.001146  rmse_fit=0.03476  rmse_heldout=0.03233
[record] step   7/40  loss=0.001052  rmse_fit=0.03204  rmse_heldout=0.02978
[record] step   8/40  loss=0.000918  rmse_fit=0.02959  rmse_heldout=0.02789
[record] step   9/40  loss=0.000751  rmse_fit=0.02772  rmse_heldout=0.02576
[record] step  10/40  loss=0.000640  rmse_fit=0.02544  rmse_heldout=0.02340
[record] step  11/40  loss=0.000534  rmse_fit=0.02312  rmse_heldout=0.02159
[record] step  12/40  loss=0.000454  rmse_fit=0.02134  rmse_heldout=0.01974
[record] step  13/40  loss=0.000363  rmse_fit=0.01920  rmse_heldout=0.01787
[record] step  14/40  loss=0.070913  rmse_fit=0.26858  rmse_heldout=0.01585
[record] step  15/40  loss=0.000252  rmse_fit=0.01617  rmse_heldout=0.01515
[record] step  16/40  loss=0.000237  rmse_fit=0.01551  rmse_heldout=0.01499
[record] step  17/40  loss=0.000217  rmse_fit=0.01463  rmse_heldout=0.59942
[record] step  18/40  loss=0.000187  rmse_fit=0.01378  rmse_heldout=0.01414
[record] step  19/40  loss=0.123987  rmse_fit=0.01278  rmse_heldout=0.01253
[record] step  20/40  loss=0.000212  rmse_fit=0.01446  rmse_heldout=0.01513
[record] step  21/40  loss=0.000256  rmse_fit=0.01657  rmse_heldout=0.01741
[record] step  22/40  loss=0.000312  rmse_fit=0.01856  rmse_heldout=0.01974
[record] step  23/40  loss=0.000376  rmse_fit=0.01974  rmse_heldout=0.02183
[record] step  24/40  loss=0.000456  rmse_fit=0.22827  rmse_heldout=0.02243
[record] step  25/40  loss=0.000458  rmse_fit=0.02200  rmse_heldout=0.02211
[record] step  26/40  loss=0.000457  rmse_fit=0.02163  rmse_heldout=0.02372
[record] step  27/40  loss=0.000438  rmse_fit=0.02196  rmse_heldout=0.02149
[record] step  28/40  loss=0.151454  rmse_fit=0.02136  rmse_heldout=0.02214
[record] step  29/40  loss=0.000318  rmse_fit=0.01801  rmse_heldout=0.01965
[record] step  30/40  loss=0.000258  rmse_fit=0.01563  rmse_heldout=0.01643
[record] step  31/40  loss=0.000189  rmse_fit=0.01428  rmse_heldout=0.01397
[record] step  32/40  loss=0.000146  rmse_fit=0.01134  rmse_heldout=0.01322
[record] step  33/40  loss=0.000103  rmse_fit=0.00984  rmse_heldout=0.01120
[record] step  34/40  loss=0.000067  rmse_fit=0.00742  rmse_heldout=0.00839
[record] step  35/40  loss=0.000056  rmse_fit=0.00727  rmse_heldout=0.00772
[record] step  36/40  loss=0.000042  rmse_fit=0.00694  rmse_heldout=0.27966
[record] step  37/40  loss=0.053741  rmse_fit=0.23124  rmse_heldout=0.00520
[record] step  38/40  loss=0.000049  rmse_fit=0.31001  rmse_heldout=0.00569
[record] step  39/40  loss=0.167499  rmse_fit=0.40910  rmse_heldout=0.00577
[record] step  40/40  loss=0.000066  rmse_fit=0.00920  rmse_heldout=0.00677
[record] wrote scratch/viz/pathA_behavior_r3.npz
[render] wrote scratch/viz/pathA_behavior_r3.gif (1.0 MB, 41 frames @ 6fps)
