[2026-08-20T18:31:38-04:00] === segments K=6 (S=2, n-contexts=8, budget=4000) ===
[segments] K=6 d=2 T=30 M=8 budget=4000 solves
  seed 0: implicit=8.16e-06  fd=3.07e-04  cmaes=1.57e-05  kkt=1.18e-02  cioc=1.87e-04  random=1.46e-02
  seed 1: implicit=6.21e-06  fd=1.42e-03  cmaes=1.72e-04  kkt=4.44e-02  cioc=9.46e-04  random=1.22e-01
  seed 2: implicit=1.59e-05  fd=9.48e-05  cmaes=5.35e-07  kkt=8.23e-02  cioc=-2.03e-03  random=2.35e-02
wrote /home/sadmin/Work/pyroffi/ioc/data/bench2d/bench2d_seg_K6.json

    method   theta L1       regret     wall
  implicit      0.508    8.156e-06    60.7s
  unrolled      0.555    2.989e-05    58.9s
        fd      0.322    3.072e-04    60.4s
     cmaes      0.346    1.573e-05    58.2s
       kkt      1.601    4.438e-02     1.4s
      cioc      0.381    1.870e-04     3.9s
    random      0.741    2.347e-02     0.0s
[2026-08-20T18:45:09-04:00] K=6 wrote /home/sadmin/Work/pyroffi/ioc/data/bench2d/bench2d_seg_K6.json
[2026-08-20T18:45:09-04:00] === segments K=12 (S=4, n-contexts=12, budget=6000) ===
[segments] K=12 d=2 T=30 M=12 budget=6000 solves
  seed 0: implicit=2.14e-06  fd=2.24e-04  cmaes=2.06e-04  kkt=9.05e-04  cioc=4.31e-04  random=3.28e-03
  seed 1: implicit=2.29e-06  fd=5.41e-03  cmaes=6.06e-04  kkt=2.83e-02  cioc=-4.21e-04  random=7.54e-02
  seed 2: implicit=3.92e-06  fd=5.58e-04  cmaes=4.38e-04  kkt=5.65e-03  cioc=1.75e-05  random=2.12e-02
wrote /home/sadmin/Work/pyroffi/ioc/data/bench2d/bench2d_seg_K12.json

    method   theta L1       regret     wall
  implicit      0.174    2.292e-06    60.8s
  unrolled      0.158    7.879e-06    58.3s
        fd      0.937    5.583e-04    60.2s
     cmaes      0.702    4.384e-04    58.5s
       kkt      1.169    5.653e-03     1.8s
      cioc      0.845    1.750e-05     5.0s
    random      1.005    2.119e-02     0.0s
[2026-08-20T18:58:55-04:00] K=12 wrote /home/sadmin/Work/pyroffi/ioc/data/bench2d/bench2d_seg_K12.json
[2026-08-20T18:58:55-04:00] === segments K=24 (S=8, n-contexts=24, budget=14000) ===
[segments] K=24 d=2 T=30 M=24 budget=14000 solves
  seed 0: implicit=1.03e-03  fd=4.93e-03  cmaes=2.42e-03  kkt=7.93e-03  cioc=8.77e-04  random=1.44e-02
  seed 1: implicit=1.36e-03  fd=1.74e-03  cmaes=6.73e-04  kkt=1.08e-02  cioc=1.08e-03  random=7.14e-03
  seed 2: implicit=1.90e-04  fd=7.83e-04  cmaes=1.53e-03  kkt=5.36e-03  cioc=-3.44e-05  random=6.69e-03
wrote /home/sadmin/Work/pyroffi/ioc/data/bench2d/bench2d_seg_K24.json

    method   theta L1       regret     wall
  implicit      1.278    1.028e-03    80.6s
  unrolled      1.422    5.593e-04    76.4s
        fd      0.746    1.742e-03    79.7s
     cmaes      0.788    1.526e-03    77.1s
       kkt      1.402    7.932e-03     3.6s
      cioc      0.930    8.769e-04     9.2s
    random      0.794    7.137e-03     0.0s
[2026-08-20T19:17:00-04:00] K=24 wrote /home/sadmin/Work/pyroffi/ioc/data/bench2d/bench2d_seg_K24.json
[2026-08-20T19:17:00-04:00] === segments K=48 (S=16, n-contexts=48, budget=20000) ===
[segments] K=48 d=2 T=30 M=48 budget=20000 solves
  seed 0: implicit=7.15e-04  fd=1.22e-02  cmaes=5.07e-03  kkt=9.10e-03  cioc=-2.03e-04  random=2.86e-02
  seed 1: implicit=3.97e-03  fd=1.51e-02  cmaes=2.96e-03  kkt=1.80e-02  cioc=-3.78e-04  random=3.63e-02
  seed 2: implicit=3.38e-05  fd=1.21e-02  cmaes=1.15e-02  kkt=2.93e-03  cioc=2.17e-04  random=1.60e-02
wrote /home/sadmin/Work/pyroffi/ioc/data/bench2d/bench2d_seg_K48.json

    method   theta L1       regret     wall
  implicit      1.506    7.148e-04    71.4s
  unrolled      0.887    9.861e-04    68.4s
        fd      0.754    1.215e-02    68.3s
     cmaes      0.911    5.067e-03    67.8s
       kkt      1.483    9.096e-03     8.7s
      cioc      0.699   -2.028e-04    20.9s
    random      0.757    2.855e-02     0.0s
[2026-08-20T19:34:49-04:00] K=48 wrote /home/sadmin/Work/pyroffi/ioc/data/bench2d/bench2d_seg_K48.json
[2026-08-20T19:34:49-04:00] all four segments K values collected -- rebuilding fig1_scaling
[scaling]
  [fig1] censored (target never reached): K=6 fd 2/3 seeds, K=12 fd 2/3 seeds, K=24 fd 2/3 seeds, K=48 implicit 2/3 seeds, K=48 fd 0/3 seeds, K=48 cmaes 2/3 seeds
  wrote figures/fig1_scaling.pdf|png
[2026-08-20T19:34:52-04:00] run_segments_scale_v5.sh done, FAIL=0
