[2026-08-19T21:47:02-04:00] === segments K=6 (S=2, n-contexts=8, budget=800) ===
[segments] K=6 d=2 T=30 M=8 budget=800 solves
  seed 0: implicit=4.54e-05  fd=9.80e-04  cmaes=1.76e-04  kkt=1.18e-02  cioc=1.87e-04  random=1.46e-02
  seed 1: implicit=3.90e-05  fd=1.65e-02  cmaes=3.92e-04  kkt=4.44e-02  cioc=9.46e-04  random=1.22e-01
  seed 2: implicit=-2.86e-05  fd=5.14e-04  cmaes=6.73e-05  kkt=8.23e-02  cioc=-2.03e-03  random=2.35e-02
wrote /home/sadmin/Work/pyroffi/ioc/data/bench2d/bench2d_seg_K6.json

    method   theta L1       regret     wall
  implicit      0.651    3.896e-05    11.8s
  unrolled      0.662    5.037e-04    36.4s
        fd      0.588    9.804e-04    12.7s
     cmaes      0.554    1.755e-04    11.4s
       kkt      1.601    4.438e-02     1.4s
      cioc      0.381    1.870e-04     3.7s
    random      0.741    2.347e-02     0.0s
[2026-08-19T21:51:57-04:00] K=6 wrote /home/sadmin/Work/pyroffi/ioc/data/bench2d/bench2d_seg_K6.json
[2026-08-19T21:51:57-04:00] === segments K=12 (S=4, n-contexts=12, budget=800) ===
[segments] K=12 d=2 T=30 M=12 budget=800 solves
  seed 0: implicit=2.47e-05  fd=1.10e-03  cmaes=8.80e-04  kkt=9.05e-04  cioc=4.31e-04  random=3.28e-03
  seed 1: implicit=5.42e-04  fd=4.60e-02  cmaes=2.56e-03  kkt=2.83e-02  cioc=-4.21e-04  random=7.54e-02
  seed 2: implicit=1.63e-03  fd=1.25e-02  cmaes=7.79e-04  kkt=5.65e-03  cioc=1.75e-05  random=2.12e-02
wrote /home/sadmin/Work/pyroffi/ioc/data/bench2d/bench2d_seg_K12.json

    method   theta L1       regret     wall
  implicit      0.769    5.415e-04     7.9s
  unrolled      0.808    1.004e-03    25.8s
        fd      0.997    1.250e-02     9.0s
     cmaes      0.706    8.801e-04     7.7s
       kkt      1.169    5.653e-03     1.9s
      cioc      0.845    1.749e-05     5.0s
    random      1.005    2.119e-02     0.0s
[2026-08-19T21:55:58-04:00] K=12 wrote /home/sadmin/Work/pyroffi/ioc/data/bench2d/bench2d_seg_K12.json
[2026-08-19T21:55:58-04:00] === segments K=24 (S=8, n-contexts=24, budget=800) ===
[segments] K=24 d=2 T=30 M=24 budget=800 solves
  seed 0: implicit=4.25e-03  fd=1.44e-02  cmaes=1.57e-02  kkt=7.93e-03  cioc=8.77e-04  random=1.44e-02
  seed 1: implicit=1.44e-03  fd=7.14e-03  cmaes=2.77e-03  kkt=1.08e-02  cioc=1.08e-03  random=7.14e-03
  seed 2: implicit=4.60e-04  fd=6.69e-03  cmaes=4.85e-03  kkt=5.36e-03  cioc=-3.44e-05  random=6.69e-03
wrote /home/sadmin/Work/pyroffi/ioc/data/bench2d/bench2d_seg_K24.json

    method   theta L1       regret     wall
  implicit      0.644    1.439e-03     4.5s
  unrolled      0.763    1.363e-03    14.4s
        fd      0.794    7.137e-03     5.2s
     cmaes      0.820    4.848e-03     3.5s
       kkt      1.402    7.932e-03     3.3s
      cioc      0.930    8.769e-04     8.8s
    random      0.794    7.137e-03     0.0s
[2026-08-19T21:59:20-04:00] K=24 wrote /home/sadmin/Work/pyroffi/ioc/data/bench2d/bench2d_seg_K24.json
[2026-08-19T21:59:20-04:00] === segments K=48 (S=16, n-contexts=48, budget=800) ===
[segments] K=48 d=2 T=30 M=48 budget=800 solves
  seed 0: implicit=8.02e-03  fd=2.86e-02  cmaes=1.85e-02  kkt=9.10e-03  cioc=-2.03e-04  random=2.86e-02
  seed 1: implicit=7.57e-03  fd=3.63e-02  cmaes=2.75e-02  kkt=1.80e-02  cioc=-3.78e-04  random=3.63e-02
  seed 2: implicit=7.20e-03  fd=1.60e-02  cmaes=2.01e-02  kkt=2.93e-03  cioc=2.17e-04  random=1.60e-02
wrote /home/sadmin/Work/pyroffi/ioc/data/bench2d/bench2d_seg_K48.json

    method   theta L1       regret     wall
  implicit      0.778    7.572e-03     2.7s
  unrolled      0.899    7.232e-03     9.0s
        fd      0.757    2.855e-02     0.0s
     cmaes      0.762    2.008e-02     4.9s
       kkt      1.483    9.096e-03     8.7s
      cioc      0.699   -2.028e-04    21.4s
    random      0.757    2.855e-02     0.0s
[2026-08-19T22:03:45-04:00] K=48 wrote /home/sadmin/Work/pyroffi/ioc/data/bench2d/bench2d_seg_K48.json
[2026-08-19T22:03:45-04:00] all four segments K values collected -- rebuilding fig1_scaling
[scaling]
  [fig1] censored (target never reached): K=5 fd 2/3 seeds, K=5 cmaes 2/3 seeds, K=6 fd 1/3 seeds, K=9 implicit 2/3 seeds, K=9 fd 2/3 seeds, K=9 cmaes 2/3 seeds, K=12 fd 1/3 seeds, K=12 cmaes 1/3 seeds, K=17 fd 2/3 seeds, K=24 fd 0/3 seeds, K=24 cmaes 0/3 seeds, K=33 fd 2/3 seeds, K=48 implicit 1/3 seeds, K=48 fd 0/3 seeds, K=48 cmaes 0/3 seeds
  wrote figures/fig1_scaling.pdf|png
[2026-08-19T22:03:48-04:00] run_segments_scale_v3.sh done, FAIL=0
