2026-08-24 12:37:22.076 | INFO     | pyroffi.collision._robot_collision:_compute_active_pair_indices_from_srdf:792 - Loaded 36 disabled collision pairs from SRDF
2026-08-24 12:37:22.878 | INFO     | pyroffi.collision._robot_collision:from_urdf:701 - Created RobotCollision with 13 links and 42 active self-collision pairs, using spherical collision models.
whitened=True
per-demo, per-feature gradient norms (transport phase only):
  [clear] {'transport.smooth': 0.276275, 'transport.clearance': 0.076843, 'transport.line_dev': 0.33155}
  [smooth] {'transport.smooth': 0.000335, 'transport.clearance': 0.0, 'transport.line_dev': 0.000825}
  [shape] {'transport.smooth': 0.002594, 'transport.clearance': 1e-06, 'transport.line_dev': 0.004354}

combined Gram matrix (averaged over 3 demos):
[[ 0.0255 -0.0049 -0.0198]
 [-0.0049  0.002  -0.0009]
 [-0.0198 -0.0009  0.0366]]

eigenvalues (trace-normalized, ascending): [1.0856538e-04 5.7678056e-01 2.4231110e+00]

pairwise cosines PER DEMO (not averaged -- averaging could hide a
collinearity that only shows up strongly on one demo):
  [clear]
    transport.smooth vs transport.clearance  cos=-0.6897
    transport.smooth vs transport.line_dev   cos=-0.6489
    transport.clearance vs transport.line_dev cos=-0.1026
  [smooth]
    transport.smooth vs transport.clearance  cos=-0.2568
    transport.smooth vs transport.line_dev   cos=-0.6868
    transport.clearance vs transport.line_dev cos=0.0224
  [shape]
    transport.smooth vs transport.clearance  cos=-0.3070
    transport.smooth vs transport.line_dev   cos=-0.9458
    transport.clearance vs transport.line_dev cos=0.4659

============================================================
CANONICAL PROCEDURE (Study-0 theta_star -- honest null result, kept as its own data point)
============================================================
  [grad probe] alpha=0:      |grad|=1.756154e+07  (expect ~0, degenerate corner)
  [grad probe] alpha0=0.001  |grad|=7.965289e+00  ||theta_transport||=0.0014
  [grad probe] alpha0=0.050  |grad|=7.472955e-03  ||theta_transport||=0.0707
  [grad probe] alpha0=0.200  |grad|=5.213104e-03  ||theta_transport||=0.2828
  [grad probe] selected alpha0_scale=0.2 (||theta_transport||=0.2828, target~0.20)
selected rank k = 2  (eigenvalues: [1.0856538e-04 5.7678056e-01 2.4231110e+00])  alpha0_mode=grid
theta_transport_star = [0.10363097 0.28169817 0.06285536]
theta_transport_hat  = [ 0.13278803 -0.08701597  0.17591584]  (alpha_hat=[0.05507224 0.23047315])

param_err, no-fit baseline (alpha=0, i.e. theta=[0,0,0]): 0.3067
param_err, after fitting:                                0.3868
fit RMSE (reconstruction of the FIT-scene demo):         0.2441

held-out generalization RMSE (fitted vs no-fit baseline):
  [heldout_clear]  fitted=0.2351   no-fit=0.1896

============================================================
CANONICAL PROCEDURE (deliberate demonstration theta_star, alpha0_mode='grid')
theta_star_demo = [0.12080187 0.14659062 0.1217296 ]
============================================================
  [grad probe] alpha=0:      |grad|=1.652981e+07  (expect ~0, degenerate corner)
  [grad probe] alpha0=0.001  |grad|=7.225813e+00  ||theta_transport||=0.0014
  [grad probe] alpha0=0.050  |grad|=1.004053e-02  ||theta_transport||=0.0707
  [grad probe] alpha0=0.200  |grad|=3.715356e-03  ||theta_transport||=0.2828
  [grad probe] selected alpha0_scale=0.2 (||theta_transport||=0.2828, target~0.20)
selected rank k = 2  (eigenvalues: [1.0856538e-04 5.7678056e-01 2.4231110e+00])  alpha0_mode=grid
theta_transport_star = [0.12080187 0.14659062 0.1217296 ]
theta_transport_hat  = [ 0.11749469 -0.08325837  0.18408519]  (alpha_hat=[0.0710057 0.2226713])

param_err, no-fit baseline (alpha=0, i.e. theta=[0,0,0]): 0.2256
param_err, after fitting:                                0.2382
fit RMSE (reconstruction of the FIT-scene demo):         0.2397

held-out generalization RMSE (fitted vs no-fit baseline):
  [heldout_clear]  fitted=0.2245   no-fit=0.1791
fit_s=4.20s

============================================================
CANONICAL PROCEDURE (deliberate demonstration theta_star, alpha0_mode='kkt')
theta_star_demo = [0.12080187 0.14659062 0.1217296 ]
============================================================
  [grad probe] alpha=0:      |grad|=1.652981e+07  (expect ~0, degenerate corner)
  [grad probe] alpha0=0.001  |grad|=7.225813e+00  ||theta_transport||=0.0014
  [grad probe] alpha0=0.050  |grad|=1.004053e-02  ||theta_transport||=0.0707
  [grad probe] alpha0=0.200  |grad|=3.715356e-03  ||theta_transport||=0.2828
  [kkt seed] alpha0=[0.05753255 0.19154637]  theta_kkt_dir(simplex)=[0.31016165 0.37741953 0.3124188 ]
selected rank k = 2  (eigenvalues: [1.0856538e-04 5.7678056e-01 2.4231110e+00])  alpha0_mode=kkt
theta_transport_star = [0.12080187 0.14659062 0.1217296 ]
theta_transport_hat  = [ 0.08844911 -0.03791545  0.02620057]  (alpha_hat=[-0.03460092  0.09354182])

param_err, no-fit baseline (alpha=0, i.e. theta=[0,0,0]): 0.2256
param_err, after fitting:                                0.2103
fit RMSE (reconstruction of the FIT-scene demo):         0.2345

held-out generalization RMSE (fitted vs no-fit baseline):
  [heldout_clear]  fitted=0.2209   no-fit=0.1791
fit_s=4.47s
