
Path B (unknown cost, RKHS random features on transport)...
2026-08-26 20:24:31.403 | INFO     | pyroffi.collision._robot_collision:_compute_active_pair_indices_from_srdf:792 - Loaded 36 disabled collision pairs from SRDF
2026-08-26 20:24:32.191 | INFO     | pyroffi.collision._robot_collision:from_urdf:701 - Created RobotCollision with 13 links and 42 active self-collision pairs, using spherical collision models.
E0826 20:43:08.304542 4151597 slow_operation_alarm.cc:73] 
********************************
[Compiling module jit__lambda for GPU] Very slow compile? If you want to file a bug, run with envvar XLA_FLAGS=--xla_dump_to=/tmp/foo and attach the results.
********************************
E0826 20:43:11.838730 4151495 slow_operation_alarm.cc:140] The operation took 2m3.534285184s

********************************
[Compiling module jit__lambda for GPU] Very slow compile? If you want to file a bug, run with envvar XLA_FLAGS=--xla_dump_to=/tmp/foo and attach the results.
********************************
  [path B (RKHS)] compile 1718.1s
  [path B (RKHS)] gram+eig 84.5s; eigenvalues (desc) = [1.3775404e+01 8.4863901e-01 6.1694795e-01 3.8800299e-01 1.2551907e-01
 7.3837712e-02 6.0218461e-02 3.5958339e-02 3.2445740e-02 1.7581901e-02
 1.2071530e-02 6.3652098e-03 3.3841501e-03 2.6809799e-03 9.4320998e-04
 6.9999999e-08]
  [path B (RKHS)] r = 3 of K = 16 (>= 95% cumulative trace)
E0826 22:02:32.396628 4151597 slow_operation_alarm.cc:73] 
********************************
[Compiling module jit__lambda for GPU] Very slow compile? If you want to file a bug, run with envvar XLA_FLAGS=--xla_dump_to=/tmp/foo and attach the results.
********************************
E0826 22:02:35.348257 4151495 slow_operation_alarm.cc:140] The operation took 2m2.951725723s

********************************
[Compiling module jit__lambda for GPU] Very slow compile? If you want to file a bug, run with envvar XLA_FLAGS=--xla_dump_to=/tmp/foo and attach the results.
********************************

=== path B (RKHS): r = 3 of K = 16 identifiable directions ===
                        fit RMSE (A)  gen RMSE (B)
init (z=0)                    0.5535             -
wide fit (all K)              0.4287        0.4482
refit on U_r                  0.5488        0.4694

wall: wide 3.3s, gram 84.5s, refit 3.7s
