
SAME-DEMO pair: one named-cost demo, both hypothesis classes...
2026-08-28 11:32:59.514 | INFO     | pyroffi.collision._robot_collision:_compute_active_pair_indices_from_srdf:792 - Loaded 36 disabled collision pairs from SRDF
2026-08-28 11:33:00.313 | INFO     | pyroffi.collision._robot_collision:from_urdf:701 - Created RobotCollision with 13 links and 42 active self-collision pairs, using spherical collision models.
E0828 11:56:52.366006 1278143 slow_operation_alarm.cc:73] 
********************************
[Compiling module jit_paths for GPU] Very slow compile? If you want to file a bug, run with envvar XLA_FLAGS=--xla_dump_to=/tmp/foo and attach the results.
********************************
E0828 11:56:55.965607 1278042 slow_operation_alarm.cc:140] The operation took 2m3.599691465s

********************************
[Compiling module jit_paths for GPU] Very slow compile? If you want to file a bug, run with envvar XLA_FLAGS=--xla_dump_to=/tmp/foo and attach the results.
********************************
  [same-demo] 3 fit + 2 held-out scenes; ONE named-cost demo; A: K=9, B: K=262
  [path A (named)] inner stationarity ||grad_x C|| per phase:
    approach   worst=4.256e-05 over 5 scenes [1.8e-05 8.2e-06 7.2e-06 4.3e-05 3.9e-05]
    grasp      worst=9.314e-06 over 5 scenes [9.3e-06 9.3e-06 9.3e-06 9.3e-06 9.3e-06]
    transport  worst=2.600e-04 over 5 scenes [1.0e-04 2.1e-04 1.7e-04 2.6e-04 1.5e-04]
    place      worst=1.439e-05 over 5 scenes [1.4e-05 1.4e-05 1.4e-05 1.4e-05 1.4e-05]
  [path B (RKHS M=256, ls=10.0, geom/lin)] inner stationarity ||grad_x C|| per phase:
    approach   worst=2.592e-06 over 5 scenes [2.6e-06 1.7e-06 8.6e-07 1.2e-06 1.2e-06]
    grasp      worst=2.105e-06 over 5 scenes [4.0e-09 2.1e-07 2.8e-07 2.1e-06 5.2e-07]
    transport  worst=1.259e-03 over 5 scenes [1.9e-05 1.3e-03 9.3e-06 3.2e-05 2.8e-05]  <-- NOT CONVERGED
    place      worst=1.880e-06 over 5 scenes [2.5e-07 1.8e-06 1.9e-06 1.1e-07 1.6e-07]
  [path B (RKHS M=256, ls=10.0, geom/lin)] WARNING: worst stationarity 1.259e-03 > 1e-03; the sensitivity spectrum below is NOT trustworthy
  [path A (named)] compile 1585.5s
  [path A (named)] jac+svd 1648.0s; eigenvalues (desc) = [8.3255e+00 2.8474e-01 2.8474e-01 8.7775e-02 1.7280e-02 3.5453e-06 1.8579e-09 7.1653e-10 4.4888e-15]
  [path A (named)] r = 8 of K = 9 (>= 95% cumulative trace)
  eigendirection loadings (|component| >= 0.2, descending eigenvalue):
    lam= 8.3255e+00  +0.714*transport.upright  -0.700*transport.smooth
    lam= 2.8474e-01  -1.000*place.standoff
    lam= 2.8474e-01  -1.000*grasp.standoff
    lam= 8.7775e-02  -0.716*approach.clearance  +0.698*approach.smooth
    lam= 1.7280e-02  +0.606*transport.smooth  +0.588*transport.upright  -0.268*approach.smooth  -0.253*transport.clearance  -0.232*approach.clearance  -0.221*place.smooth  -0.221*grasp.smooth
    lam= 3.5453e-06  -0.546*approach.smooth  -0.539*approach.clearance  +0.404*transport.clearance  +0.352*place.smooth  +0.352*grasp.smooth
    lam= 1.8579e-09  -0.766*place.smooth  +0.631*grasp.smooth
    lam= 7.1653e-10  +0.784*transport.clearance  -0.535*grasp.smooth  -0.313*place.smooth
    lam= 4.4888e-15  -0.378*grasp.smooth  -0.378*place.smooth  -0.378*transport.upright  -0.378*transport.smooth  -0.378*approach.clearance  -0.378*approach.smooth  -0.378*transport.clearance
  [path A (named)] |<u_1, gauge>| = 0.0000; gauge lands at eigen-index 8 (lam=4.489e-15)

=== path A (named): r = 8 of K = 9 identifiable directions ===
                            fit RMSE      gen RMSE
init (u=0)                    0.0532             -
wide fit (all K)              0.0078        0.0101
refit on U_r                  0.0106        0.0088

                        ||dtheta||    ||dz||     top-r      null
wide                        0.3230    1.9783    1.9783    0.0001
refit                       0.1667    1.2948    1.2948    0.0000

fraction of (z_star - z_prior) inside span(U_r): 1.000   <- the generalization ceiling this demo supports

wall: wide 65.3s, gram 1648.0s, refit 66.3s
E0828 13:53:24.738619 1278143 slow_operation_alarm.cc:73] 
********************************
[Compiling module jit_loss_a for GPU] Very slow compile? If you want to file a bug, run with envvar XLA_FLAGS=--xla_dump_to=/tmp/foo and attach the results.
********************************
E0828 13:54:35.188000 1278042 slow_operation_alarm.cc:140] The operation took 3m10.449459405s

********************************
[Compiling module jit_loss_a for GPU] Very slow compile? If you want to file a bug, run with envvar XLA_FLAGS=--xla_dump_to=/tmp/foo and attach the results.
********************************
  [path B (RKHS M=256, ls=10.0, geom/lin)] compile 3545.7s
