2026-08-24 13:25:25.369 | INFO     | pyroffi.collision._robot_collision:_compute_active_pair_indices_from_srdf:792 - Loaded 36 disabled collision pairs from SRDF
2026-08-24 13:25:26.148 | INFO     | pyroffi.collision._robot_collision:from_urdf:701 - Created RobotCollision with 13 links and 42 active self-collision pairs, using spherical collision models.
whitened=True
per-demo, per-feature gradient norms (transport phase only):
  [clear] {'transport.smooth': 0.276275, 'transport.clearance': 0.076843, 'transport.line_dev': 0.33155}
  [smooth] {'transport.smooth': 0.000335, 'transport.clearance': 0.0, 'transport.line_dev': 0.000825}
  [shape] {'transport.smooth': 0.002594, 'transport.clearance': 1e-06, 'transport.line_dev': 0.004354}

combined Gram matrix (averaged over 3 demos):
[[ 0.0255 -0.0049 -0.0198]
 [-0.0049  0.002  -0.0009]
 [-0.0198 -0.0009  0.0366]]

eigenvalues (trace-normalized, ascending): [1.0856538e-04 5.7678056e-01 2.4231110e+00]

pairwise cosines PER DEMO (not averaged -- averaging could hide a
collinearity that only shows up strongly on one demo):
  [clear]
    transport.smooth vs transport.clearance  cos=-0.6897
    transport.smooth vs transport.line_dev   cos=-0.6489
    transport.clearance vs transport.line_dev cos=-0.1026
  [smooth]
    transport.smooth vs transport.clearance  cos=-0.2568
    transport.smooth vs transport.line_dev   cos=-0.6868
    transport.clearance vs transport.line_dev cos=0.0224
  [shape]
    transport.smooth vs transport.clearance  cos=-0.3070
    transport.smooth vs transport.line_dev   cos=-0.9458
    transport.clearance vs transport.line_dev cos=0.4659

============================================================
CANONICAL PROCEDURE (deliberate demonstration theta_star, alpha0_mode='kkt', n_steps=150)
theta_star_demo = [0.12080187 0.14659062 0.1217296 ]
============================================================
  [grad probe] alpha=0:      |grad|=1.652981e+07  (expect ~0, degenerate corner)
  [grad probe] alpha0=0.001  |grad|=7.225813e+00  ||theta_transport||=0.0014
  [grad probe] alpha0=0.050  |grad|=1.004053e-02  ||theta_transport||=0.0707
  [grad probe] alpha0=0.200  |grad|=3.715356e-03  ||theta_transport||=0.2828
  [kkt seed] alpha0=[0.05753255 0.19154637]  theta_kkt_dir(simplex)=[0.31016165 0.37741953 0.3124188 ]
  [adam trace] loss per step: [0.05901, 0.05924, 0.06008, 0.60761, 0.06259, 0.05504, 0.05925, 0.05729, 0.05736, 0.06056, 0.06278, 0.0593, 0.05839, 0.0611, 0.43245, 0.15968, 0.19706, 0.20246, 0.2052, 0.27063, 0.34875, 0.25724, 0.19303, 0.24649, 0.22557, 0.25249, 0.16028, 0.15444, 0.23497, 0.25986, 0.30996, 0.05804, 0.05928, 0.06281, 0.06155, 0.06186, 0.05858, 0.05615, 0.05616, 0.05778, 0.05982, 0.05923, 0.05923, 0.05924, 0.05927, 0.05933, 0.05934, 0.05935, 0.05925, 0.06033, 0.05922, 0.05927, 0.05923, 0.0593, 0.05931, 0.05954, 0.05938, 0.05939, 0.0596, 0.05943, 0.05928, 0.05934, 0.0593, 0.05922, 0.05877, 0.05735, 0.05729, 0.05729, 0.05529, 0.05845, 0.05729, 0.055, 0.055, 0.05504, 0.05495, 0.055, 0.05503, 0.05397, 0.055, 0.05506, 0.055, 0.055, 0.055, 0.055, 0.05503, 0.05502, 0.055, 0.05493, 0.05499, 0.05504, 0.05497, 0.05505, 0.05502, 0.05502, 0.05505, 0.05501, 0.05503, 0.055, 0.06108, 0.055, 0.11489, 0.05508, 0.055, 0.055, 0.05509, 0.06399, 0.055, 0.05502, 0.05598, 0.05794, 0.055, 0.05501, 0.055, 0.055, 0.05499, 0.05501, 0.055, 0.05509, 0.055, 0.05503, 0.055, 0.05504, 0.05501, 0.05515, 0.055, 0.05503, 0.055, 0.05503, 0.05521, 0.05503, 0.055, 0.05499, 0.05512, 0.055, 0.05541, 0.05501, 0.05501, 0.055, 0.05499, 0.055, 0.05604, 0.05503, 0.05501, 0.05499, 0.055, 0.05499, 0.05454, 0.05633, 0.05535, 0.05528]
selected rank k = 2  (eigenvalues: [1.0856538e-04 5.7678056e-01 2.4231110e+00])  alpha0_mode=kkt
theta_transport_star = [0.12080187 0.14659062 0.1217296 ]
theta_transport_hat  = [ 0.2676054  -0.12452202  0.12378308]  (alpha_hat=[-0.06980827  0.31235787])

param_err, no-fit baseline (alpha=0, i.e. theta=[0,0,0]): 0.2256
param_err, after fitting:                                0.3083
fit RMSE (reconstruction of the FIT-scene demo):         0.2345

held-out generalization RMSE (fitted vs no-fit baseline):
  [heldout_clear]  fitted=0.2239   no-fit=0.1791
fit_s=51.31s
