2026-08-24 21:49:51.940 | INFO     | pyroffi.collision._robot_collision:_compute_active_pair_indices_from_srdf:792 - Loaded 36 disabled collision pairs from SRDF
2026-08-24 21:49:52.766 | INFO     | pyroffi.collision._robot_collision:from_urdf:701 - Created RobotCollision with 13 links and 42 active self-collision pairs, using spherical collision models.
  [anchor] transport EE path closest-approach to obstacle surface: 0.0200m (CLEARANCE_MARGIN=0.05m, target ~0.020m)
Computing feature-gradient Gram matrix on the ANCHORED scene...
  [gram] solving at theta_star (eager, uncompiled -- expect ~1-2 min, not 20)...
  [gram] FD columns for theta_ik (2 extra eager solves)...
2026-08-24 21:52:58.128 | INFO     | pyroffi.collision._robot_collision:_compute_active_pair_indices_from_srdf:792 - Loaded 36 disabled collision pairs from SRDF
2026-08-24 21:52:58.134 | INFO     | pyroffi.collision._robot_collision:from_urdf:701 - Created RobotCollision with 13 links and 42 active self-collision pairs, using spherical collision models.
E0824 22:15:08.484111 3823833 slow_operation_alarm.cc:73] 
********************************
[Compiling module jit_loss for GPU] Very slow compile? If you want to file a bug, run with envvar XLA_FLAGS=--xla_dump_to=/tmp/foo and attach the results.
********************************
E0824 22:15:13.309907 3823714 slow_operation_alarm.cc:140] The operation took 2m4.825888626s

********************************
[Compiling module jit_loss for GPU] Very slow compile? If you want to file a bug, run with envvar XLA_FLAGS=--xla_dump_to=/tmp/foo and attach the results.
********************************
eigenvalues (trace-normalized, descending): [8.988313e+00 1.123900e-02 4.330000e-04 1.300000e-05 0.000000e+00
 0.000000e+00 0.000000e+00 0.000000e+00 0.000000e+00]
selected k=1 identifiable eigendirection(s) of 9 (95% cumulative-trace rule)
per-feature gradient norms (X-space):
  grasp.standoff           225.758255
  place.standoff           8.038457
  approach.smooth          0.271870
  approach.clearance       0.001013
  grasp.smooth             0.000231
  transport.smooth         0.643236
  transport.clearance      0.000232
  transport.upright        1.430705
  place.smooth             0.000217

Fitting ALL-free (theta_ik + all 4 phases), single anchored demo...
  [anchor] transport EE path closest-approach to obstacle surface: 0.0200m (CLEARANCE_MARGIN=0.05m, target ~0.020m)

raw free_param_err        = 0.2431
top-1 (identifiable) err = 0.0202
null (8-dim) err        = 0.2422
ee_rmse                    = 0.0240

(check: sqrt(top_err^2 + null_err^2) should ~= raw_err, since eigvecs are orthonormal: 0.2431)
