2026-08-24 15:49:39.932 | INFO     | pyroffi.collision._robot_collision:_compute_active_pair_indices_from_srdf:792 - Loaded 36 disabled collision pairs from SRDF
2026-08-24 15:49:40.751 | INFO     | pyroffi.collision._robot_collision:from_urdf:701 - Created RobotCollision with 13 links and 42 active self-collision pairs, using spherical collision models.
whitened=True
per-demo, per-feature gradient norms (transport phase only):
  [clear] {'transport.smooth': 0.276275, 'transport.clearance': 0.076843, 'transport.line_dev': 0.33155}
  [smooth] {'transport.smooth': 0.000335, 'transport.clearance': 0.0, 'transport.line_dev': 0.000825}
  [shape] {'transport.smooth': 0.002594, 'transport.clearance': 1e-06, 'transport.line_dev': 0.004354}

combined Gram matrix (averaged over 3 demos):
[[ 0.0255 -0.0049 -0.0198]
 [-0.0049  0.002  -0.0009]
 [-0.0198 -0.0009  0.0366]]

eigenvalues (trace-normalized, ascending): [1.0856538e-04 5.7678056e-01 2.4231110e+00]

pairwise cosines PER DEMO (not averaged -- averaging could hide a
collinearity that only shows up strongly on one demo):
  [clear]
    transport.smooth vs transport.clearance  cos=-0.6897
    transport.smooth vs transport.line_dev   cos=-0.6489
    transport.clearance vs transport.line_dev cos=-0.1026
  [smooth]
    transport.smooth vs transport.clearance  cos=-0.2568
    transport.smooth vs transport.line_dev   cos=-0.6868
    transport.clearance vs transport.line_dev cos=0.0224
  [shape]
    transport.smooth vs transport.clearance  cos=-0.3070
    transport.smooth vs transport.line_dev   cos=-0.9458
    transport.clearance vs transport.line_dev cos=0.4659

============================================================
CANONICAL PROCEDURE (deliberate demonstration theta_star, alpha0_mode='multistart', {'n_steps': 40, 'n_starts': 16})
theta_star_demo = [0.12080187 0.14659062 0.1217296 ]
============================================================
  [grad probe] alpha=0:      |grad|=7.864171e+07  (expect ~0, degenerate corner)
  [grad probe] alpha0=0.001  |grad|=8.608138e+02  ||theta_transport||=0.0014
  [grad probe] alpha0=0.050  |grad|=9.691418e+00  ||theta_transport||=0.0707
  [grad probe] alpha0=0.200  |grad|=4.016023e+00  ||theta_transport||=0.2828
  [multistart] alpha0=[0.2 0.2]  best_loss=0.49183  alpha_hat=[0.2 0.2]
  [multistart] alpha0=[0.05753255 0.19154637]  best_loss=0.45820  alpha_hat=[-0.2098957   0.23100273]
  [multistart] alpha0=[-0.07052884  0.09814457]  best_loss=0.45787  alpha_hat=[-0.12920591  0.12726158]
  [multistart] alpha0=[ 0.02954856 -0.11441313]  best_loss=138.74870  alpha_hat=[ 0.32398522 -0.4088498 ]
  [multistart] alpha0=[-0.21554247 -0.12494357]  best_loss=0.46041  alpha_hat=[-0.2578954   0.29108736]
  [multistart] alpha0=[0.2508561  0.09932395]  best_loss=122.19919  alpha_hat=[ 0.518233   -0.16805297]
  [multistart] alpha0=[ 0.12461374 -0.18360865]  best_loss=134.30190  alpha_hat=[ 1.1188549 -1.038544 ]
  [multistart] alpha0=[ 0.0148391  -0.29901963]  best_loss=140.34081  alpha_hat=[ 0.28801742 -0.57200307]
  [multistart] alpha0=[-0.12911874  0.11818811]  best_loss=0.44144  alpha_hat=[-0.22171488  0.38516366]
  [multistart] alpha0=[-0.10052206 -0.02144614]  best_loss=0.46231  alpha_hat=[-0.17285633  0.21549977]
  [multistart] alpha0=[0.1331788  0.04813671]  best_loss=0.46400  alpha_hat=[-0.09881711  0.28017488]
  [multistart] alpha0=[-0.08773601  0.07058459]  best_loss=0.46428  alpha_hat=[-0.03773601  0.12058459]
  [multistart] alpha0=[0.15116632 0.13219975]  best_loss=0.54852  alpha_hat=[0.15116632 0.13219975]
  [multistart] alpha0=[0.02312304 0.11092035]  best_loss=0.46832  alpha_hat=[0.02312304 0.11092035]
  [multistart] alpha0=[-0.10411993  0.00311754]  best_loss=0.46235  alpha_hat=[-0.10838712  0.11102813]
  [multistart] alpha0=[-0.21893094  0.14043665]  best_loss=0.45979  alpha_hat=[-0.17707086  0.16498207]
  [multistart] BEST start alpha0=[-0.12911874  0.11818811]  best_loss=0.44144
  [adam trace] loss per step: [0.46304, 14.84298, 9.5367, 9.50369, 14.93394, 9.47229, 9.46681, 108.32681, 9.39313, 9.37058, 6.78641, 0.46392, 0.46163, 0.46528, 0.46393, 0.4619, 0.46861, 0.46646, 0.47205, 0.46832, 0.46819, 0.46791, 0.46893, 0.46865, 0.47007, 0.46971, 0.47066, 0.47011, 0.45626, 0.47109, 0.46232, 0.45812, 0.47412, 0.44144, 0.46668, 0.46641, 0.46793, 0.46856, 0.45997, 0.46372]
E0824 16:13:51.458126 3641793 slow_operation_alarm.cc:73] 
********************************
[Compiling module jit_rollout for GPU] Very slow compile? If you want to file a bug, run with envvar XLA_FLAGS=--xla_dump_to=/tmp/foo and attach the results.
********************************
E0824 16:14:02.695427 3641627 slow_operation_alarm.cc:140] The operation took 2m11.23738393s

********************************
[Compiling module jit_rollout for GPU] Very slow compile? If you want to file a bug, run with envvar XLA_FLAGS=--xla_dump_to=/tmp/foo and attach the results.
********************************
selected rank k = 2  (eigenvalues: [1.0856538e-04 5.7678056e-01 2.4231110e+00])  alpha0_mode=multistart
theta_transport_star = [0.12080187 0.14659062 0.1217296 ]
theta_transport_hat  = [ 0.41227296 -0.15973432  0.04499419]  (alpha_hat=[-0.22171488  0.38516366])

param_err, no-fit baseline (alpha=0, i.e. theta=[0,0,0]): 0.2256
param_err, after fitting:                                0.4297
fit RMSE, JOINT SPACE (reconstruction of the FIT-scene demo):  0.6824

held-out generalization RMSE, JOINT SPACE (fitted vs no-fit baseline):
  [heldout_clear]  fitted=0.6913   no-fit=0.6158
fit_s=216.07s

============================================================
CANONICAL PROCEDURE (deliberate demonstration theta_star, alpha0_mode='cma', {'n_steps': 30})
theta_star_demo = [0.12080187 0.14659062 0.1217296 ]
============================================================
  [grad probe] alpha=0:      |grad|=7.864171e+07  (expect ~0, degenerate corner)
  [grad probe] alpha0=0.001  |grad|=8.608138e+02  ||theta_transport||=0.0014
  [grad probe] alpha0=0.050  |grad|=9.691418e+00  ||theta_transport||=0.0707
  [grad probe] alpha0=0.200  |grad|=4.016023e+00  ||theta_transport||=0.2828
  [cma-es] alpha_hat=[-0.55710435  0.65958065]  final_loss=0.45891
  [adam trace] loss per step: [0.47445, 0.46418, 0.46435, 0.45682, 0.46438, 0.46271, 0.4593, 0.46239, 0.45964, 0.46054, 0.46306, 0.46162, 0.45936, 0.46339, 0.46054, 0.45936, 0.46011, 0.45349, 0.46105, 0.46276, 0.4596, 0.45953, 0.44779, 0.45924, 0.46085, 0.46031, 0.45887, 0.45923, 0.45319, 0.45891]
selected rank k = 2  (eigenvalues: [1.0856538e-04 5.7678056e-01 2.4231110e+00])  alpha0_mode=cma
theta_transport_star = [0.12080187 0.14659062 0.1217296 ]
theta_transport_hat  = [ 0.8136518  -0.28163472 -0.06375375]  (alpha_hat=[-0.55710435  0.65958065])

param_err, no-fit baseline (alpha=0, i.e. theta=[0,0,0]): 0.2256
param_err, after fitting:                                0.8354
fit RMSE, JOINT SPACE (reconstruction of the FIT-scene demo):  0.6782

held-out generalization RMSE, JOINT SPACE (fitted vs no-fit baseline):
  [heldout_clear]  fitted=0.6853   no-fit=0.6158
fit_s=933.46s
