Path A (known cost library, K=9) on the UNANCHORED scene...
2026-08-26 22:48:23.657 | INFO     | pyroffi.collision._robot_collision:_compute_active_pair_indices_from_srdf:792 - Loaded 36 disabled collision pairs from SRDF
2026-08-26 22:48:24.450 | INFO     | pyroffi.collision._robot_collision:from_urdf:701 - Created RobotCollision with 13 links and 42 active self-collision pairs, using spherical collision models.
  [path A (parametric)] inner stationarity ||grad_x C|| per phase:
    approach   A=3.081e-04  B=6.958e-06
    grasp      A=9.264e-06  B=9.262e-06
    transport  A=1.297e-04  B=1.633e-04
    place      A=1.437e-05  B=1.428e-05
  [path A (parametric)] compile 610.4s
  [path A (parametric)] jac+svd 650.3s; eigenvalues (desc) = [8.3253e+00 2.4379e-01 2.4379e-01 1.8346e-01 3.5646e-03 6.4141e-05 6.2640e-10 1.0493e-11 5.4956e-15]
  [path A (parametric)] r = 2 of K = 9 (>= 95% cumulative trace)
  eigendirection loadings (|component| >= 0.2, descending eigenvalue):
    lam= 8.3253e+00  +0.709*transport.upright  -0.705*transport.smooth
    lam= 2.4379e-01  -1.000*grasp.standoff
    lam= 2.4379e-01  -1.000*place.standoff
    lam= 1.8346e-01  +0.712*approach.clearance  -0.702*approach.smooth
  [path A (parametric)] |<u_1, gauge>| = 0.0000; gauge lands at eigen-index 8 (lam=5.496e-15)

=== path A (parametric): r = 2 of K = 9 identifiable directions ===
                        fit RMSE (A)  gen RMSE (B)
init (u=0)                    0.0505             -
wide fit (all K)              0.0244        0.0250
refit on U_r                  0.0245        0.0221

                        ||dtheta||    ||dz||     top-r      null
wide                        0.2109    1.5320    0.5901    1.4138
refit                       0.2395    1.6972    0.1000    1.6943

fraction of (z_star - z_prior) inside span(U_r): 0.594   <- the generalization ceiling this demo supports

wall: wide 63.7s, gram 650.3s, refit 64.7s

Path B (unknown cost, RKHS random features on transport)...
2026-08-26 23:22:10.262 | INFO     | pyroffi.collision._robot_collision:_compute_active_pair_indices_from_srdf:792 - Loaded 36 disabled collision pairs from SRDF
2026-08-26 23:22:10.269 | INFO     | pyroffi.collision._robot_collision:from_urdf:701 - Created RobotCollision with 13 links and 42 active self-collision pairs, using spherical collision models.
  [path B (RKHS)] inner stationarity ||grad_x C|| per phase:
    approach   A=3.081e-04  B=6.958e-06
    grasp      A=9.264e-06  B=9.262e-06
    transport  A=1.483e-01  B=1.031e-03  <-- NOT CONVERGED
    place      A=1.437e-05  B=1.428e-05
  [path B (RKHS)] WARNING: worst stationarity 1.483e-01 > 1e-03; the sensitivity spectrum below is NOT trustworthy
  [path B (RKHS)] compile 554.7s
  [path B (RKHS)] jac+svd 144.2s; eigenvalues (desc) = [1.5852e+01 1.2199e-01 9.4623e-03 5.6226e-03 4.3070e-03 2.4398e-03 1.6938e-03 9.5428e-04 6.5904e-04
 3.7636e-04 2.5966e-04 1.1912e-04 6.5111e-05 3.6495e-05 1.4407e-05 8.0693e-15]
  [path B (RKHS)] r = 1 of K = 16 (>= 95% cumulative trace)
  eigendirection loadings (|component| >= 0.2, descending eigenvalue):
    lam= 1.5852e+01  +0.681*kernel[3]  +0.405*kernel[4]  -0.351*kernel[14]  +0.228*kernel[12]
    lam= 1.2199e-01  -0.856*kernel[12]  +0.256*kernel[11]  +0.235*kernel[8]  +0.205*kernel[3]
    lam= 9.4623e-03  -0.758*kernel[6]  -0.412*kernel[4]  +0.258*kernel[7]  +0.214*kernel[8]  -0.202*kernel[15]
  [path B (RKHS)] |<u_1, gauge>| = 0.0000; gauge lands at eigen-index 15 (lam=8.069e-15)

=== path B (RKHS): r = 1 of K = 16 identifiable directions ===
                        fit RMSE (A)  gen RMSE (B)
init (u=0)                    0.5493             -
wide fit (all K)              0.4521        0.4578
refit on U_r                  0.5254        0.4687

wall: wide 9.8s, gram 144.2s, refit 10.4s
