
SAME-DEMO pair: one named-cost demo, both hypothesis classes...
2026-08-28 09:43:09.014 | INFO     | pyroffi.collision._robot_collision:_compute_active_pair_indices_from_srdf:792 - Loaded 36 disabled collision pairs from SRDF
2026-08-28 09:43:09.823 | INFO     | pyroffi.collision._robot_collision:from_urdf:701 - Created RobotCollision with 13 links and 42 active self-collision pairs, using spherical collision models.
  [same-demo] ONE demo from the named cost; A: K=9, B: K=70
  [path A (named, shared demo)] inner stationarity ||grad_x C|| per phase:
    approach   A=3.081e-04  B=6.958e-06
    grasp      A=9.264e-06  B=9.262e-06
    transport  A=1.297e-04  B=1.633e-04
    place      A=1.437e-05  B=1.428e-05
  [path B (RKHS M=64, ls=3.0, base/sq, shared demo)] inner stationarity ||grad_x C|| per phase:
    approach   A=5.857e-06  B=2.340e-06
    grasp      A=2.877e-06  B=2.884e-06
    transport  A=1.387e-04  B=1.700e-04
    place      A=2.880e-06  B=2.911e-06
  [path A (named, shared demo)] compile 670.9s
  [path A (named, shared demo)] jac+svd 727.9s; eigenvalues (desc) = [8.2475e+00 2.7340e-01 2.7340e-01 2.0452e-01 9.6316e-04 2.6133e-04 1.9066e-09 2.2351e-11 6.7109e-15]
  [path A (named, shared demo)] r = 6 of K = 9 (>= 95% cumulative trace)
  eigendirection loadings (|component| >= 0.2, descending eigenvalue):
    lam= 8.2475e+00  +0.708*transport.smooth  -0.706*transport.upright
    lam= 2.7340e-01  -1.000*place.standoff
    lam= 2.7340e-01  -1.000*grasp.standoff
    lam= 2.0452e-01  +0.715*approach.clearance  -0.699*approach.smooth
    lam= 9.6316e-04  -0.597*transport.upright  -0.594*transport.smooth  +0.289*approach.smooth  +0.280*approach.clearance  +0.210*transport.clearance  +0.206*grasp.smooth  +0.206*place.smooth
    lam= 2.6133e-04  +0.534*approach.smooth  +0.517*approach.clearance  -0.388*transport.clearance  -0.382*place.smooth  -0.382*grasp.smooth
    lam= 1.9066e-09  +0.818*place.smooth  -0.408*grasp.smooth  -0.406*transport.clearance
    lam= 2.2351e-11  -0.708*grasp.smooth  +0.706*transport.clearance
  [path A (named, shared demo)] |<u_1, gauge>| = 0.0000; gauge lands at eigen-index 8 (lam=6.711e-15)

=== path A (named, shared demo): r = 6 of K = 9 identifiable directions ===
                        fit RMSE (A)  gen RMSE (B)
init (u=0)                    0.0505             -
wide fit (all K)              0.0065        0.0063
refit on U_r                  0.0069        0.0097

                        ||dtheta||    ||dz||     top-r      null
wide                        0.1810    1.4142    0.9239    1.0707
refit                       0.1911    1.3047    0.7323    1.0798

fraction of (z_star - z_prior) inside span(U_r): 0.859   <- the generalization ceiling this demo supports

wall: wide 63.0s, gram 727.9s, refit 64.0s
  [path B (RKHS M=64, ls=3.0, base/sq, shared demo)] compile 781.2s
  [path B (RKHS M=64, ls=3.0, base/sq, shared demo)] jac+svd 773.3s; eigenvalues (desc) = [3.6013e+01 1.6331e+01 8.6506e+00 2.5140e+00 1.4632e+00 1.2358e+00 6.1335e-01 4.4771e-01 4.4771e-01
 3.9796e-01 3.2428e-01 2.9538e-01 1.0091e-01 6.4889e-02 3.6422e-02 2.8464e-02 2.1658e-02 5.6477e-03
 3.9279e-03 2.4572e-03 5.2412e-04 4.3082e-04 2.3448e-04 6.7882e-05 3.9216e-05 2.4738e-05 5.9028e-06
 1.3740e-06 1.4503e-08 9.8177e-09 2.0163e-17 7.7004e-23 4.8864e-23 3.1786e-23 1.9425e-23 1.4926e-23
 1.1686e-23 9.1359e-24 5.7257e-24 4.6108e-24 3.4000e-24 2.4697e-24 1.1695e-24 1.0271e-24 6.1800e-25
 3.2829e-25 1.3908e-26 7.6996e-27 4.0880e-27 3.5076e-27 1.7270e-27 1.3734e-27 3.5749e-29 3.0632e-29
 5.4251e-30 4.0904e-30 1.7846e-31 1.7846e-31 1.7846e-31 1.7846e-31 1.7846e-31 1.7846e-31 1.7846e-31
 1.7846e-31 1.7846e-31 1.7846e-31 1.7846e-31 1.7846e-31 1.8154e-34]
  [path B (RKHS M=64, ls=3.0, base/sq, shared demo)] r = 30 of K = 70 (>= 95% cumulative trace)
  eigendirection loadings (|component| >= 0.2, descending eigenvalue):
    lam= 3.6013e+01  -0.418*kernel[22]  -0.367*kernel[9]  +0.340*kernel[53]  +0.308*kernel[4]  +0.258*kernel[62]  -0.222*kernel[44]  +0.215*kernel[56]
    lam= 1.6331e+01  -0.450*kernel[9]  -0.397*kernel[44]  -0.267*kernel[53]  +0.262*kernel[11]  +0.232*kernel[30]  +0.228*kernel[36]  +0.227*kernel[15]
    lam= 8.6506e+00  +0.475*kernel[22]  -0.429*kernel[36]  +0.404*kernel[62]  +0.376*kernel[11]  +0.214*kernel[53]
    lam= 2.5140e+00  +0.438*kernel[62]  +0.363*kernel[57]  +0.256*kernel[54]  +0.250*kernel[13]  -0.242*kernel[7]  -0.225*kernel[18]  +0.219*kernel[11]  -0.218*kernel[4]  +0.209*kernel[37]
    lam= 1.4632e+00  -0.343*kernel[12]  -0.340*kernel[13]  +0.324*kernel[56]  +0.310*kernel[44]  -0.270*kernel[55]  +0.248*kernel[30]  +0.240*kernel[37]  +0.240*kernel[2]  -0.231*kernel[9]
    lam= 1.2358e+00  +0.436*kernel[13]  -0.348*kernel[11]  +0.315*kernel[44]  -0.281*kernel[9]  +0.244*kernel[62]  -0.242*kernel[37]  +0.230*kernel[23]  +0.223*kernel[22]
    lam= 6.1335e-01  +0.397*kernel[18]  -0.345*kernel[48]  -0.289*kernel[39]  +0.239*kernel[37]  +0.219*kernel[62]  -0.219*kernel[13]  -0.218*kernel[9]  +0.206*kernel[55]
    lam= 4.4771e-01  +1.000*place.standoff
    lam= 4.4771e-01  +1.000*grasp.standoff
    lam= 3.9796e-01  -0.410*kernel[18]  +0.401*kernel[59]  +0.313*kernel[55]  -0.282*kernel[56]  -0.225*kernel[30]  +0.212*kernel[44]
    lam= 3.2428e-01  +0.709*approach.clearance  -0.705*approach.smooth
    lam= 2.9538e-01  +0.472*kernel[37]  -0.298*kernel[7]  -0.254*kernel[59]  +0.241*kernel[18]  -0.235*kernel[19]  +0.218*kernel[13]  +0.214*kernel[4]  -0.213*kernel[41]  -0.209*kernel[36]
    lam= 1.0091e-01  -0.415*kernel[40]  +0.351*kernel[59]  -0.315*kernel[8]  +0.276*kernel[18]  +0.264*kernel[1]  +0.244*kernel[2]  -0.203*kernel[44]
    lam= 6.4889e-02  +0.337*kernel[8]  +0.262*kernel[7]  +0.261*kernel[2]  -0.241*kernel[32]  +0.232*kernel[4]  -0.227*kernel[55]  -0.226*kernel[44]  +0.222*kernel[23]  +0.201*kernel[29]
    lam= 3.6422e-02  +0.384*kernel[40]  -0.364*kernel[6]  -0.316*kernel[30]  -0.266*kernel[4]  -0.249*kernel[62]  +0.240*kernel[41]  +0.217*kernel[54]  +0.216*kernel[12]
    lam= 2.8464e-02  +0.527*kernel[4]  +0.345*kernel[55]  +0.321*kernel[54]  +0.202*kernel[62]
    lam= 2.1658e-02  +0.361*kernel[19]  -0.346*kernel[44]  -0.284*kernel[15]  -0.271*kernel[30]  -0.240*kernel[20]  -0.224*kernel[59]  +0.211*kernel[8]  +0.211*kernel[22]
    lam= 5.6477e-03  -0.298*kernel[43]  -0.283*kernel[18]  +0.274*kernel[61]  -0.250*kernel[2]  -0.244*kernel[48]  +0.241*kernel[30]  -0.230*kernel[57]  -0.201*kernel[40]
    lam= 3.9279e-03  +0.396*kernel[6]  -0.395*kernel[19]  -0.319*kernel[48]  -0.209*kernel[36]
    lam= 2.4572e-03  -0.351*kernel[48]  -0.326*kernel[39]  +0.275*kernel[49]  -0.266*kernel[40]  +0.256*kernel[53]  +0.252*kernel[13]  +0.243*kernel[41]  -0.220*kernel[56]
    lam= 5.2412e-04  +0.367*kernel[22]  -0.324*kernel[2]  +0.319*kernel[37]  -0.258*kernel[15]  +0.221*kernel[7]  +0.212*kernel[20]  -0.200*kernel[46]
    lam= 4.3082e-04  +0.439*kernel[8]  +0.351*kernel[41]  -0.331*kernel[54]  -0.292*kernel[7]  +0.264*kernel[30]  -0.230*kernel[3]  +0.210*kernel[13]
    lam= 2.3448e-04  -0.359*kernel[60]  -0.332*kernel[30]  +0.315*kernel[39]  +0.295*kernel[18]  +0.227*kernel[11]  +0.224*kernel[8]  +0.215*kernel[41]
    lam= 6.7882e-05  -0.336*kernel[23]  -0.327*kernel[6]  +0.322*kernel[39]  +0.302*kernel[15]  +0.266*kernel[7]  +0.220*kernel[2]  -0.217*kernel[4]
    lam= 3.9216e-05  -0.485*kernel[12]  -0.256*kernel[8]  -0.244*kernel[53]  +0.233*kernel[40]  -0.226*kernel[56]  +0.202*kernel[27]  +0.201*kernel[32]
    lam= 2.4738e-05  +0.695*approach.smooth  +0.691*approach.clearance
    lam= 5.9028e-06  +0.307*kernel[55]  +0.303*kernel[23]  +0.271*kernel[56]  -0.250*kernel[3]  +0.228*kernel[9]  -0.220*kernel[11]  -0.210*kernel[4]  +0.207*kernel[38]
    lam= 1.3740e-06  -0.333*kernel[46]  +0.300*kernel[38]  -0.295*kernel[61]  -0.259*kernel[60]  +0.221*kernel[10]  +0.216*kernel[56]  +0.213*kernel[49]  +0.200*kernel[20]
    lam= 1.4503e-08  +0.991*place.smooth
    lam= 9.8177e-09  -0.991*grasp.smooth
    lam= 2.0163e-17  +0.228*kernel[11]
    lam= 7.7004e-23  +0.319*kernel[39]  +0.299*kernel[23]  -0.269*kernel[6]  -0.257*kernel[59]  -0.246*kernel[17]  -0.240*kernel[41]  -0.208*kernel[21]
  [path B (RKHS M=64, ls=3.0, base/sq, shared demo)] |<u_1, gauge>| = 0.0000; gauge lands at eigen-index 30 (lam=2.016e-17)

=== path B (RKHS M=64, ls=3.0, base/sq, shared demo): r = 30 of K = 70 identifiable directions ===
                        fit RMSE (A)  gen RMSE (B)
init (u=0)                    0.4571             -
wide fit (all K)              0.2439        0.3840
refit on U_r                  0.3511        0.2821

wall: wide 58.4s, gram 773.3s, refit 59.3s
