2026-08-28 07:32:59.603 | INFO     | pyroffi.collision._robot_collision:_compute_active_pair_indices_from_srdf:792 - Loaded 36 disabled collision pairs from SRDF
2026-08-28 07:33:00.539 | INFO     | pyroffi.collision._robot_collision:from_urdf:701 - Created RobotCollision with 13 links and 42 active self-collision pairs, using spherical collision models.
jax devices: [CudaDevice(id=0)]  T=24  theta*=[0.5 0.3 0.2]

=== identifiable_refit ===
  eigendirection loadings (|component| >= 0.2, descending eigenvalue):
    lam= 2.9247e+00  -0.722*effort  +0.692*collision
    lam= 7.5314e-02  -0.816*smooth  +0.434*collision  +0.382*effort
    lam= 1.1722e-31  -0.577*effort  -0.577*collision  -0.577*smooth
    k3: r=2/3 (trace rule would say 1)  gauge_index=2 (want 2)  e_demo wide=0.00016 refit=0.00010  e_global wide=1.913e-07 refit=5.655e-08
  eigendirection loadings (|component| >= 0.2, descending eigenvalue):
    lam= 5.2411e+00  -0.591*effort_j2  +0.553*effort_j1  +0.434*effort_j3  -0.395*effort_j0
    lam= 3.2103e+00  -0.695*effort_j3  +0.692*effort_j1
    lam= 3.6979e-01  +0.824*collision  -0.372*effort_j0  -0.304*effort_j3  -0.202*effort_j1
    lam= 1.0282e-01  +0.705*effort_j0  -0.667*effort_j2
    k9: r=8/9 (trace rule would say 3)  gauge_index=8 (want 8)  e_demo wide=0.00162 refit=0.00381  e_global wide=2.126e-03 refit=1.212e-03
  eigendirection loadings (|component| >= 0.2, descending eigenvalue):
    lam= 9.2066e+00  -0.662*effort_j2  +0.497*effort_j1  +0.445*effort_j3  -0.325*effort_j0
    lam= 5.4494e+00  +0.708*effort_j1  -0.701*effort_j3
    lam= 8.6850e-01  +0.882*collision  -0.237*effort_j3  -0.219*effort_j0  -0.217*effort_j1
    lam= 1.9505e-01  +0.495*posture  -0.494*effort_j2  +0.480*effort_j0  -0.393*smooth_j3
    k16: r=15/16 (trace rule would say 3)  gauge_index=15 (want 15)  e_demo wide=0.00599 refit=0.00441  e_global wide=2.793e-02 refit=3.066e-02
  done in 1960.6s

wrote /home/sadmin/Work/pyroffi/scratch/logs/multiseed/identifiable_refit__seed0.json
