2026-08-28 07:32:59.552 | INFO     | pyroffi.collision._robot_collision:_compute_active_pair_indices_from_srdf:792 - Loaded 36 disabled collision pairs from SRDF
2026-08-28 07:33:00.480 | INFO     | pyroffi.collision._robot_collision:from_urdf:701 - Created RobotCollision with 13 links and 42 active self-collision pairs, using spherical collision models.
jax devices: [CudaDevice(id=0)]  T=24  theta*=[0.5 0.3 0.2]

=== identifiable_refit ===
  eigendirection loadings (|component| >= 0.2, descending eigenvalue):
    lam= 2.8738e+00  -0.724*effort  +0.689*collision
    lam= 1.2617e-01  -0.816*smooth  +0.439*collision  +0.377*effort
    lam= 1.3274e-32  -0.577*collision  -0.577*effort  -0.577*smooth
    k3: r=2/3 (trace rule would say 1)  gauge_index=2 (want 2)  e_demo wide=0.00315 refit=0.00169  e_global wide=1.910e-05 refit=-8.398e-05
  eigendirection loadings (|component| >= 0.2, descending eigenvalue):
    lam= 4.7459e+00  +0.733*effort_j3  -0.545*effort_j2  -0.312*effort_j0  +0.236*effort_j1
    lam= 3.3772e+00  -0.838*effort_j1  +0.480*effort_j3  +0.222*effort_j2
    lam= 7.1043e-01  -0.842*collision  +0.350*effort_j2  +0.263*effort_j0  +0.234*effort_j1
    lam= 9.7331e-02  +0.636*effort_j0  -0.604*effort_j2  +0.392*effort_j5
    k9: r=8/9 (trace rule would say 3)  gauge_index=8 (want 8)  e_demo wide=0.06601 refit=0.06205  e_global wide=1.613e-04 refit=4.217e-04
  eigendirection loadings (|component| >= 0.2, descending eigenvalue):
    lam= 6.2509e+00  +0.792*effort_j3  -0.436*effort_j2  -0.335*collision  +0.210*effort_j1
    lam= 3.7171e+00  +0.771*posture  -0.373*collision  +0.297*effort_j1  -0.292*effort_j3  -0.255*effort_j2
    lam= 3.0943e+00  -0.783*effort_j1  +0.395*posture  +0.305*effort_j3  +0.282*effort_j2  -0.233*collision
    lam= 2.5627e+00  -0.675*effort_j2  +0.614*collision  -0.321*effort_j1
    k16: r=15/16 (trace rule would say 4)  gauge_index=15 (want 15)  e_demo wide=0.10223 refit=0.12588  e_global wide=1.870e-02 refit=1.801e-02
  done in 1964.2s

wrote /home/sadmin/Work/pyroffi/scratch/logs/multiseed/identifiable_refit__seed4.json
