2026-08-28 07:32:59.567 | INFO     | pyroffi.collision._robot_collision:_compute_active_pair_indices_from_srdf:792 - Loaded 36 disabled collision pairs from SRDF
2026-08-28 07:33:00.480 | INFO     | pyroffi.collision._robot_collision:from_urdf:701 - Created RobotCollision with 13 links and 42 active self-collision pairs, using spherical collision models.
jax devices: [CudaDevice(id=0)]  T=24  theta*=[0.5 0.3 0.2]

=== identifiable_refit ===
  eigendirection loadings (|component| >= 0.2, descending eigenvalue):
    lam= 2.9596e+00  -0.724*effort  +0.689*collision
    lam= 4.0444e-02  -0.816*smooth  +0.438*collision  +0.378*effort
    lam= 1.0454e-31  -0.577*smooth  -0.577*collision  -0.577*effort
    k3: r=2/3 (trace rule would say 1)  gauge_index=2 (want 2)  e_demo wide=0.00006 refit=0.00006  e_global wide=1.687e-08 refit=4.207e-08
  eigendirection loadings (|component| >= 0.2, descending eigenvalue):
    lam= 5.1201e+00  +0.667*effort_j3  -0.608*effort_j2  -0.349*effort_j0  +0.249*effort_j1
    lam= 3.2679e+00  -0.845*effort_j1  +0.495*effort_j3
    lam= 4.8306e-01  -0.852*collision  +0.314*effort_j3  +0.249*effort_j2  +0.242*effort_j0  +0.212*effort_j1
    lam= 6.6659e-02  +0.663*effort_j0  -0.585*effort_j2  +0.381*effort_j5
    k9: r=8/9 (trace rule would say 3)  gauge_index=8 (want 8)  e_demo wide=0.00066 refit=0.00141  e_global wide=1.770e-03 refit=1.069e-03
  eigendirection loadings (|component| >= 0.2, descending eigenvalue):
    lam= 9.1014e+00  -0.713*effort_j2  +0.596*effort_j3  +0.299*effort_j1  -0.214*effort_j0
    lam= 5.4970e+00  -0.811*effort_j1  +0.565*effort_j3
    lam= 1.0586e+00  -0.860*collision  +0.305*effort_j3  +0.270*effort_j2  +0.217*effort_j1
    lam= 1.1730e-01  -0.681*smooth_j3  +0.536*smooth_j2  +0.275*posture  -0.251*smooth_j1
    k16: r=15/16 (trace rule would say 3)  gauge_index=15 (want 15)  e_demo wide=0.00552 refit=0.00768  e_global wide=2.865e-02 refit=2.800e-02
  done in 1959.2s

wrote /home/sadmin/Work/pyroffi/scratch/logs/multiseed/identifiable_refit__seed1.json
