2026-08-28 07:32:59.559 | INFO     | pyroffi.collision._robot_collision:_compute_active_pair_indices_from_srdf:792 - Loaded 36 disabled collision pairs from SRDF
2026-08-28 07:33:00.480 | INFO     | pyroffi.collision._robot_collision:from_urdf:701 - Created RobotCollision with 13 links and 42 active self-collision pairs, using spherical collision models.
jax devices: [CudaDevice(id=0)]  T=24  theta*=[0.5 0.3 0.2]

=== identifiable_refit ===
  eigendirection loadings (|component| >= 0.2, descending eigenvalue):
    lam= 2.9405e+00  -0.725*effort  +0.687*collision
    lam= 5.9530e-02  -0.816*smooth  +0.441*collision  +0.375*effort
    lam= 2.6529e-32  -0.577*smooth  -0.577*collision  -0.577*effort
    k3: r=2/3 (trace rule would say 1)  gauge_index=2 (want 2)  e_demo wide=0.00007 refit=0.00010  e_global wide=1.951e-08 refit=6.472e-08
  eigendirection loadings (|component| >= 0.2, descending eigenvalue):
    lam= 5.2664e+00  +0.875*effort_j1  -0.387*effort_j3  -0.233*effort_j2
    lam= 2.6416e+00  -0.776*effort_j3  +0.562*effort_j2  +0.217*effort_j0
    lam= 8.9809e-01  +0.636*collision  +0.483*effort_j5  -0.437*effort_j2  -0.279*effort_j0  -0.254*effort_j3
    lam= 1.3963e-01  -0.745*effort_j5  +0.619*collision
    k9: r=8/9 (trace rule would say 3)  gauge_index=8 (want 8)  e_demo wide=0.00121 refit=0.00130  e_global wide=1.496e-03 refit=2.890e-03
  eigendirection loadings (|component| >= 0.2, descending eigenvalue):
    lam= 7.2068e+00  +0.838*effort_j1  -0.508*effort_j3
    lam= 4.7357e+00  -0.721*effort_j3  +0.517*effort_j2  -0.299*effort_j1  +0.236*collision  +0.236*effort_j5
    lam= 2.8052e+00  -0.622*effort_j2  +0.572*collision  +0.438*effort_j5
    lam= 6.4345e-01  -0.708*effort_j5  +0.488*collision  -0.379*posture  +0.238*smooth_j1  +0.206*smooth_j3
    k16: r=15/16 (trace rule would say 4)  gauge_index=15 (want 15)  e_demo wide=0.00937 refit=0.00375  e_global wide=2.857e-02 refit=2.150e-02
  done in 1950.5s

wrote /home/sadmin/Work/pyroffi/scratch/logs/multiseed/identifiable_refit__seed5.json
