2026-08-28 06:04:40.347 | INFO     | pyroffi.collision._robot_collision:_compute_active_pair_indices_from_srdf:792 - Loaded 36 disabled collision pairs from SRDF
2026-08-28 06:04:41.257 | INFO     | pyroffi.collision._robot_collision:from_urdf:701 - Created RobotCollision with 13 links and 42 active self-collision pairs, using spherical collision models.
jax devices: [CudaDevice(id=0)]  T=24  theta*=[0.5 0.3 0.2]

=== identifiable_refit ===
  eigendirection loadings (|component| >= 0.2, descending eigenvalue):
    lam= 2.9598e+00  -0.720*effort  +0.693*collision
    lam= 4.0190e-02  -0.816*smooth  +0.431*collision  +0.385*effort
    lam= 3.9166e-32  -0.577*effort  -0.577*smooth  -0.577*collision
    k3: r=2/3 (trace rule would say 1)  gauge_index=2 (want 2)  e_demo wide=0.00007 refit=0.00018  e_global wide=4.203e-09 refit=2.182e-07
  eigendirection loadings (|component| >= 0.2, descending eigenvalue):
    lam= 7.9148e+00  -0.614*effort_j2  +0.607*effort_j3  +0.387*effort_j1  -0.318*effort_j0
    lam= 9.1243e-01  +0.794*effort_j1  -0.593*effort_j3
    lam= 1.3657e-01  +0.878*collision  -0.360*effort_j0
    lam= 3.0386e-02  -0.697*effort_j0  +0.653*effort_j2  +0.221*effort_j3
    k9: r=8/9 (trace rule would say 2)  gauge_index=8 (want 8)  e_demo wide=0.00546 refit=0.00819  e_global wide=1.214e-03 refit=3.279e-03
  eigendirection loadings (|component| >= 0.2, descending eigenvalue):
    lam= 1.3483e+01  -0.720*effort_j2  +0.555*effort_j3  +0.378*effort_j1
    lam= 2.1374e+00  -0.802*effort_j1  +0.566*effort_j3
    lam= 2.6241e-01  -0.875*collision  +0.277*effort_j2  +0.261*effort_j3
    lam= 5.6326e-02  -0.577*effort_j0  +0.499*effort_j2  +0.370*effort_j3  -0.370*posture  -0.257*effort_j5  +0.207*effort_j1
    k16: r=15/16 (trace rule would say 2)  gauge_index=15 (want 15)  e_demo wide=0.00745 refit=0.00883  e_global wide=2.629e-02 refit=3.064e-02
  done in 1925.8s

wrote /home/sadmin/Work/pyroffi/scratch/logs/multiseed/identifiable_refit__seed3.json
