
=== stage bench2d_scale ===
  /home/sadmin/miniconda3/envs/pyroffi/bin/python -u -m ioc.bench2d.run --benchmark segments --k-segments 2 --n-contexts 8 --n-seeds 3 --n-timesteps 30 --n-iter 800 --budget 12000 --out /home/sadmin/Work/pyroffi/ioc/data/bench2d/bench2d_seg_K6.json
[segments] K=6 d=2 T=30 M=8 budget=12000 solves
  seed 0: implicit=5.72e-06  fd=1.25e-05  cmaes=5.20e-06  kkt=1.18e-02  cioc=1.87e-04  random=1.46e-02
  seed 1: implicit=2.78e-06  fd=2.65e-05  cmaes=1.88e-06  kkt=4.44e-02  cioc=9.46e-04  random=1.22e-01
  seed 2: implicit=1.76e-05  fd=5.54e-05  cmaes=3.59e-06  kkt=8.23e-02  cioc=-2.03e-03  random=2.35e-02
wrote /home/sadmin/Work/pyroffi/ioc/data/bench2d/bench2d_seg_K6.json

    method   theta L1       regret     wall
  implicit      0.265    5.718e-06   289.9s
  unrolled      0.810    1.601e-04   665.1s
        fd      0.611    2.648e-05    65.2s
     cmaes      0.290    3.585e-06    43.5s
       kkt      1.601    4.438e-02     2.3s
      cioc      0.381    1.870e-04     3.0s
    random      0.741    2.347e-02     0.0s
  /home/sadmin/miniconda3/envs/pyroffi/bin/python -u -m ioc.bench2d.run --benchmark segments --k-segments 4 --n-contexts 12 --n-seeds 3 --n-timesteps 30 --n-iter 800 --budget 24000 --out /home/sadmin/Work/pyroffi/ioc/data/bench2d/bench2d_seg_K12.json
[segments] K=12 d=2 T=30 M=12 budget=24000 solves
  seed 0: implicit=2.48e-06  fd=4.34e-06  cmaes=1.06e-05  kkt=9.05e-04  cioc=4.31e-04  random=3.28e-03
  seed 1: implicit=4.09e-06  fd=6.98e-05  cmaes=1.59e-05  kkt=2.83e-02  cioc=-4.21e-04  random=7.54e-02
  seed 2: implicit=2.74e-06  fd=1.20e-04  cmaes=5.73e-05  kkt=5.65e-03  cioc=1.75e-05  random=2.12e-02
wrote /home/sadmin/Work/pyroffi/ioc/data/bench2d/bench2d_seg_K12.json

    method   theta L1       regret     wall
  implicit      0.170    2.745e-06   417.0s
  unrolled      1.421    3.216e-03   874.9s
        fd      0.598    6.985e-05    68.5s
     cmaes      0.398    1.590e-05    59.8s
       kkt      1.169    5.653e-03     2.7s
      cioc      0.845    1.748e-05     4.0s
    random      1.005    2.119e-02     0.0s
  /home/sadmin/miniconda3/envs/pyroffi/bin/python -u -m ioc.bench2d.run --benchmark segments --k-segments 8 --n-contexts 24 --n-seeds 3 --n-timesteps 30 --n-iter 800 --budget 48000 --out /home/sadmin/Work/pyroffi/ioc/data/bench2d/bench2d_seg_K24.json
[segments] K=24 d=2 T=30 M=24 budget=48000 solves
  seed 0: implicit=5.89e-04  fd=9.41e-04  cmaes=9.09e-04  kkt=7.93e-03  cioc=8.77e-04  random=1.44e-02
  seed 1: implicit=1.38e-03  fd=1.35e-03  cmaes=2.86e-04  kkt=1.08e-02  cioc=1.08e-03  random=7.14e-03
  seed 2: implicit=1.85e-04  fd=2.48e-04  cmaes=1.65e-03  kkt=5.36e-03  cioc=-3.44e-05  random=6.69e-03
wrote /home/sadmin/Work/pyroffi/ioc/data/bench2d/bench2d_seg_K24.json

    method   theta L1       regret     wall
  implicit      0.592    5.888e-04   763.3s
  unrolled      1.498    2.976e-03   996.2s
        fd      0.602    9.409e-04    42.5s
     cmaes      0.906    9.094e-04    99.2s
       kkt      1.402    7.932e-03     4.1s
      cioc      0.930    8.769e-04     7.9s
    random      0.794    7.137e-03     0.0s
  /home/sadmin/miniconda3/envs/pyroffi/bin/python -u -m ioc.bench2d.run --benchmark segments --k-segments 16 --n-contexts 48 --n-seeds 3 --n-timesteps 30 --n-iter 800 --budget 96000 --out /home/sadmin/Work/pyroffi/ioc/data/bench2d/bench2d_seg_K48.json
[segments] K=48 d=2 T=30 M=48 budget=96000 solves
  seed 0: implicit=4.23e-04  fd=4.47e-03  cmaes=6.64e-03  kkt=9.10e-03  cioc=-2.03e-04  random=2.86e-02
  seed 1: implicit=4.14e-03  fd=5.53e-03  cmaes=1.47e-03  kkt=1.80e-02  cioc=-3.78e-04  random=3.63e-02
  seed 2: implicit=3.48e-05  fd=4.41e-03  cmaes=5.54e-03  kkt=2.93e-03  cioc=2.17e-04  random=1.60e-02
wrote /home/sadmin/Work/pyroffi/ioc/data/bench2d/bench2d_seg_K48.json

    method   theta L1       regret     wall
  implicit      1.703    4.231e-04   977.6s
  unrolled      1.395    2.976e-02  1253.8s
        fd      0.839    4.468e-03    71.5s
     cmaes      0.954    5.541e-03   157.1s
       kkt      1.483    9.096e-03    10.5s
      cioc      0.699   -2.028e-04    22.1s
    random      0.757    2.855e-02     0.0s

all requested stages complete
