
=== stage e1_noise ===
  /home/sadmin/miniconda3/envs/pyroffi/bin/python -u -m ioc.robot.e1_identifiability --n-timesteps 16 --n-newton 60 --n-contexts 5 --n-outer-steps 30 --n-seeds 5 --demo-noise 0.0 --n-restarts 7 --out /home/sadmin/Work/pyroffi/ioc/data/robot/e1_sigma00.json
2026-08-30 12:10:34.491 | INFO     | pyroffi.collision._robot_collision:_compute_active_pair_indices_from_srdf:792 - Loaded 36 disabled collision pairs from SRDF
2026-08-30 12:10:35.421 | INFO     | pyroffi.collision._robot_collision:from_urdf:701 - Created RobotCollision with 13 links and 42 active self-collision pairs, using spherical collision models.
jax devices: [CudaDevice(id=0)]  T=16
theta* = [0.5 0.3 0.2]  (effort, collision, smooth)
[M=5 seed=0]
  gradient check:
  implicit vs unrolled: cos=0.999643 |gi|=2.355e-04 |gu|=4.694e-05
  implicit vs fd(eps=0.01): cos=0.940133 rel_err=4.309e-01
  implicit vs fd(eps=0.001): cos=0.429570 rel_err=2.235e+00
  implicit vs fd(eps=0.0001): cos=-0.479790 rel_err=1.410e+01
  implicit vs fd(eps=1e-05): cos=-0.663345 rel_err=2.921e+01
    implicit  l1=0.022 cos=0.9998 regret=3.324e-07 ee_rmse=0.0002 solves=1050 22.4s
    unrolled  l1=0.038 cos=0.9993 regret=8.742e-07 ee_rmse=0.0003 solves=1050 5.9s
    fd        l1=0.475 cos=0.8851 regret=2.654e-04 ee_rmse=0.0053 solves=4200 65.0s
    cmaes     l1=0.034 cos=0.9994 regret=8.701e-07 ee_rmse=0.0005 solves=1715 37.5s
    kkt       l1=0.000 cos=1.0000 regret=-1.907e-11 ee_rmse=0.0000 solves=0 2.4s
    cioc      l1=0.001 cos=1.0000 regret=2.409e-09 ee_rmse=0.0000 solves=0 11.0s
    oracle    l1=0.000 cos=1.0000 regret=6.939e-19 ee_rmse=0.0000 solves=0 0.0s
    random    l1=0.485 cos=0.8769 regret=1.633e-04 ee_rmse=0.0061 solves=0 0.0s
    gram: {'scene_discard_rate': 0.55, 'gram_lambda_min': 1.2734932751559818e-09, 'gram_cond': 2315488835.9389596, 'inner_grad_norm_max': 4.426974264165608e-06, 'inner_grad_norm_med': 2.958433959917043e-06, 'gradients': {'cos_implicit_unrolled': 0.9996427214073389, 'fd_eps_0.01': {'cos': 0.9401328891375468, 'rel_err': 0.43089898457115944}, 'fd_eps_0.001': {'cos': 0.42957004523603826, 'rel_err': 2.235268197419673}, 'fd_eps_0.0001': {'cos': -0.4797898450370605, 'rel_err': 14.09964684620231}, 'fd_eps_1e-05': {'cos': -0.6633448992780183, 'rel_err': 29.21178154167376}}}
[M=5 seed=1]
  gradient check:
  implicit vs unrolled: cos=-0.102618 |gi|=9.924e-05 |gu|=3.101e-05
  implicit vs fd(eps=0.01): cos=0.941187 rel_err=3.824e-01
  implicit vs fd(eps=0.001): cos=0.993749 rel_err=1.132e-01
  implicit vs fd(eps=0.0001): cos=0.246730 rel_err=1.403e+01
  implicit vs fd(eps=1e-05): cos=-0.017015 rel_err=4.624e+01
    implicit  l1=0.038 cos=0.9993 regret=1.793e-07 ee_rmse=0.0002 solves=1050 19.8s
    unrolled  l1=0.040 cos=0.9992 regret=1.558e-07 ee_rmse=0.0003 solves=1050 5.9s
    fd        l1=0.098 cos=0.9959 regret=1.704e-06 ee_rmse=0.0004 solves=4200 64.6s
    cmaes     l1=0.041 cos=0.9992 regret=5.843e-07 ee_rmse=0.0002 solves=1715 29.1s
    kkt       l1=0.000 cos=1.0000 regret=-3.427e-10 ee_rmse=0.0000 solves=0 1.4s
    cioc      l1=0.001 cos=1.0000 regret=3.523e-09 ee_rmse=0.0000 solves=0 3.4s
    oracle    l1=0.000 cos=1.0000 regret=-5.551e-18 ee_rmse=0.0000 solves=0 0.0s
    random    l1=0.249 cos=0.9637 regret=1.443e-05 ee_rmse=0.0029 solves=0 0.0s
    gram: {'scene_discard_rate': 0.65, 'gram_lambda_min': 3.5208711970136367e-08, 'gram_cond': 83578069.83236802, 'inner_grad_norm_max': 1.305561129365829e-05, 'inner_grad_norm_med': 3.940326109339528e-06, 'gradients': {'cos_implicit_unrolled': -0.1026179153719749, 'fd_eps_0.01': {'cos': 0.9411870615870447, 'rel_err': 0.38244138485982215}, 'fd_eps_0.001': {'cos': 0.9937494183141345, 'rel_err': 0.11315062817579072}, 'fd_eps_0.0001': {'cos': 0.24672994069721074, 'rel_err': 14.03147776771343}, 'fd_eps_1e-05': {'cos': -0.01701480185114356, 'rel_err': 46.24109902090967}}}
[M=5 seed=2]
  gradient check:
  implicit vs unrolled: cos=0.997227 |gi|=4.382e-04 |gu|=2.368e-04
  implicit vs fd(eps=0.01): cos=0.968371 rel_err=3.142e-01
  implicit vs fd(eps=0.001): cos=0.759337 rel_err=6.567e-01
  implicit vs fd(eps=0.0001): cos=-0.605008 rel_err=2.078e+01
  implicit vs fd(eps=1e-05): cos=-0.796224 rel_err=1.312e+02
    implicit  l1=0.024 cos=0.9997 regret=2.403e-06 ee_rmse=0.0006 solves=1050 19.8s
    unrolled  l1=0.022 cos=0.9997 regret=4.270e-07 ee_rmse=0.0003 solves=1050 5.9s
    fd        l1=0.536 cos=0.8533 regret=9.389e-05 ee_rmse=0.0033 solves=4200 65.5s
    cmaes     l1=0.099 cos=0.9957 regret=1.609e-06 ee_rmse=0.0005 solves=1715 28.8s
    kkt       l1=0.000 cos=1.0000 regret=2.797e-11 ee_rmse=0.0000 solves=0 1.4s
    cioc      l1=0.000 cos=1.0000 regret=8.750e-11 ee_rmse=0.0000 solves=0 3.4s
    oracle    l1=0.000 cos=1.0000 regret=7.633e-18 ee_rmse=0.0000 solves=0 0.0s
    random    l1=0.477 cos=0.8813 regret=5.941e-04 ee_rmse=0.0124 solves=0 0.0s
    gram: {'scene_discard_rate': 0.7, 'gram_lambda_min': 2.8955313598302454e-08, 'gram_cond': 101676165.72389647, 'inner_grad_norm_max': 2.2363949356814715e-05, 'inner_grad_norm_med': 3.3347278291097798e-06, 'gradients': {'cos_implicit_unrolled': 0.9972266214366481, 'fd_eps_0.01': {'cos': 0.9683706509909444, 'rel_err': 0.314244210677032}, 'fd_eps_0.001': {'cos': 0.7593372313737715, 'rel_err': 0.6567267362144764}, 'fd_eps_0.0001': {'cos': -0.6050084186884992, 'rel_err': 20.77840805955176}, 'fd_eps_1e-05': {'cos': -0.7962240478339849, 'rel_err': 131.19047867032629}}}
[M=5 seed=3]
  gradient check:
  implicit vs unrolled: cos=0.999951 |gi|=9.455e-04 |gu|=1.444e-04
  implicit vs fd(eps=0.01): cos=0.969192 rel_err=2.921e-01
  implicit vs fd(eps=0.001): cos=-0.115609 rel_err=4.779e+00
  implicit vs fd(eps=0.0001): cos=0.383543 rel_err=2.043e+01
  implicit vs fd(eps=1e-05): cos=0.535621 rel_err=2.063e+02
    implicit  l1=0.007 cos=1.0000 regret=1.249e-07 ee_rmse=0.0002 solves=1050 19.8s
    unrolled  l1=0.242 cos=0.9697 regret=7.011e-05 ee_rmse=0.0021 solves=1050 5.9s
    fd        l1=0.541 cos=0.8563 regret=3.124e-04 ee_rmse=0.0043 solves=4200 64.8s
    cmaes     l1=0.058 cos=0.9981 regret=5.303e-06 ee_rmse=0.0006 solves=1715 29.0s
    kkt       l1=0.000 cos=1.0000 regret=-2.055e-10 ee_rmse=0.0000 solves=0 1.4s
    cioc      l1=0.001 cos=1.0000 regret=5.794e-09 ee_rmse=0.0000 solves=0 3.4s
    oracle    l1=0.000 cos=1.0000 regret=-1.041e-18 ee_rmse=0.0000 solves=0 0.0s
    random    l1=0.758 cos=0.7210 regret=2.333e-04 ee_rmse=0.0098 solves=0 0.0s
    gram: {'scene_discard_rate': 0.65, 'gram_lambda_min': 8.681670054983515e-09, 'gram_cond': 339709144.0415067, 'inner_grad_norm_max': 1.1945664650719702e-05, 'inner_grad_norm_med': 3.777695096262918e-06, 'gradients': {'cos_implicit_unrolled': 0.9999507739720892, 'fd_eps_0.01': {'cos': 0.9691923482666542, 'rel_err': 0.2920921878788043}, 'fd_eps_0.001': {'cos': -0.1156086322272256, 'rel_err': 4.779085191350931}, 'fd_eps_0.0001': {'cos': 0.38354254523702347, 'rel_err': 20.43325217628809}, 'fd_eps_1e-05': {'cos': 0.5356206439509066, 'rel_err': 206.34226170975194}}}
[M=5 seed=4]
  gradient check:
  implicit vs unrolled: cos=0.999735 |gi|=3.352e-04 |gu|=1.575e-04
  implicit vs fd(eps=0.01): cos=0.421855 rel_err=3.202e+00
  implicit vs fd(eps=0.001): cos=0.543581 rel_err=3.531e+01
  implicit vs fd(eps=0.0001): cos=-0.780511 rel_err=2.004e+02
  implicit vs fd(eps=1e-05): cos=0.498032 rel_err=2.018e+03
    implicit  l1=0.071 cos=0.9977 regret=5.264e-07 ee_rmse=0.0004 solves=1050 19.8s
    unrolled  l1=0.008 cos=1.0000 regret=8.089e-09 ee_rmse=0.0001 solves=1050 5.9s
    fd        l1=0.517 cos=0.8325 regret=1.421e-04 ee_rmse=0.0090 solves=4200 64.9s
    cmaes     l1=0.060 cos=0.9984 regret=5.571e-06 ee_rmse=0.0011 solves=1715 28.6s
    kkt       l1=0.000 cos=1.0000 regret=6.230e-11 ee_rmse=0.0000 solves=0 1.5s
    cioc      l1=0.000 cos=1.0000 regret=-1.155e-10 ee_rmse=0.0000 solves=0 3.4s
    oracle    l1=0.000 cos=1.0000 regret=-2.082e-18 ee_rmse=0.0000 solves=0 0.0s
    random    l1=0.517 cos=0.8325 regret=1.429e-04 ee_rmse=0.0090 solves=0 0.0s
    gram: {'scene_discard_rate': 0.5, 'gram_lambda_min': 1.7232498973552695e-08, 'gram_cond': 170808458.11604714, 'inner_grad_norm_max': 9.594662820953976e-06, 'inner_grad_norm_med': 2.7193992054134577e-06, 'gradients': {'cos_implicit_unrolled': 0.999735362840172, 'fd_eps_0.01': {'cos': 0.4218550129024735, 'rel_err': 3.2023360702879757}, 'fd_eps_0.001': {'cos': 0.5435811124189037, 'rel_err': 35.310241014255645}, 'fd_eps_0.0001': {'cos': -0.7805112161654855, 'rel_err': 200.35884905021632}, 'fd_eps_1e-05': {'cos': 0.4980323717430507, 'rel_err': 2017.7060131153282}}}

wrote /home/sadmin/Work/pyroffi/ioc/data/robot/e1_sigma00.json

=== median theta_l1 (IQR) over seeds ===
   M         implicit         unrolled               fd            cmaes              kkt             cioc           random
   5     0.024(0.016)     0.038(0.018)     0.517(0.060)     0.058(0.018)     0.000(0.000)     0.001(0.001)     0.485(0.040)
  /home/sadmin/miniconda3/envs/pyroffi/bin/python -u -m ioc.robot.e1_identifiability --n-timesteps 16 --n-newton 60 --n-contexts 5 --n-outer-steps 30 --n-seeds 5 --demo-noise 0.01 --n-restarts 7 --out /home/sadmin/Work/pyroffi/ioc/data/robot/e1_sigma001.json
2026-08-30 12:30:39.218 | INFO     | pyroffi.collision._robot_collision:_compute_active_pair_indices_from_srdf:792 - Loaded 36 disabled collision pairs from SRDF
2026-08-30 12:30:40.146 | INFO     | pyroffi.collision._robot_collision:from_urdf:701 - Created RobotCollision with 13 links and 42 active self-collision pairs, using spherical collision models.
jax devices: [CudaDevice(id=0)]  T=16
theta* = [0.5 0.3 0.2]  (effort, collision, smooth)
[M=5 seed=0]
  gradient check:
  implicit vs unrolled: cos=0.674211 |gi|=2.989e-03 |gu|=1.731e-03
  implicit vs fd(eps=0.01): cos=0.987674 rel_err=1.644e-01
  implicit vs fd(eps=0.001): cos=0.710884 rel_err=9.125e-01
  implicit vs fd(eps=0.0001): cos=-0.397643 rel_err=1.095e+01
  implicit vs fd(eps=1e-05): cos=0.592690 rel_err=5.273e+01
    implicit  l1=0.067 cos=0.9973 regret=3.405e-05 ee_rmse=0.0095 solves=1050 19.8s
    unrolled  l1=0.359 cos=0.9327 regret=9.130e-05 ee_rmse=0.0104 solves=1050 5.9s
    fd        l1=0.396 cos=0.9090 regret=1.091e-03 ee_rmse=0.0173 solves=4200 65.3s
    cmaes     l1=0.103 cos=0.9946 regret=4.120e-05 ee_rmse=0.0095 solves=1715 38.1s
    kkt       l1=0.396 cos=0.9464 regret=1.328e-04 ee_rmse=0.0099 solves=0 2.9s
    cioc      l1=0.391 cos=0.9474 regret=5.228e-05 ee_rmse=0.0101 solves=0 11.6s
    oracle    l1=0.000 cos=1.0000 regret=-6.939e-19 ee_rmse=0.0095 solves=0 0.0s
    random    l1=0.586 cos=0.8082 regret=1.390e-03 ee_rmse=0.0293 solves=0 0.0s
    gram: {'scene_discard_rate': 0.55, 'gram_lambda_min': 0.04274137083718603, 'gram_cond': 54.49452530762201, 'inner_grad_norm_max': 4.426974264165608e-06, 'inner_grad_norm_med': 2.958433959917043e-06, 'gradients': {'cos_implicit_unrolled': 0.674211418712904, 'fd_eps_0.01': {'cos': 0.9876744499629805, 'rel_err': 0.16442375709263585}, 'fd_eps_0.001': {'cos': 0.7108836178088246, 'rel_err': 0.9125316685088288}, 'fd_eps_0.0001': {'cos': -0.39764293645397636, 'rel_err': 10.953821326628866}, 'fd_eps_1e-05': {'cos': 0.5926901495780892, 'rel_err': 52.72877206469925}}}
[M=5 seed=1]
  gradient check:
  implicit vs unrolled: cos=0.999630 |gi|=5.180e-04 |gu|=3.756e-04
  implicit vs fd(eps=0.01): cos=0.979772 rel_err=2.026e-01
  implicit vs fd(eps=0.001): cos=0.802230 rel_err=2.068e+00
  implicit vs fd(eps=0.0001): cos=0.501305 rel_err=8.658e-01
  implicit vs fd(eps=1e-05): cos=0.258548 rel_err=9.844e+00
    implicit  l1=0.050 cos=0.9989 regret=2.307e-07 ee_rmse=0.0091 solves=1050 19.8s
    unrolled  l1=0.040 cos=0.9992 regret=1.673e-07 ee_rmse=0.0091 solves=1050 5.9s
    fd        l1=0.402 cos=0.9185 regret=6.410e-05 ee_rmse=0.0094 solves=4200 65.2s
    cmaes     l1=0.056 cos=0.9986 regret=3.423e-06 ee_rmse=0.0091 solves=1715 28.6s
    kkt       l1=0.394 cos=0.9320 regret=1.225e-04 ee_rmse=0.0102 solves=0 1.6s
    cioc      l1=0.395 cos=0.9456 regret=1.313e-05 ee_rmse=0.0093 solves=0 3.5s
    oracle    l1=0.000 cos=1.0000 regret=-5.551e-18 ee_rmse=0.0091 solves=0 0.0s
    random    l1=0.328 cos=0.9537 regret=8.486e-04 ee_rmse=0.0152 solves=0 0.0s
    gram: {'scene_discard_rate': 0.65, 'gram_lambda_min': 0.04319627115895011, 'gram_cond': 46.79930454105607, 'inner_grad_norm_max': 1.305561129365829e-05, 'inner_grad_norm_med': 3.940326109339528e-06, 'gradients': {'cos_implicit_unrolled': 0.9996301646562858, 'fd_eps_0.01': {'cos': 0.9797719154136286, 'rel_err': 0.20258430094337346}, 'fd_eps_0.001': {'cos': 0.8022298703806212, 'rel_err': 2.068138994565985}, 'fd_eps_0.0001': {'cos': 0.5013050963796523, 'rel_err': 0.8658446533978443}, 'fd_eps_1e-05': {'cos': 0.2585482482400175, 'rel_err': 9.844090551394741}}}
[M=5 seed=2]
  gradient check:
  implicit vs unrolled: cos=0.999757 |gi|=4.613e-04 |gu|=4.519e-04
  implicit vs fd(eps=0.01): cos=0.998778 rel_err=5.600e-02
  implicit vs fd(eps=0.001): cos=0.966169 rel_err=3.749e-01
  implicit vs fd(eps=0.0001): cos=0.921051 rel_err=7.915e-01
  implicit vs fd(eps=1e-05): cos=0.264703 rel_err=4.168e+00
    implicit  l1=0.183 cos=0.9863 regret=1.374e-05 ee_rmse=0.0089 solves=1050 19.8s
    unrolled  l1=0.225 cos=0.9740 regret=1.207e-05 ee_rmse=0.0089 solves=1050 5.9s
    fd        l1=0.636 cos=0.8052 regret=3.073e-04 ee_rmse=0.0099 solves=4200 65.5s
    cmaes     l1=0.052 cos=0.9986 regret=3.859e-06 ee_rmse=0.0089 solves=1715 28.7s
    kkt       l1=0.395 cos=0.9351 regret=1.763e-04 ee_rmse=0.0096 solves=0 1.4s
    cioc      l1=0.396 cos=0.9458 regret=2.032e-05 ee_rmse=0.0091 solves=0 3.4s
    oracle    l1=0.000 cos=1.0000 regret=7.633e-18 ee_rmse=0.0089 solves=0 0.0s
    random    l1=0.403 cos=0.9038 regret=1.549e-03 ee_rmse=0.0150 solves=0 0.0s
    gram: {'scene_discard_rate': 0.7, 'gram_lambda_min': 0.039639475325036894, 'gram_cond': 51.87694637563416, 'inner_grad_norm_max': 2.2363949356814715e-05, 'inner_grad_norm_med': 3.3347278291097798e-06, 'gradients': {'cos_implicit_unrolled': 0.9997569185587855, 'fd_eps_0.01': {'cos': 0.9987784560303923, 'rel_err': 0.055995564925375926}, 'fd_eps_0.001': {'cos': 0.9661691188183269, 'rel_err': 0.3749215258518653}, 'fd_eps_0.0001': {'cos': 0.9210506850230342, 'rel_err': 0.791513539469036}, 'fd_eps_1e-05': {'cos': 0.2647027654026294, 'rel_err': 4.168315482027999}}}
[M=5 seed=3]
  gradient check:
  implicit vs unrolled: cos=0.192565 |gi|=5.306e-04 |gu|=1.005e-04
  implicit vs fd(eps=0.01): cos=0.992411 rel_err=1.249e-01
  implicit vs fd(eps=0.001): cos=0.850556 rel_err=1.479e+00
  implicit vs fd(eps=0.0001): cos=0.062106 rel_err=2.036e+01
  implicit vs fd(eps=1e-05): cos=-0.809448 rel_err=1.106e+02
    implicit  l1=0.121 cos=0.9937 regret=2.292e-06 ee_rmse=0.0093 solves=1050 19.8s
    unrolled  l1=0.065 cos=0.9980 regret=1.264e-05 ee_rmse=0.0093 solves=1050 5.9s
    fd        l1=0.239 cos=0.9676 regret=1.335e-04 ee_rmse=0.0112 solves=4200 64.9s
    cmaes     l1=0.289 cos=0.9688 regret=1.285e-05 ee_rmse=0.0093 solves=1715 29.0s
    kkt       l1=0.395 cos=0.9441 regret=6.436e-05 ee_rmse=0.0095 solves=0 1.4s
    cioc      l1=0.395 cos=0.9423 regret=2.881e-05 ee_rmse=0.0095 solves=0 3.3s
    oracle    l1=0.000 cos=1.0000 regret=4.857e-18 ee_rmse=0.0093 solves=0 0.0s
    random    l1=0.523 cos=0.8346 regret=6.107e-04 ee_rmse=0.0173 solves=0 0.0s
    gram: {'scene_discard_rate': 0.65, 'gram_lambda_min': 0.03187480121787087, 'gram_cond': 64.92093442436763, 'inner_grad_norm_max': 1.1945664650719702e-05, 'inner_grad_norm_med': 3.777695096262918e-06, 'gradients': {'cos_implicit_unrolled': 0.19256528649030938, 'fd_eps_0.01': {'cos': 0.9924110077777595, 'rel_err': 0.12492625825502636}, 'fd_eps_0.001': {'cos': 0.8505560866427659, 'rel_err': 1.4785039402823223}, 'fd_eps_0.0001': {'cos': 0.062105816444946234, 'rel_err': 20.360700460215714}, 'fd_eps_1e-05': {'cos': -0.809447880564305, 'rel_err': 110.64934353691696}}}
[M=5 seed=4]
  gradient check:
  implicit vs unrolled: cos=0.999253 |gi|=2.607e-04 |gu|=1.276e-04
  implicit vs fd(eps=0.01): cos=0.951723 rel_err=4.595e-01
  implicit vs fd(eps=0.001): cos=0.644890 rel_err=9.462e-01
  implicit vs fd(eps=0.0001): cos=0.075161 rel_err=9.900e+00
  implicit vs fd(eps=1e-05): cos=-0.283936 rel_err=2.112e+02
    implicit  l1=0.157 cos=0.9879 regret=8.100e-06 ee_rmse=0.0093 solves=1050 19.8s
    unrolled  l1=0.107 cos=0.9942 regret=5.837e-06 ee_rmse=0.0093 solves=1050 5.9s
    fd        l1=0.285 cos=0.9502 regret=2.844e-05 ee_rmse=0.0106 solves=4200 64.9s
    cmaes     l1=0.094 cos=0.9960 regret=7.402e-06 ee_rmse=0.0093 solves=1715 28.6s
    kkt       l1=0.404 cos=0.9175 regret=2.150e-04 ee_rmse=0.0112 solves=0 1.4s
    cioc      l1=0.396 cos=0.9462 regret=1.309e-05 ee_rmse=0.0094 solves=0 3.3s
    oracle    l1=0.000 cos=1.0000 regret=-2.082e-18 ee_rmse=0.0094 solves=0 0.0s
    random    l1=0.349 cos=0.9320 regret=1.316e-04 ee_rmse=0.0125 solves=0 0.0s
    gram: {'scene_discard_rate': 0.5, 'gram_lambda_min': 0.044485765368099686, 'gram_cond': 47.385866399630764, 'inner_grad_norm_max': 9.594662820953976e-06, 'inner_grad_norm_med': 2.7193992054134577e-06, 'gradients': {'cos_implicit_unrolled': 0.9992527162533378, 'fd_eps_0.01': {'cos': 0.9517234245067877, 'rel_err': 0.45945566854627784}, 'fd_eps_0.001': {'cos': 0.6448896725117443, 'rel_err': 0.9461611639884221}, 'fd_eps_0.0001': {'cos': 0.07516114338096438, 'rel_err': 9.90012973502148}, 'fd_eps_1e-05': {'cos': -0.28393619692496597, 'rel_err': 211.23781183390096}}}

wrote /home/sadmin/Work/pyroffi/ioc/data/robot/e1_sigma001.json

=== median theta_l1 (IQR) over seeds ===
   M         implicit         unrolled               fd            cmaes              kkt             cioc           random
   5     0.121(0.090)     0.107(0.160)     0.396(0.117)     0.094(0.047)     0.395(0.001)     0.395(0.001)     0.403(0.174)
  /home/sadmin/miniconda3/envs/pyroffi/bin/python -u -m ioc.robot.e1_identifiability --n-timesteps 16 --n-newton 60 --n-contexts 5 --n-outer-steps 30 --n-seeds 5 --demo-noise 0.02 --n-restarts 7 --out /home/sadmin/Work/pyroffi/ioc/data/robot/e1_sigma002.json
2026-08-30 12:50:45.034 | INFO     | pyroffi.collision._robot_collision:_compute_active_pair_indices_from_srdf:792 - Loaded 36 disabled collision pairs from SRDF
2026-08-30 12:50:45.956 | INFO     | pyroffi.collision._robot_collision:from_urdf:701 - Created RobotCollision with 13 links and 42 active self-collision pairs, using spherical collision models.
jax devices: [CudaDevice(id=0)]  T=16
theta* = [0.5 0.3 0.2]  (effort, collision, smooth)
[M=5 seed=0]
  gradient check:
  implicit vs unrolled: cos=0.655566 |gi|=2.868e-03 |gu|=1.780e-03
  implicit vs fd(eps=0.01): cos=0.986068 rel_err=1.745e-01
  implicit vs fd(eps=0.001): cos=0.702126 rel_err=1.008e+00
  implicit vs fd(eps=0.0001): cos=-0.391270 rel_err=1.141e+01
  implicit vs fd(eps=1e-05): cos=0.630517 rel_err=5.840e+01
    implicit  l1=0.081 cos=0.9966 regret=5.464e-05 ee_rmse=0.0190 solves=1050 19.8s
    unrolled  l1=0.356 cos=0.9320 regret=6.730e-05 ee_rmse=0.0195 solves=1050 5.9s
    fd        l1=0.586 cos=0.8082 regret=1.390e-03 ee_rmse=0.0331 solves=4200 65.5s
    cmaes     l1=0.042 cos=0.9989 regret=1.346e-05 ee_rmse=0.0190 solves=1715 37.4s
    kkt       l1=0.420 cos=0.9136 regret=8.156e-04 ee_rmse=0.0203 solves=0 2.4s
    cioc      l1=0.395 cos=0.9466 regret=5.692e-05 ee_rmse=0.0194 solves=0 10.6s
    oracle    l1=0.000 cos=1.0000 regret=4.857e-18 ee_rmse=0.0191 solves=0 0.0s
    random    l1=0.586 cos=0.8082 regret=1.390e-03 ee_rmse=0.0331 solves=0 0.0s
    gram: {'scene_discard_rate': 0.55, 'gram_lambda_min': 0.0459010520537369, 'gram_cond': 46.96613778002522, 'inner_grad_norm_max': 4.426974264165608e-06, 'inner_grad_norm_med': 2.958433959917043e-06, 'gradients': {'cos_implicit_unrolled': 0.655566073867718, 'fd_eps_0.01': {'cos': 0.9860684740127931, 'rel_err': 0.17446819651228204}, 'fd_eps_0.001': {'cos': 0.7021261421235913, 'rel_err': 1.0080113661053491}, 'fd_eps_0.0001': {'cos': -0.3912701961460539, 'rel_err': 11.413628365872519}, 'fd_eps_1e-05': {'cos': 0.6305168194940346, 'rel_err': 58.40071319675675}}}
[M=5 seed=1]
  gradient check:
  implicit vs unrolled: cos=0.999672 |gi|=5.047e-04 |gu|=3.583e-04
  implicit vs fd(eps=0.01): cos=0.978797 rel_err=2.071e-01
  implicit vs fd(eps=0.001): cos=0.804798 rel_err=2.076e+00
  implicit vs fd(eps=0.0001): cos=0.702778 rel_err=8.256e-01
  implicit vs fd(eps=1e-05): cos=0.344871 rel_err=8.207e+00
    implicit  l1=0.069 cos=0.9976 regret=1.245e-06 ee_rmse=0.0181 solves=1050 19.8s
    unrolled  l1=0.261 cos=0.9656 regret=1.245e-05 ee_rmse=0.0182 solves=1050 5.9s
    fd        l1=0.312 cos=0.9507 regret=3.345e-05 ee_rmse=0.0182 solves=4200 65.2s
    cmaes     l1=0.111 cos=0.9942 regret=1.839e-06 ee_rmse=0.0181 solves=1715 28.2s
    kkt       l1=0.638 cos=0.8391 regret=5.183e-04 ee_rmse=0.0215 solves=0 1.4s
    cioc      l1=0.396 cos=0.9437 regret=1.962e-05 ee_rmse=0.0183 solves=0 3.3s
    oracle    l1=0.000 cos=1.0000 regret=-1.041e-18 ee_rmse=0.0181 solves=0 0.0s
    random    l1=0.328 cos=0.9537 regret=8.486e-04 ee_rmse=0.0217 solves=0 0.0s
    gram: {'scene_discard_rate': 0.65, 'gram_lambda_min': 0.041890990068207234, 'gram_cond': 56.08883140282501, 'inner_grad_norm_max': 1.305561129365829e-05, 'inner_grad_norm_med': 3.940326109339528e-06, 'gradients': {'cos_implicit_unrolled': 0.9996716716800511, 'fd_eps_0.01': {'cos': 0.9787965876412466, 'rel_err': 0.20708621268645322}, 'fd_eps_0.001': {'cos': 0.804798300265375, 'rel_err': 2.0756198880980103}, 'fd_eps_0.0001': {'cos': 0.7027780766162023, 'rel_err': 0.8255894266930118}, 'fd_eps_1e-05': {'cos': 0.3448713422515331, 'rel_err': 8.207283336486043}}}
[M=5 seed=2]
  gradient check:
  implicit vs unrolled: cos=0.999521 |gi|=4.675e-04 |gu|=4.770e-04
  implicit vs fd(eps=0.01): cos=0.998031 rel_err=9.111e-02
  implicit vs fd(eps=0.001): cos=0.913354 rel_err=5.235e-01
  implicit vs fd(eps=0.0001): cos=0.926809 rel_err=1.182e+00
  implicit vs fd(eps=1e-05): cos=0.787191 rel_err=4.110e+00
    implicit  l1=0.189 cos=0.9849 regret=2.462e-05 ee_rmse=0.0177 solves=1050 19.8s
    unrolled  l1=0.136 cos=0.9900 regret=3.893e-06 ee_rmse=0.0177 solves=1050 5.9s
    fd        l1=0.675 cos=0.7825 regret=3.058e-04 ee_rmse=0.0184 solves=4200 65.1s
    cmaes     l1=0.052 cos=0.9986 regret=3.859e-06 ee_rmse=0.0177 solves=1715 28.5s
    kkt       l1=0.671 cos=0.8250 regret=8.622e-04 ee_rmse=0.0207 solves=0 1.4s
    cioc      l1=0.397 cos=0.9455 regret=2.043e-05 ee_rmse=0.0179 solves=0 3.4s
    oracle    l1=0.000 cos=1.0000 regret=5.551e-18 ee_rmse=0.0177 solves=0 0.0s
    random    l1=0.403 cos=0.9038 regret=1.549e-03 ee_rmse=0.0216 solves=0 0.0s
    gram: {'scene_discard_rate': 0.7, 'gram_lambda_min': 0.03831561626631094, 'gram_cond': 63.17698430205414, 'inner_grad_norm_max': 2.2363949356814715e-05, 'inner_grad_norm_med': 3.3347278291097798e-06, 'gradients': {'cos_implicit_unrolled': 0.9995211928070563, 'fd_eps_0.01': {'cos': 0.9980307286901824, 'rel_err': 0.09111462493240892}, 'fd_eps_0.001': {'cos': 0.9133542419770129, 'rel_err': 0.5234813349718037}, 'fd_eps_0.0001': {'cos': 0.9268085575345107, 'rel_err': 1.1821450609066964}, 'fd_eps_1e-05': {'cos': 0.7871910700018888, 'rel_err': 4.10959700799115}}}
[M=5 seed=3]
  gradient check:
  implicit vs unrolled: cos=0.754423 |gi|=5.625e-04 |gu|=2.045e-04
  implicit vs fd(eps=0.01): cos=0.988089 rel_err=1.697e-01
  implicit vs fd(eps=0.001): cos=0.800271 rel_err=1.986e+00
  implicit vs fd(eps=0.0001): cos=0.019919 rel_err=2.778e+01
  implicit vs fd(eps=1e-05): cos=-0.810347 rel_err=1.727e+02
    implicit  l1=0.244 cos=0.9728 regret=1.919e-05 ee_rmse=0.0185 solves=1050 19.8s
    unrolled  l1=0.258 cos=0.9719 regret=1.315e-05 ee_rmse=0.0185 solves=1050 5.9s
    fd        l1=0.554 cos=0.8196 regret=6.575e-04 ee_rmse=0.0241 solves=4200 64.7s
    cmaes     l1=0.226 cos=0.9761 regret=1.932e-05 ee_rmse=0.0185 solves=1715 29.4s
    kkt       l1=0.404 cos=0.9175 regret=2.115e-04 ee_rmse=0.0194 solves=0 1.7s
    cioc      l1=0.447 cos=0.9319 regret=1.022e-04 ee_rmse=0.0188 solves=0 3.6s
    oracle    l1=0.000 cos=1.0000 regret=4.857e-18 ee_rmse=0.0186 solves=0 0.0s
    random    l1=0.523 cos=0.8346 regret=6.107e-04 ee_rmse=0.0242 solves=0 0.0s
    gram: {'scene_discard_rate': 0.65, 'gram_lambda_min': 0.03277047842330655, 'gram_cond': 62.13927684587707, 'inner_grad_norm_max': 1.1945664650719702e-05, 'inner_grad_norm_med': 3.777695096262918e-06, 'gradients': {'cos_implicit_unrolled': 0.754423451416345, 'fd_eps_0.01': {'cos': 0.9880892895111515, 'rel_err': 0.16971213874357122}, 'fd_eps_0.001': {'cos': 0.8002711435204942, 'rel_err': 1.985835893287401}, 'fd_eps_0.0001': {'cos': 0.019919106962735713, 'rel_err': 27.77657637857293}, 'fd_eps_1e-05': {'cos': -0.8103471518977229, 'rel_err': 172.71807042106732}}}
[M=5 seed=4]
  gradient check:
  implicit vs unrolled: cos=0.987865 |gi|=3.045e-04 |gu|=1.309e-04
  implicit vs fd(eps=0.01): cos=0.953580 rel_err=4.422e-01
  implicit vs fd(eps=0.001): cos=0.616457 rel_err=9.452e-01
  implicit vs fd(eps=0.0001): cos=0.022926 rel_err=7.292e+00
  implicit vs fd(eps=1e-05): cos=-0.315945 rel_err=1.792e+02
    implicit  l1=0.233 cos=0.9773 regret=3.490e-05 ee_rmse=0.0186 solves=1050 19.8s
    unrolled  l1=0.111 cos=0.9941 regret=5.352e-05 ee_rmse=0.0186 solves=1050 5.9s
    fd        l1=0.127 cos=0.9916 regret=6.081e-05 ee_rmse=0.0186 solves=4200 65.0s
    cmaes     l1=0.241 cos=0.9744 regret=1.490e-05 ee_rmse=0.0186 solves=1715 28.7s
    kkt       l1=0.677 cos=0.8221 regret=6.420e-04 ee_rmse=0.0225 solves=0 1.4s
    cioc      l1=0.396 cos=0.9452 regret=1.468e-05 ee_rmse=0.0186 solves=0 3.3s
    oracle    l1=0.000 cos=1.0000 regret=2.082e-18 ee_rmse=0.0188 solves=0 0.0s
    random    l1=0.349 cos=0.9320 regret=1.316e-04 ee_rmse=0.0209 solves=0 0.0s
    gram: {'scene_discard_rate': 0.5, 'gram_lambda_min': 0.044721452144255686, 'gram_cond': 53.06509155153922, 'inner_grad_norm_max': 9.594662820953976e-06, 'inner_grad_norm_med': 2.7193992054134577e-06, 'gradients': {'cos_implicit_unrolled': 0.9878652454267565, 'fd_eps_0.01': {'cos': 0.953579605858145, 'rel_err': 0.4421821390503038}, 'fd_eps_0.001': {'cos': 0.6164568900184155, 'rel_err': 0.9452338697462157}, 'fd_eps_0.0001': {'cos': 0.022925953478038563, 'rel_err': 7.29242277057462}, 'fd_eps_1e-05': {'cos': -0.3159446185724017, 'rel_err': 179.16915612618044}}}

wrote /home/sadmin/Work/pyroffi/ioc/data/robot/e1_sigma002.json

=== median theta_l1 (IQR) over seeds ===
   M         implicit         unrolled               fd            cmaes              kkt             cioc           random
   5     0.189(0.152)     0.258(0.124)     0.554(0.274)     0.111(0.174)     0.638(0.251)     0.396(0.001)     0.403(0.174)
  /home/sadmin/miniconda3/envs/pyroffi/bin/python -u -m ioc.robot.e1_identifiability --n-timesteps 16 --n-newton 60 --n-contexts 5 --n-outer-steps 30 --n-seeds 5 --demo-noise 0.05 --n-restarts 7 --out /home/sadmin/Work/pyroffi/ioc/data/robot/e1_sigma005.json
2026-08-30 13:10:38.095 | INFO     | pyroffi.collision._robot_collision:_compute_active_pair_indices_from_srdf:792 - Loaded 36 disabled collision pairs from SRDF
2026-08-30 13:10:39.037 | INFO     | pyroffi.collision._robot_collision:from_urdf:701 - Created RobotCollision with 13 links and 42 active self-collision pairs, using spherical collision models.
jax devices: [CudaDevice(id=0)]  T=16
theta* = [0.5 0.3 0.2]  (effort, collision, smooth)
[M=5 seed=0]
  gradient check:
  implicit vs unrolled: cos=0.595689 |gi|=2.487e-03 |gu|=1.937e-03
  implicit vs fd(eps=0.01): cos=0.971998 rel_err=2.394e-01
  implicit vs fd(eps=0.001): cos=0.655808 rel_err=1.465e+00
  implicit vs fd(eps=0.0001): cos=-0.368100 rel_err=1.344e+01
  implicit vs fd(eps=1e-05): cos=0.722831 rel_err=7.880e+01
    implicit  l1=0.173 cos=0.9844 regret=2.656e-04 ee_rmse=0.0474 solves=1050 19.8s
    unrolled  l1=0.314 cos=0.9371 regret=1.869e-04 ee_rmse=0.0477 solves=1050 5.9s
    fd        l1=0.444 cos=0.8926 regret=1.071e-04 ee_rmse=0.0480 solves=4200 65.0s
    cmaes     l1=0.176 cos=0.9828 regret=2.877e-04 ee_rmse=0.0474 solves=1715 36.9s
    kkt       l1=0.888 cos=0.7206 regret=3.180e-03 ee_rmse=0.0505 solves=0 2.5s
    cioc      l1=0.396 cos=0.9450 regret=4.418e-05 ee_rmse=0.0481 solves=0 10.4s
    oracle    l1=0.000 cos=1.0000 regret=4.857e-18 ee_rmse=0.0478 solves=0 0.0s
    random    l1=0.586 cos=0.8082 regret=1.390e-03 ee_rmse=0.0532 solves=0 0.0s
    gram: {'scene_discard_rate': 0.55, 'gram_lambda_min': 0.04512441015117091, 'gram_cond': 57.234223863151, 'inner_grad_norm_max': 4.426974264165608e-06, 'inner_grad_norm_med': 2.958433959917043e-06, 'gradients': {'cos_implicit_unrolled': 0.5956886484239864, 'fd_eps_0.01': {'cos': 0.9719981334082056, 'rel_err': 0.23942447982322887}, 'fd_eps_0.001': {'cos': 0.655807571718903, 'rel_err': 1.4651430871548585}, 'fd_eps_0.0001': {'cos': -0.36810017975894144, 'rel_err': 13.442113762668034}, 'fd_eps_1e-05': {'cos': 0.7228313135879536, 'rel_err': 78.79574584914234}}}
[M=5 seed=1]
  gradient check:
  implicit vs unrolled: cos=0.999766 |gi|=4.702e-04 |gu|=3.141e-04
  implicit vs fd(eps=0.01): cos=0.975594 rel_err=2.210e-01
  implicit vs fd(eps=0.001): cos=0.816603 rel_err=2.071e+00
  implicit vs fd(eps=0.0001): cos=0.147252 rel_err=1.089e+00
  implicit vs fd(eps=1e-05): cos=0.932356 rel_err=3.733e+00
    implicit  l1=0.236 cos=0.9769 regret=6.761e-06 ee_rmse=0.0453 solves=1050 19.8s
    unrolled  l1=0.341 cos=0.9412 regret=5.830e-05 ee_rmse=0.0454 solves=1050 5.9s
    fd        l1=0.259 cos=0.9735 regret=5.937e-06 ee_rmse=0.0453 solves=4200 65.4s
    cmaes     l1=0.205 cos=0.9823 regret=4.766e-06 ee_rmse=0.0453 solves=1715 28.4s
    kkt       l1=0.800 cos=0.7645 regret=8.343e-04 ee_rmse=0.0482 solves=0 1.4s
    cioc      l1=0.436 cos=0.9333 regret=9.442e-05 ee_rmse=0.0455 solves=0 3.3s
    oracle    l1=0.000 cos=1.0000 regret=-1.041e-18 ee_rmse=0.0453 solves=0 0.0s
    random    l1=0.328 cos=0.9537 regret=8.486e-04 ee_rmse=0.0467 solves=0 0.0s
    gram: {'scene_discard_rate': 0.65, 'gram_lambda_min': 0.03800546463525817, 'gram_cond': 64.99903072575952, 'inner_grad_norm_max': 1.305561129365829e-05, 'inner_grad_norm_med': 3.940326109339528e-06, 'gradients': {'cos_implicit_unrolled': 0.9997656006599537, 'fd_eps_0.01': {'cos': 0.9755943963470328, 'rel_err': 0.2209775349992735}, 'fd_eps_0.001': {'cos': 0.8166026626490346, 'rel_err': 2.0712677582840313}, 'fd_eps_0.0001': {'cos': 0.14725151154411928, 'rel_err': 1.0886838224197077}, 'fd_eps_1e-05': {'cos': 0.9323558490161376, 'rel_err': 3.732968337887248}}}
[M=5 seed=2]
  gradient check:
  implicit vs unrolled: cos=0.998626 |gi|=4.886e-04 |gu|=5.537e-04
  implicit vs fd(eps=0.01): cos=0.993572 rel_err=2.144e-01
  implicit vs fd(eps=0.001): cos=0.276871 rel_err=9.708e-01
  implicit vs fd(eps=0.0001): cos=0.791207 rel_err=3.301e+00
  implicit vs fd(eps=1e-05): cos=0.574035 rel_err=1.970e+01
    implicit  l1=0.218 cos=0.9787 regret=5.170e-05 ee_rmse=0.0442 solves=1050 19.8s
    unrolled  l1=0.128 cos=0.9913 regret=2.957e-05 ee_rmse=0.0442 solves=1050 5.9s
    fd        l1=0.571 cos=0.8419 regret=4.903e-04 ee_rmse=0.0447 solves=4200 66.2s
    cmaes     l1=0.116 cos=0.9927 regret=2.676e-05 ee_rmse=0.0442 solves=1715 28.6s
    kkt       l1=0.962 cos=0.6835 regret=1.795e-03 ee_rmse=0.0473 solves=0 1.4s
    cioc      l1=0.397 cos=0.9448 regret=2.157e-05 ee_rmse=0.0443 solves=0 3.3s
    oracle    l1=0.000 cos=1.0000 regret=5.551e-18 ee_rmse=0.0442 solves=0 0.0s
    random    l1=0.403 cos=0.9038 regret=1.549e-03 ee_rmse=0.0461 solves=0 0.0s
    gram: {'scene_discard_rate': 0.7, 'gram_lambda_min': 0.036112980733784245, 'gram_cond': 72.77016194044634, 'inner_grad_norm_max': 2.2363949356814715e-05, 'inner_grad_norm_med': 3.3347278291097798e-06, 'gradients': {'cos_implicit_unrolled': 0.9986260699282846, 'fd_eps_0.01': {'cos': 0.9935723744905257, 'rel_err': 0.21442648596041067}, 'fd_eps_0.001': {'cos': 0.2768713465499532, 'rel_err': 0.9708414217802627}, 'fd_eps_0.0001': {'cos': 0.7912070956364612, 'rel_err': 3.300687563231123}, 'fd_eps_1e-05': {'cos': 0.5740346017411977, 'rel_err': 19.701793626495277}}}
[M=5 seed=3]
  gradient check:
  implicit vs unrolled: cos=0.921930 |gi|=6.541e-04 |gu|=5.940e-04
  implicit vs fd(eps=0.01): cos=0.957229 rel_err=3.287e-01
  implicit vs fd(eps=0.001): cos=0.718011 rel_err=3.355e+00
  implicit vs fd(eps=0.0001): cos=-0.023279 rel_err=4.737e+01
  implicit vs fd(eps=1e-05): cos=-0.774531 rel_err=3.459e+02
    implicit  l1=0.390 cos=0.9505 regret=1.741e-04 ee_rmse=0.0464 solves=1050 19.8s
    unrolled  l1=0.241 cos=0.9757 regret=2.476e-04 ee_rmse=0.0464 solves=1050 5.9s
    fd        l1=0.477 cos=0.8834 regret=3.730e-04 ee_rmse=0.0494 solves=4200 65.1s
    cmaes     l1=0.392 cos=0.9501 regret=1.827e-04 ee_rmse=0.0464 solves=1715 29.3s
    kkt       l1=0.396 cos=0.9466 regret=3.191e-05 ee_rmse=0.0465 solves=0 1.5s
    cioc      l1=0.707 cos=0.8818 regret=1.435e-03 ee_rmse=0.0471 solves=0 3.4s
    oracle    l1=0.000 cos=1.0000 regret=4.857e-18 ee_rmse=0.0466 solves=0 0.0s
    random    l1=0.523 cos=0.8346 regret=6.107e-04 ee_rmse=0.0498 solves=0 0.0s
    gram: {'scene_discard_rate': 0.65, 'gram_lambda_min': 0.02590235014376071, 'gram_cond': 74.34399373070222, 'inner_grad_norm_max': 1.1945664650719702e-05, 'inner_grad_norm_med': 3.777695096262918e-06, 'gradients': {'cos_implicit_unrolled': 0.9219303239866715, 'fd_eps_0.01': {'cos': 0.9572290819501917, 'rel_err': 0.3286672129376254}, 'fd_eps_0.001': {'cos': 0.7180108056957842, 'rel_err': 3.3552212352278086}, 'fd_eps_0.0001': {'cos': -0.023278849467229502, 'rel_err': 47.37127469870257}, 'fd_eps_1e-05': {'cos': -0.7745311557040309, 'rel_err': 345.8808382303853}}}
[M=5 seed=4]
  gradient check:
  implicit vs unrolled: cos=0.875403 |gi|=4.296e-04 |gu|=1.421e-04
  implicit vs fd(eps=0.01): cos=0.957143 rel_err=4.154e-01
  implicit vs fd(eps=0.001): cos=0.486535 rel_err=1.077e+00
  implicit vs fd(eps=0.0001): cos=-0.226989 rel_err=4.468e+00
  implicit vs fd(eps=1e-05): cos=-0.429794 rel_err=1.231e+02
    implicit  l1=0.395 cos=0.9495 regret=1.998e-04 ee_rmse=0.0464 solves=1050 19.8s
    unrolled  l1=0.327 cos=0.9638 regret=1.840e-04 ee_rmse=0.0464 solves=1050 5.9s
    fd        l1=0.511 cos=0.8698 regret=4.793e-04 ee_rmse=0.0467 solves=4200 64.8s
    cmaes     l1=0.205 cos=0.9826 regret=1.517e-04 ee_rmse=0.0464 solves=1715 28.6s
    kkt       l1=0.609 cos=0.8512 regret=5.189e-04 ee_rmse=0.0487 solves=0 1.4s
    cioc      l1=0.505 cos=0.9228 regret=2.301e-04 ee_rmse=0.0464 solves=0 3.4s
    oracle    l1=0.000 cos=1.0000 regret=2.082e-18 ee_rmse=0.0468 solves=0 0.0s
    random    l1=0.349 cos=0.9320 regret=1.316e-04 ee_rmse=0.0483 solves=0 0.0s
    gram: {'scene_discard_rate': 0.5, 'gram_lambda_min': 0.035319523520784685, 'gram_cond': 64.5674807520071, 'inner_grad_norm_max': 9.594662820953976e-06, 'inner_grad_norm_med': 2.7193992054134577e-06, 'gradients': {'cos_implicit_unrolled': 0.8754032515395982, 'fd_eps_0.01': {'cos': 0.9571432262900945, 'rel_err': 0.4154087544635141}, 'fd_eps_0.001': {'cos': 0.48653457396022615, 'rel_err': 1.0771025020075624}, 'fd_eps_0.0001': {'cos': -0.22698943225694737, 'rel_err': 4.467567370385978}, 'fd_eps_1e-05': {'cos': -0.42979429871619834, 'rel_err': 123.13155420820969}}}

wrote /home/sadmin/Work/pyroffi/ioc/data/robot/e1_sigma005.json

=== median theta_l1 (IQR) over seeds ===
   M         implicit         unrolled               fd            cmaes              kkt             cioc           random
   5     0.236(0.171)     0.314(0.086)     0.477(0.067)     0.205(0.029)     0.800(0.280)     0.436(0.109)     0.403(0.174)

all requested stages complete
